 DiskDrive

 Timestamp is 6216720f (Wed Feb 23 18:42:39 2022)

 Preferred load address is 02000000

 Start         Length     Name                   Class
 0001:00000000 0008b3f4H .text                   CODE
 0002:00000000 00000178H .idata$5                DATA
 0002:00000180 00014d29H .rdata                  DATA
 0002:00014eac 00000014H .idata$2                DATA
 0002:00014ec0 00000014H .idata$3                DATA
 0002:00014ed4 00000178H .idata$4                DATA
 0002:0001504c 00002372H .idata$6                DATA
 0002:000173be 00000000H .edata                  DATA
 0002:000173c0 0000007eH .rdata$debug            DATA
 0003:00000000 00031ab0H .data                   DATA
 0003:00031ab0 00000070H .bss                    DATA
 0004:00000000 00000004H .CRT$XCA                DATA
 0004:00000004 00000004H .CRT$XCZ                DATA
 0004:00000008 00000004H .CRT$XIA                DATA
 0004:0000000c 00000004H .CRT$XIZ                DATA
 0004:00000010 00000004H .CRT$XPA                DATA
 0004:00000014 00000004H .CRT$XPZ                DATA
 0004:00000018 00000004H .CRT$XTA                DATA
 0004:0000001c 00000004H .CRT$XTZ                DATA

  Address         Publics by Value              Rva+Base       Lib:Object

 0000:00000000       ___safe_se_handler_table   00000000     <absolute>
 0000:00000000       ___safe_se_handler_count   00000000     <absolute>
 0001:00000000       ?m_StructCopy@Struct_System_UpdateEnlistmentLog_Location@@SIXPAU1@0@Z 02001000 f   DiskDrive.obj
 0001:00000000       C:\Users\cc\source\repos\Singularity-OS\base.obj\AppNativeObj\Debug.x86.MarkSweep\DiskDrive_CodeBase 02001000     DiskDrive.obj
 0001:00000034       ?m_StructCopy@Struct_System_UpdateEnlistmentLog_Location@@SIXPAU1@PAU1@@Z 02001034 f   DiskDrive.obj
 0001:000000d0       ?m_Equals@Struct_System_UpdateEnlistmentLog_Location@@SI_NPAU1@PAUClass_System_Object@@@Z 020010d0 f   DiskDrive.obj
 0001:00000130       ?m_Equals@Struct_System_UpdateEnlistmentLog_Location@@SI_NPAUClass_System_UpdateEnlistmentLog_Location@@PAUClass_System_Object@@@Z 02001130 f   DiskDrive.obj
 0001:0000015c       ?m__ctor@Struct_System_UpdateEnlistmentLog_Location@@SIXPAU1@PAUClass_System_UpdateEnlistmentLog_LogChunk@@H@Z 0200115c f   DiskDrive.obj
 0001:0000018c       ?g_Main@Class__DiskDrive_DriverEntry@@SIHPAUClassVector_Class_System_String@@@Z 0200118c f   DiskDrive.obj
 0001:000005a4       ?m_StructCopy@Struct_Microsoft_Singularity_Isal_SpillContext@@SIXPAU1@0@Z 020015a4 f   DiskDrive.obj
 0001:00000680       ?m_StructCopy@Struct_Microsoft_Singularity_Isal_SpillContext@@SIXPAU1@PAU1@@Z 02001680 f   DiskDrive.obj
 0001:00000914       ?m_Equals@Struct_Microsoft_Singularity_Isal_SpillContext@@SI_NPAU1@PAUClass_System_Object@@@Z 02001914 f   DiskDrive.obj
 0001:00000ac4       ?m_Equals@Struct_Microsoft_Singularity_Isal_SpillContext@@SI_NPAUClass_Microsoft_Singularity_Isal_SpillContext@@PAUClass_System_Object@@@Z 02001ac4 f   DiskDrive.obj
 0001:00000af0       ?m_StructCopy@Struct_Microsoft_Singularity_V1_Threads_MutexHandle@@SIXPAU1@0@Z 02001af0 f   DiskDrive.obj
 0001:00000b18       ?m_StructCopy@Struct_Microsoft_Singularity_V1_Threads_MutexHandle@@SIXPAU1@PAU1@@Z 02001b18 f   DiskDrive.obj
 0001:00000b90       ?m_Equals@Struct_Microsoft_Singularity_V1_Threads_MutexHandle@@SI_NPAU1@PAUClass_System_Object@@@Z 02001b90 f   DiskDrive.obj
 0001:00000bd8       ?m_Equals@Struct_Microsoft_Singularity_V1_Threads_MutexHandle@@SI_NPAUClass_Microsoft_Singularity_V1_Threads_MutexHandle@@PAUClass_System_Object@@@Z 02001bd8 f   DiskDrive.obj
 0001:00000c04       ?g_Create@Struct_Microsoft_Singularity_V1_Threads_MutexHandle@@SI_N_NPAU1@@Z 02001c04 f   DiskDrive.obj
 0001:00000c50       ?m_HeadMatches@Class_SurrogateMicrosoft_Singularity_Io_VolumeManagerContract_Imp@@SI_NPAU1@HPA_NPAPAUClass_System_Object@@@Z 02001c50 f   DiskDrive.obj
 0001:00000c84       ?m_GetWaitHandle@Class_SurrogateMicrosoft_Singularity_Io_VolumeManagerContract_Imp@@SI?AUStruct_Microsoft_Singularity_V1_Threads_SyncHandle@@PAU1@@Z 02001c84 f   DiskDrive.obj
 0001:00000ca8       ?g__ctor@Class_SurrogateMicrosoft_Singularity_Io_VolumeManagerContract_Imp@@SIXPAU1@PAUStruct_Microsoft_Singularity_Io_VolumeManagerContract_Imp@@@Z 02001ca8 f   DiskDrive.obj
 0001:00000cd0       ?m_StructCopy@Struct_System_GCs_OverflowFrameDescriptor@@SIXPAU1@0@Z 02001cd0 f   DiskDrive.obj
 0001:00000d04       ?m_StructCopy@Struct_System_GCs_OverflowFrameDescriptor@@SIXPAU1@PAU1@@Z 02001d04 f   DiskDrive.obj
 0001:00000da0       ?m_Equals@Struct_System_GCs_OverflowFrameDescriptor@@SI_NPAU1@PAUClass_System_Object@@@Z 02001da0 f   DiskDrive.obj
 0001:00000dfc       ?m_Equals@Struct_System_GCs_OverflowFrameDescriptor@@SI_NPAUClass_System_GCs_OverflowFrameDescriptor@@PAUClass_System_Object@@@Z 02001dfc f   DiskDrive.obj
 0001:00000e28       ?m__ctor@Class_System_Reflection_Module@@SIXPAU1@@Z 02001e28 f   DiskDrive.obj
 0001:00000e44       ?g_StructSize@Class_System_Runtime_InteropServices_Marshal@@SIHPAUClass_System_Type@@@Z 02001e44 f   DiskDrive.obj
 0001:00000f04       ?m__ctor@Class_System_Runtime_InteropServices_Marshal@@SIXPAU1@@Z 02001f04 f   DiskDrive.obj
 0001:00000f1c       ?g_WordsToString@Class_Microsoft_Singularity_Drivers_IDE_ATA6@@SIPAUClass_System_String@@PAUClassVector_uint16@@HH@Z 02001f1c f   DiskDrive.obj
 0001:000010d8       ?g_ParseIdentifyInformation@Class_Microsoft_Singularity_Drivers_IDE_ATA6@@SI?AUStruct_Microsoft_Singularity_Drivers_IDE_IdentifyDeviceInformation@@PAUClassVector_uint16@@@Z 020020d8 f   DiskDrive.obj
 0001:00003108       ?g_HighestBitSet@Class_Microsoft_Singularity_Drivers_IDE_ATA6@@SIEG@Z 02004108 f   DiskDrive.obj
 0001:000031a8       ?g_GetDeviceIdentification@Class_Microsoft_Singularity_Drivers_IDE_ATA6@@SI?AUStruct_Microsoft_Singularity_Drivers_IDE_IdentifyDeviceInformation@@PAUClass_Microsoft_Singularity_Drivers_IDE_IdeController@@H_N@Z 020041a8 f   DiskDrive.obj
 0001:000045c8       ?g_DebugQueryStatus@Class_Microsoft_Singularity_Drivers_IDE_ATA6@@SIXPAUClass_Microsoft_Singularity_Drivers_IDE_IdeController@@@Z 020055c8 f   DiskDrive.obj
 0001:000048e0       ?m__ctor@Class_Microsoft_Singularity_Drivers_IDE_ATA6@@SIXPAU1@@Z 020058e0 f   DiskDrive.obj
 0001:000048f8       ?m_StructCopy@Struct_System_TryAll@@SIXPAU1@0@Z 020058f8 f   DiskDrive.obj
 0001:00004974       ?m_StructCopy@Struct_System_TryAll@@SIXPAU1@PAU1@@Z 02005974 f   DiskDrive.obj
 0001:00004ae8       ?m_Equals@Struct_System_TryAll@@SI_NPAU1@PAUClass_System_Object@@@Z 02005ae8 f   DiskDrive.obj
 0001:00004ddc       ?m_Equals@Struct_System_TryAll@@SI_NPAUClass_System_TryAll@@PAUClass_System_Object@@@Z 02005ddc f   DiskDrive.obj
 0001:00004e08       ?m__ctor@Class_System_Threading_ThreadQueue@@SIXPAU1@@Z 02005e08 f   DiskDrive.obj
 0001:00004e20       ?m_Visit@Class_System_GCs_GCProfiler_ObjectVisitor@@SIPAUuintPtr@@PAU1@PAUClass_System_Object@@@Z 02005e20 f   DiskDrive.obj
 0001:00004ed8       ?m__ctor@Class_System_GCs_GCProfiler_ObjectVisitor@@SIXPAU1@PAUClass_System_GCs_GCProfiler@@@Z 02005ed8 f   DiskDrive.obj
 0001:00004f34       ?m_UnRegisterStorage@Class_Microsoft_Singularity_Eventing_LocalController@@SIXPAU1@PAUClass_Microsoft_Singularity_Eventing_EventingStorage@@@Z 02005f34 f   DiskDrive.obj
 0001:00004f94       ?m_UnRegisterSource@Class_Microsoft_Singularity_Eventing_LocalController@@SIXPAU1@PAUClass_Microsoft_Singularity_Eventing_EventSource@@@Z 02005f94 f   DiskDrive.obj
 0001:0000502c       ?m_RegisterStorage@Class_Microsoft_Singularity_Eventing_LocalController@@SI_NPAU1@PAUClass_Microsoft_Singularity_Eventing_EventingStorage@@@Z 0200602c f   DiskDrive.obj
 0001:00005098       ?m_RegisterSource@Class_Microsoft_Singularity_Eventing_LocalController@@SI_NPAU1@PAUClass_Microsoft_Singularity_Eventing_EventSource@@@Z 02006098 f   DiskDrive.obj
 0001:00005300       ?m_Initialize@Class_Microsoft_Singularity_Eventing_LocalController@@SIXPAU1@@Z 02006300 f   DiskDrive.obj
 0001:00005738       ?m_GetNativeSourceName@Class_Microsoft_Singularity_Eventing_LocalController@@SI_NPAU1@PAUuintPtr@@PAPAU2@PAPAUClass_System_String@@@Z 02006738 f   DiskDrive.obj
 0001:00005880       ?m__ctor@Class_Microsoft_Singularity_Eventing_LocalController@@SIXPAU1@@Z 02006880 f   DiskDrive.obj
 0001:000058a4       ?g__cctor@Class_Microsoft_Singularity_Eventing_LocalController@@SIXXZ 020068a4 f   DiskDrive.obj
 0001:000058cc       ?m_StructCopy@Struct_Microsoft_Singularity_V1_Services_SharedHeapService_Allocation@@SIXPAU1@0@Z 020068cc f   DiskDrive.obj
 0001:00005930       ?m_StructCopy@Struct_Microsoft_Singularity_V1_Services_SharedHeapService_Allocation@@SIXPAU1@PAU1@@Z 02006930 f   DiskDrive.obj
 0001:00005a5c       ?m_Equals@Struct_Microsoft_Singularity_V1_Services_SharedHeapService_Allocation@@SI_NPAU1@PAUClass_System_Object@@@Z 02006a5c f   DiskDrive.obj
 0001:00005aec       ?m_Equals@Struct_Microsoft_Singularity_V1_Services_SharedHeapService_Allocation@@SI_NPAUClass_Microsoft_Singularity_V1_Services_SharedHeapService_Allocation@@PAUClass_System_Object@@@Z 02006aec f   DiskDrive.obj
 0001:00005b18       ?m__ctor@Class_System_IndexOutOfRangeException@@SIXPAU1@@Z 02006b18 f   DiskDrive.obj
 0001:00005b40       ?m__ctor@Class_System_IndexOutOfRangeException@@SIXPAU1@PAUClass_System_String@@@Z 02006b40 f   DiskDrive.obj
 0001:00005b68       ?m__ctor@Class_System_IndexOutOfRangeException@@SIXPAU1@PAUClass_System_String@@PAUClass_System_Exception@@@Z 02006b68 f   DiskDrive.obj
 0001:00005b98       ?m_Visit@Class_System_GCs_MemoryAccounting_StaticPtrAccounting@@SIXPAU1@PAPAUuintPtr@@@Z 02006b98 f   DiskDrive.obj
 0001:00005bb4       ?m_Initialize@Class_System_GCs_MemoryAccounting_StaticPtrAccounting@@SIXPAU1@@Z 02006bb4 f   DiskDrive.obj
 0001:00005bcc       ?m__ctor@Class_System_GCs_MemoryAccounting_StaticPtrAccounting@@SIXPAU1@@Z 02006bcc f   DiskDrive.obj
 0001:00005be4       ?m__ctor@Class_System_Runtime_CompilerServices_NoBarriersAttribute@@SIXPAU1@@Z 02006be4 f   DiskDrive.obj
 0001:00005c08       ?m__ctor@Class_System_RankException@@SIXPAU1@@Z 02006c08 f   DiskDrive.obj
 0001:00005c30       ?m__ctor@Class_System_RankException@@SIXPAU1@PAUClass_System_String@@@Z 02006c30 f   DiskDrive.obj
 0001:00005c58       ?m_Update@Class_Microsoft_Singularity_Crypto_MD5@@SIXPAU1@PAUClassVector_uint8@@@Z 02006c58 f   DiskDrive.obj
 0001:00006188       ?m_RotL@Class_Microsoft_Singularity_Crypto_MD5@@SIIPAU1@IE@Z 02007188 f   DiskDrive.obj
 0001:000061f8       ?m_Reset@Class_Microsoft_Singularity_Crypto_MD5@@SIXPAU1@@Z 020071f8 f   DiskDrive.obj
 0001:000062cc       ?m_ProcessBlock@Class_Microsoft_Singularity_Crypto_MD5@@SIXPAU1@@Z 020072cc f   DiskDrive.obj
 0001:00006d40       ?m_Hash@Class_Microsoft_Singularity_Crypto_MD5@@SIPAUClassVector_uint8@@PAU1@PAU2@@Z 02007d40 f   DiskDrive.obj
 0001:00006d78       ?m_Finish@Class_Microsoft_Singularity_Crypto_MD5@@SIPAUClassVector_uint8@@PAU1@@Z 02007d78 f   DiskDrive.obj
 0001:00006fbc       ?m__ctor@Class_Microsoft_Singularity_Crypto_MD5@@SIXPAU1@@Z 02007fbc f   DiskDrive.obj
 0001:00007014       ?g__cctor@Class_Microsoft_Singularity_Crypto_MD5@@SIXXZ 02008014 f   DiskDrive.obj
 0001:00007028       ?m_InvokeStaticStub@Class_System_TryAllManager_GCHookMethod@@SIXPAU1@@Z 02008028 f   DiskDrive.obj
 0001:00007050       ?m_Invoke@Class_System_TryAllManager_GCHookMethod@@SIXPAU1@@Z 02008050 f   DiskDrive.obj
 0001:000070a4       ?m_EndInvoke@Class_System_TryAllManager_GCHookMethod@@SIXPAU1@PAUClass_System_IAsyncResult@@@Z 020080a4 f   DiskDrive.obj
 0001:000070c0       ?m_BeginInvoke@Class_System_TryAllManager_GCHookMethod@@SIPAUClass_System_IAsyncResult@@PAU1@PAUClass_System_AsyncCallback@@PAUClass_System_Object@@@Z 020080c0 f   DiskDrive.obj
 0001:000070e0       ?m__ctor@Class_System_TryAllManager_GCHookMethod@@SIXPAU1@PAUClass_System_Object@@PAUintPtr@@@Z 020080e0 f   DiskDrive.obj
 0001:00007120       ?m_StructCopy@Struct_Microsoft_Singularity_Io_VolumeManagerContract_AckConnect@@SIXPAU1@0@Z 02008120 f   DiskDrive.obj
 0001:0000713c       ?m_StructCopy@Struct_Microsoft_Singularity_Io_VolumeManagerContract_AckConnect@@SIXPAU1@PAU1@@Z 0200813c f   DiskDrive.obj
 0001:00007190       ?m_MarshallContent@Struct_Microsoft_Singularity_Io_VolumeManagerContract_AckConnect@@SIXPAU1@PAEPAUStruct_Microsoft_Singularity_Channels_Endpoint@@1PAH@Z 02008190 f   DiskDrive.obj
 0001:000071b0       ?m_MarshallAll@Struct_Microsoft_Singularity_Io_VolumeManagerContract_AckConnect@@SIXPAU1@PAEPAUStruct_Microsoft_Singularity_Channels_Endpoint@@PAH@Z 020081b0 f   DiskDrive.obj
 0001:00007208       ?m_Equals@Struct_Microsoft_Singularity_Io_VolumeManagerContract_AckConnect@@SI_NPAU1@PAUClass_System_Object@@@Z 02008208 f   DiskDrive.obj
 0001:00007240       ?m_Equals@Struct_Microsoft_Singularity_Io_VolumeManagerContract_AckConnect@@SI_NPAUClass_Microsoft_Singularity_Io_VolumeManagerContract_AckConnect@@PAUClass_System_Object@@@Z 02008240 f   DiskDrive.obj
 0001:0000726c       ?m__ctor@Class_Microsoft_Singularity_Eventing_DataType@@SIXPAU1@@Z 0200826c f   DiskDrive.obj
 0001:00007288       ?m_StructCopy@Struct_Microsoft_Singularity_Io_DiskDeviceContract_NakWrite@@SIXPAU1@0@Z 02008288 f   DiskDrive.obj
 0001:000072a4       ?m_StructCopy@Struct_Microsoft_Singularity_Io_DiskDeviceContract_NakWrite@@SIXPAU1@PAU1@@Z 020082a4 f   DiskDrive.obj
 0001:000072f8       ?m_MarshallContent@Struct_Microsoft_Singularity_Io_DiskDeviceContract_NakWrite@@SIXPAU1@PAEPAUStruct_Microsoft_Singularity_Channels_Endpoint@@1PAH@Z 020082f8 f   DiskDrive.obj
 0001:00007318       ?m_MarshallAll@Struct_Microsoft_Singularity_Io_DiskDeviceContract_NakWrite@@SIXPAU1@PAEPAUStruct_Microsoft_Singularity_Channels_Endpoint@@PAH@Z 02008318 f   DiskDrive.obj
 0001:00007370       ?m_Equals@Struct_Microsoft_Singularity_Io_DiskDeviceContract_NakWrite@@SI_NPAU1@PAUClass_System_Object@@@Z 02008370 f   DiskDrive.obj
 0001:000073a8       ?m_Equals@Struct_Microsoft_Singularity_Io_DiskDeviceContract_NakWrite@@SI_NPAUClass_Microsoft_Singularity_Io_DiskDeviceContract_NakWrite@@PAUClass_System_Object@@@Z 020083a8 f   DiskDrive.obj
 0001:000073d4       ?g_ScanStaticPointerData@Class_System_GCs_StaticData@@SIIPAUClass_System_GCs_NonNullReferenceVisitor@@@Z 020083d4 f   DiskDrive.obj
 0001:000075bc       ?g_ScanStaticData@Class_System_GCs_StaticData@@SIXPAUClass_System_GCs_DirectReferenceVisitor@@@Z 020085bc f   DiskDrive.obj
 0001:00007764       ?g_Initialize@Class_System_GCs_StaticData@@SIXXZ 02008764 f   DiskDrive.obj
 0001:000079d8       ?m__ctor@Class_System_GCs_StaticData@@SIXPAU1@@Z 020089d8 f   DiskDrive.obj
 0001:000079f0       ?m_ToString@Struct_System_DateTime@@SIPAUClass_System_String@@PAU1@@Z 020089f0 f   DiskDrive.obj
 0001:00007a18       ?m_ToString@Struct_System_DateTime@@SIPAUClass_System_String@@PAU1@PAU2@@Z 02008a18 f   DiskDrive.obj
 0001:00007d4c       ?m_ToString@Struct_System_DateTime@@SIPAUClass_System_String@@PAUClass_System_DateTime@@@Z 02008d4c f   DiskDrive.obj
 0001:00007d94       ?m_ToString@Struct_System_DateTime@@SIPAUClass_System_String@@PAUClass_System_DateTime@@PAU2@@Z 02008d94 f   DiskDrive.obj
 0001:00007de0       ?m_StructCopy@Struct_System_DateTime@@SIXPAU1@0@Z 02008de0 f   DiskDrive.obj
 0001:00007e14       ?m_StructCopy@Struct_System_DateTime@@SIXPAU1@PAU1@@Z 02008e14 f   DiskDrive.obj
 0001:00007eb0       ?m_GetShortWeekday@Struct_System_DateTime@@SIPAUClass_System_String@@PAU1@@Z 02008eb0 f   DiskDrive.obj
 0001:00007f14       ?m_GetShortMonth@Struct_System_DateTime@@SIPAUClass_System_String@@PAU1@@Z 02008f14 f   DiskDrive.obj
 0001:00007fa0       ?m_GetHashCode@Struct_System_DateTime@@SIHPAU1@@Z 02008fa0 f   DiskDrive.obj
 0001:00007fcc       ?m_GetHashCode@Struct_System_DateTime@@SIHPAUClass_System_DateTime@@@Z 02008fcc f   DiskDrive.obj
 0001:00008014       ?m_GetDatePart@Struct_System_DateTime@@SIHPAU1@H@Z 02009014 f   DiskDrive.obj
 0001:0000826c       ?m_get$_Year@Struct_System_DateTime@@SIHPAU1@@Z 0200926c f   DiskDrive.obj
 0001:00008294       ?m_get$_Second@Struct_System_DateTime@@SIHPAU1@@Z 02009294 f   DiskDrive.obj
 0001:000082d4       ?m_get$_Month@Struct_System_DateTime@@SIHPAU1@@Z 020092d4 f   DiskDrive.obj
 0001:000082fc       ?m_get$_Minute@Struct_System_DateTime@@SIHPAU1@@Z 020092fc f   DiskDrive.obj
 0001:0000833c       ?m_get$_Hour@Struct_System_DateTime@@SIHPAU1@@Z 0200933c f   DiskDrive.obj
 0001:0000837c       ?m_get$_DayOfWeek@Struct_System_DateTime@@SI?AUStruct_System_DayOfWeek@@PAU1@@Z 0200937c f   DiskDrive.obj
 0001:000083c8       ?m_get$_Day@Struct_System_DateTime@@SIHPAU1@@Z 020093c8 f   DiskDrive.obj
 0001:000083f0       ?m_Equals@Struct_System_DateTime@@SI_NPAU1@PAUClass_System_Object@@@Z 020093f0 f   DiskDrive.obj
 0001:00008468       ?m_Equals@Struct_System_DateTime@@SI_NPAUClass_System_DateTime@@PAUClass_System_Object@@@Z 02009468 f   DiskDrive.obj
 0001:000084b4       ?m__ctor@Struct_System_DateTime@@SIXPAU1@_J@Z 020094b4 f   DiskDrive.obj
 0001:00008550       ?g__cctor@Struct_System_DateTime@@SIXXZ 02009550 f   DiskDrive.obj
 0001:000085cc       ?m__ctor@Class_Microsoft_Contracts_AssertException@@SIXPAU1@@Z 020095cc f   DiskDrive.obj
 0001:000085f0       ?m__ctor@Class_System_Runtime_CompilerServices_AssertDevirtualizeAttribute@@SIXPAU1@@Z 020095f0 f   DiskDrive.obj
 0001:00008614       ?m_StructCopy@Struct_Microsoft_Singularity_Io_DiskDeviceContract_AckGetDeviceName@@SIXPAU1@0@Z 02009614 f   DiskDrive.obj
 0001:0000863c       ?m_StructCopy@Struct_Microsoft_Singularity_Io_DiskDeviceContract_AckGetDeviceName@@SIXPAU1@PAU1@@Z 0200963c f   DiskDrive.obj
 0001:000086b4       ?m_MarshallContent@Struct_Microsoft_Singularity_Io_DiskDeviceContract_AckGetDeviceName@@SIXPAU1@PAEPAUStruct_Microsoft_Singularity_Channels_Endpoint@@1PAH@Z 020096b4 f   DiskDrive.obj
 0001:00008774       ?m_MarshallAll@Struct_Microsoft_Singularity_Io_DiskDeviceContract_AckGetDeviceName@@SIXPAU1@PAEPAUStruct_Microsoft_Singularity_Channels_Endpoint@@PAH@Z 02009774 f   DiskDrive.obj
 0001:000087cc       ?m_Equals@Struct_Microsoft_Singularity_Io_DiskDeviceContract_AckGetDeviceName@@SI_NPAU1@PAUClass_System_Object@@@Z 020097cc f   DiskDrive.obj
 0001:00008814       ?m_Equals@Struct_Microsoft_Singularity_Io_DiskDeviceContract_AckGetDeviceName@@SI_NPAUClass_Microsoft_Singularity_Io_DiskDeviceContract_AckGetDeviceName@@PAUClass_System_Object@@@Z 02009814 f   DiskDrive.obj
 0001:00008840       ?m_ToString@int8@@SIPAUClass_System_String@@PAC@Z 02009840 f   DiskDrive.obj
 0001:00008868       ?m_ToString@int8@@SIPAUClass_System_String@@PACPAU2@@Z 02009868 f   DiskDrive.obj
 0001:00008960       ?m_ToString@int8@@SIPAUClass_System_String@@PAUClass_System_SByte@@@Z 02009960 f   DiskDrive.obj
 0001:00008988       ?m_ToString@int8@@SIPAUClass_System_String@@PAUClass_System_SByte@@PAU2@@Z 02009988 f   DiskDrive.obj
 0001:000089b4       ?m_GetHashCode@int8@@SIHPAC@Z 020099b4 f   DiskDrive.obj
 0001:000089e4       ?m_GetHashCode@int8@@SIHPAUClass_System_SByte@@@Z 020099e4 f   DiskDrive.obj
 0001:00008a0c       ?m_Equals@int8@@SI_NPACPAUClass_System_Object@@@Z 02009a0c f   DiskDrive.obj
 0001:00008a6c       ?m_Equals@int8@@SI_NPAUClass_System_SByte@@PAUClass_System_Object@@@Z 02009a6c f   DiskDrive.obj
 0001:00008a98       ?m_StructCopy@Struct_System_ReadEnlistmentLogWriter@@SIXPAU1@0@Z 02009a98 f   DiskDrive.obj
 0001:00008acc       ?m_StructCopy@Struct_System_ReadEnlistmentLogWriter@@SIXPAU1@PAU1@@Z 02009acc f   DiskDrive.obj
 0001:00008b68       ?m_Equals@Struct_System_ReadEnlistmentLogWriter@@SI_NPAU1@PAUClass_System_Object@@@Z 02009b68 f   DiskDrive.obj
 0001:00008bc4       ?m_Equals@Struct_System_ReadEnlistmentLogWriter@@SI_NPAUClass_System_ReadEnlistmentLogWriter@@PAUClass_System_Object@@@Z 02009bc4 f   DiskDrive.obj
 0001:00008bf0       ?m_StructCopy@Struct_Microsoft_Singularity_Io_DiskDeviceContract_GetSystemId@@SIXPAU1@0@Z 02009bf0 f   DiskDrive.obj
 0001:00008c0c       ?m_StructCopy@Struct_Microsoft_Singularity_Io_DiskDeviceContract_GetSystemId@@SIXPAU1@PAU1@@Z 02009c0c f   DiskDrive.obj
 0001:00008c60       ?m_Equals@Struct_Microsoft_Singularity_Io_DiskDeviceContract_GetSystemId@@SI_NPAU1@PAUClass_System_Object@@@Z 02009c60 f   DiskDrive.obj
 0001:00008c98       ?m_Equals@Struct_Microsoft_Singularity_Io_DiskDeviceContract_GetSystemId@@SI_NPAUClass_Microsoft_Singularity_Io_DiskDeviceContract_GetSystemId@@PAUClass_System_Object@@@Z 02009c98 f   DiskDrive.obj
 0001:00008cc4       ?m_StructCopy@Struct_System_Collections_Hashtable_bucket@@SIXPAU1@0@Z 02009cc4 f   DiskDrive.obj
 0001:00008d04       ?m_StructCopy@Struct_System_Collections_Hashtable_bucket@@SIXPAU1@PAU1@@Z 02009d04 f   DiskDrive.obj
 0001:00008dc4       ?m_Equals@Struct_System_Collections_Hashtable_bucket@@SI_NPAU1@PAUClass_System_Object@@@Z 02009dc4 f   DiskDrive.obj
 0001:00008e38       ?m_Equals@Struct_System_Collections_Hashtable_bucket@@SI_NPAUClass_System_Collections_Hashtable_bucket@@PAUClass_System_Object@@@Z 02009e38 f   DiskDrive.obj
 0001:00008e64       ?g_Summary@Class_System_GCs_CollectorStatistics@@SIXXZ 02009e64 f   DiskDrive.obj
 0001:00008e78       ?g_Initialize@Class_System_GCs_CollectorStatistics@@SIXXZ 02009e78 f   DiskDrive.obj
 0001:00008e8c       ?g_Event@Class_System_GCs_CollectorStatistics@@SIXUStruct_System_GCs_GCEvent@@@Z 02009e8c f   DiskDrive.obj
 0001:00008ea8       ?g_Event@Class_System_GCs_CollectorStatistics@@SIXUStruct_System_GCs_GCEvent@@_J@Z 02009ea8 f   DiskDrive.obj
 0001:00008ec4       ?m__ctor@Class_System_GCs_CollectorStatistics@@SIXPAU1@@Z 02009ec4 f   DiskDrive.obj
 0001:00008edc       ?m_StructCopy@Struct_System_RuntimeTypeHandle@@SIXPAU1@0@Z 02009edc f   DiskDrive.obj
 0001:00008f04       ?m_StructCopy@Struct_System_RuntimeTypeHandle@@SIXPAU1@PAU1@@Z 02009f04 f   DiskDrive.obj
 0001:00008f7c       ?m_get$_Value@Struct_System_RuntimeTypeHandle@@SIPAUintPtr@@PAU1@@Z 02009f7c f   DiskDrive.obj
 0001:00008f9c       ?m_Equals@Struct_System_RuntimeTypeHandle@@SI_NPAU1@PAUClass_System_Object@@@Z 02009f9c f   DiskDrive.obj
 0001:00008fe4       ?m_Equals@Struct_System_RuntimeTypeHandle@@SI_NPAUClass_System_RuntimeTypeHandle@@PAUClass_System_Object@@@Z 02009fe4 f   DiskDrive.obj
 0001:00009010       ?m__ctor@Struct_System_RuntimeTypeHandle@@SIXPAU1@PAUClass_System_RuntimeType@@@Z 0200a010 f   DiskDrive.obj
 0001:00009038       ?g_Create@Class_Microsoft_Singularity_GCProfilerLogger_GCEventSource@@SIPAU1@PAUClass_System_String@@I_K@Z 0200a038 f   DiskDrive.obj
 0001:0000910c       ?m__ctor@Class_Microsoft_Singularity_GCProfilerLogger_GCEventSource@@SIXPAU1@PAUClass_System_String@@PAUClass_Microsoft_Singularity_Eventing_EventingStorage@@I@Z 0200a10c f   DiskDrive.obj
 0001:00009140       ?m_StructCopy@Struct_Microsoft_Singularity_Directory_ServiceProviderContract_AckConnect@@SIXPAU1@0@Z 0200a140 f   DiskDrive.obj
 0001:0000915c       ?m_StructCopy@Struct_Microsoft_Singularity_Directory_ServiceProviderContract_AckConnect@@SIXPAU1@PAU1@@Z 0200a15c f   DiskDrive.obj
 0001:000091b0       ?m_MarshallContent@Struct_Microsoft_Singularity_Directory_ServiceProviderContract_AckConnect@@SIXPAU1@PAEPAUStruct_Microsoft_Singularity_Channels_Endpoint@@1PAH@Z 0200a1b0 f   DiskDrive.obj
 0001:000091d0       ?m_MarshallAll@Struct_Microsoft_Singularity_Directory_ServiceProviderContract_AckConnect@@SIXPAU1@PAEPAUStruct_Microsoft_Singularity_Channels_Endpoint@@PAH@Z 0200a1d0 f   DiskDrive.obj
 0001:00009228       ?m_Equals@Struct_Microsoft_Singularity_Directory_ServiceProviderContract_AckConnect@@SI_NPAU1@PAUClass_System_Object@@@Z 0200a228 f   DiskDrive.obj
 0001:00009260       ?m_Equals@Struct_Microsoft_Singularity_Directory_ServiceProviderContract_AckConnect@@SI_NPAUClass_Microsoft_Singularity_Directory_ServiceProviderContract_AckConnect@@PAUClass_System_Object@@@Z 0200a260 f   DiskDrive.obj
 0001:0000928c       ?m_StructCopy@Struct_System_UpdateEnlistmentLog_Entry@@SIXPAU1@0@Z 0200a28c f   DiskDrive.obj
 0001:00009310       ?m_StructCopy@Struct_System_UpdateEnlistmentLog_Entry@@SIXPAU1@PAU1@@Z 0200a310 f   DiskDrive.obj
 0001:0000949c       ?m_Equals@Struct_System_UpdateEnlistmentLog_Entry@@SI_NPAU1@PAUClass_System_Object@@@Z 0200a49c f   DiskDrive.obj
 0001:00009614       ?m_Equals@Struct_System_UpdateEnlistmentLog_Entry@@SI_NPAUClass_System_UpdateEnlistmentLog_Entry@@PAUClass_System_Object@@@Z 0200a614 f   DiskDrive.obj
 0001:00009640       ?m_WaitOne@Class_System_Threading_ManualResetEvent@@SI_NPAU1@@Z 0200a640 f   DiskDrive.obj
 0001:000096b4       ?m_WaitOne@Class_System_Threading_ManualResetEvent@@SI_NPAU1@UStruct_System_SchedulerTime@@@Z 0200a6b4 f   DiskDrive.obj
 0001:0000973c       ?m_Set@Class_System_Threading_ManualResetEvent@@SI_NPAU1@@Z 0200a73c f   DiskDrive.obj
 0001:00009788       ?m_Reset@Class_System_Threading_ManualResetEvent@@SIXPAU1@@Z 0200a788 f   DiskDrive.obj
 0001:000097c0       ?m_Finalize@Class_System_Threading_ManualResetEvent@@SIXPAU1@@Z 0200a7c0 f   DiskDrive.obj
 0001:00009824       ?m_Dispose@Class_System_Threading_ManualResetEvent@@SIXPAU1@_N@Z 0200a824 f   DiskDrive.obj
 0001:00009870       ?m__ctor@Class_System_Threading_ManualResetEvent@@SIXPAU1@_N@Z 0200a870 f   DiskDrive.obj
 0001:000098dc       ?g_AssertNotNull@Class_Microsoft_Contracts_NonNullType@@SIXPAUuintPtr@@@Z 0200a8dc f   DiskDrive.obj
 0001:00009934       ?g_AssertNotNull@Class_Microsoft_Contracts_NonNullType@@SIXPAUClass_System_Object@@@Z 0200a934 f   DiskDrive.obj
 0001:00009984       ?m__ctor@Class_Microsoft_Contracts_NonNullType@@SIXPAU1@@Z 0200a984 f   DiskDrive.obj
 0001:0000999c       ?m__ctor@Class_System_NullReferenceException@@SIXPAU1@@Z 0200a99c f   DiskDrive.obj
 0001:000099c4       ?m__ctor@Class_System_NullReferenceException@@SIXPAU1@PAUClass_System_String@@@Z 0200a9c4 f   DiskDrive.obj
 0001:000099ec       ?m__ctor@Class_System_NullReferenceException@@SIXPAU1@PAUClass_System_String@@PAUClass_System_Exception@@@Z 0200a9ec f   DiskDrive.obj
 0001:00009a1c       ?m_StructCopy@Struct_Microsoft_Singularity_V1_Threads_ManualResetEventHandle@@SIXPAU1@0@Z 0200aa1c f   DiskDrive.obj
 0001:00009a44       ?m_StructCopy@Struct_Microsoft_Singularity_V1_Threads_ManualResetEventHandle@@SIXPAU1@PAU1@@Z 0200aa44 f   DiskDrive.obj
 0001:00009abc       ?m_Equals@Struct_Microsoft_Singularity_V1_Threads_ManualResetEventHandle@@SI_NPAU1@PAUClass_System_Object@@@Z 0200aabc f   DiskDrive.obj
 0001:00009b04       ?m_Equals@Struct_Microsoft_Singularity_V1_Threads_ManualResetEventHandle@@SI_NPAUClass_Microsoft_Singularity_V1_Threads_ManualResetEventHandle@@PAUClass_System_Object@@@Z 0200ab04 f   DiskDrive.obj
 0001:00009b30       ?g_Create@Struct_Microsoft_Singularity_V1_Threads_ManualResetEventHandle@@SI_N_NPAU1@@Z 0200ab30 f   DiskDrive.obj
 0001:00009b7c       ?m_RecvEmpty@Class_Microsoft_Singularity_Drivers_IDE_IdeDisk_Microsoft_Singularity_Channels_EMap$_3$LMicrosoft_Singularity_Io_DiskDeviceContract_Exp_Microsoft_Singularity_Io_DiskDeviceContract_Ready_optional_Microsoft_Contracts_NonNullType__Microsoft_Singularity_Drivers_IDE_IdeDisk_DiskConnectionState$G@@SIXPAU1@@Z 0200ab7c f   DiskDrive.obj
 0001:00009b98       ?m_HeadMatches@Class_Microsoft_Singularity_Drivers_IDE_IdeDisk_Microsoft_Singularity_Channels_EMap$_3$LMicrosoft_Singularity_Io_DiskDeviceContract_Exp_Microsoft_Singularity_Io_DiskDeviceContract_Ready_optional_Microsoft_Contracts_NonNullType__Microsoft_Singularity_Drivers_IDE_IdeDisk_DiskConnectionState$G@@SI_NPAU1@HPA_NPAPAUClass_System_Object@@@Z 0200ab98 f   DiskDrive.obj
 0001:00009d10       ?m_GetWaitHandle@Class_Microsoft_Singularity_Drivers_IDE_IdeDisk_Microsoft_Singularity_Channels_EMap$_3$LMicrosoft_Singularity_Io_DiskDeviceContract_Exp_Microsoft_Singularity_Io_DiskDeviceContract_Ready_optional_Microsoft_Contracts_NonNullType__Microsoft_Singularity_Drivers_IDE_IdeDisk_DiskConnectionState$G@@SI?AUStruct_Microsoft_Singularity_V1_Threads_SyncHandle@@PAU1@@Z 0200ad10 f   DiskDrive.obj
 0001:00009d7c       ?m_GetFreshNode@Class_Microsoft_Singularity_Drivers_IDE_IdeDisk_Microsoft_Singularity_Channels_EMap$_3$LMicrosoft_Singularity_Io_DiskDeviceContract_Exp_Microsoft_Singularity_Io_DiskDeviceContract_Ready_optional_Microsoft_Contracts_NonNullType__Microsoft_Singularity_Drivers_IDE_IdeDisk_DiskConnectionState$G@@SIPAUClass_Microsoft_Singularity_Drivers_IDE_IdeDisk_Microsoft_Singularity_Channels_EMap$_3$LMicrosoft_Singularity_Io_DiskDeviceContract_Exp_Microsoft_Singularity_Io_DiskDeviceContract_Ready_optional_Microsoft_Contracts_NonNullType__Microsoft_Singularity_Drivers_IDE_IdeDisk_DiskConnectionState$G_Node@@PAU1@PAUStruct_Microsoft_Singularity_Io_DiskDeviceContract_Exp@@PAUClass_Microsoft_Singularity_Drivers_IDE_IdeDisk_DiskConnectionState@@0@Z 0200ad7c f   DiskDrive.obj
 0001:00009e24       ?m_get$_NextScanStart@Class_Microsoft_Singularity_Drivers_IDE_IdeDisk_Microsoft_Singularity_Channels_EMap$_3$LMicrosoft_Singularity_Io_DiskDeviceContract_Exp_Microsoft_Singularity_Io_DiskDeviceContract_Ready_optional_Microsoft_Contracts_NonNullType__Microsoft_Singularity_Drivers_IDE_IdeDisk_DiskConnectionState$G@@SIPAUClass_Microsoft_Singularity_Drivers_IDE_IdeDisk_Microsoft_Singularity_Channels_EMap$_3$LMicrosoft_Singularity_Io_DiskDeviceContract_Exp_Microsoft_Singularity_Io_DiskDeviceContract_Ready_optional_Microsoft_Contracts_NonNullType__Microsoft_Singularity_Drivers_IDE_IdeDisk_DiskConnectionState$G_Node@@PAU1@@Z 0200ae24 f   DiskDrive.obj
 0001:00009e8c       ?m_Extract@Class_Microsoft_Singularity_Drivers_IDE_IdeDisk_Microsoft_Singularity_Channels_EMap$_3$LMicrosoft_Singularity_Io_DiskDeviceContract_Exp_Microsoft_Singularity_Io_DiskDeviceContract_Ready_optional_Microsoft_Contracts_NonNullType__Microsoft_Singularity_Drivers_IDE_IdeDisk_DiskConnectionState$G@@SIPAUStruct_Microsoft_Singularity_Io_DiskDeviceContract_Exp@@PAU1@PAUClass_System_Object@@PAPAUClass_Microsoft_Singularity_Drivers_IDE_IdeDisk_DiskConnectionState@@@Z 0200ae8c f   DiskDrive.obj
 0001:00009f4c       ?m_Dispose@Class_Microsoft_Singularity_Drivers_IDE_IdeDisk_Microsoft_Singularity_Channels_EMap$_3$LMicrosoft_Singularity_Io_DiskDeviceContract_Exp_Microsoft_Singularity_Io_DiskDeviceContract_Ready_optional_Microsoft_Contracts_NonNullType__Microsoft_Singularity_Drivers_IDE_IdeDisk_DiskConnectionState$G@@SIXPAU1@@Z 0200af4c f   DiskDrive.obj
 0001:0000a064       ?m_Add@Class_Microsoft_Singularity_Drivers_IDE_IdeDisk_Microsoft_Singularity_Channels_EMap$_3$LMicrosoft_Singularity_Io_DiskDeviceContract_Exp_Microsoft_Singularity_Io_DiskDeviceContract_Ready_optional_Microsoft_Contracts_NonNullType__Microsoft_Singularity_Drivers_IDE_IdeDisk_DiskConnectionState$G@@SIXPAU1@PAUStruct_Microsoft_Singularity_Io_DiskDeviceContract_Exp@@PAUClass_Microsoft_Singularity_Drivers_IDE_IdeDisk_DiskConnectionState@@@Z 0200b064 f   DiskDrive.obj
 0001:0000a098       ?m__ctor@Class_Microsoft_Singularity_Drivers_IDE_IdeDisk_Microsoft_Singularity_Channels_EMap$_3$LMicrosoft_Singularity_Io_DiskDeviceContract_Exp_Microsoft_Singularity_Io_DiskDeviceContract_Ready_optional_Microsoft_Contracts_NonNullType__Microsoft_Singularity_Drivers_IDE_IdeDisk_DiskConnectionState$G@@SIXPAU1@@Z 0200b098 f   DiskDrive.obj
 0001:0000a124       ?m__ctor@Class_Microsoft_Singularity_Tracing@@SIXPAU1@@Z 0200b124 f   DiskDrive.obj
 0001:0000a140       ?m_ToString@Class_Microsoft_Singularity_Io_IoDmaRange@@SIPAUClass_System_String@@PAU1@@Z 0200b140 f   DiskDrive.obj
 0001:0000a1bc       ?m__ctor@Class_Microsoft_Singularity_Io_IoDmaRange@@SIXPAU1@HH@Z 0200b1bc f   DiskDrive.obj
 0001:0000a1f4       ?m__ctor@Class_System_OutOfMemoryException@@SIXPAU1@@Z 0200b1f4 f   DiskDrive.obj
 0001:0000a21c       ?m__ctor@Class_System_OutOfMemoryException@@SIXPAU1@PAUClass_System_String@@@Z 0200b21c f   DiskDrive.obj
 0001:0000a244       ?m__ctor@Class_System_OutOfMemoryException@@SIXPAU1@PAUClass_System_String@@PAUClass_System_Exception@@@Z 0200b244 f   DiskDrive.obj
 0001:0000a274       ?m_Set@Class_Microsoft_Singularity_Drivers_IDE_IdeRequest@@SIXPAU1@_KPAEPAUuintPtr@@3UStruct_Microsoft_Singularity_Drivers_IDE_IdeCmdType@@@Z 0200b274 f   DiskDrive.obj
 0001:0000a300       ?m__ctor@Class_Microsoft_Singularity_Drivers_IDE_IdeRequest@@SIXPAU1@@Z 0200b300 f   DiskDrive.obj
 0001:0000a31c       ?m_ZeroIfMustBeQuiescent@Struct_System_MultiUseWord_STMSnapshot@@SIIPAU1@@Z 0200b31c f   DiskDrive.obj
 0001:0000a344       ?m_Visit@Struct_System_MultiUseWord_STMSnapshot@@SIXPAU1@PAUClass_System_GCs_DirectReferenceVisitor@@@Z 0200b344 f   DiskDrive.obj
 0001:0000a500       ?m_StructCopy@Struct_System_MultiUseWord_STMSnapshot@@SIXPAU1@0@Z 0200b500 f   DiskDrive.obj
 0001:0000a528       ?m_StructCopy@Struct_System_MultiUseWord_STMSnapshot@@SIXPAU1@PAU1@@Z 0200b528 f   DiskDrive.obj
 0001:0000a5a0       ?m_GetSTMWord@Struct_System_MultiUseWord_STMSnapshot@@SI?AUStruct_System_STMWord@@PAU1@@Z 0200b5a0 f   DiskDrive.obj
 0001:0000a64c       ?m_Equals@Struct_System_MultiUseWord_STMSnapshot@@SI_NPAU1@PAUClass_System_Object@@@Z 0200b64c f   DiskDrive.obj
 0001:0000a694       ?m_Equals@Struct_System_MultiUseWord_STMSnapshot@@SI_NPAUClass_System_MultiUseWord_STMSnapshot@@PAUClass_System_Object@@@Z 0200b694 f   DiskDrive.obj
 0001:0000a6c0       ?m_Eq@Struct_System_MultiUseWord_STMSnapshot@@SI_NPAU1@U1@@Z 0200b6c0 f   DiskDrive.obj
 0001:0000a6ec       ?m__ctor@Struct_System_MultiUseWord_STMSnapshot@@SIXPAU1@UStruct_System_MultiUseWord@@@Z 0200b6ec f   DiskDrive.obj
 0001:0000a714       ?m_StructCopy@Struct_Microsoft_Singularity_Io_DiskDeviceContract_NakRead@@SIXPAU1@0@Z 0200b714 f   DiskDrive.obj
 0001:0000a730       ?m_StructCopy@Struct_Microsoft_Singularity_Io_DiskDeviceContract_NakRead@@SIXPAU1@PAU1@@Z 0200b730 f   DiskDrive.obj
 0001:0000a784       ?m_MarshallContent@Struct_Microsoft_Singularity_Io_DiskDeviceContract_NakRead@@SIXPAU1@PAEPAUStruct_Microsoft_Singularity_Channels_Endpoint@@1PAH@Z 0200b784 f   DiskDrive.obj
 0001:0000a7a4       ?m_MarshallAll@Struct_Microsoft_Singularity_Io_DiskDeviceContract_NakRead@@SIXPAU1@PAEPAUStruct_Microsoft_Singularity_Channels_Endpoint@@PAH@Z 0200b7a4 f   DiskDrive.obj
 0001:0000a7fc       ?m_Equals@Struct_Microsoft_Singularity_Io_DiskDeviceContract_NakRead@@SI_NPAU1@PAUClass_System_Object@@@Z 0200b7fc f   DiskDrive.obj
 0001:0000a834       ?m_Equals@Struct_Microsoft_Singularity_Io_DiskDeviceContract_NakRead@@SI_NPAUClass_Microsoft_Singularity_Io_DiskDeviceContract_NakRead@@PAUClass_System_Object@@@Z 0200b834 f   DiskDrive.obj
 0001:0000a860       ?m_StructCopy@Struct_Microsoft_Singularity_Isal_IX_EVectors@@SIXPAU1@0@Z 0200b860 f   DiskDrive.obj
 0001:0000a87c       ?m_StructCopy@Struct_Microsoft_Singularity_Isal_IX_EVectors@@SIXPAU1@PAU1@@Z 0200b87c f   DiskDrive.obj
 0001:0000a8d0       ?m_Equals@Struct_Microsoft_Singularity_Isal_IX_EVectors@@SI_NPAU1@PAUClass_System_Object@@@Z 0200b8d0 f   DiskDrive.obj
 0001:0000a908       ?m_Equals@Struct_Microsoft_Singularity_Isal_IX_EVectors@@SI_NPAUClass_Microsoft_Singularity_Isal_IX_EVectors@@PAUClass_System_Object@@@Z 0200b908 f   DiskDrive.obj
 0001:0000a934       ?m_StructCopy@Struct_Microsoft_Singularity_Io_VolumeManagerContract_NakRegisterDisk@@SIXPAU1@0@Z 0200b934 f   DiskDrive.obj
 0001:0000a950       ?m_StructCopy@Struct_Microsoft_Singularity_Io_VolumeManagerContract_NakRegisterDisk@@SIXPAU1@PAU1@@Z 0200b950 f   DiskDrive.obj
 0001:0000a9a4       ?m_Equals@Struct_Microsoft_Singularity_Io_VolumeManagerContract_NakRegisterDisk@@SI_NPAU1@PAUClass_System_Object@@@Z 0200b9a4 f   DiskDrive.obj
 0001:0000a9dc       ?m_Equals@Struct_Microsoft_Singularity_Io_VolumeManagerContract_NakRegisterDisk@@SI_NPAUClass_Microsoft_Singularity_Io_VolumeManagerContract_NakRegisterDisk@@PAUClass_System_Object@@@Z 0200b9dc f   DiskDrive.obj
 0001:0000aa08       ?g_StableState@Class_Microsoft_Singularity_Extending_ExtensionContract@@SIHPAUStruct_Microsoft_Singularity_Channels_StateStack@@@Z 0200ba08 f   DiskDrive.obj
 0001:0000aaa8       ?m__ctor@Class_Microsoft_Singularity_Extending_ExtensionContract@@SIXPAU1@@Z 0200baa8 f   DiskDrive.obj
 0001:0000aac0       ?m_StructCopy@Struct_Microsoft_Bartok_Runtime_PreHeader@@SIXPAU1@0@Z 0200bac0 f   DiskDrive.obj
 0001:0000aaec       ?m_StructCopy@Struct_Microsoft_Bartok_Runtime_PreHeader@@SIXPAU1@PAU1@@Z 0200baec f   DiskDrive.obj
 0001:0000ab70       ?m_Equals@Struct_Microsoft_Bartok_Runtime_PreHeader@@SI_NPAU1@PAUClass_System_Object@@@Z 0200bb70 f   DiskDrive.obj
 0001:0000ac1c       ?m_Equals@Struct_Microsoft_Bartok_Runtime_PreHeader@@SI_NPAUClass_Microsoft_Bartok_Runtime_PreHeader@@PAUClass_System_Object@@@Z 0200bc1c f   DiskDrive.obj
 0001:0000ac48       ?m_ToString@Class_System_Text_StringBuilder@@SIPAUClass_System_String@@PAU1@@Z 0200bc48 f   DiskDrive.obj
 0001:0000acf4       ?m_ReplaceString@Class_System_Text_StringBuilder@@SIXPAU1@HPAUClass_System_String@@@Z 0200bcf4 f   DiskDrive.obj
 0001:0000ad38       ?m_NeedsAllocation@Class_System_Text_StringBuilder@@SI_NPAU1@PAUClass_System_String@@H@Z 0200bd38 f   DiskDrive.obj
 0001:0000ad6c       ?g_InternalGetCurrentThread@Class_System_Text_StringBuilder@@SIHXZ 0200bd6c f   DiskDrive.obj
 0001:0000ad90       ?m_GetThreadSafeString@Class_System_Text_StringBuilder@@SIPAUClass_System_String@@PAU1@PAH@Z 0200bd90 f   DiskDrive.obj
 0001:0000adf4       ?m_GetNewString@Class_System_Text_StringBuilder@@SIPAUClass_System_String@@PAU1@PAU2@H@Z 0200bdf4 f   DiskDrive.obj
 0001:0000aee8       ?g_FormatError@Class_System_Text_StringBuilder@@SIXXZ 0200bee8 f   DiskDrive.obj
 0001:0000af24       ?m_AppendFormat@Class_System_Text_StringBuilder@@SIPAU1@PAU1@PAUClass_System_String@@PAUClassVector_Class_System_Object@@@Z 0200bf24 f   DiskDrive.obj
 0001:0000b7bc       ?m_Append@Class_System_Text_StringBuilder@@SIPAU1@PAU1@PAUClassVector_bartok_char@@HH@Z 0200c7bc f   DiskDrive.obj
 0001:0000b9e4       ?m_Append@Class_System_Text_StringBuilder@@SIPAU1@PAU1@H@Z 0200c9e4 f   DiskDrive.obj
 0001:0000ba14       ?m_Append@Class_System_Text_StringBuilder@@SIPAU1@PAU1@PAUClass_System_String@@@Z 0200ca14 f   DiskDrive.obj
 0001:0000bb44       ?m_Append@Class_System_Text_StringBuilder@@SIPAU1@PAU1@PAUClass_System_Object@@@Z 0200cb44 f   DiskDrive.obj
 0001:0000bb84       ?m_Append@Class_System_Text_StringBuilder@@SIPAU1@PAU1@_W@Z 0200cb84 f   DiskDrive.obj
 0001:0000bc88       ?m_Append@Class_System_Text_StringBuilder@@SIPAU1@PAU1@_WH@Z 0200cc88 f   DiskDrive.obj
 0001:0000bdec       ?m__ctor@Class_System_Text_StringBuilder@@SIXPAU1@@Z 0200cdec f   DiskDrive.obj
 0001:0000be14       ?m__ctor@Class_System_Text_StringBuilder@@SIXPAU1@H@Z 0200ce14 f   DiskDrive.obj
 0001:0000beb4       ?g_wcslen@Class_System_Number@@SIHPAUClassVector_bartok_char@@H@Z 0200ceb4 f   DiskDrive.obj
 0001:0000bf28       ?g_UInt64ToDecString@Class_System_Number@@SIPAUClass_System_String@@_KH@Z 0200cf28 f   DiskDrive.obj
 0001:0000c028       ?g_UInt32ToDecString@Class_System_Number@@SIPAUClass_System_String@@IH@Z 0200d028 f   DiskDrive.obj
 0001:0000c0bc       ?m_ToStringFormat@Class_System_Number@@SIPAUClass_System_String@@PAU1@PAU2@@Z 0200d0bc f   DiskDrive.obj
 0001:0000d7a0       ?m_ToString@Class_System_Number@@SIPAUClass_System_String@@PAU1@_WH@Z 0200e7a0 f   DiskDrive.obj
 0001:0000e0e0       ?m_RoundNumber@Class_System_Number@@SIXPAU1@H@Z 0200f0e0 f   DiskDrive.obj
 0001:0000e2ec       ?g_ParseFormatSpecifier@Class_System_Number@@SI_WPAUClass_System_String@@PAH@Z 0200f2ec f   DiskDrive.obj
 0001:0000e490       ?g_NumberToDouble@Class_System_Number@@SIXPAU1@PAN@Z 0200f490 f   DiskDrive.obj
 0001:0000e744       ?g_LO32@Class_System_Number@@SII_K@Z 0200f744 f   DiskDrive.obj
 0001:0000e75c       ?g_Int64ToHexString@Class_System_Number@@SIPAUClass_System_String@@_K_WH@Z 0200f75c f   DiskDrive.obj
 0001:0000e7ec       ?g_Int64ToHexChars@Class_System_Number@@SIHPAUClassVector_bartok_char@@H_K_WH@Z 0200f7ec f   DiskDrive.obj
 0001:0000e8b0       ?g_Int64ToDecString@Class_System_Number@@SIPAUClass_System_String@@_JHPAU2@@Z 0200f8b0 f   DiskDrive.obj
 0001:0000eaa0       ?g_Int64ToDecChars@Class_System_Number@@SIXPAUClassVector_bartok_char@@PAH_KH@Z 0200faa0 f   DiskDrive.obj
 0001:0000eb50       ?g_Int64DivMod1E9@Class_System_Number@@SI_K_KPAI@Z 0200fb50 f   DiskDrive.obj
 0001:0000ebac       ?g_Int32ToHexString@Class_System_Number@@SIPAUClass_System_String@@I_WH@Z 0200fbac f   DiskDrive.obj
 0001:0000ec38       ?g_Int32ToHexChars@Class_System_Number@@SIHPAUClassVector_bartok_char@@HI_WH@Z 0200fc38 f   DiskDrive.obj
 0001:0000ecd8       ?g_Int32ToDecString@Class_System_Number@@SIPAUClass_System_String@@HHPAU2@@Z 0200fcd8 f   DiskDrive.obj
 0001:0000ee34       ?g_Int32ToDecChars@Class_System_Number@@SIXPAUClassVector_bartok_char@@PAHIH@Z 0200fe34 f   DiskDrive.obj
 0001:0000eec8       ?g_HI32@Class_System_Number@@SII_K@Z 0200fec8 f   DiskDrive.obj
 0001:0000eeec       ?g_Get@Class_System_Number@@SI_WPAUClass_System_String@@H@Z 0200feec f   DiskDrive.obj
 0001:0000ef34       ?g_FPNumberToString@Class_System_Number@@SIPAUClass_System_String@@PAU1@PAU2@@Z 0200ff34 f   DiskDrive.obj
 0001:0000f024       ?g_FormatUInt64@Class_System_Number@@SIPAUClass_System_String@@_KPAU2@@Z 02010024 f   DiskDrive.obj
 0001:0000f138       ?g_FormatUInt32@Class_System_Number@@SIPAUClass_System_String@@IPAU2@@Z 02010138 f   DiskDrive.obj
 0001:0000f23c       ?g_FormatSingle@Class_System_Number@@SIPAUClass_System_String@@MPAU2@@Z 0201023c f   DiskDrive.obj
 0001:0000f4c8       ?m_FormatScientific@Class_System_Number@@SIHPAU1@PAUClassVector_bartok_char@@HH_W@Z 020104c8 f   DiskDrive.obj
 0001:0000f690       ?m_FormatPercent@Class_System_Number@@SIHPAU1@PAUClassVector_bartok_char@@HH@Z 02010690 f   DiskDrive.obj
 0001:0000f85c       ?m_FormatNumber@Class_System_Number@@SIHPAU1@PAUClassVector_bartok_char@@HH@Z 0201085c f   DiskDrive.obj
 0001:0000f9f0       ?g_FormatInt64@Class_System_Number@@SIPAUClass_System_String@@_JPAU2@@Z 020109f0 f   DiskDrive.obj
 0001:0000fb28       ?g_FormatInt32@Class_System_Number@@SIPAUClass_System_String@@HPAU2@@Z 02010b28 f   DiskDrive.obj
 0001:0000fc50       ?m_FormatGeneral@Class_System_Number@@SIHPAU1@PAUClassVector_bartok_char@@HH_W@Z 02010c50 f   DiskDrive.obj
 0001:0000fef8       ?m_FormatFixed@Class_System_Number@@SIHPAU1@PAUClassVector_bartok_char@@HHPAUClassVector_int32@@PAUClass_System_String@@3@Z 02010ef8 f   DiskDrive.obj
 0001:00010478       ?m_FormatExponent@Class_System_Number@@SIHPAU1@PAUClassVector_bartok_char@@HH_WPAUClass_System_String@@3H@Z 02011478 f   DiskDrive.obj
 0001:000105d0       ?g_FormatDouble@Class_System_Number@@SIPAUClass_System_String@@NPAU2@@Z 020115d0 f   DiskDrive.obj
 0001:0001080c       ?g_FormatDecimal@Class_System_Number@@SIPAUClass_System_String@@UStruct_System_Decimal@@PAU2@@Z 0201180c f   DiskDrive.obj
 0001:000108a4       ?g_FindSection@Class_System_Number@@SIHPAUClass_System_String@@H@Z 020118a4 f   DiskDrive.obj
 0001:000109f8       ?m_DecDivMod1E9@Class_System_Number@@SIIPAU1@PAUStruct_System_Decimal@@@Z 020119f8 f   DiskDrive.obj
 0001:00010ad0       ?m_D32DivMod1E9@Class_System_Number@@SIIPAU1@IIPAI@Z 02011ad0 f   DiskDrive.obj
 0001:00010b4c       ?g_AddStringRef@Class_System_Number@@SIHPAUClassVector_bartok_char@@HPAUClass_System_String@@@Z 02011b4c f   DiskDrive.obj
 0001:00010be4       ?m__ctor@Class_System_Number@@SIXPAU1@@Z 02011be4 f   DiskDrive.obj
 0001:00010c14       ?m__ctor@Class_System_Number@@SIXPAU1@_K@Z 02011c14 f   DiskDrive.obj
 0001:00010d24       ?m__ctor@Class_System_Number@@SIXPAU1@I@Z 02011d24 f   DiskDrive.obj
 0001:00010e30       ?m__ctor@Class_System_Number@@SIXPAU1@PAUStruct_System_Decimal@@@Z 02011e30 f   DiskDrive.obj
 0001:00010fc0       ?m__ctor@Class_System_Number@@SIXPAU1@_J@Z 02011fc0 f   DiskDrive.obj
 0001:00011120       ?m__ctor@Class_System_Number@@SIXPAU1@H@Z 02012120 f   DiskDrive.obj
 0001:0001124c       ?m__ctor@Class_System_Number@@SIXPAU1@NH@Z 0201224c f   DiskDrive.obj
 0001:000112b0       ?g__cctor@Class_System_Number@@SIXXZ 020122b0 f   DiskDrive.obj
 0001:000113ec       ?m__ctor@Class_Microsoft_Singularity_Memory_Stacks@@SIXPAU1@@Z 020123ec f   DiskDrive.obj
 0001:00011408       ?m_StructCopy@Struct_Microsoft_Singularity_Io_DiskDeviceContract_NoOp@@SIXPAU1@0@Z 02012408 f   DiskDrive.obj
 0001:00011424       ?m_StructCopy@Struct_Microsoft_Singularity_Io_DiskDeviceContract_NoOp@@SIXPAU1@PAU1@@Z 02012424 f   DiskDrive.obj
 0001:00011478       ?m_Equals@Struct_Microsoft_Singularity_Io_DiskDeviceContract_NoOp@@SI_NPAU1@PAUClass_System_Object@@@Z 02012478 f   DiskDrive.obj
 0001:000114b0       ?m_Equals@Struct_Microsoft_Singularity_Io_DiskDeviceContract_NoOp@@SI_NPAUClass_Microsoft_Singularity_Io_DiskDeviceContract_NoOp@@PAUClass_System_Object@@@Z 020124b0 f   DiskDrive.obj
 0001:000114dc       ?m_StructCopy@Struct_Microsoft_Singularity_Directory_ServiceProviderContract_Connect@@SIXPAU1@0@Z 020124dc f   DiskDrive.obj
 0001:00011504       ?m_StructCopy@Struct_Microsoft_Singularity_Directory_ServiceProviderContract_Connect@@SIXPAU1@PAU1@@Z 02012504 f   DiskDrive.obj
 0001:0001157c       ?m_Equals@Struct_Microsoft_Singularity_Directory_ServiceProviderContract_Connect@@SI_NPAU1@PAUClass_System_Object@@@Z 0201257c f   DiskDrive.obj
 0001:000115c4       ?m_Equals@Struct_Microsoft_Singularity_Directory_ServiceProviderContract_Connect@@SI_NPAUClass_Microsoft_Singularity_Directory_ServiceProviderContract_Connect@@PAUClass_System_Object@@@Z 020125c4 f   DiskDrive.obj
 0001:000115f0       ?m_StructCopy@Struct_Microsoft_Singularity_V1_Services_SharedHeapService@@SIXPAU1@0@Z 020125f0 f   DiskDrive.obj
 0001:0001160c       ?m_StructCopy@Struct_Microsoft_Singularity_V1_Services_SharedHeapService@@SIXPAU1@PAU1@@Z 0201260c f   DiskDrive.obj
 0001:00011660       ?g_GetSize@Struct_Microsoft_Singularity_V1_Services_SharedHeapService@@SIPAUuintPtr@@PAUStruct_Microsoft_Singularity_V1_Services_SharedHeapService_Allocation@@@Z 02012660 f   DiskDrive.obj
 0001:00011680       ?g_GetData@Struct_Microsoft_Singularity_V1_Services_SharedHeapService@@SIPAUuintPtr@@PAUStruct_Microsoft_Singularity_V1_Services_SharedHeapService_Allocation@@@Z 02012680 f   DiskDrive.obj
 0001:000116a0       ?m_Equals@Struct_Microsoft_Singularity_V1_Services_SharedHeapService@@SI_NPAU1@PAUClass_System_Object@@@Z 020126a0 f   DiskDrive.obj
 0001:000116d8       ?m_Equals@Struct_Microsoft_Singularity_V1_Services_SharedHeapService@@SI_NPAUClass_Microsoft_Singularity_V1_Services_SharedHeapService@@PAUClass_System_Object@@@Z 020126d8 f   DiskDrive.obj
 0001:00011704       ?m_TryEnter@Class_System_Threading_Monitor@@SI_NPAU1@@Z 02012704 f   DiskDrive.obj
 0001:00011774       ?m_TryEnter@Class_System_Threading_Monitor@@SI_NPAU1@UStruct_System_SchedulerTime@@@Z 02012774 f   DiskDrive.obj
 0001:000117f0       ?g_TryEnter@Class_System_Threading_Monitor@@SI_NPAUClass_System_Object@@@Z 020127f0 f   DiskDrive.obj
 0001:0001182c       ?m_IsInUse@Class_System_Threading_Monitor@@SI_NPAU1@@Z 0201282c f   DiskDrive.obj
 0001:00011848       ?g_GetMonitorFromObject@Class_System_Threading_Monitor@@SIPAU1@PAUClass_System_Object@@@Z 02012848 f   DiskDrive.obj
 0001:000118c4       ?g_FromAddress@Class_System_Threading_Monitor@@SIPAU1@PAUuintPtr@@@Z 020128c4 f   DiskDrive.obj
 0001:000118e0       ?g_ExitImpl@Class_System_Threading_Monitor@@SIXPAUClass_System_Object@@@Z 020128e0 f   DiskDrive.obj
 0001:0001191c       ?m_Exit@Class_System_Threading_Monitor@@SIXPAU1@@Z 0201291c f   DiskDrive.obj
 0001:00011994       ?g_EnterImpl@Class_System_Threading_Monitor@@SIXPAUClass_System_Object@@@Z 02012994 f   DiskDrive.obj
 0001:000119d0       ?m_Enter@Class_System_Threading_Monitor@@SIXPAU1@@Z 020129d0 f   DiskDrive.obj
 0001:00011a30       ?m__ctor@Class_System_Threading_Monitor@@SIXPAU1@@Z 02012a30 f   DiskDrive.obj
 0001:00011a84       ?m__ctor@Class_System_ReadEnlistmentLog_LogChunk@@SIXPAU1@PAUClassVector_Struct_System_ReadEnlistmentLog_Entry@@0@Z 02012a84 f   DiskDrive.obj
 0001:00011ab8       ?m_StructCopy@Struct_Microsoft_Singularity_Io_DiskDeviceContract_GetStartSector@@SIXPAU1@0@Z 02012ab8 f   DiskDrive.obj
 0001:00011ad4       ?m_StructCopy@Struct_Microsoft_Singularity_Io_DiskDeviceContract_GetStartSector@@SIXPAU1@PAU1@@Z 02012ad4 f   DiskDrive.obj
 0001:00011b28       ?m_Equals@Struct_Microsoft_Singularity_Io_DiskDeviceContract_GetStartSector@@SI_NPAU1@PAUClass_System_Object@@@Z 02012b28 f   DiskDrive.obj
 0001:00011b60       ?m_Equals@Struct_Microsoft_Singularity_Io_DiskDeviceContract_GetStartSector@@SI_NPAUClass_Microsoft_Singularity_Io_DiskDeviceContract_GetStartSector@@PAUClass_System_Object@@@Z 02012b60 f   DiskDrive.obj
 0001:00011b8c       ?m_ToString@bool@@SIPAUClass_System_String@@PA_N@Z 02012b8c f   DiskDrive.obj
 0001:00011bbc       ?m_ToString@bool@@SIPAUClass_System_String@@PAUClass_System_Boolean@@@Z 02012bbc f   DiskDrive.obj
 0001:00011c04       ?m_GetHashCode@bool@@SIHPA_N@Z 02012c04 f   DiskDrive.obj
 0001:00011c38       ?m_GetHashCode@bool@@SIHPAUClass_System_Boolean@@@Z 02012c38 f   DiskDrive.obj
 0001:00011c80       ?m_Equals@bool@@SI_NPA_NPAUClass_System_Object@@@Z 02012c80 f   DiskDrive.obj
 0001:00011ce0       ?m_Equals@bool@@SI_NPAUClass_System_Boolean@@PAUClass_System_Object@@@Z 02012ce0 f   DiskDrive.obj
 0001:00011d2c       ?g__cctor@bool@@SIXXZ      02012d2c f   DiskDrive.obj
 0001:00011d40       ?m_StructCopy@Struct_Microsoft_Singularity_V1_Services_ProcessService@@SIXPAU1@0@Z 02012d40 f   DiskDrive.obj
 0001:00011d5c       ?m_StructCopy@Struct_Microsoft_Singularity_V1_Services_ProcessService@@SIXPAU1@PAU1@@Z 02012d5c f   DiskDrive.obj
 0001:00011db0       ?g_GetSharedSourceHandles@Struct_Microsoft_Singularity_V1_Services_ProcessService@@SI_NIPAPAUuintPtr@@00@Z 02012db0 f   DiskDrive.obj
 0001:00011e34       ?m_Equals@Struct_Microsoft_Singularity_V1_Services_ProcessService@@SI_NPAU1@PAUClass_System_Object@@@Z 02012e34 f   DiskDrive.obj
 0001:00011e6c       ?m_Equals@Struct_Microsoft_Singularity_V1_Services_ProcessService@@SI_NPAUClass_Microsoft_Singularity_V1_Services_ProcessService@@PAUClass_System_Object@@@Z 02012e6c f   DiskDrive.obj
 0001:00011e98       ?m_Visit@Struct_System_MultiUseWord_STMHandle@@SI_NPAU1@PAUClass_System_GCs_DirectReferenceVisitor@@@Z 02012e98 f   DiskDrive.obj
 0001:00011eec       ?m_StructCopy@Struct_System_MultiUseWord_STMHandle@@SIXPAU1@0@Z 02012eec f   DiskDrive.obj
 0001:00011f14       ?m_StructCopy@Struct_System_MultiUseWord_STMHandle@@SIXPAU1@PAU1@@Z 02012f14 f   DiskDrive.obj
 0001:00011f8c       ?m_SetSTMWordAtGC@Struct_System_MultiUseWord_STMHandle@@SIXPAU1@PAUClass_System_GCs_DirectReferenceVisitor@@UStruct_System_STMWord@@@Z 02012f8c f   DiskDrive.obj
 0001:00012084       ?m_SetMark@Struct_System_MultiUseWord_STMHandle@@SIXPAU1@_N@Z 02013084 f   DiskDrive.obj
 0001:00012118       ?m_IsMarked@Struct_System_MultiUseWord_STMHandle@@SI_NPAU1@@Z 02013118 f   DiskDrive.obj
 0001:0001215c       ?m_GetSTMSnapshot@Struct_System_MultiUseWord_STMHandle@@SI?AUStruct_System_MultiUseWord_STMSnapshot@@PAU1@@Z 0201315c f   DiskDrive.obj
 0001:000121a8       ?m_Equals@Struct_System_MultiUseWord_STMHandle@@SI_NPAU1@PAUClass_System_Object@@@Z 020131a8 f   DiskDrive.obj
 0001:000121f0       ?m_Equals@Struct_System_MultiUseWord_STMHandle@@SI_NPAUClass_System_MultiUseWord_STMHandle@@PAUClass_System_Object@@@Z 020131f0 f   DiskDrive.obj
 0001:0001221c       ?m_Visit@Class_System_GCs_MemoryAccounting_ManagedPtrAccounting@@SIXPAU1@PAPAUuintPtr@@@Z 0201321c f   DiskDrive.obj
 0001:00012238       ?m_Initialize@Class_System_GCs_MemoryAccounting_ManagedPtrAccounting@@SIXPAU1@@Z 02013238 f   DiskDrive.obj
 0001:00012250       ?m__ctor@Class_System_GCs_MemoryAccounting_ManagedPtrAccounting@@SIXPAU1@@Z 02013250 f   DiskDrive.obj
 0001:00012268       ?m_ToString@Class_System_Version@@SIPAUClass_System_String@@PAU1@@Z 02013268 f   DiskDrive.obj
 0001:000122c4       ?m_ToString@Class_System_Version@@SIPAUClass_System_String@@PAU1@H@Z 020132c4 f   DiskDrive.obj
 0001:00012644       ?m_GetHashCode@Class_System_Version@@SIHPAU1@@Z 02013644 f   DiskDrive.obj
 0001:000126c8       ?m_get$_Major@Class_System_Version@@SIHPAU1@@Z 020136c8 f   DiskDrive.obj
 0001:000126e8       ?m_Equals@Class_System_Version@@SI_NPAU1@PAUClass_System_Object@@@Z 020136e8 f   DiskDrive.obj
 0001:000127a8       ?m__ctor@Class_System_Version@@SIXPAU1@@Z 020137a8 f   DiskDrive.obj
 0001:000127ec       ?m_StructCopy@Struct_Microsoft_Singularity_Drivers_IDE_IdentifyDeviceInformation@@SIXPAU1@0@Z 020137ec f   DiskDrive.obj
 0001:00012f18       ?m_StructCopy@Struct_Microsoft_Singularity_Drivers_IDE_IdentifyDeviceInformation@@SIXPAU1@PAU1@@Z 02013f18 f   DiskDrive.obj
 0001:0001449c       ?m_Equals@Struct_Microsoft_Singularity_Drivers_IDE_IdentifyDeviceInformation@@SI_NPAU1@PAUClass_System_Object@@@Z 0201549c f   DiskDrive.obj
 0001:00014e88       ?m_Equals@Struct_Microsoft_Singularity_Drivers_IDE_IdentifyDeviceInformation@@SI_NPAUClass_Microsoft_Singularity_Drivers_IDE_IdentifyDeviceInformation@@PAUClass_System_Object@@@Z 02015e88 f   DiskDrive.obj
 0001:00014eb4       ?m__ctor@Class_System_Runtime_CompilerServices_InlineAttribute@@SIXPAU1@@Z 02015eb4 f   DiskDrive.obj
 0001:00014ed8       ?g_InitializeQuerySystem@Class_Microsoft_Singularity_Eventing_QuerySession@@SI_NXZ 02015ed8 f   DiskDrive.obj
 0001:00014f78       ?m__ctor@Class_Microsoft_Singularity_Eventing_QuerySession@@SIXPAU1@@Z 02015f78 f   DiskDrive.obj
 0001:00014fa8       ?g__cctor@Class_Microsoft_Singularity_Eventing_QuerySession@@SIXXZ 02015fa8 f   DiskDrive.obj
 0001:00014fbc       ?m__ctor@Class_System_Runtime_CompilerServices_CalledRarelyAttribute@@SIXPAU1@@Z 02015fbc f   DiskDrive.obj
 0001:00014fe0       ?m_StructCopy@Struct_Microsoft_Singularity_Io_DiskDeviceContract_ReadPerf@@SIXPAU1@0@Z 02015fe0 f   DiskDrive.obj
 0001:00015014       ?m_StructCopy@Struct_Microsoft_Singularity_Io_DiskDeviceContract_ReadPerf@@SIXPAU1@PAU1@@Z 02016014 f   DiskDrive.obj
 0001:000150b0       ?m_Equals@Struct_Microsoft_Singularity_Io_DiskDeviceContract_ReadPerf@@SI_NPAU1@PAUClass_System_Object@@@Z 020160b0 f   DiskDrive.obj
 0001:0001510c       ?m_Equals@Struct_Microsoft_Singularity_Io_DiskDeviceContract_ReadPerf@@SI_NPAUClass_Microsoft_Singularity_Io_DiskDeviceContract_ReadPerf@@PAUClass_System_Object@@@Z 0201610c f   DiskDrive.obj
 0001:00015138       ?g_VerifyPages@Class_System_GCs_Verifier@@SIXPAUClass_System_GCs_ObjectLayout_ObjectVisitor@@@Z 02016138 f   DiskDrive.obj
 0001:0001555c       ?m_VerifyHeap@Class_System_GCs_Verifier@@SIXPAU1@@Z 0201655c f   DiskDrive.obj
 0001:00015804       ?g_VerifyAllThreadsGCControlled@Class_System_GCs_Verifier@@SIXPAUClass_System_Threading_Thread@@@Z 02016804 f   DiskDrive.obj
 0001:0001588c       ?m__ctor@Class_System_GCs_Verifier@@SIXPAU1@PAUClass_System_GCs_NonNullReferenceVisitor@@1PAUClass_System_GCs_ObjectLayout_ObjectVisitor@@PAUClass_System_GCs_Verifier_StackVerifier@@@Z 0201688c f   DiskDrive.obj
 0001:000158d0       ?g__cctor@Class_System_GCs_Verifier@@SIXXZ 020168d0 f   DiskDrive.obj
 0001:000159f4       ?m_StructCopy@Struct_System_UpdateLogWriter@@SIXPAU1@0@Z 020169f4 f   DiskDrive.obj
 0001:00015a28       ?m_StructCopy@Struct_System_UpdateLogWriter@@SIXPAU1@PAU1@@Z 02016a28 f   DiskDrive.obj
 0001:00015ac4       ?m_Equals@Struct_System_UpdateLogWriter@@SI_NPAU1@PAUClass_System_Object@@@Z 02016ac4 f   DiskDrive.obj
 0001:00015b20       ?m_Equals@Struct_System_UpdateLogWriter@@SI_NPAUClass_System_UpdateLogWriter@@PAUClass_System_Object@@@Z 02016b20 f   DiskDrive.obj
 0001:00015b4c       ?m_ToString@uint8@@SIPAUClass_System_String@@PAE@Z 02016b4c f   DiskDrive.obj
 0001:00015b98       ?m_ToString@uint8@@SIPAUClass_System_String@@PAEPAU2@@Z 02016b98 f   DiskDrive.obj
 0001:00015be4       ?m_ToString@uint8@@SIPAUClass_System_String@@PAUClass_System_Byte@@@Z 02016be4 f   DiskDrive.obj
 0001:00015c0c       ?m_ToString@uint8@@SIPAUClass_System_String@@PAUClass_System_Byte@@PAU2@@Z 02016c0c f   DiskDrive.obj
 0001:00015c38       ?m_GetHashCode@uint8@@SIHPAE@Z 02016c38 f   DiskDrive.obj
 0001:00015c5c       ?m_GetHashCode@uint8@@SIHPAUClass_System_Byte@@@Z 02016c5c f   DiskDrive.obj
 0001:00015c84       ?m_Equals@uint8@@SI_NPAEPAUClass_System_Object@@@Z 02016c84 f   DiskDrive.obj
 0001:00015ce4       ?m_Equals@uint8@@SI_NPAUClass_System_Byte@@PAUClass_System_Object@@@Z 02016ce4 f   DiskDrive.obj
 0001:00015d10       ?g_WaitForPending@Struct_System_Finalizer@@SIXXZ 02016d10 f   DiskDrive.obj
 0001:00015d40       ?g_VisitBootstrapData@Struct_System_Finalizer@@SIXPAUClass_System_GCs_DirectReferenceVisitor@@@Z 02016d40 f   DiskDrive.obj
 0001:00015da8       ?g_VisitAllRunFinalizer@Struct_System_Finalizer@@SIXPAUClass_System_GCs_DirectReferenceVisitor@@_N1@Z 02016da8 f   DiskDrive.obj
 0001:00015f20       ?g_ThreadLoop@Struct_System_Finalizer@@SIXXZ 02016f20 f   DiskDrive.obj
 0001:00015fbc       ?g_SuppressCandidate@Struct_System_Finalizer@@SIXPAUClass_System_Object@@@Z 02016fbc f   DiskDrive.obj
 0001:00016198       ?m_StructCopy@Struct_System_Finalizer@@SIXPAU1@0@Z 02017198 f   DiskDrive.obj
 0001:000161b4       ?m_StructCopy@Struct_System_Finalizer@@SIXPAU1@PAU1@@Z 020171b4 f   DiskDrive.obj
 0001:00016208       ?g_StartFinalizerThread@Struct_System_Finalizer@@SIXXZ 02017208 f   DiskDrive.obj
 0001:000162e8       ?g_Shutdown@Struct_System_Finalizer@@SIXXZ 020172e8 f   DiskDrive.obj
 0001:0001645c       ?g_ResurrectCandidates@Struct_System_Finalizer@@SIXPAUClass_System_GCs_DirectReferenceVisitor@@0_N@Z 0201745c f   DiskDrive.obj
 0001:000169fc       ?g_ReleaseCollectFinalizers@Struct_System_Finalizer@@SIXXZ 020179fc f   DiskDrive.obj
 0001:00016a44       ?g_RegisterCandidate@Struct_System_Finalizer@@SIXPAUClass_System_Object@@@Z 02017a44 f   DiskDrive.obj
 0001:00016e08       ?g_PrepareCollectFinalizers@Struct_System_Finalizer@@SIXXZ 02017e08 f   DiskDrive.obj
 0001:00016ef4       ?g_LinkToIndex@Struct_System_Finalizer@@SIHH@Z 02017ef4 f   DiskDrive.obj
 0001:00016f24       ?g_IsLink@Struct_System_Finalizer@@SI_NH@Z 02017f24 f   DiskDrive.obj
 0001:00016f4c       ?g_IndexToLink@Struct_System_Finalizer@@SIHH@Z 02017f4c f   DiskDrive.obj
 0001:00016f70       ?g_GetObjectFromRun@Struct_System_Finalizer@@SIPAUClass_System_Object@@XZ 02017f70 f   DiskDrive.obj
 0001:0001710c       ?m_Equals@Struct_System_Finalizer@@SI_NPAU1@PAUClass_System_Object@@@Z 0201810c f   DiskDrive.obj
 0001:00017144       ?m_Equals@Struct_System_Finalizer@@SI_NPAUClass_System_Finalizer@@PAUClass_System_Object@@@Z 02018144 f   DiskDrive.obj
 0001:00017170       ?g_CompactTables@Struct_System_Finalizer@@SIXXZ 02018170 f   DiskDrive.obj
 0001:00017184       ?g__cctor@Struct_System_Finalizer@@SIXXZ 02018184 f   DiskDrive.obj
 0001:00017318       ?m_StructCopy@Struct_Microsoft_Bartok_Runtime_PostHeader@@SIXPAU1@0@Z 02018318 f   DiskDrive.obj
 0001:00017340       ?m_StructCopy@Struct_Microsoft_Bartok_Runtime_PostHeader@@SIXPAU1@PAU1@@Z 02018340 f   DiskDrive.obj
 0001:000173b8       ?m_Equals@Struct_Microsoft_Bartok_Runtime_PostHeader@@SI_NPAU1@PAUClass_System_Object@@@Z 020183b8 f   DiskDrive.obj
 0001:00017404       ?m_Equals@Struct_Microsoft_Bartok_Runtime_PostHeader@@SI_NPAUClass_Microsoft_Bartok_Runtime_PostHeader@@PAUClass_System_Object@@@Z 02018404 f   DiskDrive.obj
 0001:00017430       ?m_StructCopy@Struct_System_ArgIterator@@SIXPAU1@0@Z 02018430 f   DiskDrive.obj
 0001:00017464       ?m_StructCopy@Struct_System_ArgIterator@@SIXPAU1@PAU1@@Z 02018464 f   DiskDrive.obj
 0001:00017500       ?m_GetArg@Struct_System_ArgIterator@@SIPAUClass_System_RuntimeType@@PAU1@HPAPAUintPtr@@@Z 02018500 f   DiskDrive.obj
 0001:00017584       ?m_get$_Length@Struct_System_ArgIterator@@SIHPAU1@@Z 02018584 f   DiskDrive.obj
 0001:000175a4       ?m_Equals@Struct_System_ArgIterator@@SI_NPAU1@PAUClass_System_Object@@@Z 020185a4 f   DiskDrive.obj
 0001:00017600       ?m_Equals@Struct_System_ArgIterator@@SI_NPAUClass_System_ArgIterator@@PAUClass_System_Object@@@Z 02018600 f   DiskDrive.obj
 0001:0001762c       ?m__ctor@Struct_System_ArgIterator@@SIXPAU1@UStruct_System_RuntimeArgumentHandle@@@Z 0201862c f   DiskDrive.obj
 0001:00017674       ?m_StructCopy@Struct_Microsoft_Singularity_Extending_ExtensionContract_NakShutdown@@SIXPAU1@0@Z 02018674 f   DiskDrive.obj
 0001:00017690       ?m_StructCopy@Struct_Microsoft_Singularity_Extending_ExtensionContract_NakShutdown@@SIXPAU1@PAU1@@Z 02018690 f   DiskDrive.obj
 0001:000176e4       ?m_Equals@Struct_Microsoft_Singularity_Extending_ExtensionContract_NakShutdown@@SI_NPAU1@PAUClass_System_Object@@@Z 020186e4 f   DiskDrive.obj
 0001:0001771c       ?m_Equals@Struct_Microsoft_Singularity_Extending_ExtensionContract_NakShutdown@@SI_NPAUClass_Microsoft_Singularity_Extending_ExtensionContract_NakShutdown@@PAUClass_System_Object@@@Z 0201871c f   DiskDrive.obj
 0001:00017748       ?g_UnderGCControl@Class_System_GCs_Transitions@@SI_NH@Z 02018748 f   DiskDrive.obj
 0001:000177fc       ?g_TransferMutatorControl@Class_System_GCs_Transitions@@SIXPAUStruct_Microsoft_Singularity_ThreadContext@@@Z 020187fc f   DiskDrive.obj
 0001:0001793c       ?g_TransferMutatorControl@Class_System_GCs_Transitions@@SIXPAHH@Z 0201893c f   DiskDrive.obj
 0001:00017a50       ?g_ThreadStart@Class_System_GCs_Transitions@@SIXXZ 02018a50 f   DiskDrive.obj
 0001:00017c38       ?g_ThreadEnd@Class_System_GCs_Transitions@@SIXH@Z 02018c38 f   DiskDrive.obj
 0001:00017e64       ?g_TakeMutatorControlSlowNoGC@Class_System_GCs_Transitions@@SIXPAHH@Z 02018e64 f   DiskDrive.obj
 0001:00017e90       ?g_TakeMutatorControlSlow@Class_System_GCs_Transitions@@SIXPAHH@Z 02018e90 f   DiskDrive.obj
 0001:00017ebc       ?g_TakeMutatorControlSlow@Class_System_GCs_Transitions@@SIXPAHH_N1@Z 02018ebc f   DiskDrive.obj
 0001:00018088       ?g_TakeMutatorControlNoGC@Class_System_GCs_Transitions@@SIXPAUStruct_Microsoft_Singularity_ThreadContext@@@Z 02019088 f   DiskDrive.obj
 0001:000181ec       ?g_TakeMutatorControlNoGC@Class_System_GCs_Transitions@@SIXPAHH@Z 020191ec f   DiskDrive.obj
 0001:00018328       ?g_TakeMutatorControlNoGC@Class_System_GCs_Transitions@@SIXH@Z 02019328 f   DiskDrive.obj
 0001:00018518       ?g_TakeMutatorControl@Class_System_GCs_Transitions@@SIXPAUStruct_Microsoft_Singularity_ThreadContext@@@Z 02019518 f   DiskDrive.obj
 0001:0001867c       ?g_TakeMutatorControl@Class_System_GCs_Transitions@@SIXPAHH@Z 0201967c f   DiskDrive.obj
 0001:000187b8       ?g_TakeMutatorControl@Class_System_GCs_Transitions@@SIXH@Z 020197b8 f   DiskDrive.obj
 0001:000189a8       ?g_TakeGCControl@Class_System_GCs_Transitions@@SI_NPAH@Z 020199a8 f   DiskDrive.obj
 0001:00018a6c       ?g_TakeGCControl@Class_System_GCs_Transitions@@SI_NH@Z 02019a6c f   DiskDrive.obj
 0001:00018be8       ?g_TakeDormantControlNoGC@Class_System_GCs_Transitions@@SIXPAH@Z 02019be8 f   DiskDrive.obj
 0001:00018c94       ?g_TakeDormantControlNoGC@Class_System_GCs_Transitions@@SIXH@Z 02019c94 f   DiskDrive.obj
 0001:00018de8       ?g_TakeDormantControl@Class_System_GCs_Transitions@@SIXPAUStruct_Microsoft_Singularity_ThreadContext@@@Z 02019de8 f   DiskDrive.obj
 0001:00018ef4       ?g_TakeDormantControl@Class_System_GCs_Transitions@@SIXPAHH@Z 02019ef4 f   DiskDrive.obj
 0001:00018fc8       ?g_TakeDormantControl@Class_System_GCs_Transitions@@SIXH@Z 02019fc8 f   DiskDrive.obj
 0001:00019130       ?g_SwitchToMutatorStateWithGCRequest@Class_System_GCs_Transitions@@SI_NPAH@Z 0201a130 f   DiskDrive.obj
 0001:0001919c       ?g_SwitchToMutatorState@Class_System_GCs_Transitions@@SI_NPAH@Z 0201a19c f   DiskDrive.obj
 0001:0001924c       ?g_RuntimeInitialized@Class_System_GCs_Transitions@@SIXXZ 0201a24c f   DiskDrive.obj
 0001:00019268       ?g_ReturnToManagedSpace@Class_System_GCs_Transitions@@SIXPAUStruct_Microsoft_Singularity_ThreadContext@@@Z 0201a268 f   DiskDrive.obj
 0001:00019448       ?g_ReturnFromManagedSpaceNoCallerTransition@Class_System_GCs_Transitions@@SIXXZ 0201a448 f   DiskDrive.obj
 0001:0001955c       ?g_ReturnFromManagedSpace@Class_System_GCs_Transitions@@SIXXZ 0201a55c f   DiskDrive.obj
 0001:000196a4       ?g_RestoreMutatorControlIfNeeded@Class_System_GCs_Transitions@@SIXXZ 0201a6a4 f   DiskDrive.obj
 0001:000197dc       ?g_ReleaseGCControl@Class_System_GCs_Transitions@@SIXPAHH@Z 0201a7dc f   DiskDrive.obj
 0001:000198a0       ?g_ReleaseGCControl@Class_System_GCs_Transitions@@SIXH@Z 0201a8a0 f   DiskDrive.obj
 0001:00019a00       ?g_NewThreadNotification@Class_System_GCs_Transitions@@SIXH_N@Z 0201aa00 f   DiskDrive.obj
 0001:00019ba0       ?g_MakeGCRequests@Class_System_GCs_Transitions@@SIXH@Z 0201aba0 f   DiskDrive.obj
 0001:00019cc8       ?g_MakeGCRequest@Class_System_GCs_Transitions@@SIXPAHH@Z 0201acc8 f   DiskDrive.obj
 0001:00019d2c       ?g_MakeGCRequest@Class_System_GCs_Transitions@@SIXH@Z 0201ad2c f   DiskDrive.obj
 0001:00019dd0       ?g_LeaveManagedSpace@Class_System_GCs_Transitions@@SIXPAUStruct_Microsoft_Singularity_ThreadContext@@@Z 0201add0 f   DiskDrive.obj
 0001:00019f10       ?g_LeaveLoadFunctionStub@Class_System_GCs_Transitions@@SIXXZ 0201af10 f   DiskDrive.obj
 0001:0001a07c       ?g_InMutatorState@Class_System_GCs_Transitions@@SI_NPAUStruct_Microsoft_Singularity_ThreadContext@@@Z 0201b07c f   DiskDrive.obj
 0001:0001a0cc       ?g_InMutatorState@Class_System_GCs_Transitions@@SI_NH@Z 0201b0cc f   DiskDrive.obj
 0001:0001a188       ?g_Initialize@Class_System_GCs_Transitions@@SIXXZ 0201b188 f   DiskDrive.obj
 0001:0001a19c       ?g_InDormantState@Class_System_GCs_Transitions@@SI_NH@Z 0201b19c f   DiskDrive.obj
 0001:0001a24c       ?g_HasGCRequest@Class_System_GCs_Transitions@@SI_NH@Z 0201b24c f   DiskDrive.obj
 0001:0001a2fc       ?g_GetThreadContext@Class_System_GCs_Transitions@@SIPAUStruct_Microsoft_Singularity_ThreadContext@@H@Z 0201b2fc f   DiskDrive.obj
 0001:0001a34c       ?g_GetCurrentThreadContext@Class_System_GCs_Transitions@@SIPAUStruct_Microsoft_Singularity_ThreadContext@@H@Z 0201b34c f   DiskDrive.obj
 0001:0001a3d4       ?g_fUnderGCControl@Class_System_GCs_Transitions@@SI_NH@Z 0201b3d4 f   DiskDrive.obj
 0001:0001a3fc       ?g_fInMutatorState@Class_System_GCs_Transitions@@SI_NH@Z 0201b3fc f   DiskDrive.obj
 0001:0001a424       ?g_fInDormantState@Class_System_GCs_Transitions@@SI_NH@Z 0201b424 f   DiskDrive.obj
 0001:0001a44c       ?g_fHasGCRequest@Class_System_GCs_Transitions@@SI_NH@Z 0201b44c f   DiskDrive.obj
 0001:0001a474       ?g_EntryIntoManagedSpace@Class_System_GCs_Transitions@@SIXXZ 0201b474 f   DiskDrive.obj
 0001:0001a65c       ?g_EnterLoadFunctionStub@Class_System_GCs_Transitions@@SIXXZ 0201b65c f   DiskDrive.obj
 0001:0001a854       ?g_EnsureMutatorControlNoGC@Class_System_GCs_Transitions@@SIXPAUStruct_Microsoft_Singularity_ThreadContext@@@Z 0201b854 f   DiskDrive.obj
 0001:0001aa34       ?g_EnsureMutatorControlNoGC@Class_System_GCs_Transitions@@SIXPAHH@Z 0201ba34 f   DiskDrive.obj
 0001:0001abec       ?g_EnsureMutatorControl@Class_System_GCs_Transitions@@SIXPAUStruct_Microsoft_Singularity_ThreadContext@@@Z 0201bbec f   DiskDrive.obj
 0001:0001adcc       ?g_EnsureMutatorControl@Class_System_GCs_Transitions@@SIXPAHH@Z 0201bdcc f   DiskDrive.obj
 0001:0001af84       ?g_DeadThreadNotification@Class_System_GCs_Transitions@@SIXH@Z 0201bf84 f   DiskDrive.obj
 0001:0001b134       ?g_CompareAndSwap@Class_System_GCs_Transitions@@SI_NPAHHH@Z 0201c134 f   DiskDrive.obj
 0001:0001b168       ?g_ClearGCRequest@Class_System_GCs_Transitions@@SIXPAHH@Z 0201c168 f   DiskDrive.obj
 0001:0001b214       ?g_ClearGCRequest@Class_System_GCs_Transitions@@SIXH@Z 0201c214 f   DiskDrive.obj
 0001:0001b2b8       ?m__ctor@Class_System_GCs_Transitions@@SIXPAU1@@Z 0201c2b8 f   DiskDrive.obj
 0001:0001b2d4       ?m_Write32@Class_Microsoft_Singularity_Io_PciPort@@SIXPAU1@HI@Z 0201c2d4 f   DiskDrive.obj
 0001:0001b31c       ?m_Read8Impl@Class_Microsoft_Singularity_Io_PciPort@@SIEPAU1@H@Z 0201c31c f   DiskDrive.obj
 0001:0001b370       ?m_Read8@Class_Microsoft_Singularity_Io_PciPort@@SIEPAU1@H@Z 0201c370 f   DiskDrive.obj
 0001:0001b398       ?m_Read32Impl@Class_Microsoft_Singularity_Io_PciPort@@SIIPAU1@H@Z 0201c398 f   DiskDrive.obj
 0001:0001b3f0       ?m_Read32@Class_Microsoft_Singularity_Io_PciPort@@SIIPAU1@H@Z 0201c3f0 f   DiskDrive.obj
 0001:0001b418       ?m_Finalize@Class_Microsoft_Singularity_Io_PciPort@@SIXPAU1@@Z 0201c418 f   DiskDrive.obj
 0001:0001b440       ?m__ctor@Class_Microsoft_Singularity_Io_PciPort@@SIXPAU1@UStruct_Microsoft_Singularity_V1_Services_PciPortHandle@@@Z 0201c440 f   DiskDrive.obj
 0001:0001b46c       ?m_Visit@Class_System_GCs_Verifier_GenericObjectVisitor@@SIPAUuintPtr@@PAU1@PAUClass_System_Object@@@Z 0201c46c f   DiskDrive.obj
 0001:0001b498       ?m__ctor@Class_System_GCs_Verifier_GenericObjectVisitor@@SIXPAU1@PAUClass_System_GCs_NonNullReferenceVisitor@@@Z 0201c498 f   DiskDrive.obj
 0001:0001b4c8       ?m_ToString@int64@@SIPAUClass_System_String@@PA_J@Z 0201c4c8 f   DiskDrive.obj
 0001:0001b4f0       ?m_ToString@int64@@SIPAUClass_System_String@@PA_JPAU2@@Z 0201c4f0 f   DiskDrive.obj
 0001:0001b544       ?m_ToString@int64@@SIPAUClass_System_String@@PAUClass_System_Int64@@@Z 0201c544 f   DiskDrive.obj
 0001:0001b56c       ?m_ToString@int64@@SIPAUClass_System_String@@PAUClass_System_Int64@@PAU2@@Z 0201c56c f   DiskDrive.obj
 0001:0001b598       ?m_GetHashCode@int64@@SIHPA_J@Z 0201c598 f   DiskDrive.obj
 0001:0001b5cc       ?m_GetHashCode@int64@@SIHPAUClass_System_Int64@@@Z 0201c5cc f   DiskDrive.obj
 0001:0001b5f4       ?m_Equals@int64@@SI_NPA_JPAUClass_System_Object@@@Z 0201c5f4 f   DiskDrive.obj
 0001:0001b664       ?m_Equals@int64@@SI_NPAUClass_System_Int64@@PAUClass_System_Object@@@Z 0201c664 f   DiskDrive.obj
 0001:0001b690       ?m_StructCopy@Struct_Microsoft_Singularity_Isal_IX_PE@@SIXPAU1@0@Z 0201c690 f   DiskDrive.obj
 0001:0001b6ac       ?m_StructCopy@Struct_Microsoft_Singularity_Isal_IX_PE@@SIXPAU1@PAU1@@Z 0201c6ac f   DiskDrive.obj
 0001:0001b700       ?m_Equals@Struct_Microsoft_Singularity_Isal_IX_PE@@SI_NPAU1@PAUClass_System_Object@@@Z 0201c700 f   DiskDrive.obj
 0001:0001b738       ?m_Equals@Struct_Microsoft_Singularity_Isal_IX_PE@@SI_NPAUClass_Microsoft_Singularity_Isal_IX_PE@@PAUClass_System_Object@@@Z 0201c738 f   DiskDrive.obj
 0001:0001b764       ?g_NewRegisteredCounters@Class_System_TryAllCounters@@SIPAU1@XZ 0201c764 f   DiskDrive.obj
 0001:0001b7f0       ?m_MergeCounters@Class_System_TryAllCounters@@SIXPAU1@0@Z 0201c7f0 f   DiskDrive.obj
 0001:0001bfb0       ?m_IncrementWeakRefsClearedInUpdateLog@Class_System_TryAllCounters@@SIXPAU1@@Z 0201cfb0 f   DiskDrive.obj
 0001:0001bfe0       ?m_IncrementWeakRefsClearedInUpdateEnlistmentLog@Class_System_TryAllCounters@@SIXPAU1@@Z 0201cfe0 f   DiskDrive.obj
 0001:0001c010       ?m_IncrementWeakRefsClearedInReadEnlistmentLog@Class_System_TryAllCounters@@SIXPAU1@@Z 0201d010 f   DiskDrive.obj
 0001:0001c040       ?m_IncrementUpdatesInReadEnlistmentsAtGC@Class_System_TryAllCounters@@SIXPAU1@@Z 0201d040 f   DiskDrive.obj
 0001:0001c070       ?m_IncrementReadDuplicatesRemoved@Class_System_TryAllCounters@@SIXPAU1@@Z 0201d070 f   DiskDrive.obj
 0001:0001c0a0       ?m_IncrementInvalidOutsideGC@Class_System_TryAllCounters@@SIXPAU1@@Z 0201d0a0 f   DiskDrive.obj
 0001:0001c0d0       ?m_IncrementInvalidDuringGC@Class_System_TryAllCounters@@SIXPAU1@@Z 0201d0d0 f   DiskDrive.obj
 0001:0001c0f8       ?m_IncrementInvalidConflict@Class_System_TryAllCounters@@SIXPAU1@@Z 0201d0f8 f   DiskDrive.obj
 0001:0001c120       ?m_IncrementInflationSeen@Class_System_TryAllCounters@@SIXPAU1@@Z 0201d120 f   DiskDrive.obj
 0001:0001c148       ?m_IncrementEnlistmentOverflow@Class_System_TryAllCounters@@SIXPAU1@@Z 0201d148 f   DiskDrive.obj
 0001:0001c170       ?m_IncrementCachesCreated@Class_System_TryAllCounters@@SIXPAU1@@Z 0201d170 f   DiskDrive.obj
 0001:0001c198       ?m_DumpStats@Class_System_TryAllCounters@@SIXPAU1@@Z 0201d198 f   DiskDrive.obj
 0001:0001e6c8       ?g_DumpRegisteredCounters@Class_System_TryAllCounters@@SIXXZ 0201f6c8 f   DiskDrive.obj
 0001:0001e758       ?m__ctor@Class_System_TryAllCounters@@SIXPAU1@@Z 0201f758 f   DiskDrive.obj
 0001:0001e774       ?g__cctor@Class_System_TryAllCounters@@SIXXZ 0201f774 f   DiskDrive.obj
 0001:0001e7a4       ?m_StructCopy@Struct_Microsoft_Singularity_Io_DiskDeviceContract_GetSectorCount@@SIXPAU1@0@Z 0201f7a4 f   DiskDrive.obj
 0001:0001e7c0       ?m_StructCopy@Struct_Microsoft_Singularity_Io_DiskDeviceContract_GetSectorCount@@SIXPAU1@PAU1@@Z 0201f7c0 f   DiskDrive.obj
 0001:0001e814       ?m_Equals@Struct_Microsoft_Singularity_Io_DiskDeviceContract_GetSectorCount@@SI_NPAU1@PAUClass_System_Object@@@Z 0201f814 f   DiskDrive.obj
 0001:0001e84c       ?m_Equals@Struct_Microsoft_Singularity_Io_DiskDeviceContract_GetSectorCount@@SI_NPAUClass_Microsoft_Singularity_Io_DiskDeviceContract_GetSectorCount@@PAUClass_System_Object@@@Z 0201f84c f   DiskDrive.obj
 0001:0001e878       ?m_ToString@Class_Microsoft_Singularity_Io_IoIrqRange@@SIPAUClass_System_String@@PAU1@@Z 0201f878 f   DiskDrive.obj
 0001:0001e8f4       ?m_IrqAtOffset@Class_Microsoft_Singularity_Io_IoIrqRange@@SIPAUClass_Microsoft_Singularity_Io_IoIrq@@PAU1@E@Z 0201f8f4 f   DiskDrive.obj
 0001:0001e988       ?m_get$_Irq@Class_Microsoft_Singularity_Io_IoIrqRange@@SIEPAU1@@Z 0201f988 f   DiskDrive.obj
 0001:0001e9a8       ?m__ctor@Class_Microsoft_Singularity_Io_IoIrqRange@@SIXPAU1@EE@Z 0201f9a8 f   DiskDrive.obj
 0001:0001e9e0       ?m_StructCopy@Struct_Microsoft_Singularity_Io_VolumeManagerContract_Success@@SIXPAU1@0@Z 0201f9e0 f   DiskDrive.obj
 0001:0001e9fc       ?m_StructCopy@Struct_Microsoft_Singularity_Io_VolumeManagerContract_Success@@SIXPAU1@PAU1@@Z 0201f9fc f   DiskDrive.obj
 0001:0001ea50       ?m_Equals@Struct_Microsoft_Singularity_Io_VolumeManagerContract_Success@@SI_NPAU1@PAUClass_System_Object@@@Z 0201fa50 f   DiskDrive.obj
 0001:0001ea88       ?m_Equals@Struct_Microsoft_Singularity_Io_VolumeManagerContract_Success@@SI_NPAUClass_Microsoft_Singularity_Io_VolumeManagerContract_Success@@PAUClass_System_Object@@@Z 0201fa88 f   DiskDrive.obj
 0001:0001eab4       ?m_StructCopy@Struct_Microsoft_Singularity_V1_Services_PageTableService@@SIXPAU1@0@Z 0201fab4 f   DiskDrive.obj
 0001:0001ead0       ?m_StructCopy@Struct_Microsoft_Singularity_V1_Services_PageTableService@@SIXPAU1@PAU1@@Z 0201fad0 f   DiskDrive.obj
 0001:0001eb24       ?g_Query@Struct_Microsoft_Singularity_V1_Services_PageTableService@@SI_NPAUuintPtr@@PAPAU2@1@Z 0201fb24 f   DiskDrive.obj
 0001:0001eb8c       ?m_Equals@Struct_Microsoft_Singularity_V1_Services_PageTableService@@SI_NPAU1@PAUClass_System_Object@@@Z 0201fb8c f   DiskDrive.obj
 0001:0001ebc4       ?m_Equals@Struct_Microsoft_Singularity_V1_Services_PageTableService@@SI_NPAUClass_Microsoft_Singularity_V1_Services_PageTableService@@PAUClass_System_Object@@@Z 0201fbc4 f   DiskDrive.obj
 0001:0001ebf0       ?m_StructCopy@Struct_Microsoft_Singularity_ThreadContext@@SIXPAU1@0@Z 0201fbf0 f   DiskDrive.obj
 0001:0001eda0       ?m_StructCopy@Struct_Microsoft_Singularity_ThreadContext@@SIXPAU1@PAU1@@Z 0201fda0 f   DiskDrive.obj
 0001:0001f2b0       ?m_SetProcessMode@Struct_Microsoft_Singularity_ThreadContext@@SIXPAU1@@Z 020202b0 f   DiskDrive.obj
 0001:0001f2ec       ?m_SetKernelMode@Struct_Microsoft_Singularity_ThreadContext@@SIXPAU1@@Z 020202ec f   DiskDrive.obj
 0001:0001f32c       ?g_ParentModeMarker@Struct_Microsoft_Singularity_ThreadContext@@SIPAUStruct_System_GCs_CallStack_TransitionRecord@@PAU2@@Z 0202032c f   DiskDrive.obj
 0001:0001f380       ?m_IsInKernelMode@Struct_Microsoft_Singularity_ThreadContext@@SI_NPAU1@@Z 02020380 f   DiskDrive.obj
 0001:0001f3dc       ?m_get$_thread@Struct_Microsoft_Singularity_ThreadContext@@SIPAUClass_System_Threading_Thread@@PAU1@@Z 020203dc f   DiskDrive.obj
 0001:0001f400       ?m_Equals@Struct_Microsoft_Singularity_ThreadContext@@SI_NPAU1@PAUClass_System_Object@@@Z 02020400 f   DiskDrive.obj
 0001:0001f6a0       ?m_Equals@Struct_Microsoft_Singularity_ThreadContext@@SI_NPAUClass_Microsoft_Singularity_ThreadContext@@PAUClass_System_Object@@@Z 020206a0 f   DiskDrive.obj
 0001:0001f6cc       ?g_Truncate@Class_System_GCs_BootstrapMemory@@SIXXZ 020206cc f   DiskDrive.obj
 0001:0001f830       ?g_Initialize@Class_System_GCs_BootstrapMemory@@SIXPAUuintPtr@@@Z 02020830 f   DiskDrive.obj
 0001:0001f874       ?g_AllocateBlock@Class_System_GCs_BootstrapMemory@@SIPAUuintPtr@@PAU2@I@Z 02020874 f   DiskDrive.obj
 0001:0001f9a4       ?g_Allocate@Class_System_GCs_BootstrapMemory@@SIPAUClass_System_Object@@PAUClass_System_VTable@@@Z 020209a4 f   DiskDrive.obj
 0001:0001fa5c       ?g_Allocate@Class_System_GCs_BootstrapMemory@@SIPAUClass_System_Object@@PAUClass_System_VTable@@I@Z 02020a5c f   DiskDrive.obj
 0001:0001fad4       ?g_Allocate@Class_System_GCs_BootstrapMemory@@SIPAUClass_System_Object@@PAUClass_System_Type@@@Z 02020ad4 f   DiskDrive.obj
 0001:0001faf8       ?g_Allocate@Class_System_GCs_BootstrapMemory@@SIPAUClass_System_Object@@PAUClass_System_Type@@I@Z 02020af8 f   DiskDrive.obj
 0001:0001fb24       ?g_Allocate@Class_System_GCs_BootstrapMemory@@SIPAUClass_System_Object@@PAUClass_System_RuntimeType@@@Z 02020b24 f   DiskDrive.obj
 0001:0001fb48       ?g_Allocate@Class_System_GCs_BootstrapMemory@@SIPAUClass_System_Object@@PAUClass_System_RuntimeType@@I@Z 02020b48 f   DiskDrive.obj
 0001:0001fb74       ?m__ctor@Class_System_GCs_BootstrapMemory@@SIXPAU1@@Z 02020b74 f   DiskDrive.obj
 0001:0001fb8c       ?g_StableState@Class_Microsoft_Singularity_Io_DiskDeviceContract@@SIHPAUStruct_Microsoft_Singularity_Channels_StateStack@@@Z 02020b8c f   DiskDrive.obj
 0001:0001fc08       ?g_CanonicalState@Class_Microsoft_Singularity_Io_DiskDeviceContract@@SIHH@Z 02020c08 f   DiskDrive.obj
 0001:0001fc60       ?m__ctor@Class_Microsoft_Singularity_Io_DiskDeviceContract@@SIXPAU1@@Z 02020c60 f   DiskDrive.obj
 0001:0001fc78       ?m_StructCopy@Struct_Microsoft_Singularity_Isal_IX_DescriptorTable_Gdt@@SIXPAU1@0@Z 02020c78 f   DiskDrive.obj
 0001:0001fd70       ?m_StructCopy@Struct_Microsoft_Singularity_Isal_IX_DescriptorTable_Gdt@@SIXPAU1@PAU1@@Z 02020d70 f   DiskDrive.obj
 0001:00020058       ?m_Equals@Struct_Microsoft_Singularity_Isal_IX_DescriptorTable_Gdt@@SI_NPAU1@PAUClass_System_Object@@@Z 02021058 f   DiskDrive.obj
 0001:0002066c       ?m_Equals@Struct_Microsoft_Singularity_Isal_IX_DescriptorTable_Gdt@@SI_NPAUClass_Microsoft_Singularity_Isal_IX_DescriptorTable_Gdt@@PAUClass_System_Object@@@Z 0202166c f   DiskDrive.obj
 0001:00020698       ?m_Unlink@Class_Microsoft_Singularity_Channels_ESet$_2$LMicrosoft_Singularity_Io_VolumeManagerContract_Imp_Microsoft_Singularity_Io_VolumeManagerContract_RegisterAck$G_Node@@SIPAUStruct_Microsoft_Singularity_Io_VolumeManagerContract_Imp@@PAU1@PAUClass_Microsoft_Singularity_Channels_ESet$_2$LMicrosoft_Singularity_Io_VolumeManagerContract_Imp_Microsoft_Singularity_Io_VolumeManagerContract_RegisterAck$G@@@Z 02021698 f   DiskDrive.obj
 0001:000207ac       ?m_LinkAsNext@Class_Microsoft_Singularity_Channels_ESet$_2$LMicrosoft_Singularity_Io_VolumeManagerContract_Imp_Microsoft_Singularity_Io_VolumeManagerContract_RegisterAck$G_Node@@SIXPAU1@PAUStruct_Microsoft_Singularity_Io_VolumeManagerContract_Imp@@PAUClass_Microsoft_Singularity_Channels_ESet$_2$LMicrosoft_Singularity_Io_VolumeManagerContract_Imp_Microsoft_Singularity_Io_VolumeManagerContract_RegisterAck$G@@@Z 020217ac f   DiskDrive.obj
 0001:00020828       ?m_Init@Class_Microsoft_Singularity_Channels_ESet$_2$LMicrosoft_Singularity_Io_VolumeManagerContract_Imp_Microsoft_Singularity_Io_VolumeManagerContract_RegisterAck$G_Node@@SIXPAU1@PAUStruct_Microsoft_Singularity_Io_VolumeManagerContract_Imp@@PAUClass_Microsoft_Singularity_Channels_ESet$_2$LMicrosoft_Singularity_Io_VolumeManagerContract_Imp_Microsoft_Singularity_Io_VolumeManagerContract_RegisterAck$G@@@Z 02021828 f   DiskDrive.obj
 0001:00020858       ?m__ctor@Class_Microsoft_Singularity_Channels_ESet$_2$LMicrosoft_Singularity_Io_VolumeManagerContract_Imp_Microsoft_Singularity_Io_VolumeManagerContract_RegisterAck$G_Node@@SIXPAU1@PAUStruct_Microsoft_Singularity_Io_VolumeManagerContract_Imp@@PAUClass_Microsoft_Singularity_Channels_ESet$_2$LMicrosoft_Singularity_Io_VolumeManagerContract_Imp_Microsoft_Singularity_Io_VolumeManagerContract_RegisterAck$G@@@Z 02021858 f   DiskDrive.obj
[...]
 0003:000197cc       ?c_caseTableLevel1@Class_System_Globalization_CompareInfo@@2PAUClassVector_int16@@A 020be7cc     DiskDrive.obj
 0003:000199dc       ?c_diacriticTableLevel2@Class_System_Globalization_CompareInfo@@2PAUClassVector_int16@@A 020be9dc     DiskDrive.obj
 0003:00019d8c       ?c_TypeStorageHandle@Class_Microsoft_Singularity_GCProfilerLogger@@2IA 020bed8c     DiskDrive.obj
 0003:00019d90       ?c_CurrentProfiler@Class_Microsoft_Singularity_GCProfilerLogger@@2PAU1@A 020bed90     DiskDrive.obj
 0003:00019d94       ?c_StorageHandle@Class_Microsoft_Singularity_GCProfilerLogger@@2IA 020bed94     DiskDrive.obj
 0003:00019d98       ?c_lowerCaseTable@Class_System_Globalization_TextInfo@@2PAUClassVector_int16@@A 020bed98     DiskDrive.obj
 0003:0001a688       ?c_upperCaseTable@Class_System_Globalization_TextInfo@@2PAUClassVector_int16@@A 020bf688     DiskDrive.obj
 0003:0001af98       ?c_Infinite@Struct_System_TimeSpan@@2?AU1@A 020bff98     DiskDrive.obj
 0003:0001afa0       ?c_TicksPerDay@Struct_System_TimeSpan@@2_JA 020bffa0     DiskDrive.obj
 0003:0001afa0       ?c_TicksPerHour@Struct_System_TimeSpan@@2_JA 020bffa0     DiskDrive.obj
 0003:0001afa0       ?c_MaxSeconds@Struct_System_TimeSpan@@2_JA 020bffa0     DiskDrive.obj
 0003:0001afa0       ?c_MinValue@Struct_System_TimeSpan@@2?AU1@A 020bffa0     DiskDrive.obj
 0003:0001afa0       ?c_TicksPerMinute@Struct_System_TimeSpan@@2_JA 020bffa0     DiskDrive.obj
 0003:0001afa0       ?c_MillisPerSecond@Struct_System_TimeSpan@@2HA 020bffa0     DiskDrive.obj
 0003:0001afa0       ?c_MillisPerMinute@Struct_System_TimeSpan@@2HA 020bffa0     DiskDrive.obj
 0003:0001afa0       ?c_MinSeconds@Struct_System_TimeSpan@@2_JA 020bffa0     DiskDrive.obj
 0003:0001afa8       ?c_TicksPerSecond@Struct_System_TimeSpan@@2_JA 020bffa8     DiskDrive.obj
 0003:0001afa8       ?c_MillisPerHour@Struct_System_TimeSpan@@2HA 020bffa8     DiskDrive.obj
 0003:0001afa8       ?c_MaxValue@Struct_System_TimeSpan@@2?AU1@A 020bffa8     DiskDrive.obj
 0003:0001afb0       ?c_Zero@Struct_System_TimeSpan@@2?AU1@A 020bffb0     DiskDrive.obj
 0003:0001afb8       ?c_MinMilliSeconds@Struct_System_TimeSpan@@2_JA 020bffb8     DiskDrive.obj
 0003:0001afb8       ?c_MaxMilliSeconds@Struct_System_TimeSpan@@2_JA 020bffb8     DiskDrive.obj
 0003:0001afb8       ?c_ScaleShift@Struct_System_Decimal@@2HA 020bffb8     DiskDrive.obj
 0003:0001afb8       ?c_MillisPerDay@Struct_System_TimeSpan@@2HA 020bffb8     DiskDrive.obj
 0003:0001afb8       ?c_TicksPerMillisecond@Struct_System_TimeSpan@@2_JA 020bffb8     DiskDrive.obj
 0003:0001afb8       ?c_MinValue@Struct_System_Decimal@@2?AU1@A 020bffb8     DiskDrive.obj
 0003:0001afc8       ?c_Zero@Struct_System_Decimal@@2?AU1@A 020bffc8     DiskDrive.obj
 0003:0001afd8       ?c_MaxValue@Struct_System_Decimal@@2?AU1@A 020bffd8     DiskDrive.obj
 0003:0001afd8       ?c_SignMask@Struct_System_Decimal@@2HA 020bffd8     DiskDrive.obj
 0003:0001afe8       ?c_ScaleMask@Struct_System_Decimal@@2HA 020bffe8     DiskDrive.obj
 0003:0001afe8       ?c_One@Struct_System_Decimal@@2?AU1@A 020bffe8     DiskDrive.obj
 0003:0001aff8       ?c_MinusOne@Struct_System_Decimal@@2?AU1@A 020bfff8     DiskDrive.obj
 0003:0001b008       ?c_$_rangeMessage@Class_System_ArgumentOutOfRangeException@@2PAUClass_System_String@@A 020c0008     DiskDrive.obj
 0003:0001b00c       ?c_Zero@uintPtr@@2IA       020c000c     DiskDrive.obj
 0003:0001b010       ?c_MaxValue@uintPtr@@2IA   020c0010     DiskDrive.obj
 0003:0001b014       ?c_Size@uintPtr@@2HA       020c0014     DiskDrive.obj
 0003:0001b018       ?c_MaxValue@uint32@@2IA    020c0018     DiskDrive.obj
 0003:0001b018       ?c_dummyGlobal@Class_System_GC@@2PAUClass_System_Object@@A 020c0018     DiskDrive.obj
 0003:0001b018       ?c_MinValue@uint32@@2IA    020c0018     DiskDrive.obj
 0003:0001b01c       ?c_MaxHeapPages@Class_System_GC@@2HA 020c001c     DiskDrive.obj
 0003:0001b020       ?c_allocationGCInhibitCount@Class_System_GC@@2HA 020c0020     DiskDrive.obj
 0003:0001b024       ?c_isProfiling@Class_System_GC@@2_NA 020c0024     DiskDrive.obj
 0003:0001b028       ?c_installedGC@Class_System_GC@@2PAUClass_System_GCs_Collector@@A 020c0028     DiskDrive.obj
 0003:0001b02c       ?c_perfCounter@Class_System_GC@@2IA 020c002c     DiskDrive.obj
 0003:0001b030       ?c_limitPtr@Class_System_GCs_BootstrapMemory@@2IA 020c0030     DiskDrive.obj
 0003:0001b034       ?c_allocPtr@Class_System_GCs_BootstrapMemory@@2IA 020c0034     DiskDrive.obj
 0003:0001b038       ?c_TryAllCountersList@Class_System_TryAllCounters@@2PAU1@A 020c0038     DiskDrive.obj
 0003:0001b03c       ?c_TryAllCountersLock@Class_System_TryAllCounters@@2PAUClass_System_Object@@A 020c003c     DiskDrive.obj
 0003:0001b040       ?c_MinValue@int64@@2_JA    020c0040     DiskDrive.obj
 0003:0001b040       ?c_MutatorState@Class_System_GCs_Transitions@@2HA 020c0040     DiskDrive.obj
 0003:0001b040       ?c_NX@Struct_Microsoft_Singularity_Isal_IX_PE@@2_KA 020c0040     DiskDrive.obj
 0003:0001b040       ?c_USER@Struct_Microsoft_Singularity_Isal_IX_PE@@2_KA 020c0040     DiskDrive.obj
 0003:0001b040       ?c_PAT@Struct_Microsoft_Singularity_Isal_IX_PE@@2_KA 020c0040     DiskDrive.obj
 0003:0001b040       ?c_ACCESSED@Struct_Microsoft_Singularity_Isal_IX_PE@@2_KA 020c0040     DiskDrive.obj
 0003:0001b040       ?c_WRITETHROUGH@Struct_Microsoft_Singularity_Isal_IX_PE@@2_KA 020c0040     DiskDrive.obj
 0003:0001b040       ?c_fInitializedRuntime@Class_System_GCs_Transitions@@2_NA 020c0040     DiskDrive.obj
 0003:0001b040       ?c_IS2MB@Struct_Microsoft_Singularity_Isal_IX_PE@@2_KA 020c0040     DiskDrive.obj
 0003:0001b040       ?c_DIRTY@Struct_Microsoft_Singularity_Isal_IX_PE@@2_KA 020c0040     DiskDrive.obj
 0003:0001b040       ?c_CACHEDISABLE@Struct_Microsoft_Singularity_Isal_IX_PE@@2_KA 020c0040     DiskDrive.obj
 0003:0001b040       ?c_DormantState@Class_System_GCs_Transitions@@2HA 020c0040     DiskDrive.obj
 0003:0001b040       ?c_MaxValue@int64@@2_JA    020c0040     DiskDrive.obj
 0003:0001b040       ?c_VALID@Struct_Microsoft_Singularity_Isal_IX_PE@@2_KA 020c0040     DiskDrive.obj
 0003:0001b040       ?c_GLOBAL@Struct_Microsoft_Singularity_Isal_IX_PE@@2_KA 020c0040     DiskDrive.obj
 0003:0001b040       ?c_OtherMutatorState@Class_System_GCs_Transitions@@2HA 020c0040     DiskDrive.obj
 0003:0001b040       ?c_WRITEABLE@Struct_Microsoft_Singularity_Isal_IX_PE@@2_KA 020c0040     DiskDrive.obj
 0003:0001b044       ?c_OtherDormantState@Class_System_GCs_Transitions@@2HA 020c0044     DiskDrive.obj
 0003:0001b044       ?c_CandidateTable@Struct_System_Finalizer@@2PAUClassVector_ClassVector_uintPtr@@A 020c0044     DiskDrive.obj
 0003:0001b048       ?c_lastCandidateIndex@Struct_System_Finalizer@@2HA 020c0048     DiskDrive.obj
 0003:0001b04c       ?c_WaitForPendingShouldReturn@Struct_System_Finalizer@@2PAUClass_System_Threading_ManualResetEvent@@A 020c004c     DiskDrive.obj
 0003:0001b050       ?c_spinLock@Struct_System_Finalizer@@2?AUStruct_System_Threading_SpinLock@@A 020c0050     DiskDrive.obj
 0003:0001b058       ?c_finalizerThread@Struct_System_Finalizer@@2PAUClass_System_Threading_Thread@@A 020c0058     DiskDrive.obj
 0003:0001b05c       ?c_WaitingToRun@Struct_System_Finalizer@@2HA 020c005c     DiskDrive.obj
 0003:0001b060       ?c_CandidateTableShadow@Struct_System_Finalizer@@2PAUClassVector_ClassVector_uintPtr@@A 020c0060     DiskDrive.obj
 0003:0001b064       ?c_freeCandidateLink@Struct_System_Finalizer@@2HA 020c0064     DiskDrive.obj
 0003:0001b068       ?c_LastTableRun@Struct_System_Finalizer@@2HA 020c0068     DiskDrive.obj
 0003:0001b06c       ?c_WorkExistsForFinalizerThread@Struct_System_Finalizer@@2PAUClass_System_Threading_AutoResetEvent@@A 020c006c     DiskDrive.obj
 0003:0001b070       ?c_LastEntryRun@Struct_System_Finalizer@@2HA 020c0070     DiskDrive.obj
 0003:0001b074       ?c_RunFinalizerTable@Struct_System_Finalizer@@2PAUClassVector_ClassVector_uintPtr@@A 020c0074     DiskDrive.obj
 0003:0001b078       ?c_RunFinalizerTableShadow@Struct_System_Finalizer@@2PAUClassVector_ClassVector_uintPtr@@A 020c0078     DiskDrive.obj
 0003:0001b07c       ?c_madeRunnable@Struct_System_Finalizer@@2_NA 020c007c     DiskDrive.obj
 0003:0001b07d       ?c_running@Struct_System_Finalizer@@2_NA 020c007d     DiskDrive.obj
 0003:0001b07e       ?c_doneWarning@Class_System_RuntimeType@@2_NA 020c007e     DiskDrive.obj
 0003:0001b07f       ?c_MinValue@uint8@@2EA     020c007f     DiskDrive.obj
 0003:0001b07f       ?c_MaxValue@uint8@@2EA     020c007f     DiskDrive.obj
 0003:0001b080       ?c_genericReferenceVisitor@Class_System_GCs_Verifier@@2PAUClass_System_GCs_Verifier_GenericReferenceVisitor@@A 020c0080     DiskDrive.obj
 0003:0001b084       ?c_genericStackVerifier@Class_System_GCs_Verifier@@2PAUClass_System_GCs_Verifier_GenericStackVerifier@@A 020c0084     DiskDrive.obj
 0003:0001b088       ?c_segregatedFreeListVerifier@Class_System_GCs_Verifier@@2PAU1@A 020c0088     DiskDrive.obj
 0003:0001b08c       ?c_genericThreadReferenceVisitor@Class_System_GCs_Verifier@@2PAUClass_System_GCs_Verifier_GenericThreadReferenceVisitor@@A 020c008c     DiskDrive.obj
 0003:0001b090       ?c_genericObjectVisitor@Class_System_GCs_Verifier@@2PAUClass_System_GCs_Verifier_GenericObjectVisitor@@A 020c0090     DiskDrive.obj
 0003:0001b094       ?c_bumpAllocatorVerifier@Class_System_GCs_Verifier@@2PAU1@A 020c0094     DiskDrive.obj
 0003:0001b098       ?c_EventMetadata@Class_Microsoft_Singularity_Eventing_QuerySession@@2PAUClass_Microsoft_Singularity_Eventing_EventDescriptor@@A 020c0098     DiskDrive.obj
 0003:0001b09c       ?c_DescriptorTable@Class_Microsoft_Singularity_Eventing_QuerySession@@2PAUClass_System_Collections_Hashtable@@A 020c009c     DiskDrive.obj
 0003:0001b0a0       ?c_Lock@Class_Microsoft_Singularity_Eventing_QuerySession@@2PAUClass_System_Threading_Mutex@@A 020c00a0     DiskDrive.obj
 0003:0001b0a4       ?c_TrueString@bool@@2PAUClass_System_String@@A 020c00a4     DiskDrive.obj
 0003:0001b0a8       ?c_FalseString@bool@@2PAUClass_System_String@@A 020c00a8     DiskDrive.obj
 0003:0001b0ac       ?c_negPercentFormats@Class_System_Number@@2PAUClassVector_Class_System_String@@A 020c00ac     DiskDrive.obj
 0003:0001b0ac       ?c_True@bool@@2HA          020c00ac     DiskDrive.obj
 0003:0001b0ac       ?c_False@bool@@2HA         020c00ac     DiskDrive.obj
 0003:0001b0b0       ?c_posNumberFormat@Class_System_Number@@2PAUClass_System_String@@A 020c00b0     DiskDrive.obj
 0003:0001b0b4       ?c_negNumberFormats@Class_System_Number@@2PAUClassVector_Class_System_String@@A 020c00b4     DiskDrive.obj
 0003:0001b0b8       ?c_posPercentFormats@Class_System_Number@@2PAUClassVector_Class_System_String@@A 020c00b8     DiskDrive.obj
 0003:0001b0bc       ?c_Nmi@Struct_Microsoft_Singularity_Isal_IX_EVectors@@2IA 020c00bc     DiskDrive.obj
 0003:0001b0bc       ?c_BoundRangeException@Struct_Microsoft_Singularity_Isal_IX_EVectors@@2IA 020c00bc     DiskDrive.obj
 0003:0001b0bc       ?c_SingleStep@Struct_Microsoft_Singularity_Isal_IX_EVectors@@2IA 020c00bc     DiskDrive.obj
 0003:0001b0bc       ?c_InvalidTss@Struct_Microsoft_Singularity_Isal_IX_EVectors@@2IA 020c00bc     DiskDrive.obj
 0003:0001b0bc       ?c_SecondChanceException@Struct_Microsoft_Singularity_Isal_IX_EVectors@@2IA 020c00bc     DiskDrive.obj
 0003:0001b0bc       ?c_AlignmentCheck@Struct_Microsoft_Singularity_Isal_IX_EVectors@@2IA 020c00bc     DiskDrive.obj
 0003:0001b0bc       ?c_OverflowException@Struct_Microsoft_Singularity_Isal_IX_EVectors@@2IA 020c00bc     DiskDrive.obj
 0003:0001b0bc       ?c_SpuriousInterrupt@Struct_Microsoft_Singularity_Isal_IX_EVectors@@2IA 020c00bc     DiskDrive.obj
 0003:0001b0bc       ?c_DebuggerBreakRequest@Struct_Microsoft_Singularity_Isal_IX_EVectors@@2IA 020c00bc     DiskDrive.obj
 0003:0001b0bc       ?c_CoprocessorSegmentOverrun@Struct_Microsoft_Singularity_Isal_IX_EVectors@@2IA 020c00bc     DiskDrive.obj
 0003:0001b0bc       ?c_SseMathFault@Struct_Microsoft_Singularity_Isal_IX_EVectors@@2IA 020c00bc     DiskDrive.obj
 0003:0001b0bc       ?c_PageFault@Struct_Microsoft_Singularity_Isal_IX_EVectors@@2IA 020c00bc     DiskDrive.obj
 0003:0001b0bc       ?c_BaseUserException@Struct_Microsoft_Singularity_Isal_IX_EVectors@@2IA 020c00bc     DiskDrive.obj
 0003:0001b0bc       ?c_IntelReserved@Struct_Microsoft_Singularity_Isal_IX_EVectors@@2IA 020c00bc     DiskDrive.obj
 0003:0001b0bc       ?c_SegmentNotPresent@Struct_Microsoft_Singularity_Isal_IX_EVectors@@2IA 020c00bc     DiskDrive.obj
 0003:0001b0bc       ?c_Breakpoint@Struct_Microsoft_Singularity_Isal_IX_EVectors@@2IA 020c00bc     DiskDrive.obj
 0003:0001b0bc       ?c_DivideError@Struct_Microsoft_Singularity_Isal_IX_EVectors@@2IA 020c00bc     DiskDrive.obj
 0003:0001b0bc       ?c_DoubleFault@Struct_Microsoft_Singularity_Isal_IX_EVectors@@2IA 020c00bc     DiskDrive.obj
 0003:0001b0bc       ?c_IoBaseVector@Struct_Microsoft_Singularity_Isal_IX_EVectors@@2IA 020c00bc     DiskDrive.obj
 0003:0001b0bc       ?c_HaltApProcessors@Struct_Microsoft_Singularity_Isal_IX_EVectors@@2IA 020c00bc     DiskDrive.obj
 0003:0001b0bc       ?c_FirstChanceException@Struct_Microsoft_Singularity_Isal_IX_EVectors@@2IA 020c00bc     DiskDrive.obj
 0003:0001b0bc       ?c_GeneralProtectionFault@Struct_Microsoft_Singularity_Isal_IX_EVectors@@2IA 020c00bc     DiskDrive.obj
 0003:0001b0bc       ?c_IoLastVector@Struct_Microsoft_Singularity_Isal_IX_EVectors@@2IA 020c00bc     DiskDrive.obj
 0003:0001b0bc       ?c_StackSegmentFault@Struct_Microsoft_Singularity_Isal_IX_EVectors@@2IA 020c00bc     DiskDrive.obj
 0003:0001b0bc       ?c_CoprocessorNotAvailable@Struct_Microsoft_Singularity_Isal_IX_EVectors@@2IA 020c00bc     DiskDrive.obj
 0003:0001b0bc       ?c_MachineCheck@Struct_Microsoft_Singularity_Isal_IX_EVectors@@2IA 020c00bc     DiskDrive.obj
 0003:0001b0bc       ?c_FpuMathFault@Struct_Microsoft_Singularity_Isal_IX_EVectors@@2IA 020c00bc     DiskDrive.obj
 0003:0001b0bc       ?c_IllegalInstruction@Struct_Microsoft_Singularity_Isal_IX_EVectors@@2IA 020c00bc     DiskDrive.obj
 0003:0001b0bc       ?c_GCSynchronization@Struct_Microsoft_Singularity_Isal_IX_EVectors@@2IA 020c00bc     DiskDrive.obj
 0003:0001b0c0       ?c_MaxValue@Struct_System_DateTime@@2?AU1@A 020c00c0     DiskDrive.obj
 0003:0001b0c8       ?c_MinValue@Struct_System_DateTime@@2?AU1@A 020c00c8     DiskDrive.obj
 0003:0001b0d0       ?c_DaysToMonth366@Struct_System_DateTime@@2PAUClassVector_int32@@A 020c00d0     DiskDrive.obj
 0003:0001b114       ?c_DaysToMonth365@Struct_System_DateTime@@2PAUClassVector_int32@@A 020c0114     DiskDrive.obj
 0003:0001b158       ?c_$_$_int@Class_Microsoft_Singularity_Eventing_DataType@@2GA 020c0158     DiskDrive.obj
 0003:0001b158       ?c_$_$_arrayType@Class_Microsoft_Singularity_Eventing_DataType@@2GA 020c0158     DiskDrive.obj
 0003:0001b158       ?c_$_$_IntPtr@Class_Microsoft_Singularity_Eventing_DataType@@2GA 020c0158     DiskDrive.obj
 0003:0001b158       ?c_$_$_uint64@Class_Microsoft_Singularity_Eventing_DataType@@2GA 020c0158     DiskDrive.obj
 0003:0001b158       ?c_$_$_int32@Class_Microsoft_Singularity_Eventing_DataType@@2GA 020c0158     DiskDrive.obj
 0003:0001b158       ?c_$_$_uint8@Class_Microsoft_Singularity_Eventing_DataType@@2GA 020c0158     DiskDrive.obj
 0003:0001b158       ?c_$_$_UIntPtr@Class_Microsoft_Singularity_Eventing_DataType@@2GA 020c0158     DiskDrive.obj
 0003:0001b158       ?c_$_$_int16@Class_Microsoft_Singularity_Eventing_DataType@@2GA 020c0158     DiskDrive.obj
 0003:0001b158       ?c_$_$_uint@Class_Microsoft_Singularity_Eventing_DataType@@2GA 020c0158     DiskDrive.obj
 0003:0001b158       ?c_$_$_uint32@Class_Microsoft_Singularity_Eventing_DataType@@2GA 020c0158     DiskDrive.obj
 0003:0001b158       ?c_$_$_int8@Class_Microsoft_Singularity_Eventing_DataType@@2GA 020c0158     DiskDrive.obj
 0003:0001b158       ?c_MD5$_Const@Class_Microsoft_Singularity_Crypto_MD5@@2PAUClassVector_uint32@@A 020c0158     DiskDrive.obj
 0003:0001b158       ?c_$_$_szChar@Class_Microsoft_Singularity_Eventing_DataType@@2GA 020c0158     DiskDrive.obj
 0003:0001b158       ?c_$_$_int64@Class_Microsoft_Singularity_Eventing_DataType@@2GA 020c0158     DiskDrive.obj
 0003:0001b158       ?c_$_$_byte@Class_Microsoft_Singularity_Eventing_DataType@@2GA 020c0158     DiskDrive.obj
 0003:0001b158       ?c_$_$_string@Class_Microsoft_Singularity_Eventing_DataType@@2GA 020c0158     DiskDrive.obj
 0003:0001b158       ?c_$_$_uint16@Class_Microsoft_Singularity_Eventing_DataType@@2GA 020c0158     DiskDrive.obj
 0003:0001b268       ?c_internedStringConstants@Class_System_String@@2PAUClassVector_Class_System_String@@A 020c0268     DiskDrive.obj
 0003:000313fc       c_dataSectionEnd@Class_System_GCs_StaticData 020d63fc     DiskDrive.obj
 0003:00031540       __fltused                  020d6540     native.Full:Number.obj
 0003:00031ab0       ?KdDebuggerNotPresent@@3HA 020d6ab0     native.Full:ProcessEntry.obj
 0003:00031ab4       ?TracingStorageHandle@@3PAUuintPtr@@A 020d6ab4     native.Full:Tracing.obj
 0003:00031ab8       ?TracingSource@@3PAU_SOURCE_DESCRIPTOR@@A 020d6ab8     native.Full:Tracing.obj
 0003:00031abc       ?TracingTypeHandle@@3PAUuintPtr@@A 020d6abc     native.Full:Tracing.obj
 0003:00031ac0       ?SourceController@@3U_SOURCE_CONTROLLER@@A 020d6ac0     native.Full:EventController.obj
 0003:00031adc       ?Handle_GC_TYPE@@3PAUuintPtr@@A 020d6adc     native.Full:EventDescriptor.obj
 0003:00031ae0       ?Handle_MEMORY_HEADER@@3PAUuintPtr@@A 020d6ae0     native.Full:EventDescriptor.obj
 0003:00031ae4       ?Handle_GC_FUNCTION@@3PAUuintPtr@@A 020d6ae4     native.Full:EventDescriptor.obj
 0003:00031ae8       ?Handle_GC_STACK@@3PAUuintPtr@@A 020d6ae8     native.Full:EventDescriptor.obj
 0003:00031aec       ?Handle_GC_OBJECT@@3PAUuintPtr@@A 020d6aec     native.Full:EventDescriptor.obj
 0003:00031af0       ?Handle_LOG_EXCEPTION@@3PAUuintPtr@@A 020d6af0     native.Full:EventDescriptor.obj
 0003:00031af4       ?Handle_GC_ALLOCATION@@3PAUuintPtr@@A 020d6af4     native.Full:EventDescriptor.obj
 0003:00031af8       ?Handle_GC_GENERATIONS@@3PAUuintPtr@@A 020d6af8     native.Full:EventDescriptor.obj
 0003:00031afc       ?Handle_LOG_SEVERITY@@3PAUuintPtr@@A 020d6afc     native.Full:EventDescriptor.obj
 0003:00031b00       ?Handle_MONITORING_ENTRY@@3PAUuintPtr@@A 020d6b00     native.Full:EventDescriptor.obj
 0003:00031b04       ?Handle_GC_ROOTS@@3PAUuintPtr@@A 020d6b04     native.Full:EventDescriptor.obj
 0003:00031b08       ?Handle_LEGACY_LOG_ENTRY@@3PAUuintPtr@@A 020d6b08     native.Full:EventDescriptor.obj
 0003:00031b0c       ?Handle_GC_INTERVAL@@3PAUuintPtr@@A 020d6b0c     native.Full:EventDescriptor.obj
 0003:00031b10       ?MonitoringStorageHandle@@3PAUuintPtr@@A 020d6b10     native.Full:Monitoring.obj
 0003:00031b14       ?MonitoringSource@@3PAU_SOURCE_DESCRIPTOR@@A 020d6b14     native.Full:Monitoring.obj
 0003:00031b18       ?MonitoringTypeHandle@@3PAUuintPtr@@A 020d6b18     native.Full:Monitoring.obj
 0004:00000000       ___xc_a                    020d7000     native.Full:CInit.obj
 0004:00000004       ___xc_z                    020d7004     native.Full:CInit.obj
 0004:00000008       ___xi_a                    020d7008     native.Full:CInit.obj
 0004:0000000c       ___xi_z                    020d700c     native.Full:CInit.obj
 0004:00000010       ___xp_a                    020d7010     native.Full:CInit.obj
 0004:00000014       ___xp_z                    020d7014     native.Full:CInit.obj
 0004:00000018       ___xt_a                    020d7018     native.Full:CInit.obj
 0004:0000001c       ___xt_z                    020d701c     native.Full:CInit.obj

 entry point at        0000:00000000

 Static symbols

 0001:00088470       ?dtold12@@YIXPAU_LDBL12@@PBN@Z 02089470 f   native.Full:Number.obj
 0001:00088540       ?ld12mul@@YIXPAU_LDBL12@@0@Z 02089540 f   native.Full:Number.obj
 0001:00088800       ?multtenpow12@@YIXPAU_LDBL12@@H@Z 02089800 f   native.Full:Number.obj
 0001:00089aa0       ?LookupTable@@YIIIPAPAUExceptionTableEntry@@0@Z 0208aaa0 f   native.Full:halexn.obj
