 nvmac

 Timestamp is 62167214 (Wed Feb 23 18:42:44 2022)

 Preferred load address is 02000000

 Start         Length     Name                   Class
 0001:00000000 0007f938H .text                   CODE
 0002:00000000 00000170H .idata$5                DATA
 0002:00000170 00013c89H .rdata                  DATA
 0002:00013dfc 00000014H .idata$2                DATA
 0002:00013e10 00000014H .idata$3                DATA
 0002:00013e24 00000170H .idata$4                DATA
 0002:00013f94 000022daH .idata$6                DATA
 0002:0001626e 00000000H .edata                  DATA
 0002:00016270 0000007aH .rdata$debug            DATA
 0003:00000000 0002eee0H .data                   DATA
 0003:0002eee0 00000070H .bss                    DATA
 0004:00000000 00000004H .CRT$XCA                DATA
 0004:00000004 00000004H .CRT$XCZ                DATA
 0004:00000008 00000004H .CRT$XIA                DATA
 0004:0000000c 00000004H .CRT$XIZ                DATA
 0004:00000010 00000004H .CRT$XPA                DATA
 0004:00000014 00000004H .CRT$XPZ                DATA
 0004:00000018 00000004H .CRT$XTA                DATA
 0004:0000001c 00000004H .CRT$XTZ                DATA

  Address         Publics by Value              Rva+Base       Lib:Object

 0000:00000000       ___safe_se_handler_count   00000000     <absolute>
 0000:00000000       ___safe_se_handler_table   00000000     <absolute>
 0001:00000000       C:\Users\cc\source\repos\Singularity-OS\base.obj\AppNativeObj\Debug.x86.MarkSweep\nvmac_CodeBase 02001000     nvmac.obj
 0001:00000000       ?m_StructCopy@Struct_System_UpdateEnlistmentLog_Location@@SIXPAU1@0@Z 02001000 f   nvmac.obj
 0001:00000034       ?m_StructCopy@Struct_System_UpdateEnlistmentLog_Location@@SIXPAU1@PAU1@@Z 02001034 f   nvmac.obj
 0001:000000d0       ?m_Equals@Struct_System_UpdateEnlistmentLog_Location@@SI_NPAU1@PAUClass_System_Object@@@Z 020010d0 f   nvmac.obj
 0001:00000130       ?m_Equals@Struct_System_UpdateEnlistmentLog_Location@@SI_NPAUClass_System_UpdateEnlistmentLog_Location@@PAUClass_System_Object@@@Z 02001130 f   nvmac.obj
 0001:0000015c       ?m__ctor@Struct_System_UpdateEnlistmentLog_Location@@SIXPAU1@PAUClass_System_UpdateEnlistmentLog_LogChunk@@H@Z 0200115c f   nvmac.obj
 0001:0000018c       ?m_StructCopy@Struct_Microsoft_Singularity_Isal_SpillContext@@SIXPAU1@0@Z 0200118c f   nvmac.obj
 0001:00000268       ?m_StructCopy@Struct_Microsoft_Singularity_Isal_SpillContext@@SIXPAU1@PAU1@@Z 02001268 f   nvmac.obj
 0001:000004fc       ?m_Equals@Struct_Microsoft_Singularity_Isal_SpillContext@@SI_NPAU1@PAUClass_System_Object@@@Z 020014fc f   nvmac.obj
 0001:000006ac       ?m_Equals@Struct_Microsoft_Singularity_Isal_SpillContext@@SI_NPAUClass_Microsoft_Singularity_Isal_SpillContext@@PAUClass_System_Object@@@Z 020016ac f   nvmac.obj
 0001:000006d8       ?m_StructCopy@Struct_Microsoft_Singularity_V1_Threads_MutexHandle@@SIXPAU1@0@Z 020016d8 f   nvmac.obj
 0001:00000700       ?m_StructCopy@Struct_Microsoft_Singularity_V1_Threads_MutexHandle@@SIXPAU1@PAU1@@Z 02001700 f   nvmac.obj
 0001:00000778       ?m_Equals@Struct_Microsoft_Singularity_V1_Threads_MutexHandle@@SI_NPAU1@PAUClass_System_Object@@@Z 02001778 f   nvmac.obj
 0001:000007c0       ?m_Equals@Struct_Microsoft_Singularity_V1_Threads_MutexHandle@@SI_NPAUClass_Microsoft_Singularity_V1_Threads_MutexHandle@@PAUClass_System_Object@@@Z 020017c0 f   nvmac.obj
 0001:000007ec       ?g_Create@Struct_Microsoft_Singularity_V1_Threads_MutexHandle@@SI_N_NPAU1@@Z 020017ec f   nvmac.obj
 0001:00000838       ?m_StructCopy@Struct_System_GCs_OverflowFrameDescriptor@@SIXPAU1@0@Z 02001838 f   nvmac.obj
 0001:0000086c       ?m_StructCopy@Struct_System_GCs_OverflowFrameDescriptor@@SIXPAU1@PAU1@@Z 0200186c f   nvmac.obj
 0001:00000908       ?m_Equals@Struct_System_GCs_OverflowFrameDescriptor@@SI_NPAU1@PAUClass_System_Object@@@Z 02001908 f   nvmac.obj
 0001:00000964       ?m_Equals@Struct_System_GCs_OverflowFrameDescriptor@@SI_NPAUClass_System_GCs_OverflowFrameDescriptor@@PAUClass_System_Object@@@Z 02001964 f   nvmac.obj
 0001:00000990       ?m__ctor@Class_System_Reflection_Module@@SIXPAU1@@Z 02001990 f   nvmac.obj
 0001:000009ac       ?m_HeadMatches@Class_SurrogateMicrosoft_Singularity_Directory_ServiceProviderContract_Exp@@SI_NPAU1@HPA_NPAPAUClass_System_Object@@@Z 020019ac f   nvmac.obj
 0001:000009e0       ?m_GetWaitHandle@Class_SurrogateMicrosoft_Singularity_Directory_ServiceProviderContract_Exp@@SI?AUStruct_Microsoft_Singularity_V1_Threads_SyncHandle@@PAU1@@Z 020019e0 f   nvmac.obj
 0001:00000a04       ?g__ctor@Class_SurrogateMicrosoft_Singularity_Directory_ServiceProviderContract_Exp@@SIXPAU1@PAUStruct_Microsoft_Singularity_Directory_ServiceProviderContract_Exp@@@Z 02001a04 f   nvmac.obj
 0001:00000a2c       ?m_StructCopy@Struct_Microsoft_Singularity_Io_Net_NicDeviceEventContract_NicDeviceEvent@@SIXPAU1@0@Z 02001a2c f   nvmac.obj
 0001:00000a54       ?m_StructCopy@Struct_Microsoft_Singularity_Io_Net_NicDeviceEventContract_NicDeviceEvent@@SIXPAU1@PAU1@@Z 02001a54 f   nvmac.obj
 0001:00000acc       ?m_MarshallContent@Struct_Microsoft_Singularity_Io_Net_NicDeviceEventContract_NicDeviceEvent@@SIXPAU1@PAEPAUStruct_Microsoft_Singularity_Channels_Endpoint@@1PAH@Z 02001acc f   nvmac.obj
 0001:00000aec       ?m_MarshallAll@Struct_Microsoft_Singularity_Io_Net_NicDeviceEventContract_NicDeviceEvent@@SIXPAU1@PAEPAUStruct_Microsoft_Singularity_Channels_Endpoint@@PAH@Z 02001aec f   nvmac.obj
 0001:00000b44       ?m_Equals@Struct_Microsoft_Singularity_Io_Net_NicDeviceEventContract_NicDeviceEvent@@SI_NPAU1@PAUClass_System_Object@@@Z 02001b44 f   nvmac.obj
 0001:00000be4       ?m_Equals@Struct_Microsoft_Singularity_Io_Net_NicDeviceEventContract_NicDeviceEvent@@SI_NPAUClass_Microsoft_Singularity_Io_Net_NicDeviceEventContract_NicDeviceEvent@@PAUClass_System_Object@@@Z 02001be4 f   nvmac.obj
 0001:00000c10       ?g_StructSize@Class_System_Runtime_InteropServices_Marshal@@SIHPAUClass_System_Type@@@Z 02001c10 f   nvmac.obj
 0001:00000cd0       ?m__ctor@Class_System_Runtime_InteropServices_Marshal@@SIXPAU1@@Z 02001cd0 f   nvmac.obj
 0001:00000ce8       ?m_Release@Class_Microsoft_Singularity_Channels_ExRef$_1$LMicrosoft_Singularity_Io_Net_PacketFifo$G@@SIXPAU1@PAUStruct_Microsoft_Singularity_Io_Net_PacketFifo@@@Z 02001ce8 f   nvmac.obj
 0001:00000dac       ?m_Finalize@Class_Microsoft_Singularity_Channels_ExRef$_1$LMicrosoft_Singularity_Io_Net_PacketFifo$G@@SIXPAU1@@Z 02001dac f   nvmac.obj
 0001:00000e38       ?m_Acquire@Class_Microsoft_Singularity_Channels_ExRef$_1$LMicrosoft_Singularity_Io_Net_PacketFifo$G@@SIPAUStruct_Microsoft_Singularity_Io_Net_PacketFifo@@PAU1@@Z 02001e38 f   nvmac.obj
 0001:00000edc       ?m__ctor@Class_Microsoft_Singularity_Channels_ExRef$_1$LMicrosoft_Singularity_Io_Net_PacketFifo$G@@SIXPAU1@PAUStruct_Microsoft_Singularity_Io_Net_PacketFifo@@_N@Z 02001edc f   nvmac.obj
 0001:00000f88       ?m_StructCopy@Struct_System_TryAll@@SIXPAU1@0@Z 02001f88 f   nvmac.obj
 0001:00001004       ?m_StructCopy@Struct_System_TryAll@@SIXPAU1@PAU1@@Z 02002004 f   nvmac.obj
 0001:00001178       ?m_Equals@Struct_System_TryAll@@SI_NPAU1@PAUClass_System_Object@@@Z 02002178 f   nvmac.obj
 0001:0000146c       ?m_Equals@Struct_System_TryAll@@SI_NPAUClass_System_TryAll@@PAUClass_System_Object@@@Z 0200246c f   nvmac.obj
 0001:00001498       ?m__ctor@Class_System_Threading_ThreadQueue@@SIXPAU1@@Z 02002498 f   nvmac.obj
 0001:000014b0       ?m_UnExpose@Struct_Microsoft_Singularity_Io_Net_PacketFragment@@SIXPAU1@@Z 020024b0 f   nvmac.obj
 0001:000014cc       ?g_TransferVectorOwnership@Struct_Microsoft_Singularity_Io_Net_PacketFragment@@SIXPAUStruct_Microsoft_Singularity_Channels_Endpoint@@PAU1@@Z 020024cc f   nvmac.obj
 0001:00001584       ?m_TransferContentsOwnership@Struct_Microsoft_Singularity_Io_Net_PacketFragment@@SIXPAU1@PAUStruct_Microsoft_Singularity_Channels_Endpoint@@@Z 02002584 f   nvmac.obj
 0001:000015c4       ?m_StructCopy@Struct_Microsoft_Singularity_Io_Net_PacketFragment@@SIXPAU1@0@Z 020025c4 f   nvmac.obj
 0001:00001604       ?m_StructCopy@Struct_Microsoft_Singularity_Io_Net_PacketFragment@@SIXPAU1@PAU1@@Z 02002604 f   nvmac.obj
 0001:000016c4       ?m_set$_Length@Struct_Microsoft_Singularity_Io_Net_PacketFragment@@SIXPAU1@H@Z 020026c4 f   nvmac.obj
 0001:0000175c       ?g_MarshallVector@Struct_Microsoft_Singularity_Io_Net_PacketFragment@@SIXPAEPAUStruct_Microsoft_Singularity_Channels_Endpoint@@0PAU1@@Z 0200275c f   nvmac.obj
 0001:0000181c       ?m_MarshallContent@Struct_Microsoft_Singularity_Io_Net_PacketFragment@@SIXPAU1@PAEPAUStruct_Microsoft_Singularity_Channels_Endpoint@@1@Z 0200281c f   nvmac.obj
 0001:000018c4       ?m_GetFragmentRange@Struct_Microsoft_Singularity_Io_Net_PacketFragment@@SIXPAU1@PAPAUuintPtr@@PAH@Z 020028c4 f   nvmac.obj
 0001:00001954       ?m_get$_Length@Struct_Microsoft_Singularity_Io_Net_PacketFragment@@SIHPAU1@@Z 02002954 f   nvmac.obj
 0001:000019c8       ?m_get$_Capacity@Struct_Microsoft_Singularity_Io_Net_PacketFragment@@SIHPAU1@@Z 020029c8 f   nvmac.obj
 0001:00001a4c       ?m_Expose@Struct_Microsoft_Singularity_Io_Net_PacketFragment@@SIXPAU1@@Z 02002a4c f   nvmac.obj
 0001:00001a68       ?m_Equals@Struct_Microsoft_Singularity_Io_Net_PacketFragment@@SI_NPAU1@PAUClass_System_Object@@@Z 02002a68 f   nvmac.obj
 0001:00001ad0       ?m_Equals@Struct_Microsoft_Singularity_Io_Net_PacketFragment@@SI_NPAUClass_Microsoft_Singularity_Io_Net_PacketFragment@@PAUClass_System_Object@@@Z 02002ad0 f   nvmac.obj
 0001:00001afc       ?m_Dispose@Struct_Microsoft_Singularity_Io_Net_PacketFragment@@SIXPAU1@@Z 02002afc f   nvmac.obj
 0001:00001b40       ?m_Visit@Class_System_GCs_GCProfiler_ObjectVisitor@@SIPAUuintPtr@@PAU1@PAUClass_System_Object@@@Z 02002b40 f   nvmac.obj
 0001:00001bf8       ?m__ctor@Class_System_GCs_GCProfiler_ObjectVisitor@@SIXPAU1@PAUClass_System_GCs_GCProfiler@@@Z 02002bf8 f   nvmac.obj
 0001:00001c54       ?m_UnRegisterStorage@Class_Microsoft_Singularity_Eventing_LocalController@@SIXPAU1@PAUClass_Microsoft_Singularity_Eventing_EventingStorage@@@Z 02002c54 f   nvmac.obj
 0001:00001cb4       ?m_UnRegisterSource@Class_Microsoft_Singularity_Eventing_LocalController@@SIXPAU1@PAUClass_Microsoft_Singularity_Eventing_EventSource@@@Z 02002cb4 f   nvmac.obj
 0001:00001d4c       ?m_RegisterStorage@Class_Microsoft_Singularity_Eventing_LocalController@@SI_NPAU1@PAUClass_Microsoft_Singularity_Eventing_EventingStorage@@@Z 02002d4c f   nvmac.obj
 0001:00001db8       ?m_RegisterSource@Class_Microsoft_Singularity_Eventing_LocalController@@SI_NPAU1@PAUClass_Microsoft_Singularity_Eventing_EventSource@@@Z 02002db8 f   nvmac.obj
 0001:00002020       ?m_Initialize@Class_Microsoft_Singularity_Eventing_LocalController@@SIXPAU1@@Z 02003020 f   nvmac.obj
 0001:00002458       ?m_GetNativeSourceName@Class_Microsoft_Singularity_Eventing_LocalController@@SI_NPAU1@PAUuintPtr@@PAPAU2@PAPAUClass_System_String@@@Z 02003458 f   nvmac.obj
 0001:000025a0       ?m__ctor@Class_Microsoft_Singularity_Eventing_LocalController@@SIXPAU1@@Z 020035a0 f   nvmac.obj
 0001:000025c4       ?g__cctor@Class_Microsoft_Singularity_Eventing_LocalController@@SIXXZ 020035c4 f   nvmac.obj
 0001:000025ec       ?m_StructCopy@Struct_Microsoft_Singularity_V1_Services_SharedHeapService_Allocation@@SIXPAU1@0@Z 020035ec f   nvmac.obj
 0001:00002650       ?m_StructCopy@Struct_Microsoft_Singularity_V1_Services_SharedHeapService_Allocation@@SIXPAU1@PAU1@@Z 02003650 f   nvmac.obj
 0001:0000277c       ?m_Equals@Struct_Microsoft_Singularity_V1_Services_SharedHeapService_Allocation@@SI_NPAU1@PAUClass_System_Object@@@Z 0200377c f   nvmac.obj
 0001:0000280c       ?m_Equals@Struct_Microsoft_Singularity_V1_Services_SharedHeapService_Allocation@@SI_NPAUClass_Microsoft_Singularity_V1_Services_SharedHeapService_Allocation@@PAUClass_System_Object@@@Z 0200380c f   nvmac.obj
 0001:00002838       ?m__ctor@Class_System_IndexOutOfRangeException@@SIXPAU1@@Z 02003838 f   nvmac.obj
 0001:00002860       ?m__ctor@Class_System_IndexOutOfRangeException@@SIXPAU1@PAUClass_System_String@@@Z 02003860 f   nvmac.obj
 0001:00002888       ?m__ctor@Class_System_IndexOutOfRangeException@@SIXPAU1@PAUClass_System_String@@PAUClass_System_Exception@@@Z 02003888 f   nvmac.obj
 0001:000028b8       ?m_Visit@Class_System_GCs_MemoryAccounting_StaticPtrAccounting@@SIXPAU1@PAPAUuintPtr@@@Z 020038b8 f   nvmac.obj
 0001:000028d4       ?m_Initialize@Class_System_GCs_MemoryAccounting_StaticPtrAccounting@@SIXPAU1@@Z 020038d4 f   nvmac.obj
 0001:000028ec       ?m__ctor@Class_System_GCs_MemoryAccounting_StaticPtrAccounting@@SIXPAU1@@Z 020038ec f   nvmac.obj
 0001:00002904       ?m__ctor@Class_System_RankException@@SIXPAU1@@Z 02003904 f   nvmac.obj
 0001:0000292c       ?m__ctor@Class_System_RankException@@SIXPAU1@PAUClass_System_String@@@Z 0200392c f   nvmac.obj
 0001:00002954       ?m_Update@Class_Microsoft_Singularity_Crypto_MD5@@SIXPAU1@PAUClassVector_uint8@@@Z 02003954 f   nvmac.obj
 0001:00002e84       ?m_RotL@Class_Microsoft_Singularity_Crypto_MD5@@SIIPAU1@IE@Z 02003e84 f   nvmac.obj
 0001:00002ef4       ?m_Reset@Class_Microsoft_Singularity_Crypto_MD5@@SIXPAU1@@Z 02003ef4 f   nvmac.obj
 0001:00002fc8       ?m_ProcessBlock@Class_Microsoft_Singularity_Crypto_MD5@@SIXPAU1@@Z 02003fc8 f   nvmac.obj
 0001:00003a3c       ?m_Hash@Class_Microsoft_Singularity_Crypto_MD5@@SIPAUClassVector_uint8@@PAU1@PAU2@@Z 02004a3c f   nvmac.obj
 0001:00003a74       ?m_Finish@Class_Microsoft_Singularity_Crypto_MD5@@SIPAUClassVector_uint8@@PAU1@@Z 02004a74 f   nvmac.obj
 0001:00003cb8       ?m__ctor@Class_Microsoft_Singularity_Crypto_MD5@@SIXPAU1@@Z 02004cb8 f   nvmac.obj
 0001:00003d10       ?g__cctor@Class_Microsoft_Singularity_Crypto_MD5@@SIXXZ 02004d10 f   nvmac.obj
 0001:00003d24       ?m_InvokeStaticStub@Class_System_TryAllManager_GCHookMethod@@SIXPAU1@@Z 02004d24 f   nvmac.obj
 0001:00003d4c       ?m_Invoke@Class_System_TryAllManager_GCHookMethod@@SIXPAU1@@Z 02004d4c f   nvmac.obj
 0001:00003da0       ?m_EndInvoke@Class_System_TryAllManager_GCHookMethod@@SIXPAU1@PAUClass_System_IAsyncResult@@@Z 02004da0 f   nvmac.obj
 0001:00003dbc       ?m_BeginInvoke@Class_System_TryAllManager_GCHookMethod@@SIPAUClass_System_IAsyncResult@@PAU1@PAUClass_System_AsyncCallback@@PAUClass_System_Object@@@Z 02004dbc f   nvmac.obj
 0001:00003ddc       ?m__ctor@Class_System_TryAllManager_GCHookMethod@@SIXPAU1@PAUClass_System_Object@@PAUintPtr@@@Z 02004ddc f   nvmac.obj
 0001:00003e1c       ?m__ctor@Class_Microsoft_Singularity_Eventing_DataType@@SIXPAU1@@Z 02004e1c f   nvmac.obj
 0001:00003e38       ?g_ScanStaticPointerData@Class_System_GCs_StaticData@@SIIPAUClass_System_GCs_NonNullReferenceVisitor@@@Z 02004e38 f   nvmac.obj
 0001:00004020       ?g_ScanStaticData@Class_System_GCs_StaticData@@SIXPAUClass_System_GCs_DirectReferenceVisitor@@@Z 02005020 f   nvmac.obj
 0001:000041c8       ?g_Initialize@Class_System_GCs_StaticData@@SIXXZ 020051c8 f   nvmac.obj
 0001:0000443c       ?m__ctor@Class_System_GCs_StaticData@@SIXPAU1@@Z 0200543c f   nvmac.obj
 0001:00004454       ?m_ToString@Struct_System_DateTime@@SIPAUClass_System_String@@PAU1@@Z 02005454 f   nvmac.obj
 0001:0000447c       ?m_ToString@Struct_System_DateTime@@SIPAUClass_System_String@@PAU1@PAU2@@Z 0200547c f   nvmac.obj
 0001:000047b0       ?m_ToString@Struct_System_DateTime@@SIPAUClass_System_String@@PAUClass_System_DateTime@@@Z 020057b0 f   nvmac.obj
 0001:000047f8       ?m_ToString@Struct_System_DateTime@@SIPAUClass_System_String@@PAUClass_System_DateTime@@PAU2@@Z 020057f8 f   nvmac.obj
 0001:00004844       ?m_StructCopy@Struct_System_DateTime@@SIXPAU1@0@Z 02005844 f   nvmac.obj
 0001:00004878       ?m_StructCopy@Struct_System_DateTime@@SIXPAU1@PAU1@@Z 02005878 f   nvmac.obj
 0001:00004914       ?g_op$_Subtraction@Struct_System_DateTime@@SI?AUStruct_System_TimeSpan@@U1@0@Z 02005914 f   nvmac.obj
 0001:000049ac       ?g_GetUtcTime@Struct_System_DateTime@@SI?AU1@XZ 020059ac f   nvmac.obj
 0001:000049f4       ?m_GetShortWeekday@Struct_System_DateTime@@SIPAUClass_System_String@@PAU1@@Z 020059f4 f   nvmac.obj
 0001:00004a58       ?m_GetShortMonth@Struct_System_DateTime@@SIPAUClass_System_String@@PAU1@@Z 02005a58 f   nvmac.obj
 0001:00004ae4       ?m_GetHashCode@Struct_System_DateTime@@SIHPAU1@@Z 02005ae4 f   nvmac.obj
 0001:00004b10       ?m_GetHashCode@Struct_System_DateTime@@SIHPAUClass_System_DateTime@@@Z 02005b10 f   nvmac.obj
 0001:00004b58       ?m_GetDatePart@Struct_System_DateTime@@SIHPAU1@H@Z 02005b58 f   nvmac.obj
 0001:00004db0       ?m_get$_Year@Struct_System_DateTime@@SIHPAU1@@Z 02005db0 f   nvmac.obj
 0001:00004dd8       ?m_get$_Second@Struct_System_DateTime@@SIHPAU1@@Z 02005dd8 f   nvmac.obj
 0001:00004e18       ?g_get$_Now@Struct_System_DateTime@@SI?AU1@XZ 02005e18 f   nvmac.obj
 0001:00004e54       ?m_get$_Month@Struct_System_DateTime@@SIHPAU1@@Z 02005e54 f   nvmac.obj
 0001:00004e7c       ?m_get$_Minute@Struct_System_DateTime@@SIHPAU1@@Z 02005e7c f   nvmac.obj
 0001:00004ebc       ?m_get$_Hour@Struct_System_DateTime@@SIHPAU1@@Z 02005ebc f   nvmac.obj
 0001:00004efc       ?m_get$_DayOfWeek@Struct_System_DateTime@@SI?AUStruct_System_DayOfWeek@@PAU1@@Z 02005efc f   nvmac.obj
 0001:00004f48       ?m_get$_Day@Struct_System_DateTime@@SIHPAU1@@Z 02005f48 f   nvmac.obj
 0001:00004f70       ?m_Equals@Struct_System_DateTime@@SI_NPAU1@PAUClass_System_Object@@@Z 02005f70 f   nvmac.obj
 0001:00004fe8       ?m_Equals@Struct_System_DateTime@@SI_NPAUClass_System_DateTime@@PAUClass_System_Object@@@Z 02005fe8 f   nvmac.obj
 0001:00005034       ?m__ctor@Struct_System_DateTime@@SIXPAU1@_J@Z 02006034 f   nvmac.obj
 0001:000050d0       ?g__cctor@Struct_System_DateTime@@SIXXZ 020060d0 f   nvmac.obj
 0001:0000514c       ?m__ctor@Class_Microsoft_Contracts_AssertException@@SIXPAU1@@Z 0200614c f   nvmac.obj
 0001:00005170       ?m__ctor@Class_System_Runtime_CompilerServices_AssertDevirtualizeAttribute@@SIXPAU1@@Z 02006170 f   nvmac.obj
 0001:00005194       ?m_HeadMatches@Class_SurrogateMicrosoft_Singularity_Extending_ExtensionContract_Exp@@SI_NPAU1@HPA_NPAPAUClass_System_Object@@@Z 02006194 f   nvmac.obj
 0001:000051c8       ?m_GetWaitHandle@Class_SurrogateMicrosoft_Singularity_Extending_ExtensionContract_Exp@@SI?AUStruct_Microsoft_Singularity_V1_Threads_SyncHandle@@PAU1@@Z 020061c8 f   nvmac.obj
 0001:000051ec       ?g__ctor@Class_SurrogateMicrosoft_Singularity_Extending_ExtensionContract_Exp@@SIXPAU1@PAUStruct_Microsoft_Singularity_Extending_ExtensionContract_Exp@@@Z 020061ec f   nvmac.obj
 0001:00005214       ?m_StructCopy@Struct_System_ReadEnlistmentLogWriter@@SIXPAU1@0@Z 02006214 f   nvmac.obj
 0001:00005248       ?m_StructCopy@Struct_System_ReadEnlistmentLogWriter@@SIXPAU1@PAU1@@Z 02006248 f   nvmac.obj
 0001:000052e4       ?m_Equals@Struct_System_ReadEnlistmentLogWriter@@SI_NPAU1@PAUClass_System_Object@@@Z 020062e4 f   nvmac.obj
 0001:00005340       ?m_Equals@Struct_System_ReadEnlistmentLogWriter@@SI_NPAUClass_System_ReadEnlistmentLogWriter@@PAUClass_System_Object@@@Z 02006340 f   nvmac.obj
 0001:0000536c       ?g_StableState@Class_Microsoft_Singularity_Io_Net_NicDeviceContract@@SIHPAUStruct_Microsoft_Singularity_Channels_StateStack@@@Z 0200636c f   nvmac.obj
 0001:000053e8       ?g_CanonicalState@Class_Microsoft_Singularity_Io_Net_NicDeviceContract@@SIHH@Z 020063e8 f   nvmac.obj
 0001:00005440       ?m__ctor@Class_Microsoft_Singularity_Io_Net_NicDeviceContract@@SIXPAU1@@Z 02006440 f   nvmac.obj
 0001:00005458       ?m_StructCopy@Struct_System_Collections_Hashtable_bucket@@SIXPAU1@0@Z 02006458 f   nvmac.obj
 0001:00005498       ?m_StructCopy@Struct_System_Collections_Hashtable_bucket@@SIXPAU1@PAU1@@Z 02006498 f   nvmac.obj
 0001:00005558       ?m_Equals@Struct_System_Collections_Hashtable_bucket@@SI_NPAU1@PAUClass_System_Object@@@Z 02006558 f   nvmac.obj
 0001:000055cc       ?m_Equals@Struct_System_Collections_Hashtable_bucket@@SI_NPAUClass_System_Collections_Hashtable_bucket@@PAUClass_System_Object@@@Z 020065cc f   nvmac.obj
 0001:000055f8       ?g_Summary@Class_System_GCs_CollectorStatistics@@SIXXZ 020065f8 f   nvmac.obj
 0001:0000560c       ?g_Initialize@Class_System_GCs_CollectorStatistics@@SIXXZ 0200660c f   nvmac.obj
 0001:00005620       ?g_Event@Class_System_GCs_CollectorStatistics@@SIXUStruct_System_GCs_GCEvent@@@Z 02006620 f   nvmac.obj
 0001:0000563c       ?g_Event@Class_System_GCs_CollectorStatistics@@SIXUStruct_System_GCs_GCEvent@@_J@Z 0200663c f   nvmac.obj
 0001:00005658       ?m__ctor@Class_System_GCs_CollectorStatistics@@SIXPAU1@@Z 02006658 f   nvmac.obj
 0001:00005670       ?m_StructCopy@Struct_System_RuntimeTypeHandle@@SIXPAU1@0@Z 02006670 f   nvmac.obj
 0001:00005698       ?m_StructCopy@Struct_System_RuntimeTypeHandle@@SIXPAU1@PAU1@@Z 02006698 f   nvmac.obj
 0001:00005710       ?m_get$_Value@Struct_System_RuntimeTypeHandle@@SIPAUintPtr@@PAU1@@Z 02006710 f   nvmac.obj
 0001:00005730       ?m_Equals@Struct_System_RuntimeTypeHandle@@SI_NPAU1@PAUClass_System_Object@@@Z 02006730 f   nvmac.obj
 0001:00005778       ?m_Equals@Struct_System_RuntimeTypeHandle@@SI_NPAUClass_System_RuntimeTypeHandle@@PAUClass_System_Object@@@Z 02006778 f   nvmac.obj
 0001:000057a4       ?m__ctor@Struct_System_RuntimeTypeHandle@@SIXPAU1@PAUClass_System_RuntimeType@@@Z 020067a4 f   nvmac.obj
 0001:000057cc       ?g_Create@Class_Microsoft_Singularity_GCProfilerLogger_GCEventSource@@SIPAU1@PAUClass_System_String@@I_K@Z 020067cc f   nvmac.obj
 0001:000058a0       ?m__ctor@Class_Microsoft_Singularity_GCProfilerLogger_GCEventSource@@SIXPAU1@PAUClass_System_String@@PAUClass_Microsoft_Singularity_Eventing_EventingStorage@@I@Z 020068a0 f   nvmac.obj
 0001:000058d4       ?m_StructCopy@Struct_Microsoft_Singularity_Directory_ServiceProviderContract_AckConnect@@SIXPAU1@0@Z 020068d4 f   nvmac.obj
 0001:000058f0       ?m_StructCopy@Struct_Microsoft_Singularity_Directory_ServiceProviderContract_AckConnect@@SIXPAU1@PAU1@@Z 020068f0 f   nvmac.obj
 0001:00005944       ?m_MarshallContent@Struct_Microsoft_Singularity_Directory_ServiceProviderContract_AckConnect@@SIXPAU1@PAEPAUStruct_Microsoft_Singularity_Channels_Endpoint@@1PAH@Z 02006944 f   nvmac.obj
 0001:00005964       ?m_MarshallAll@Struct_Microsoft_Singularity_Directory_ServiceProviderContract_AckConnect@@SIXPAU1@PAEPAUStruct_Microsoft_Singularity_Channels_Endpoint@@PAH@Z 02006964 f   nvmac.obj
 0001:000059bc       ?m_Equals@Struct_Microsoft_Singularity_Directory_ServiceProviderContract_AckConnect@@SI_NPAU1@PAUClass_System_Object@@@Z 020069bc f   nvmac.obj
 0001:000059f4       ?m_Equals@Struct_Microsoft_Singularity_Directory_ServiceProviderContract_AckConnect@@SI_NPAUClass_Microsoft_Singularity_Directory_ServiceProviderContract_AckConnect@@PAUClass_System_Object@@@Z 020069f4 f   nvmac.obj
 0001:00005a20       ?m_StructCopy@Struct_System_UpdateEnlistmentLog_Entry@@SIXPAU1@0@Z 02006a20 f   nvmac.obj
 0001:00005aa4       ?m_StructCopy@Struct_System_UpdateEnlistmentLog_Entry@@SIXPAU1@PAU1@@Z 02006aa4 f   nvmac.obj
 0001:00005c30       ?m_Equals@Struct_System_UpdateEnlistmentLog_Entry@@SI_NPAU1@PAUClass_System_Object@@@Z 02006c30 f   nvmac.obj
 0001:00005da8       ?m_Equals@Struct_System_UpdateEnlistmentLog_Entry@@SI_NPAUClass_System_UpdateEnlistmentLog_Entry@@PAUClass_System_Object@@@Z 02006da8 f   nvmac.obj
 0001:00005dd4       ?m_WaitOne@Class_System_Threading_ManualResetEvent@@SI_NPAU1@@Z 02006dd4 f   nvmac.obj
 0001:00005e48       ?m_WaitOne@Class_System_Threading_ManualResetEvent@@SI_NPAU1@UStruct_System_SchedulerTime@@@Z 02006e48 f   nvmac.obj
 0001:00005ed0       ?m_Set@Class_System_Threading_ManualResetEvent@@SI_NPAU1@@Z 02006ed0 f   nvmac.obj
 0001:00005f1c       ?m_Reset@Class_System_Threading_ManualResetEvent@@SIXPAU1@@Z 02006f1c f   nvmac.obj
 0001:00005f54       ?m_Finalize@Class_System_Threading_ManualResetEvent@@SIXPAU1@@Z 02006f54 f   nvmac.obj
 0001:00005fb8       ?m_Dispose@Class_System_Threading_ManualResetEvent@@SIXPAU1@_N@Z 02006fb8 f   nvmac.obj
 0001:00006004       ?m__ctor@Class_System_Threading_ManualResetEvent@@SIXPAU1@_N@Z 02007004 f   nvmac.obj
 0001:00006070       ?g_AssertNotNull@Class_Microsoft_Contracts_NonNullType@@SIXPAUuintPtr@@@Z 02007070 f   nvmac.obj
 0001:000060c8       ?g_AssertNotNull@Class_Microsoft_Contracts_NonNullType@@SIXPAUClass_System_Object@@@Z 020070c8 f   nvmac.obj
 0001:00006118       ?m__ctor@Class_Microsoft_Contracts_NonNullType@@SIXPAU1@@Z 02007118 f   nvmac.obj
 0001:00006130       ?m__ctor@Class_System_NullReferenceException@@SIXPAU1@@Z 02007130 f   nvmac.obj
 0001:00006158       ?m__ctor@Class_System_NullReferenceException@@SIXPAU1@PAUClass_System_String@@@Z 02007158 f   nvmac.obj
 0001:00006180       ?m__ctor@Class_System_NullReferenceException@@SIXPAU1@PAUClass_System_String@@PAUClass_System_Exception@@@Z 02007180 f   nvmac.obj
 0001:000061b0       ?m_StructCopy@Struct_Microsoft_Singularity_V1_Threads_ManualResetEventHandle@@SIXPAU1@0@Z 020071b0 f   nvmac.obj
 0001:000061d8       ?m_StructCopy@Struct_Microsoft_Singularity_V1_Threads_ManualResetEventHandle@@SIXPAU1@PAU1@@Z 020071d8 f   nvmac.obj
 0001:00006250       ?m_Equals@Struct_Microsoft_Singularity_V1_Threads_ManualResetEventHandle@@SI_NPAU1@PAUClass_System_Object@@@Z 02007250 f   nvmac.obj
 0001:00006298       ?m_Equals@Struct_Microsoft_Singularity_V1_Threads_ManualResetEventHandle@@SI_NPAUClass_Microsoft_Singularity_V1_Threads_ManualResetEventHandle@@PAUClass_System_Object@@@Z 02007298 f   nvmac.obj
 0001:000062c4       ?g_Create@Struct_Microsoft_Singularity_V1_Threads_ManualResetEventHandle@@SI_N_NPAU1@@Z 020072c4 f   nvmac.obj
 0001:00006310       ?m__ctor@Class_Microsoft_Singularity_Tracing@@SIXPAU1@@Z 02007310 f   nvmac.obj
 0001:0000632c       ?m_ToString@Class_Microsoft_Singularity_Io_IoDmaRange@@SIPAUClass_System_String@@PAU1@@Z 0200732c f   nvmac.obj
 0001:000063a8       ?m__ctor@Class_Microsoft_Singularity_Io_IoDmaRange@@SIXPAU1@HH@Z 020073a8 f   nvmac.obj
 0001:000063e0       ?m__ctor@Class_System_OutOfMemoryException@@SIXPAU1@@Z 020073e0 f   nvmac.obj
 0001:00006408       ?m__ctor@Class_System_OutOfMemoryException@@SIXPAU1@PAUClass_System_String@@@Z 02007408 f   nvmac.obj
 0001:00006430       ?m__ctor@Class_System_OutOfMemoryException@@SIXPAU1@PAUClass_System_String@@PAUClass_System_Exception@@@Z 02007430 f   nvmac.obj
 0001:00006460       ?m_ZeroIfMustBeQuiescent@Struct_System_MultiUseWord_STMSnapshot@@SIIPAU1@@Z 02007460 f   nvmac.obj
 0001:00006488       ?m_Visit@Struct_System_MultiUseWord_STMSnapshot@@SIXPAU1@PAUClass_System_GCs_DirectReferenceVisitor@@@Z 02007488 f   nvmac.obj
 0001:00006644       ?m_StructCopy@Struct_System_MultiUseWord_STMSnapshot@@SIXPAU1@0@Z 02007644 f   nvmac.obj
 0001:0000666c       ?m_StructCopy@Struct_System_MultiUseWord_STMSnapshot@@SIXPAU1@PAU1@@Z 0200766c f   nvmac.obj
 0001:000066e4       ?m_GetSTMWord@Struct_System_MultiUseWord_STMSnapshot@@SI?AUStruct_System_STMWord@@PAU1@@Z 020076e4 f   nvmac.obj
 0001:00006790       ?m_Equals@Struct_System_MultiUseWord_STMSnapshot@@SI_NPAU1@PAUClass_System_Object@@@Z 02007790 f   nvmac.obj
 0001:000067d8       ?m_Equals@Struct_System_MultiUseWord_STMSnapshot@@SI_NPAUClass_System_MultiUseWord_STMSnapshot@@PAUClass_System_Object@@@Z 020077d8 f   nvmac.obj
 0001:00006804       ?m_Eq@Struct_System_MultiUseWord_STMSnapshot@@SI_NPAU1@U1@@Z 02007804 f   nvmac.obj
 0001:00006830       ?m__ctor@Struct_System_MultiUseWord_STMSnapshot@@SIXPAU1@UStruct_System_MultiUseWord@@@Z 02007830 f   nvmac.obj
 0001:00006858       ?m_StructCopy@Struct_Microsoft_Singularity_Isal_IX_EVectors@@SIXPAU1@0@Z 02007858 f   nvmac.obj
 0001:00006874       ?m_StructCopy@Struct_Microsoft_Singularity_Isal_IX_EVectors@@SIXPAU1@PAU1@@Z 02007874 f   nvmac.obj
 0001:000068c8       ?m_Equals@Struct_Microsoft_Singularity_Isal_IX_EVectors@@SI_NPAU1@PAUClass_System_Object@@@Z 020078c8 f   nvmac.obj
 0001:00006900       ?m_Equals@Struct_Microsoft_Singularity_Isal_IX_EVectors@@SI_NPAUClass_Microsoft_Singularity_Isal_IX_EVectors@@PAUClass_System_Object@@@Z 02007900 f   nvmac.obj
 0001:0000692c       ?m_StructCopy@Struct_Microsoft_Singularity_Io_Net_NicDeviceContract_AckConfigureIO@@SIXPAU1@0@Z 0200792c f   nvmac.obj
 0001:00006948       ?m_StructCopy@Struct_Microsoft_Singularity_Io_Net_NicDeviceContract_AckConfigureIO@@SIXPAU1@PAU1@@Z 02007948 f   nvmac.obj
 0001:0000699c       ?m_MarshallContent@Struct_Microsoft_Singularity_Io_Net_NicDeviceContract_AckConfigureIO@@SIXPAU1@PAEPAUStruct_Microsoft_Singularity_Channels_Endpoint@@1PAH@Z 0200799c f   nvmac.obj
 0001:000069bc       ?m_MarshallAll@Struct_Microsoft_Singularity_Io_Net_NicDeviceContract_AckConfigureIO@@SIXPAU1@PAEPAUStruct_Microsoft_Singularity_Channels_Endpoint@@PAH@Z 020079bc f   nvmac.obj
 0001:00006a14       ?m_Equals@Struct_Microsoft_Singularity_Io_Net_NicDeviceContract_AckConfigureIO@@SI_NPAU1@PAUClass_System_Object@@@Z 02007a14 f   nvmac.obj
 0001:00006a4c       ?m_Equals@Struct_Microsoft_Singularity_Io_Net_NicDeviceContract_AckConfigureIO@@SI_NPAUClass_Microsoft_Singularity_Io_Net_NicDeviceContract_AckConfigureIO@@PAUClass_System_Object@@@Z 02007a4c f   nvmac.obj
 0001:00006a78       ?g_UncheckedCopyUInt8Up@Class_System_ArrayHelper@@SIXPAUClassVector_uint8@@H0HH@Z 02007a78 f   nvmac.obj
 0001:00006b24       ?g_UncheckedCopyUInt8Down@Class_System_ArrayHelper@@SIXPAUClassVector_uint8@@H0HH@Z 02007b24 f   nvmac.obj
 0001:00006be8       ?g_UncheckedCopyUInt64Up@Class_System_ArrayHelper@@SIXPAUClassVector_uint64@@H0HH@Z 02007be8 f   nvmac.obj
 0001:00006cb0       ?g_UncheckedCopyUInt64Down@Class_System_ArrayHelper@@SIXPAUClassVector_uint64@@H0HH@Z 02007cb0 f   nvmac.obj
 0001:00006d90       ?g_UncheckedCopyUInt32Down@Class_System_ArrayHelper@@SIXPAUClassVector_uint32@@H0HH@Z 02007d90 f   nvmac.obj
 0001:00006e54       ?g_UncheckedCopyUInt16Up@Class_System_ArrayHelper@@SIXPAUClassVector_uint16@@H0HH@Z 02007e54 f   nvmac.obj
 0001:00006f04       ?g_UncheckedCopyUInt16Down@Class_System_ArrayHelper@@SIXPAUClassVector_uint16@@H0HH@Z 02007f04 f   nvmac.obj
 0001:00006fcc       ?g_UncheckedCopyInt8Up@Class_System_ArrayHelper@@SIXPAUClassVector_int8@@H0HH@Z 02007fcc f   nvmac.obj
 0001:00007078       ?g_UncheckedCopyInt8Down@Class_System_ArrayHelper@@SIXPAUClassVector_int8@@H0HH@Z 02008078 f   nvmac.obj
 0001:0000713c       ?g_UncheckedCopyInt64Up@Class_System_ArrayHelper@@SIXPAUClassVector_int64@@H0HH@Z 0200813c f   nvmac.obj
 0001:00007204       ?g_UncheckedCopyInt64Down@Class_System_ArrayHelper@@SIXPAUClassVector_int64@@H0HH@Z 02008204 f   nvmac.obj
 0001:000072e4       ?g_UncheckedCopyInt32Down@Class_System_ArrayHelper@@SIXPAUClassVector_int32@@H0HH@Z 020082e4 f   nvmac.obj
 0001:000073a8       ?g_UncheckedCopyInt16Up@Class_System_ArrayHelper@@SIXPAUClassVector_int16@@H0HH@Z 020083a8 f   nvmac.obj
 0001:00007458       ?g_UncheckedCopyInt16Down@Class_System_ArrayHelper@@SIXPAUClassVector_int16@@H0HH@Z 02008458 f   nvmac.obj
 0001:00007520       ?g_UncheckedCopyFloat64Up@Class_System_ArrayHelper@@SIXPAUClassVector_float64@@H0HH@Z 02008520 f   nvmac.obj
 0001:000075cc       ?g_UncheckedCopyFloat64Down@Class_System_ArrayHelper@@SIXPAUClassVector_float64@@H0HH@Z 020085cc f   nvmac.obj
 0001:00007690       ?g_UncheckedCopyFloat32Up@Class_System_ArrayHelper@@SIXPAUClassVector_float32@@H0HH@Z 02008690 f   nvmac.obj
 0001:0000773c       ?g_UncheckedCopyFloat32Down@Class_System_ArrayHelper@@SIXPAUClassVector_float32@@H0HH@Z 0200873c f   nvmac.obj
 0001:00007800       ?g_UncheckedCopyCharUp@Class_System_ArrayHelper@@SIXPAUClassVector_bartok_char@@H0HH@Z 02008800 f   nvmac.obj
 0001:000078b0       ?g_UncheckedCopyCharDown@Class_System_ArrayHelper@@SIXPAUClassVector_bartok_char@@H0HH@Z 020088b0 f   nvmac.obj
 0001:00007978       ?g_UncheckedCopyBoolUp@Class_System_ArrayHelper@@SIXPAUClassVector_bool@@H0HH@Z 02008978 f   nvmac.obj
 0001:00007a24       ?g_UncheckedCopyBoolDown@Class_System_ArrayHelper@@SIXPAUClassVector_bool@@H0HH@Z 02008a24 f   nvmac.obj
 0001:00007ae8       ?g_CopyUInt8Up@Class_System_ArrayHelper@@SIXPAUClassVector_uint8@@H0HH@Z 02008ae8 f   nvmac.obj
 0001:00007b94       ?g_CopyUInt8Down@Class_System_ArrayHelper@@SIXPAUClassVector_uint8@@H0HH@Z 02008b94 f   nvmac.obj
 0001:00007c58       ?g_CopyUInt64Up@Class_System_ArrayHelper@@SIXPAUClassVector_uint64@@H0HH@Z 02008c58 f   nvmac.obj
 0001:00007d20       ?g_CopyUInt64Down@Class_System_ArrayHelper@@SIXPAUClassVector_uint64@@H0HH@Z 02008d20 f   nvmac.obj
 0001:00007e00       ?g_CopyUInt32Up@Class_System_ArrayHelper@@SIXPAUClassVector_uint32@@H0HH@Z 02008e00 f   nvmac.obj
 0001:00007eac       ?g_CopyUInt32Down@Class_System_ArrayHelper@@SIXPAUClassVector_uint32@@H0HH@Z 02008eac f   nvmac.obj
 0001:00007f70       ?g_CopyUInt16Up@Class_System_ArrayHelper@@SIXPAUClassVector_uint16@@H0HH@Z 02008f70 f   nvmac.obj
 0001:00008020       ?g_CopyUInt16Down@Class_System_ArrayHelper@@SIXPAUClassVector_uint16@@H0HH@Z 02009020 f   nvmac.obj
 0001:000080e8       ?g_CopyInt8Up@Class_System_ArrayHelper@@SIXPAUClassVector_int8@@H0HH@Z 020090e8 f   nvmac.obj
 0001:00008194       ?g_CopyInt8Down@Class_System_ArrayHelper@@SIXPAUClassVector_int8@@H0HH@Z 02009194 f   nvmac.obj
 0001:00008258       ?g_CopyInt64Up@Class_System_ArrayHelper@@SIXPAUClassVector_int64@@H0HH@Z 02009258 f   nvmac.obj
 0001:00008320       ?g_CopyInt64Down@Class_System_ArrayHelper@@SIXPAUClassVector_int64@@H0HH@Z 02009320 f   nvmac.obj
 0001:00008400       ?g_CopyInt32Up@Class_System_ArrayHelper@@SIXPAUClassVector_int32@@H0HH@Z 02009400 f   nvmac.obj
 0001:000084ac       ?g_CopyInt32Down@Class_System_ArrayHelper@@SIXPAUClassVector_int32@@H0HH@Z 020094ac f   nvmac.obj
 0001:00008570       ?g_CopyInt16Up@Class_System_ArrayHelper@@SIXPAUClassVector_int16@@H0HH@Z 02009570 f   nvmac.obj
 0001:00008620       ?g_CopyInt16Down@Class_System_ArrayHelper@@SIXPAUClassVector_int16@@H0HH@Z 02009620 f   nvmac.obj
 0001:000086e8       ?g_CopyFloat64Up@Class_System_ArrayHelper@@SIXPAUClassVector_float64@@H0HH@Z 020096e8 f   nvmac.obj
 0001:00008794       ?g_CopyFloat64Down@Class_System_ArrayHelper@@SIXPAUClassVector_float64@@H0HH@Z 02009794 f   nvmac.obj
 0001:00008858       ?g_CopyFloat32Up@Class_System_ArrayHelper@@SIXPAUClassVector_float32@@H0HH@Z 02009858 f   nvmac.obj
 0001:00008904       ?g_CopyFloat32Down@Class_System_ArrayHelper@@SIXPAUClassVector_float32@@H0HH@Z 02009904 f   nvmac.obj
 0001:000089c8       ?g_CopyCharUp@Class_System_ArrayHelper@@SIXPAUClassVector_bartok_char@@H0HH@Z 020099c8 f   nvmac.obj
 0001:00008a78       ?g_CopyCharDown@Class_System_ArrayHelper@@SIXPAUClassVector_bartok_char@@H0HH@Z 02009a78 f   nvmac.obj
 0001:00008b40       ?g_CopyBoolUp@Class_System_ArrayHelper@@SIXPAUClassVector_bool@@H0HH@Z 02009b40 f   nvmac.obj
 0001:00008bec       ?g_CopyBoolDown@Class_System_ArrayHelper@@SIXPAUClassVector_bool@@H0HH@Z 02009bec f   nvmac.obj
 0001:00008cb0       ?m__ctor@Class_System_ArrayHelper@@SIXPAU1@@Z 02009cb0 f   nvmac.obj
 0001:00008ccc       ?m_StructCopy@Struct_Microsoft_Singularity_Io_Net_NicDeviceEventContract_Imp@@SIXPAU1@0@Z 02009ccc f   nvmac.obj
 0001:00008dc4       ?m_StructCopy@Struct_Microsoft_Singularity_Io_Net_NicDeviceEventContract_Imp@@SIXPAU1@PAU1@@Z 02009dc4 f   nvmac.obj
 0001:000090ac       ?m_Peek@Struct_Microsoft_Singularity_Io_Net_NicDeviceEventContract_Imp@@SIHPAU1@@Z 0200a0ac f   nvmac.obj
 0001:00009254       ?m_MarshallDeliverSuccess1@Struct_Microsoft_Singularity_Io_Net_NicDeviceEventContract_Imp@@SIXPAU1@PAUStruct_Microsoft_Singularity_Channels_Endpoint@@@Z 0200a254 f   nvmac.obj
 0001:000092a0       ?m_MarshallDeliverNicDeviceEvent0@Struct_Microsoft_Singularity_Io_Net_NicDeviceEventContract_Imp@@SIXPAU1@UStruct_Microsoft_Singularity_Io_Net_NicEventType@@PAUStruct_Microsoft_Singularity_Channels_Endpoint@@@Z 0200a2a0 f   nvmac.obj
 0001:000092f0       ?m_HeadMatches@Struct_Microsoft_Singularity_Io_Net_NicDeviceEventContract_Imp@@SI_NPAU1@HPA_NPAPAUClass_System_Object@@@Z 0200a2f0 f   nvmac.obj
 0001:000093b0       ?m_HeadMatches@Struct_Microsoft_Singularity_Io_Net_NicDeviceEventContract_Imp@@SI_NPAUClass_Microsoft_Singularity_Io_Net_NicDeviceEventContract_Imp@@HPA_NPAPAUClass_System_Object@@@Z 0200a3b0 f   nvmac.obj
 0001:000093e8       ?m_Equals@Struct_Microsoft_Singularity_Io_Net_NicDeviceEventContract_Imp@@SI_NPAU1@PAUClass_System_Object@@@Z 0200a3e8 f   nvmac.obj
 0001:00009730       ?m_Equals@Struct_Microsoft_Singularity_Io_Net_NicDeviceEventContract_Imp@@SI_NPAUClass_Microsoft_Singularity_Io_Net_NicDeviceEventContract_Imp@@PAUClass_System_Object@@@Z 0200a730 f   nvmac.obj
 0001:0000975c       ?m_DeliverSuccess1@Struct_Microsoft_Singularity_Io_Net_NicDeviceEventContract_Imp@@SIXPAU1@@Z 0200a75c f   nvmac.obj
 0001:00009790       ?m_DeliverNicDeviceEvent0@Struct_Microsoft_Singularity_Io_Net_NicDeviceEventContract_Imp@@SIXPAU1@UStruct_Microsoft_Singularity_Io_Net_NicEventType@@@Z 0200a790 f   nvmac.obj
 0001:000097d8       ?m_StructCopy@Struct_Microsoft_Singularity_Io_Net_NicDeviceContract_AckStopIO@@SIXPAU1@0@Z 0200a7d8 f   nvmac.obj
 0001:000097f4       ?m_StructCopy@Struct_Microsoft_Singularity_Io_Net_NicDeviceContract_AckStopIO@@SIXPAU1@PAU1@@Z 0200a7f4 f   nvmac.obj
 0001:00009848       ?m_Equals@Struct_Microsoft_Singularity_Io_Net_NicDeviceContract_AckStopIO@@SI_NPAU1@PAUClass_System_Object@@@Z 0200a848 f   nvmac.obj
 0001:00009880       ?m_Equals@Struct_Microsoft_Singularity_Io_Net_NicDeviceContract_AckStopIO@@SI_NPAUClass_Microsoft_Singularity_Io_Net_NicDeviceContract_AckStopIO@@PAUClass_System_Object@@@Z 0200a880 f   nvmac.obj
 0001:000098ac       ?m_StructCopy@Struct_Microsoft_Bartok_Runtime_PreHeader@@SIXPAU1@0@Z 0200a8ac f   nvmac.obj
 0001:000098d8       ?m_StructCopy@Struct_Microsoft_Bartok_Runtime_PreHeader@@SIXPAU1@PAU1@@Z 0200a8d8 f   nvmac.obj
 0001:0000995c       ?m_Equals@Struct_Microsoft_Bartok_Runtime_PreHeader@@SI_NPAU1@PAUClass_System_Object@@@Z 0200a95c f   nvmac.obj
 0001:00009a08       ?m_Equals@Struct_Microsoft_Bartok_Runtime_PreHeader@@SI_NPAUClass_Microsoft_Bartok_Runtime_PreHeader@@PAUClass_System_Object@@@Z 0200aa08 f   nvmac.obj
 0001:00009a34       ?g_DriverMain@Class_Microsoft_Singularity_Drivers_Network_nForce4_NvMacController@@SIHPAUClass_Microsoft_Singularity_Drivers_Network_nForce4_NvMacResources@@@Z 0200aa34 f   nvmac.obj
 0001:00009e14       ?m__ctor@Class_Microsoft_Singularity_Drivers_Network_nForce4_NvMacController@@SIXPAU1@@Z 0200ae14 f   nvmac.obj
 0001:00009e2c       ?g__cctor@Class_Microsoft_Singularity_Drivers_Network_nForce4_NvMacController@@SIXXZ 0200ae2c f   nvmac.obj
 0001:00009ef0       ?g_wcslen@Class_System_Number@@SIHPAUClassVector_bartok_char@@H@Z 0200aef0 f   nvmac.obj
 0001:00009f64       ?g_UInt64ToDecString@Class_System_Number@@SIPAUClass_System_String@@_KH@Z 0200af64 f   nvmac.obj
 0001:0000a064       ?g_UInt32ToDecString@Class_System_Number@@SIPAUClass_System_String@@IH@Z 0200b064 f   nvmac.obj
 0001:0000a0f8       ?m_ToStringFormat@Class_System_Number@@SIPAUClass_System_String@@PAU1@PAU2@@Z 0200b0f8 f   nvmac.obj
 0001:0000b7dc       ?m_ToString@Class_System_Number@@SIPAUClass_System_String@@PAU1@_WH@Z 0200c7dc f   nvmac.obj
 0001:0000c11c       ?m_RoundNumber@Class_System_Number@@SIXPAU1@H@Z 0200d11c f   nvmac.obj
 0001:0000c328       ?g_ParseFormatSpecifier@Class_System_Number@@SI_WPAUClass_System_String@@PAH@Z 0200d328 f   nvmac.obj
 0001:0000c4cc       ?g_NumberToDouble@Class_System_Number@@SIXPAU1@PAN@Z 0200d4cc f   nvmac.obj
 0001:0000c780       ?g_LO32@Class_System_Number@@SII_K@Z 0200d780 f   nvmac.obj
 0001:0000c798       ?g_Int64ToHexString@Class_System_Number@@SIPAUClass_System_String@@_K_WH@Z 0200d798 f   nvmac.obj
 0001:0000c828       ?g_Int64ToHexChars@Class_System_Number@@SIHPAUClassVector_bartok_char@@H_K_WH@Z 0200d828 f   nvmac.obj
 0001:0000c8ec       ?g_Int64ToDecString@Class_System_Number@@SIPAUClass_System_String@@_JHPAU2@@Z 0200d8ec f   nvmac.obj
 0001:0000cadc       ?g_Int64ToDecChars@Class_System_Number@@SIXPAUClassVector_bartok_char@@PAH_KH@Z 0200dadc f   nvmac.obj
 0001:0000cb8c       ?g_Int64DivMod1E9@Class_System_Number@@SI_K_KPAI@Z 0200db8c f   nvmac.obj
 0001:0000cbe8       ?g_Int32ToHexString@Class_System_Number@@SIPAUClass_System_String@@I_WH@Z 0200dbe8 f   nvmac.obj
 0001:0000cc74       ?g_Int32ToHexChars@Class_System_Number@@SIHPAUClassVector_bartok_char@@HI_WH@Z 0200dc74 f   nvmac.obj
 0001:0000cd14       ?g_Int32ToDecString@Class_System_Number@@SIPAUClass_System_String@@HHPAU2@@Z 0200dd14 f   nvmac.obj
 0001:0000ce70       ?g_Int32ToDecChars@Class_System_Number@@SIXPAUClassVector_bartok_char@@PAHIH@Z 0200de70 f   nvmac.obj
 0001:0000cf04       ?g_HI32@Class_System_Number@@SII_K@Z 0200df04 f   nvmac.obj
 0001:0000cf28       ?g_Get@Class_System_Number@@SI_WPAUClass_System_String@@H@Z 0200df28 f   nvmac.obj
 0001:0000cf70       ?g_FPNumberToString@Class_System_Number@@SIPAUClass_System_String@@PAU1@PAU2@@Z 0200df70 f   nvmac.obj
 0001:0000d060       ?g_FormatUInt64@Class_System_Number@@SIPAUClass_System_String@@_KPAU2@@Z 0200e060 f   nvmac.obj
 0001:0000d174       ?g_FormatUInt32@Class_System_Number@@SIPAUClass_System_String@@IPAU2@@Z 0200e174 f   nvmac.obj
 0001:0000d278       ?g_FormatSingle@Class_System_Number@@SIPAUClass_System_String@@MPAU2@@Z 0200e278 f   nvmac.obj
 0001:0000d504       ?m_FormatScientific@Class_System_Number@@SIHPAU1@PAUClassVector_bartok_char@@HH_W@Z 0200e504 f   nvmac.obj
 0001:0000d6cc       ?m_FormatPercent@Class_System_Number@@SIHPAU1@PAUClassVector_bartok_char@@HH@Z 0200e6cc f   nvmac.obj
 0001:0000d898       ?m_FormatNumber@Class_System_Number@@SIHPAU1@PAUClassVector_bartok_char@@HH@Z 0200e898 f   nvmac.obj
 0001:0000da2c       ?g_FormatInt64@Class_System_Number@@SIPAUClass_System_String@@_JPAU2@@Z 0200ea2c f   nvmac.obj
 0001:0000db64       ?g_FormatInt32@Class_System_Number@@SIPAUClass_System_String@@HPAU2@@Z 0200eb64 f   nvmac.obj
 0001:0000dc8c       ?m_FormatGeneral@Class_System_Number@@SIHPAU1@PAUClassVector_bartok_char@@HH_W@Z 0200ec8c f   nvmac.obj
 0001:0000df34       ?m_FormatFixed@Class_System_Number@@SIHPAU1@PAUClassVector_bartok_char@@HHPAUClassVector_int32@@PAUClass_System_String@@3@Z 0200ef34 f   nvmac.obj
 0001:0000e4b4       ?m_FormatExponent@Class_System_Number@@SIHPAU1@PAUClassVector_bartok_char@@HH_WPAUClass_System_String@@3H@Z 0200f4b4 f   nvmac.obj
 0001:0000e60c       ?g_FormatDouble@Class_System_Number@@SIPAUClass_System_String@@NPAU2@@Z 0200f60c f   nvmac.obj
 0001:0000e848       ?g_FormatDecimal@Class_System_Number@@SIPAUClass_System_String@@UStruct_System_Decimal@@PAU2@@Z 0200f848 f   nvmac.obj
 0001:0000e8e0       ?g_FindSection@Class_System_Number@@SIHPAUClass_System_String@@H@Z 0200f8e0 f   nvmac.obj
 0001:0000ea34       ?m_DecDivMod1E9@Class_System_Number@@SIIPAU1@PAUStruct_System_Decimal@@@Z 0200fa34 f   nvmac.obj
 0001:0000eb0c       ?m_D32DivMod1E9@Class_System_Number@@SIIPAU1@IIPAI@Z 0200fb0c f   nvmac.obj
 0001:0000eb88       ?g_AddStringRef@Class_System_Number@@SIHPAUClassVector_bartok_char@@HPAUClass_System_String@@@Z 0200fb88 f   nvmac.obj
 0001:0000ec20       ?m__ctor@Class_System_Number@@SIXPAU1@@Z 0200fc20 f   nvmac.obj
 0001:0000ec50       ?m__ctor@Class_System_Number@@SIXPAU1@_K@Z 0200fc50 f   nvmac.obj
 0001:0000ed60       ?m__ctor@Class_System_Number@@SIXPAU1@I@Z 0200fd60 f   nvmac.obj
 0001:0000ee6c       ?m__ctor@Class_System_Number@@SIXPAU1@PAUStruct_System_Decimal@@@Z 0200fe6c f   nvmac.obj
 0001:0000effc       ?m__ctor@Class_System_Number@@SIXPAU1@_J@Z 0200fffc f   nvmac.obj
 0001:0000f15c       ?m__ctor@Class_System_Number@@SIXPAU1@H@Z 0201015c f   nvmac.obj
 0001:0000f288       ?m__ctor@Class_System_Number@@SIXPAU1@NH@Z 02010288 f   nvmac.obj
 0001:0000f2ec       ?g__cctor@Class_System_Number@@SIXXZ 020102ec f   nvmac.obj
 0001:0000f428       ?m_StructCopy@Struct_Microsoft_Singularity_Directory_ServiceProviderContract_Connect@@SIXPAU1@0@Z 02010428 f   nvmac.obj
 0001:0000f450       ?m_StructCopy@Struct_Microsoft_Singularity_Directory_ServiceProviderContract_Connect@@SIXPAU1@PAU1@@Z 02010450 f   nvmac.obj
 0001:0000f4c8       ?m_Equals@Struct_Microsoft_Singularity_Directory_ServiceProviderContract_Connect@@SI_NPAU1@PAUClass_System_Object@@@Z 020104c8 f   nvmac.obj
 0001:0000f510       ?m_Equals@Struct_Microsoft_Singularity_Directory_ServiceProviderContract_Connect@@SI_NPAUClass_Microsoft_Singularity_Directory_ServiceProviderContract_Connect@@PAUClass_System_Object@@@Z 02010510 f   nvmac.obj
 0001:0000f53c       ?m_StructCopy@Struct_Microsoft_Singularity_V1_Services_SharedHeapService@@SIXPAU1@0@Z 0201053c f   nvmac.obj
 0001:0000f558       ?m_StructCopy@Struct_Microsoft_Singularity_V1_Services_SharedHeapService@@SIXPAU1@PAU1@@Z 02010558 f   nvmac.obj
 0001:0000f5ac       ?g_GetSize@Struct_Microsoft_Singularity_V1_Services_SharedHeapService@@SIPAUuintPtr@@PAUStruct_Microsoft_Singularity_V1_Services_SharedHeapService_Allocation@@@Z 020105ac f   nvmac.obj
 0001:0000f5cc       ?g_GetData@Struct_Microsoft_Singularity_V1_Services_SharedHeapService@@SIPAUuintPtr@@PAUStruct_Microsoft_Singularity_V1_Services_SharedHeapService_Allocation@@@Z 020105cc f   nvmac.obj
 0001:0000f5ec       ?m_Equals@Struct_Microsoft_Singularity_V1_Services_SharedHeapService@@SI_NPAU1@PAUClass_System_Object@@@Z 020105ec f   nvmac.obj
 0001:0000f624       ?m_Equals@Struct_Microsoft_Singularity_V1_Services_SharedHeapService@@SI_NPAUClass_Microsoft_Singularity_V1_Services_SharedHeapService@@PAUClass_System_Object@@@Z 02010624 f   nvmac.obj
 0001:0000f650       ?m_TryEnter@Class_System_Threading_Monitor@@SI_NPAU1@@Z 02010650 f   nvmac.obj
 0001:0000f6c0       ?m_TryEnter@Class_System_Threading_Monitor@@SI_NPAU1@UStruct_System_SchedulerTime@@@Z 020106c0 f   nvmac.obj
 0001:0000f73c       ?g_TryEnter@Class_System_Threading_Monitor@@SI_NPAUClass_System_Object@@@Z 0201073c f   nvmac.obj
 0001:0000f778       ?m_IsInUse@Class_System_Threading_Monitor@@SI_NPAU1@@Z 02010778 f   nvmac.obj
 0001:0000f794       ?g_GetMonitorFromObject@Class_System_Threading_Monitor@@SIPAU1@PAUClass_System_Object@@@Z 02010794 f   nvmac.obj
 0001:0000f810       ?g_FromAddress@Class_System_Threading_Monitor@@SIPAU1@PAUuintPtr@@@Z 02010810 f   nvmac.obj
 0001:0000f82c       ?g_ExitImpl@Class_System_Threading_Monitor@@SIXPAUClass_System_Object@@@Z 0201082c f   nvmac.obj
 0001:0000f868       ?m_Exit@Class_System_Threading_Monitor@@SIXPAU1@@Z 02010868 f   nvmac.obj
 0001:0000f8e0       ?g_EnterImpl@Class_System_Threading_Monitor@@SIXPAUClass_System_Object@@@Z 020108e0 f   nvmac.obj
 0001:0000f91c       ?m_Enter@Class_System_Threading_Monitor@@SIXPAU1@@Z 0201091c f   nvmac.obj
 0001:0000f97c       ?m__ctor@Class_System_Threading_Monitor@@SIXPAU1@@Z 0201097c f   nvmac.obj
 0001:0000f9d0       ?m__ctor@Class_System_ReadEnlistmentLog_LogChunk@@SIXPAU1@PAUClassVector_Struct_System_ReadEnlistmentLog_Entry@@0@Z 020109d0 f   nvmac.obj
 0001:0000fa04       ?m_ToString@bool@@SIPAUClass_System_String@@PA_N@Z 02010a04 f   nvmac.obj
 0001:0000fa34       ?m_ToString@bool@@SIPAUClass_System_String@@PAUClass_System_Boolean@@@Z 02010a34 f   nvmac.obj
 0001:0000fa7c       ?m_GetHashCode@bool@@SIHPA_N@Z 02010a7c f   nvmac.obj
 0001:0000fab0       ?m_GetHashCode@bool@@SIHPAUClass_System_Boolean@@@Z 02010ab0 f   nvmac.obj
 0001:0000faf8       ?m_Equals@bool@@SI_NPA_NPAUClass_System_Object@@@Z 02010af8 f   nvmac.obj
 0001:0000fb58       ?m_Equals@bool@@SI_NPAUClass_System_Boolean@@PAUClass_System_Object@@@Z 02010b58 f   nvmac.obj
 0001:0000fba4       ?g__cctor@bool@@SIXXZ      02010ba4 f   nvmac.obj
 0001:0000fbb8       ?m_StructCopy@Struct_Microsoft_Singularity_V1_Services_ProcessService@@SIXPAU1@0@Z 02010bb8 f   nvmac.obj
 0001:0000fbd4       ?m_StructCopy@Struct_Microsoft_Singularity_V1_Services_ProcessService@@SIXPAU1@PAU1@@Z 02010bd4 f   nvmac.obj
 0001:0000fc28       ?g_GetSharedSourceHandles@Struct_Microsoft_Singularity_V1_Services_ProcessService@@SI_NIPAPAUuintPtr@@00@Z 02010c28 f   nvmac.obj
 0001:0000fcac       ?m_Equals@Struct_Microsoft_Singularity_V1_Services_ProcessService@@SI_NPAU1@PAUClass_System_Object@@@Z 02010cac f   nvmac.obj
 0001:0000fce4       ?m_Equals@Struct_Microsoft_Singularity_V1_Services_ProcessService@@SI_NPAUClass_Microsoft_Singularity_V1_Services_ProcessService@@PAUClass_System_Object@@@Z 02010ce4 f   nvmac.obj
 0001:0000fd10       ?m_Visit@Struct_System_MultiUseWord_STMHandle@@SI_NPAU1@PAUClass_System_GCs_DirectReferenceVisitor@@@Z 02010d10 f   nvmac.obj
 0001:0000fd64       ?m_StructCopy@Struct_System_MultiUseWord_STMHandle@@SIXPAU1@0@Z 02010d64 f   nvmac.obj
 0001:0000fd8c       ?m_StructCopy@Struct_System_MultiUseWord_STMHandle@@SIXPAU1@PAU1@@Z 02010d8c f   nvmac.obj
 0001:0000fe04       ?m_SetSTMWordAtGC@Struct_System_MultiUseWord_STMHandle@@SIXPAU1@PAUClass_System_GCs_DirectReferenceVisitor@@UStruct_System_STMWord@@@Z 02010e04 f   nvmac.obj
 0001:0000fefc       ?m_SetMark@Struct_System_MultiUseWord_STMHandle@@SIXPAU1@_N@Z 02010efc f   nvmac.obj
 0001:0000ff90       ?m_IsMarked@Struct_System_MultiUseWord_STMHandle@@SI_NPAU1@@Z 02010f90 f   nvmac.obj
 0001:0000ffd4       ?m_GetSTMSnapshot@Struct_System_MultiUseWord_STMHandle@@SI?AUStruct_System_MultiUseWord_STMSnapshot@@PAU1@@Z 02010fd4 f   nvmac.obj
 0001:00010020       ?m_Equals@Struct_System_MultiUseWord_STMHandle@@SI_NPAU1@PAUClass_System_Object@@@Z 02011020 f   nvmac.obj
 0001:00010068       ?m_Equals@Struct_System_MultiUseWord_STMHandle@@SI_NPAUClass_System_MultiUseWord_STMHandle@@PAUClass_System_Object@@@Z 02011068 f   nvmac.obj
 0001:00010094       ?m_StructCopy@Struct_Microsoft_Singularity_Io_Net_NicDeviceContract_Success@@SIXPAU1@0@Z 02011094 f   nvmac.obj
 0001:000100b0       ?m_StructCopy@Struct_Microsoft_Singularity_Io_Net_NicDeviceContract_Success@@SIXPAU1@PAU1@@Z 020110b0 f   nvmac.obj
 0001:00010104       ?m_MarshallContent@Struct_Microsoft_Singularity_Io_Net_NicDeviceContract_Success@@SIXPAU1@PAEPAUStruct_Microsoft_Singularity_Channels_Endpoint@@1PAH@Z 02011104 f   nvmac.obj
 0001:00010124       ?m_MarshallAll@Struct_Microsoft_Singularity_Io_Net_NicDeviceContract_Success@@SIXPAU1@PAEPAUStruct_Microsoft_Singularity_Channels_Endpoint@@PAH@Z 02011124 f   nvmac.obj
 0001:0001017c       ?m_Equals@Struct_Microsoft_Singularity_Io_Net_NicDeviceContract_Success@@SI_NPAU1@PAUClass_System_Object@@@Z 0201117c f   nvmac.obj
 0001:000101b4       ?m_Equals@Struct_Microsoft_Singularity_Io_Net_NicDeviceContract_Success@@SI_NPAUClass_Microsoft_Singularity_Io_Net_NicDeviceContract_Success@@PAUClass_System_Object@@@Z 020111b4 f   nvmac.obj
 0001:000101e0       ?m_Visit@Class_System_GCs_MemoryAccounting_ManagedPtrAccounting@@SIXPAU1@PAPAUuintPtr@@@Z 020111e0 f   nvmac.obj
 0001:000101fc       ?m_Initialize@Class_System_GCs_MemoryAccounting_ManagedPtrAccounting@@SIXPAU1@@Z 020111fc f   nvmac.obj
 0001:00010214       ?m__ctor@Class_System_GCs_MemoryAccounting_ManagedPtrAccounting@@SIXPAU1@@Z 02011214 f   nvmac.obj
 0001:0001022c       ?m__ctor@Class_Microsoft_Singularity_Monitoring@@SIXPAU1@@Z 0201122c f   nvmac.obj
 0001:00010248       ?m_ToString@Class_System_Version@@SIPAUClass_System_String@@PAU1@@Z 02011248 f   nvmac.obj
 0001:000102a4       ?m_ToString@Class_System_Version@@SIPAUClass_System_String@@PAU1@H@Z 020112a4 f   nvmac.obj
 0001:00010624       ?m_GetHashCode@Class_System_Version@@SIHPAU1@@Z 02011624 f   nvmac.obj
 0001:000106a8       ?m_get$_Major@Class_System_Version@@SIHPAU1@@Z 020116a8 f   nvmac.obj
 0001:000106c8       ?m_Equals@Class_System_Version@@SI_NPAU1@PAUClass_System_Object@@@Z 020116c8 f   nvmac.obj
 0001:00010788       ?m__ctor@Class_System_Version@@SIXPAU1@@Z 02011788 f   nvmac.obj
 0001:000107cc       ?m_Finalize@Class__nvmac_Microsoft_Singularity_Channels_TRef$_2$LMicrosoft_Singularity_Io_Net_NicDeviceContract_Exp_Microsoft_Singularity_Io_Net_NicDeviceContract_Start$G@@SIXPAU1@@Z 020117cc f   nvmac.obj
 0001:00010858       ?m_Acquire@Class__nvmac_Microsoft_Singularity_Channels_TRef$_2$LMicrosoft_Singularity_Io_Net_NicDeviceContract_Exp_Microsoft_Singularity_Io_Net_NicDeviceContract_Start$G@@SIPAUStruct_Microsoft_Singularity_Io_Net_NicDeviceContract_Exp@@PAU1@@Z 02011858 f   nvmac.obj
 0001:000108f4       ?m__ctor@Class__nvmac_Microsoft_Singularity_Channels_TRef$_2$LMicrosoft_Singularity_Io_Net_NicDeviceContract_Exp_Microsoft_Singularity_Io_Net_NicDeviceContract_Start$G@@SIXPAU1@PAUStruct_Microsoft_Singularity_Io_Net_NicDeviceContract_Exp@@@Z 020118f4 f   nvmac.obj
 0001:00010998       ?m__ctor@Class_System_Runtime_CompilerServices_InlineAttribute@@SIXPAU1@@Z 02011998 f   nvmac.obj
 0001:000109bc       ?m_FieldOffset@Class_System_GCs_Barrier_ZeroFieldsVisitor@@SIXPAU1@PAUuintPtr@@PAUStruct_System_GCs_ReferenceVisitor_ObjectDescriptor@@@Z 020119bc f   nvmac.obj
 0001:00010a58       ?m__ctor@Class_System_GCs_Barrier_ZeroFieldsVisitor@@SIXPAU1@@Z 02011a58 f   nvmac.obj
 0001:00010a7c       ?m__ctor@Class_System_Runtime_CompilerServices_CalledRarelyAttribute@@SIXPAU1@@Z 02011a7c f   nvmac.obj
 0001:00010aa0       ?g_VerifyPages@Class_System_GCs_Verifier@@SIXPAUClass_System_GCs_ObjectLayout_ObjectVisitor@@@Z 02011aa0 f   nvmac.obj
 0001:00010ec4       ?m_VerifyHeap@Class_System_GCs_Verifier@@SIXPAU1@@Z 02011ec4 f   nvmac.obj
 0001:0001116c       ?g_VerifyAllThreadsGCControlled@Class_System_GCs_Verifier@@SIXPAUClass_System_Threading_Thread@@@Z 0201216c f   nvmac.obj
 0001:000111f4       ?m__ctor@Class_System_GCs_Verifier@@SIXPAU1@PAUClass_System_GCs_NonNullReferenceVisitor@@1PAUClass_System_GCs_ObjectLayout_ObjectVisitor@@PAUClass_System_GCs_Verifier_StackVerifier@@@Z 020121f4 f   nvmac.obj
 0001:00011238       ?g__cctor@Class_System_GCs_Verifier@@SIXXZ 02012238 f   nvmac.obj
 0001:0001135c       ?m_StructCopy@Struct_System_UpdateLogWriter@@SIXPAU1@0@Z 0201235c f   nvmac.obj
 0001:00011390       ?m_StructCopy@Struct_System_UpdateLogWriter@@SIXPAU1@PAU1@@Z 02012390 f   nvmac.obj
 0001:0001142c       ?m_Equals@Struct_System_UpdateLogWriter@@SI_NPAU1@PAUClass_System_Object@@@Z 0201242c f   nvmac.obj
 0001:00011488       ?m_Equals@Struct_System_UpdateLogWriter@@SI_NPAUClass_System_UpdateLogWriter@@PAUClass_System_Object@@@Z 02012488 f   nvmac.obj
 0001:000114b4       ?m_ToString@uint8@@SIPAUClass_System_String@@PAE@Z 020124b4 f   nvmac.obj
 0001:00011500       ?m_ToString@uint8@@SIPAUClass_System_String@@PAEPAU2@@Z 02012500 f   nvmac.obj
 0001:0001154c       ?m_ToString@uint8@@SIPAUClass_System_String@@PAUClass_System_Byte@@@Z 0201254c f   nvmac.obj
 0001:00011574       ?m_ToString@uint8@@SIPAUClass_System_String@@PAUClass_System_Byte@@PAU2@@Z 02012574 f   nvmac.obj
 0001:000115a0       ?m_GetHashCode@uint8@@SIHPAE@Z 020125a0 f   nvmac.obj
 0001:000115c4       ?m_GetHashCode@uint8@@SIHPAUClass_System_Byte@@@Z 020125c4 f   nvmac.obj
 0001:000115ec       ?m_Equals@uint8@@SI_NPAEPAUClass_System_Object@@@Z 020125ec f   nvmac.obj
 0001:0001164c       ?m_Equals@uint8@@SI_NPAUClass_System_Byte@@PAUClass_System_Object@@@Z 0201264c f   nvmac.obj
 0001:00011678       ?g_WaitForPending@Struct_System_Finalizer@@SIXXZ 02012678 f   nvmac.obj
 0001:000116a8       ?g_VisitBootstrapData@Struct_System_Finalizer@@SIXPAUClass_System_GCs_DirectReferenceVisitor@@@Z 020126a8 f   nvmac.obj
 0001:00011710       ?g_VisitAllRunFinalizer@Struct_System_Finalizer@@SIXPAUClass_System_GCs_DirectReferenceVisitor@@_N1@Z 02012710 f   nvmac.obj
 0001:00011888       ?g_ThreadLoop@Struct_System_Finalizer@@SIXXZ 02012888 f   nvmac.obj
 0001:00011924       ?g_SuppressCandidate@Struct_System_Finalizer@@SIXPAUClass_System_Object@@@Z 02012924 f   nvmac.obj
 0001:00011b00       ?m_StructCopy@Struct_System_Finalizer@@SIXPAU1@0@Z 02012b00 f   nvmac.obj
 0001:00011b1c       ?m_StructCopy@Struct_System_Finalizer@@SIXPAU1@PAU1@@Z 02012b1c f   nvmac.obj
 0001:00011b70       ?g_StartFinalizerThread@Struct_System_Finalizer@@SIXXZ 02012b70 f   nvmac.obj
 0001:00011c50       ?g_Shutdown@Struct_System_Finalizer@@SIXXZ 02012c50 f   nvmac.obj
 0001:00011dc4       ?g_ResurrectCandidates@Struct_System_Finalizer@@SIXPAUClass_System_GCs_DirectReferenceVisitor@@0_N@Z 02012dc4 f   nvmac.obj
 0001:00012364       ?g_ReleaseCollectFinalizers@Struct_System_Finalizer@@SIXXZ 02013364 f   nvmac.obj
 0001:000123ac       ?g_RegisterCandidate@Struct_System_Finalizer@@SIXPAUClass_System_Object@@@Z 020133ac f   nvmac.obj
 0001:00012770       ?g_PrepareCollectFinalizers@Struct_System_Finalizer@@SIXXZ 02013770 f   nvmac.obj
 0001:0001285c       ?g_LinkToIndex@Struct_System_Finalizer@@SIHH@Z 0201385c f   nvmac.obj
 0001:0001288c       ?g_IsLink@Struct_System_Finalizer@@SI_NH@Z 0201388c f   nvmac.obj
 0001:000128b4       ?g_IndexToLink@Struct_System_Finalizer@@SIHH@Z 020138b4 f   nvmac.obj
 0001:000128d8       ?g_GetObjectFromRun@Struct_System_Finalizer@@SIPAUClass_System_Object@@XZ 020138d8 f   nvmac.obj
 0001:00012a74       ?m_Equals@Struct_System_Finalizer@@SI_NPAU1@PAUClass_System_Object@@@Z 02013a74 f   nvmac.obj
 0001:00012aac       ?m_Equals@Struct_System_Finalizer@@SI_NPAUClass_System_Finalizer@@PAUClass_System_Object@@@Z 02013aac f   nvmac.obj
 0001:00012ad8       ?g_CompactTables@Struct_System_Finalizer@@SIXXZ 02013ad8 f   nvmac.obj
 0001:00012aec       ?g__cctor@Struct_System_Finalizer@@SIXXZ 02013aec f   nvmac.obj
 0001:00012c80       ?m_StructCopy@Struct_Microsoft_Bartok_Runtime_PostHeader@@SIXPAU1@0@Z 02013c80 f   nvmac.obj
 0001:00012ca8       ?m_StructCopy@Struct_Microsoft_Bartok_Runtime_PostHeader@@SIXPAU1@PAU1@@Z 02013ca8 f   nvmac.obj
 0001:00012d20       ?m_Equals@Struct_Microsoft_Bartok_Runtime_PostHeader@@SI_NPAU1@PAUClass_System_Object@@@Z 02013d20 f   nvmac.obj
 0001:00012d6c       ?m_Equals@Struct_Microsoft_Bartok_Runtime_PostHeader@@SI_NPAUClass_Microsoft_Bartok_Runtime_PostHeader@@PAUClass_System_Object@@@Z 02013d6c f   nvmac.obj
 0001:00012d98       ?m_StructCopy@Struct_System_ArgIterator@@SIXPAU1@0@Z 02013d98 f   nvmac.obj
 0001:00012dcc       ?m_StructCopy@Struct_System_ArgIterator@@SIXPAU1@PAU1@@Z 02013dcc f   nvmac.obj
 0001:00012e68       ?m_GetArg@Struct_System_ArgIterator@@SIPAUClass_System_RuntimeType@@PAU1@HPAPAUintPtr@@@Z 02013e68 f   nvmac.obj
 0001:00012eec       ?m_get$_Length@Struct_System_ArgIterator@@SIHPAU1@@Z 02013eec f   nvmac.obj
 0001:00012f0c       ?m_Equals@Struct_System_ArgIterator@@SI_NPAU1@PAUClass_System_Object@@@Z 02013f0c f   nvmac.obj
 0001:00012f68       ?m_Equals@Struct_System_ArgIterator@@SI_NPAUClass_System_ArgIterator@@PAUClass_System_Object@@@Z 02013f68 f   nvmac.obj
 0001:00012f94       ?m__ctor@Struct_System_ArgIterator@@SIXPAU1@UStruct_System_RuntimeArgumentHandle@@@Z 02013f94 f   nvmac.obj
 0001:00012fdc       ?m_StructCopy@Struct_Microsoft_Singularity_Extending_ExtensionContract_NakShutdown@@SIXPAU1@0@Z 02013fdc f   nvmac.obj
 0001:00012ff8       ?m_StructCopy@Struct_Microsoft_Singularity_Extending_ExtensionContract_NakShutdown@@SIXPAU1@PAU1@@Z 02013ff8 f   nvmac.obj
 0001:0001304c       ?m_Equals@Struct_Microsoft_Singularity_Extending_ExtensionContract_NakShutdown@@SI_NPAU1@PAUClass_System_Object@@@Z 0201404c f   nvmac.obj
 0001:00013084       ?m_Equals@Struct_Microsoft_Singularity_Extending_ExtensionContract_NakShutdown@@SI_NPAUClass_Microsoft_Singularity_Extending_ExtensionContract_NakShutdown@@PAUClass_System_Object@@@Z 02014084 f   nvmac.obj
 0001:000130b0       ?g_UnderGCControl@Class_System_GCs_Transitions@@SI_NH@Z 020140b0 f   nvmac.obj
 0001:00013164       ?g_TransferMutatorControl@Class_System_GCs_Transitions@@SIXPAUStruct_Microsoft_Singularity_ThreadContext@@@Z 02014164 f   nvmac.obj
 0001:000132a4       ?g_TransferMutatorControl@Class_System_GCs_Transitions@@SIXPAHH@Z 020142a4 f   nvmac.obj
 0001:000133b8       ?g_ThreadStart@Class_System_GCs_Transitions@@SIXXZ 020143b8 f   nvmac.obj
 0001:000135a0       ?g_ThreadEnd@Class_System_GCs_Transitions@@SIXH@Z 020145a0 f   nvmac.obj
 0001:000137cc       ?g_TakeMutatorControlSlowNoGC@Class_System_GCs_Transitions@@SIXPAHH@Z 020147cc f   nvmac.obj
 0001:000137f8       ?g_TakeMutatorControlSlow@Class_System_GCs_Transitions@@SIXPAHH@Z 020147f8 f   nvmac.obj
 0001:00013824       ?g_TakeMutatorControlSlow@Class_System_GCs_Transitions@@SIXPAHH_N1@Z 02014824 f   nvmac.obj
 0001:000139f0       ?g_TakeMutatorControlNoGC@Class_System_GCs_Transitions@@SIXPAUStruct_Microsoft_Singularity_ThreadContext@@@Z 020149f0 f   nvmac.obj
 0001:00013b54       ?g_TakeMutatorControlNoGC@Class_System_GCs_Transitions@@SIXPAHH@Z 02014b54 f   nvmac.obj
 0001:00013c90       ?g_TakeMutatorControlNoGC@Class_System_GCs_Transitions@@SIXH@Z 02014c90 f   nvmac.obj
 0001:00013e80       ?g_TakeMutatorControl@Class_System_GCs_Transitions@@SIXPAUStruct_Microsoft_Singularity_ThreadContext@@@Z 02014e80 f   nvmac.obj
 0001:00013fe4       ?g_TakeMutatorControl@Class_System_GCs_Transitions@@SIXPAHH@Z 02014fe4 f   nvmac.obj
 0001:00014120       ?g_TakeMutatorControl@Class_System_GCs_Transitions@@SIXH@Z 02015120 f   nvmac.obj
 0001:00014310       ?g_TakeGCControl@Class_System_GCs_Transitions@@SI_NPAH@Z 02015310 f   nvmac.obj
 0001:000143d4       ?g_TakeGCControl@Class_System_GCs_Transitions@@SI_NH@Z 020153d4 f   nvmac.obj
 0001:00014550       ?g_TakeDormantControlNoGC@Class_System_GCs_Transitions@@SIXPAH@Z 02015550 f   nvmac.obj
 0001:000145fc       ?g_TakeDormantControlNoGC@Class_System_GCs_Transitions@@SIXH@Z 020155fc f   nvmac.obj
 0001:00014750       ?g_TakeDormantControl@Class_System_GCs_Transitions@@SIXPAUStruct_Microsoft_Singularity_ThreadContext@@@Z 02015750 f   nvmac.obj
 0001:0001485c       ?g_TakeDormantControl@Class_System_GCs_Transitions@@SIXPAHH@Z 0201585c f   nvmac.obj
 0001:00014930       ?g_TakeDormantControl@Class_System_GCs_Transitions@@SIXH@Z 02015930 f   nvmac.obj
 0001:00014a98       ?g_SwitchToMutatorStateWithGCRequest@Class_System_GCs_Transitions@@SI_NPAH@Z 02015a98 f   nvmac.obj
 0001:00014b04       ?g_SwitchToMutatorState@Class_System_GCs_Transitions@@SI_NPAH@Z 02015b04 f   nvmac.obj
 0001:00014bb4       ?g_RuntimeInitialized@Class_System_GCs_Transitions@@SIXXZ 02015bb4 f   nvmac.obj
 0001:00014bd0       ?g_ReturnToManagedSpace@Class_System_GCs_Transitions@@SIXPAUStruct_Microsoft_Singularity_ThreadContext@@@Z 02015bd0 f   nvmac.obj
 0001:00014db0       ?g_ReturnFromManagedSpaceNoCallerTransition@Class_System_GCs_Transitions@@SIXXZ 02015db0 f   nvmac.obj
 0001:00014ec4       ?g_ReturnFromManagedSpace@Class_System_GCs_Transitions@@SIXXZ 02015ec4 f   nvmac.obj
 0001:0001500c       ?g_RestoreMutatorControlIfNeeded@Class_System_GCs_Transitions@@SIXXZ 0201600c f   nvmac.obj
 0001:00015144       ?g_ReleaseGCControl@Class_System_GCs_Transitions@@SIXPAHH@Z 02016144 f   nvmac.obj
 0001:00015208       ?g_ReleaseGCControl@Class_System_GCs_Transitions@@SIXH@Z 02016208 f   nvmac.obj
 0001:00015368       ?g_NewThreadNotification@Class_System_GCs_Transitions@@SIXH_N@Z 02016368 f   nvmac.obj
 0001:00015508       ?g_MakeGCRequests@Class_System_GCs_Transitions@@SIXH@Z 02016508 f   nvmac.obj
 0001:00015630       ?g_MakeGCRequest@Class_System_GCs_Transitions@@SIXPAHH@Z 02016630 f   nvmac.obj
 0001:00015694       ?g_MakeGCRequest@Class_System_GCs_Transitions@@SIXH@Z 02016694 f   nvmac.obj
 0001:00015738       ?g_LeaveManagedSpace@Class_System_GCs_Transitions@@SIXPAUStruct_Microsoft_Singularity_ThreadContext@@@Z 02016738 f   nvmac.obj
 0001:00015878       ?g_LeaveLoadFunctionStub@Class_System_GCs_Transitions@@SIXXZ 02016878 f   nvmac.obj
 0001:000159e4       ?g_InMutatorState@Class_System_GCs_Transitions@@SI_NPAUStruct_Microsoft_Singularity_ThreadContext@@@Z 020169e4 f   nvmac.obj
 0001:00015a34       ?g_InMutatorState@Class_System_GCs_Transitions@@SI_NH@Z 02016a34 f   nvmac.obj
 0001:00015af0       ?g_Initialize@Class_System_GCs_Transitions@@SIXXZ 02016af0 f   nvmac.obj
 0001:00015b04       ?g_InDormantState@Class_System_GCs_Transitions@@SI_NH@Z 02016b04 f   nvmac.obj
 0001:00015bb4       ?g_HasGCRequest@Class_System_GCs_Transitions@@SI_NH@Z 02016bb4 f   nvmac.obj
 0001:00015c64       ?g_GetThreadContext@Class_System_GCs_Transitions@@SIPAUStruct_Microsoft_Singularity_ThreadContext@@H@Z 02016c64 f   nvmac.obj
 0001:00015cb4       ?g_GetCurrentThreadContext@Class_System_GCs_Transitions@@SIPAUStruct_Microsoft_Singularity_ThreadContext@@H@Z 02016cb4 f   nvmac.obj
 0001:00015d3c       ?g_fUnderGCControl@Class_System_GCs_Transitions@@SI_NH@Z 02016d3c f   nvmac.obj
 0001:00015d64       ?g_fInMutatorState@Class_System_GCs_Transitions@@SI_NH@Z 02016d64 f   nvmac.obj
 0001:00015d8c       ?g_fInDormantState@Class_System_GCs_Transitions@@SI_NH@Z 02016d8c f   nvmac.obj
 0001:00015db4       ?g_fHasGCRequest@Class_System_GCs_Transitions@@SI_NH@Z 02016db4 f   nvmac.obj
 0001:00015ddc       ?g_EntryIntoManagedSpace@Class_System_GCs_Transitions@@SIXXZ 02016ddc f   nvmac.obj
 0001:00015fc4       ?g_EnterLoadFunctionStub@Class_System_GCs_Transitions@@SIXXZ 02016fc4 f   nvmac.obj
 0001:000161bc       ?g_EnsureMutatorControlNoGC@Class_System_GCs_Transitions@@SIXPAUStruct_Microsoft_Singularity_ThreadContext@@@Z 020171bc f   nvmac.obj
 0001:0001639c       ?g_EnsureMutatorControlNoGC@Class_System_GCs_Transitions@@SIXPAHH@Z 0201739c f   nvmac.obj
 0001:00016554       ?g_EnsureMutatorControl@Class_System_GCs_Transitions@@SIXPAUStruct_Microsoft_Singularity_ThreadContext@@@Z 02017554 f   nvmac.obj
 0001:00016734       ?g_EnsureMutatorControl@Class_System_GCs_Transitions@@SIXPAHH@Z 02017734 f   nvmac.obj
 0001:000168ec       ?g_DeadThreadNotification@Class_System_GCs_Transitions@@SIXH@Z 020178ec f   nvmac.obj
 0001:00016a9c       ?g_CompareAndSwap@Class_System_GCs_Transitions@@SI_NPAHHH@Z 02017a9c f   nvmac.obj
 0001:00016ad0       ?g_ClearGCRequest@Class_System_GCs_Transitions@@SIXPAHH@Z 02017ad0 f   nvmac.obj
 0001:00016b7c       ?g_ClearGCRequest@Class_System_GCs_Transitions@@SIXH@Z 02017b7c f   nvmac.obj
 0001:00016c20       ?m__ctor@Class_System_GCs_Transitions@@SIXPAU1@@Z 02017c20 f   nvmac.obj
 0001:00016c3c       ?m_Write32@Class_Microsoft_Singularity_Io_PciPort@@SIXPAU1@HI@Z 02017c3c f   nvmac.obj
 0001:00016c84       ?m_Read8Impl@Class_Microsoft_Singularity_Io_PciPort@@SIEPAU1@H@Z 02017c84 f   nvmac.obj
 0001:00016cd8       ?m_Read8@Class_Microsoft_Singularity_Io_PciPort@@SIEPAU1@H@Z 02017cd8 f   nvmac.obj
 0001:00016d00       ?m_Read32Impl@Class_Microsoft_Singularity_Io_PciPort@@SIIPAU1@H@Z 02017d00 f   nvmac.obj
 0001:00016d58       ?m_Read32@Class_Microsoft_Singularity_Io_PciPort@@SIIPAU1@H@Z 02017d58 f   nvmac.obj
 0001:00016d80       ?m_Read16Impl@Class_Microsoft_Singularity_Io_PciPort@@SIGPAU1@H@Z 02017d80 f   nvmac.obj
 0001:00016dd8       ?m_Read16@Class_Microsoft_Singularity_Io_PciPort@@SIGPAU1@H@Z 02017dd8 f   nvmac.obj
 0001:00016e00       ?m_Finalize@Class_Microsoft_Singularity_Io_PciPort@@SIXPAU1@@Z 02017e00 f   nvmac.obj
 0001:00016e28       ?m__ctor@Class_Microsoft_Singularity_Io_PciPort@@SIXPAU1@UStruct_Microsoft_Singularity_V1_Services_PciPortHandle@@@Z 02017e28 f   nvmac.obj
 0001:00016e54       ?m_Visit@Class_System_GCs_Verifier_GenericObjectVisitor@@SIPAUuintPtr@@PAU1@PAUClass_System_Object@@@Z 02017e54 f   nvmac.obj
 0001:00016e80       ?m__ctor@Class_System_GCs_Verifier_GenericObjectVisitor@@SIXPAU1@PAUClass_System_GCs_NonNullReferenceVisitor@@@Z 02017e80 f   nvmac.obj
 0001:00016eb0       ?m_ToString@int64@@SIPAUClass_System_String@@PA_J@Z 02017eb0 f   nvmac.obj
 0001:00016ed8       ?m_ToString@int64@@SIPAUClass_System_String@@PA_JPAU2@@Z 02017ed8 f   nvmac.obj
 0001:00016f2c       ?m_ToString@int64@@SIPAUClass_System_String@@PAUClass_System_Int64@@@Z 02017f2c f   nvmac.obj
 0001:00016f54       ?m_ToString@int64@@SIPAUClass_System_String@@PAUClass_System_Int64@@PAU2@@Z 02017f54 f   nvmac.obj
 0001:00016f80       ?m_GetHashCode@int64@@SIHPA_J@Z 02017f80 f   nvmac.obj
 0001:00016fb4       ?m_GetHashCode@int64@@SIHPAUClass_System_Int64@@@Z 02017fb4 f   nvmac.obj
 0001:00016fdc       ?m_Equals@int64@@SI_NPA_JPAUClass_System_Object@@@Z 02017fdc f   nvmac.obj
 0001:0001704c       ?m_Equals@int64@@SI_NPAUClass_System_Int64@@PAUClass_System_Object@@@Z 0201804c f   nvmac.obj
 0001:00017078       ?m_StructCopy@Struct_Microsoft_Singularity_Io_Net_NicDeviceContract_GiveTxPacketsToDevice@@SIXPAU1@0@Z 02018078 f   nvmac.obj
 0001:000170a0       ?m_StructCopy@Struct_Microsoft_Singularity_Io_Net_NicDeviceContract_GiveTxPacketsToDevice@@SIXPAU1@PAU1@@Z 020180a0 f   nvmac.obj
 0001:00017118       ?m_Equals@Struct_Microsoft_Singularity_Io_Net_NicDeviceContract_GiveTxPacketsToDevice@@SI_NPAU1@PAUClass_System_Object@@@Z 02018118 f   nvmac.obj
 0001:00017160       ?m_Equals@Struct_Microsoft_Singularity_Io_Net_NicDeviceContract_GiveTxPacketsToDevice@@SI_NPAUClass_Microsoft_Singularity_Io_Net_NicDeviceContract_GiveTxPacketsToDevice@@PAUClass_System_Object@@@Z 02018160 f   nvmac.obj
 0001:0001718c       ?g_NewRegisteredCounters@Class_System_TryAllCounters@@SIPAU1@XZ 0201818c f   nvmac.obj
 0001:00017218       ?m_MergeCounters@Class_System_TryAllCounters@@SIXPAU1@0@Z 02018218 f   nvmac.obj
 0001:000179d8       ?m_IncrementWeakRefsClearedInUpdateLog@Class_System_TryAllCounters@@SIXPAU1@@Z 020189d8 f   nvmac.obj
 0001:00017a08       ?m_IncrementWeakRefsClearedInUpdateEnlistmentLog@Class_System_TryAllCounters@@SIXPAU1@@Z 02018a08 f   nvmac.obj
 0001:00017a38       ?m_IncrementWeakRefsClearedInReadEnlistmentLog@Class_System_TryAllCounters@@SIXPAU1@@Z 02018a38 f   nvmac.obj
 0001:00017a68       ?m_IncrementUpdatesInReadEnlistmentsAtGC@Class_System_TryAllCounters@@SIXPAU1@@Z 02018a68 f   nvmac.obj
 0001:00017a98       ?m_IncrementReadDuplicatesRemoved@Class_System_TryAllCounters@@SIXPAU1@@Z 02018a98 f   nvmac.obj
 0001:00017ac8       ?m_IncrementInvalidOutsideGC@Class_System_TryAllCounters@@SIXPAU1@@Z 02018ac8 f   nvmac.obj
 0001:00017af8       ?m_IncrementInvalidDuringGC@Class_System_TryAllCounters@@SIXPAU1@@Z 02018af8 f   nvmac.obj
 0001:00017b20       ?m_IncrementInvalidConflict@Class_System_TryAllCounters@@SIXPAU1@@Z 02018b20 f   nvmac.obj
 0001:00017b48       ?m_IncrementInflationSeen@Class_System_TryAllCounters@@SIXPAU1@@Z 02018b48 f   nvmac.obj
 0001:00017b70       ?m_IncrementEnlistmentOverflow@Class_System_TryAllCounters@@SIXPAU1@@Z 02018b70 f   nvmac.obj
 0001:00017b98       ?m_IncrementCachesCreated@Class_System_TryAllCounters@@SIXPAU1@@Z 02018b98 f   nvmac.obj
 0001:00017bc0       ?m_DumpStats@Class_System_TryAllCounters@@SIXPAU1@@Z 02018bc0 f   nvmac.obj
 0001:0001a0f0       ?g_DumpRegisteredCounters@Class_System_TryAllCounters@@SIXXZ 0201b0f0 f   nvmac.obj
 0001:0001a180       ?m__ctor@Class_System_TryAllCounters@@SIXPAU1@@Z 0201b180 f   nvmac.obj
 0001:0001a19c       ?g__cctor@Class_System_TryAllCounters@@SIXXZ 0201b19c f   nvmac.obj
 0001:0001a1cc       ?m_StructCopy@Struct_Microsoft_Singularity_Io_Net_NicDeviceContract_GiveRxPacketsToDevice@@SIXPAU1@0@Z 0201b1cc f   nvmac.obj
 0001:0001a1f4       ?m_StructCopy@Struct_Microsoft_Singularity_Io_Net_NicDeviceContract_GiveRxPacketsToDevice@@SIXPAU1@PAU1@@Z 0201b1f4 f   nvmac.obj
 0001:0001a26c       ?m_Equals@Struct_Microsoft_Singularity_Io_Net_NicDeviceContract_GiveRxPacketsToDevice@@SI_NPAU1@PAUClass_System_Object@@@Z 0201b26c f   nvmac.obj
 0001:0001a2b4       ?m_Equals@Struct_Microsoft_Singularity_Io_Net_NicDeviceContract_GiveRxPacketsToDevice@@SI_NPAUClass_Microsoft_Singularity_Io_Net_NicDeviceContract_GiveRxPacketsToDevice@@PAUClass_System_Object@@@Z 0201b2b4 f   nvmac.obj
 0001:0001a2e0       ?g_WriteHelperShort@Class_System_Buffer@@SIXPAFF_N@Z 0201b2e0 f   nvmac.obj
 0001:0001a324       ?g_WriteHelperInt@Class_System_Buffer@@SIXPAHH_N@Z 0201b324 f   nvmac.obj
 0001:0001a360       ?g_WriteHelperByte@Class_System_Buffer@@SIXPAEE_N@Z 0201b360 f   nvmac.obj
 0001:0001a39c       ?g_ReadHelperShort@Class_System_Buffer@@SIFPAF_N@Z 0201b39c f   nvmac.obj
 0001:0001a3d4       ?g_ReadHelperInt@Class_System_Buffer@@SIHPAH_N@Z 0201b3d4 f   nvmac.obj
 0001:0001a408       ?g_ReadHelperByte@Class_System_Buffer@@SIEPAE_N@Z 0201b408 f   nvmac.obj
 0001:0001a43c       ?g_MoveMemoryVolatile@Class_System_Buffer@@SIXPAE0H@Z 0201b43c f   nvmac.obj
 0001:0001ad20       ?g_MoveMemoryImpl@Class_System_Buffer@@SIXPAE0H_N@Z 0201bd20 f   nvmac.obj
 0001:0001ba68       ?g_MoveMemory@Class_System_Buffer@@SIXPAE0PAUuintPtr@@@Z 0201ca68 f   nvmac.obj
 0001:0001ba98       ?g_InitMemoryVolatile@Class_System_Buffer@@SIXPAEEH@Z 0201ca98 f   nvmac.obj
 0001:0001bcf8       ?g_InitMemoryImpl@Class_System_Buffer@@SIXPAEEH_N@Z 0201ccf8 f   nvmac.obj
 0001:0001bf88       ?g_InitMemory@Class_System_Buffer@@SIXPAEEH@Z 0201cf88 f   nvmac.obj
 0001:0001c1e8       ?m__ctor@Class_System_Buffer@@SIXPAU1@@Z 0201d1e8 f   nvmac.obj
 0001:0001c204       ?m_UnExpose@Struct_Microsoft_Singularity_Io_Net_NicDeviceProperties@@SIXPAU1@@Z 0201d204 f   nvmac.obj
 0001:0001c220       ?g_TransferOwnership@Struct_Microsoft_Singularity_Io_Net_NicDeviceProperties@@SIXPAUStruct_Microsoft_Singularity_Channels_Endpoint@@PAU1@@Z 0201d220 f   nvmac.obj
 0001:0001c264       ?m_TransferContentsOwnership@Struct_Microsoft_Singularity_Io_Net_NicDeviceProperties@@SIXPAU1@PAUStruct_Microsoft_Singularity_Channels_Endpoint@@@Z 0201d264 f   nvmac.obj
 0001:0001c2f0       ?m_StructCopy@Struct_Microsoft_Singularity_Io_Net_NicDeviceProperties@@SIXPAU1@0@Z 0201d2f0 f   nvmac.obj
 0001:0001c384       ?m_StructCopy@Struct_Microsoft_Singularity_Io_Net_NicDeviceProperties@@SIXPAU1@PAU1@@Z 0201d384 f   nvmac.obj
 0001:0001c540       ?m_MarshallContent@Struct_Microsoft_Singularity_Io_Net_NicDeviceProperties@@SIXPAU1@PAEPAUStruct_Microsoft_Singularity_Channels_Endpoint@@1@Z 0201d540 f   nvmac.obj
 0001:0001c73c       ?m_Expose@Struct_Microsoft_Singularity_Io_Net_NicDeviceProperties@@SIXPAU1@@Z 0201d73c f   nvmac.obj
 0001:0001c758       ?m_Equals@Struct_Microsoft_Singularity_Io_Net_NicDeviceProperties@@SI_NPAU1@PAUClass_System_Object@@@Z 0201d758 f   nvmac.obj
 0001:0001c8d0       ?m_Equals@Struct_Microsoft_Singularity_Io_Net_NicDeviceProperties@@SI_NPAUClass_Microsoft_Singularity_Io_Net_NicDeviceProperties@@PAUClass_System_Object@@@Z 0201d8d0 f   nvmac.obj
 0001:0001c8fc       ?m_ToString@Class_Microsoft_Singularity_Io_IoIrqRange@@SIPAUClass_System_String@@PAU1@@Z 0201d8fc f   nvmac.obj
 0001:0001c978       ?m_IrqAtOffset@Class_Microsoft_Singularity_Io_IoIrqRange@@SIPAUClass_Microsoft_Singularity_Io_IoIrq@@PAU1@E@Z 0201d978 f   nvmac.obj
 0001:0001ca0c       ?m__ctor@Class_Microsoft_Singularity_Io_IoIrqRange@@SIXPAU1@EE@Z 0201da0c f   nvmac.obj
 0001:0001ca44       ?m_StructCopy@Struct_Microsoft_Singularity_V1_Services_PageTableService@@SIXPAU1@0@Z 0201da44 f   nvmac.obj
 0001:0001ca60       ?m_StructCopy@Struct_Microsoft_Singularity_V1_Services_PageTableService@@SIXPAU1@PAU1@@Z 0201da60 f   nvmac.obj
 0001:0001cab4       ?g_Query@Struct_Microsoft_Singularity_V1_Services_PageTableService@@SI_NPAUuintPtr@@PAPAU2@1@Z 0201dab4 f   nvmac.obj
 0001:0001cb1c       ?m_Equals@Struct_Microsoft_Singularity_V1_Services_PageTableService@@SI_NPAU1@PAUClass_System_Object@@@Z 0201db1c f   nvmac.obj
 0001:0001cb54       ?m_Equals@Struct_Microsoft_Singularity_V1_Services_PageTableService@@SI_NPAUClass_Microsoft_Singularity_V1_Services_PageTableService@@PAUClass_System_Object@@@Z 0201db54 f   nvmac.obj
 0001:0001cb80       ?m_StructCopy@Struct_Microsoft_Singularity_ThreadContext@@SIXPAU1@0@Z 0201db80 f   nvmac.obj
 0001:0001cd30       ?m_StructCopy@Struct_Microsoft_Singularity_ThreadContext@@SIXPAU1@PAU1@@Z 0201dd30 f   nvmac.obj
 0001:0001d240       ?m_SetProcessMode@Struct_Microsoft_Singularity_ThreadContext@@SIXPAU1@@Z 0201e240 f   nvmac.obj
 0001:0001d27c       ?m_SetKernelMode@Struct_Microsoft_Singularity_ThreadContext@@SIXPAU1@@Z 0201e27c f   nvmac.obj
 0001:0001d2bc       ?g_ParentModeMarker@Struct_Microsoft_Singularity_ThreadContext@@SIPAUStruct_System_GCs_CallStack_TransitionRecord@@PAU2@@Z 0201e2bc f   nvmac.obj
 0001:0001d310       ?m_IsInKernelMode@Struct_Microsoft_Singularity_ThreadContext@@SI_NPAU1@@Z 0201e310 f   nvmac.obj
 0001:0001d36c       ?m_get$_thread@Struct_Microsoft_Singularity_ThreadContext@@SIPAUClass_System_Threading_Thread@@PAU1@@Z 0201e36c f   nvmac.obj
 0001:0001d390       ?m_Equals@Struct_Microsoft_Singularity_ThreadContext@@SI_NPAU1@PAUClass_System_Object@@@Z 0201e390 f   nvmac.obj
 0001:0001d630       ?m_Equals@Struct_Microsoft_Singularity_ThreadContext@@SI_NPAUClass_Microsoft_Singularity_ThreadContext@@PAUClass_System_Object@@@Z 0201e630 f   nvmac.obj
 0001:0001d65c       ?m__ctor@Class_System_UpdateEnlistmentLog_LogChunk@@SIXPAU1@PAUClassVector_Struct_System_UpdateEnlistmentLog_Entry@@0@Z 0201e65c f   nvmac.obj
 0001:0001d698       ?m_ToString@int8@@SIPAUClass_System_String@@PAC@Z 0201e698 f   nvmac.obj
 0001:0001d6c0       ?m_ToString@int8@@SIPAUClass_System_String@@PACPAU2@@Z 0201e6c0 f   nvmac.obj
 0001:0001d7b8       ?m_ToString@int8@@SIPAUClass_System_String@@PAUClass_System_SByte@@@Z 0201e7b8 f   nvmac.obj
 0001:0001d7e0       ?m_ToString@int8@@SIPAUClass_System_String@@PAUClass_System_SByte@@PAU2@@Z 0201e7e0 f   nvmac.obj
 0001:0001d80c       ?m_GetHashCode@int8@@SIHPAC@Z 0201e80c f   nvmac.obj
 0001:0001d83c       ?m_GetHashCode@int8@@SIHPAUClass_System_SByte@@@Z 0201e83c f   nvmac.obj
 0001:0001d864       ?m_Equals@int8@@SI_NPACPAUClass_System_Object@@@Z 0201e864 f   nvmac.obj
 0001:0001d8c4       ?m_Equals@int8@@SI_NPAUClass_System_SByte@@PAUClass_System_Object@@@Z 0201e8c4 f   nvmac.obj
 0001:0001d8f0       ?m_Visit@Class_System_GCs_MarkSweepCollector_UpdateReferenceVisitor@@SIXPAU1@PAPAUuintPtr@@@Z 0201e8f0 f   nvmac.obj
 0001:0001db98       ?m__ctor@Class_System_GCs_MarkSweepCollector_UpdateReferenceVisitor@@SIXPAU1@@Z 0201eb98 f   nvmac.obj
 0001:0001dbbc       ?m_set$_Value@Class_System_MutableInt32@@SIXPAU1@H@Z 0201ebbc f   nvmac.obj
 0001:0001dbe4       ?m_get$_Value@Class_System_MutableInt32@@SIHPAU1@@Z 0201ebe4 f   nvmac.obj
 0001:0001dc04       ?m__ctor@Class_System_MutableInt32@@SIXPAU1@H@Z 0201ec04 f   nvmac.obj
 0001:0001dc2c       ?m_StructCopy@Struct_Microsoft_Singularity_Isal_IX_Gdtp@@SIXPAU1@0@Z 0201ec2c f   nvmac.obj
 0001:0001dc70       ?m_StructCopy@Struct_Microsoft_Singularity_Isal_IX_Gdtp@@SIXPAU1@PAU1@@Z 0201ec70 f   nvmac.obj
 0001:0001dd3c       ?m_Equals@Struct_Microsoft_Singularity_Isal_IX_Gdtp@@SI_NPAU1@PAUClass_System_Object@@@Z 0201ed3c f   nvmac.obj
 0001:0001ddac       ?m_Equals@Struct_Microsoft_Singularity_Isal_IX_Gdtp@@SI_NPAUClass_Microsoft_Singularity_Isal_IX_Gdtp@@PAUClass_System_Object@@@Z 0201edac f   nvmac.obj
 0001:0001ddd8       ?m__ctor@Class_System_Threading_ThreadStateException@@SIXPAU1@@Z 0201edd8 f   nvmac.obj
 0001:0001de00       ?m__ctor@Class_System_Threading_ThreadStateException@@SIXPAU1@PAUClass_System_String@@@Z 0201ee00 f   nvmac.obj
 0001:0001de28       ?g_WaitForPendingFinalizers@Class_System_GC@@SIXXZ 0201ee28 f   nvmac.obj
 0001:0001de40       ?g_ThreadStartNotification@Class_System_GC@@SIXH@Z 0201ee40 f   nvmac.obj
 0001:0001de6c       ?g_ThreadDormantGCNotification@Class_System_GC@@SIXH@Z 0201ee6c f   nvmac.obj
 0001:0001de98       ?g_SuppressFinalize@Class_System_GC@@SIXPAUClass_System_Object@@@Z 0201ee98 f   nvmac.obj
 0001:0001df00       ?g_Shutdown@Class_System_GC@@SIXXZ 0201ef00 f   nvmac.obj
 0001:0001df28       ?g_SetProfiler@Class_System_GC@@SIXPAUClass_System_GCs_GCProfiler@@@Z 0201ef28 f   nvmac.obj
 0001:0001df5c       ?g_NewThreadNotification@Class_System_GC@@SIXPAUClass_System_Threading_Thread@@_N@Z 0201ef5c f   nvmac.obj
 0001:0001df98       ?g_nativeSuppressFinalize@Class_System_GC@@SIXPAUClass_System_Object@@@Z 0201ef98 f   nvmac.obj
 0001:0001dfbc       ?g_KeepAlive@Class_System_GC@@SIXPAUClass_System_Object@@@Z 0201efbc f   nvmac.obj
 0001:0001dfe8       ?g_InvokeCollection@Class_System_GC@@SIXPAUClass_System_Threading_Thread@@@Z 0201efe8 f   nvmac.obj
 0001:0001e014       ?g_Initialize@Class_System_GC@@SIXXZ 0201f014 f   nvmac.obj
 0001:0001e04c       ?g_GetTotalMemory@Class_System_GC@@SI_J_N@Z 0201f04c f   nvmac.obj
 0001:0001e1bc       ?g_get$_MaxGeneration@Class_System_GC@@SIHXZ 0201f1bc f   nvmac.obj
 0001:0001e1e0       ?g_get$_IsProfiling@Class_System_GC@@SI_NXZ 0201f1e0 f   nvmac.obj
 0001:0001e1f8       ?g_FinishInitializeThread@Class_System_GC@@SIXXZ 0201f1f8 f   nvmac.obj
 0001:0001e210       ?g_EnableHeap@Class_System_GC@@SIXXZ 0201f210 f   nvmac.obj
 0001:0001e258       ?g_DestructHeap@Class_System_GC@@SIXXZ 0201f258 f   nvmac.obj
 0001:0001e280       ?g_DeadThreadNotification@Class_System_GC@@SIXPAUClass_System_Threading_Thread@@@Z 0201f280 f   nvmac.obj
[...]
 0003:00014b18       ?c_UnlinkStackLimit@Class_System_GCs_CallStack@@2IA 020acb18     nvmac.obj
 0003:00014b1c       ?c_internedStringVector@Class_System_String@@2PAUClassVector_Class_System_String@@A 020acb1c     nvmac.obj
 0003:00014b20       ?c_TrimTail@Class_System_String@@2HA 020acb20     nvmac.obj
 0003:00014b20       ?c_TrimHead@Class_System_String@@2HA 020acb20     nvmac.obj
 0003:00014b20       ?c_HighCharTable@Class_System_String@@2PAUClassVector_bool@@A 020acb20     nvmac.obj
 0003:00014bb0       ?c_TrimBoth@Class_System_String@@2HA 020acbb0     nvmac.obj
 0003:00014bb0       ?c_internedStringHashCodes@Class_System_String@@2PAUClassVector_int32@@A 020acbb0     nvmac.obj
 0003:00014bb4       ?c_internedStringBound@Class_System_String@@2HA 020acbb4     nvmac.obj
 0003:00014bb8       ?c_Empty@Class_System_String@@2PAU1@A 020acbb8     nvmac.obj
 0003:00014bbc       ?c_internedStringCount@Class_System_String@@2HA 020acbbc     nvmac.obj
 0003:00014bc0       ?c_unicodeTableLevel3@Class_System_Globalization_CompareInfo@@2PAUClassVector_uint16@@A 020acbc0     nvmac.obj
 0003:00016210       ?c_caseTableLevel2@Class_System_Globalization_CompareInfo@@2PAUClassVector_int16@@A 020ae210     nvmac.obj
 0003:000165a0       ?c_diacriticTableLevel1@Class_System_Globalization_CompareInfo@@2PAUClassVector_int16@@A 020ae5a0     nvmac.obj
 0003:000167b0       ?c_unicodeTableLevel1@Class_System_Globalization_CompareInfo@@2PAUClassVector_int16@@A 020ae7b0     nvmac.obj
 0003:000169c0       ?c_caseTableLevel3@Class_System_Globalization_CompareInfo@@2PAUClassVector_uint8@@A 020ae9c0     nvmac.obj
 0003:00016f90       ?c_diacriticTableLevel3@Class_System_Globalization_CompareInfo@@2PAUClassVector_uint8@@A 020aef90     nvmac.obj
 0003:00017790       ?c_unicodeTableLevel2@Class_System_Globalization_CompareInfo@@2PAUClassVector_int16@@A 020af790     nvmac.obj
 0003:00017b40       ?c_caseTableLevel1@Class_System_Globalization_CompareInfo@@2PAUClassVector_int16@@A 020afb40     nvmac.obj
 0003:00017d50       ?c_diacriticTableLevel2@Class_System_Globalization_CompareInfo@@2PAUClassVector_int16@@A 020afd50     nvmac.obj
 0003:00018100       ?c_TypeStorageHandle@Class_Microsoft_Singularity_GCProfilerLogger@@2IA 020b0100     nvmac.obj
 0003:00018104       ?c_CurrentProfiler@Class_Microsoft_Singularity_GCProfilerLogger@@2PAU1@A 020b0104     nvmac.obj
 0003:00018108       ?c_StorageHandle@Class_Microsoft_Singularity_GCProfilerLogger@@2IA 020b0108     nvmac.obj
 0003:0001810c       ?c_lowerCaseTable@Class_System_Globalization_TextInfo@@2PAUClassVector_int16@@A 020b010c     nvmac.obj
 0003:000189fc       ?c_upperCaseTable@Class_System_Globalization_TextInfo@@2PAUClassVector_int16@@A 020b09fc     nvmac.obj
 0003:0001930c       ?c_limitPtr@Class_System_GCs_BootstrapMemory@@2IA 020b130c     nvmac.obj
 0003:00019310       ?c_allocPtr@Class_System_GCs_BootstrapMemory@@2IA 020b1310     nvmac.obj
 0003:00019318       ?c_Infinite@Struct_System_TimeSpan@@2?AU1@A 020b1318     nvmac.obj
 0003:00019320       ?c_TicksPerMinute@Struct_System_TimeSpan@@2_JA 020b1320     nvmac.obj
 0003:00019320       ?c_MinSeconds@Struct_System_TimeSpan@@2_JA 020b1320     nvmac.obj
 0003:00019320       ?c_MillisPerSecond@Struct_System_TimeSpan@@2HA 020b1320     nvmac.obj
 0003:00019320       ?c_MillisPerMinute@Struct_System_TimeSpan@@2HA 020b1320     nvmac.obj
 0003:00019320       ?c_MaxSeconds@Struct_System_TimeSpan@@2_JA 020b1320     nvmac.obj
 0003:00019320       ?c_TicksPerDay@Struct_System_TimeSpan@@2_JA 020b1320     nvmac.obj
 0003:00019320       ?c_MinValue@Struct_System_TimeSpan@@2?AU1@A 020b1320     nvmac.obj
 0003:00019320       ?c_TicksPerHour@Struct_System_TimeSpan@@2_JA 020b1320     nvmac.obj
 0003:00019328       ?c_MaxValue@Struct_System_TimeSpan@@2?AU1@A 020b1328     nvmac.obj
 0003:00019328       ?c_MillisPerHour@Struct_System_TimeSpan@@2HA 020b1328     nvmac.obj
 0003:00019328       ?c_TicksPerSecond@Struct_System_TimeSpan@@2_JA 020b1328     nvmac.obj
 0003:00019330       ?c_Zero@Struct_System_TimeSpan@@2?AU1@A 020b1330     nvmac.obj
 0003:00019338       ?c_MillisPerDay@Struct_System_TimeSpan@@2HA 020b1338     nvmac.obj
 0003:00019338       ?c_TicksPerMillisecond@Struct_System_TimeSpan@@2_JA 020b1338     nvmac.obj
 0003:00019338       ?c_MinMilliSeconds@Struct_System_TimeSpan@@2_JA 020b1338     nvmac.obj
 0003:00019338       ?c_MinValue@Struct_System_Decimal@@2?AU1@A 020b1338     nvmac.obj
 0003:00019338       ?c_MaxMilliSeconds@Struct_System_TimeSpan@@2_JA 020b1338     nvmac.obj
 0003:00019338       ?c_ScaleShift@Struct_System_Decimal@@2HA 020b1338     nvmac.obj
 0003:00019348       ?c_Zero@Struct_System_Decimal@@2?AU1@A 020b1348     nvmac.obj
 0003:00019358       ?c_MaxValue@Struct_System_Decimal@@2?AU1@A 020b1358     nvmac.obj
 0003:00019358       ?c_SignMask@Struct_System_Decimal@@2HA 020b1358     nvmac.obj
 0003:00019368       ?c_ScaleMask@Struct_System_Decimal@@2HA 020b1368     nvmac.obj
 0003:00019368       ?c_One@Struct_System_Decimal@@2?AU1@A 020b1368     nvmac.obj
 0003:00019378       ?c_MinusOne@Struct_System_Decimal@@2?AU1@A 020b1378     nvmac.obj
 0003:00019388       ?c_$_rangeMessage@Class_System_ArgumentOutOfRangeException@@2PAUClass_System_String@@A 020b1388     nvmac.obj
 0003:0001938c       ?c_Zero@uintPtr@@2IA       020b138c     nvmac.obj
 0003:00019390       ?c_MaxValue@uintPtr@@2IA   020b1390     nvmac.obj
 0003:00019394       ?c_Size@uintPtr@@2HA       020b1394     nvmac.obj
 0003:00019398       ?c_dummyGlobal@Class_System_GC@@2PAUClass_System_Object@@A 020b1398     nvmac.obj
 0003:00019398       ?c_MaxValue@uint32@@2IA    020b1398     nvmac.obj
 0003:00019398       ?c_MinValue@uint32@@2IA    020b1398     nvmac.obj
 0003:0001939c       ?c_MaxHeapPages@Class_System_GC@@2HA 020b139c     nvmac.obj
 0003:000193a0       ?c_allocationGCInhibitCount@Class_System_GC@@2HA 020b13a0     nvmac.obj
 0003:000193a4       ?c_isProfiling@Class_System_GC@@2_NA 020b13a4     nvmac.obj
 0003:000193a8       ?c_installedGC@Class_System_GC@@2PAUClass_System_GCs_Collector@@A 020b13a8     nvmac.obj
 0003:000193ac       ?c_perfCounter@Class_System_GC@@2IA 020b13ac     nvmac.obj
 0003:000193b0       ?c_TryAllCountersList@Class_System_TryAllCounters@@2PAU1@A 020b13b0     nvmac.obj
 0003:000193b4       ?c_TryAllCountersLock@Class_System_TryAllCounters@@2PAUClass_System_Object@@A 020b13b4     nvmac.obj
 0003:000193b8       ?c_OtherMutatorState@Class_System_GCs_Transitions@@2HA 020b13b8     nvmac.obj
 0003:000193b8       ?c_MaxValue@int64@@2_JA    020b13b8     nvmac.obj
 0003:000193b8       ?c_fInitializedRuntime@Class_System_GCs_Transitions@@2_NA 020b13b8     nvmac.obj
 0003:000193b8       ?c_MinValue@int64@@2_JA    020b13b8     nvmac.obj
 0003:000193b8       ?c_MutatorState@Class_System_GCs_Transitions@@2HA 020b13b8     nvmac.obj
 0003:000193b8       ?c_DormantState@Class_System_GCs_Transitions@@2HA 020b13b8     nvmac.obj
 0003:000193bc       ?c_OtherDormantState@Class_System_GCs_Transitions@@2HA 020b13bc     nvmac.obj
 0003:000193bc       ?c_CandidateTable@Struct_System_Finalizer@@2PAUClassVector_ClassVector_uintPtr@@A 020b13bc     nvmac.obj
 0003:000193c0       ?c_lastCandidateIndex@Struct_System_Finalizer@@2HA 020b13c0     nvmac.obj
 0003:000193c4       ?c_WaitForPendingShouldReturn@Struct_System_Finalizer@@2PAUClass_System_Threading_ManualResetEvent@@A 020b13c4     nvmac.obj
 0003:000193c8       ?c_spinLock@Struct_System_Finalizer@@2?AUStruct_System_Threading_SpinLock@@A 020b13c8     nvmac.obj
 0003:000193d0       ?c_finalizerThread@Struct_System_Finalizer@@2PAUClass_System_Threading_Thread@@A 020b13d0     nvmac.obj
 0003:000193d4       ?c_WaitingToRun@Struct_System_Finalizer@@2HA 020b13d4     nvmac.obj
 0003:000193d8       ?c_CandidateTableShadow@Struct_System_Finalizer@@2PAUClassVector_ClassVector_uintPtr@@A 020b13d8     nvmac.obj
 0003:000193dc       ?c_freeCandidateLink@Struct_System_Finalizer@@2HA 020b13dc     nvmac.obj
 0003:000193e0       ?c_LastTableRun@Struct_System_Finalizer@@2HA 020b13e0     nvmac.obj
 0003:000193e4       ?c_WorkExistsForFinalizerThread@Struct_System_Finalizer@@2PAUClass_System_Threading_AutoResetEvent@@A 020b13e4     nvmac.obj
 0003:000193e8       ?c_LastEntryRun@Struct_System_Finalizer@@2HA 020b13e8     nvmac.obj
 0003:000193ec       ?c_RunFinalizerTable@Struct_System_Finalizer@@2PAUClassVector_ClassVector_uintPtr@@A 020b13ec     nvmac.obj
 0003:000193f0       ?c_RunFinalizerTableShadow@Struct_System_Finalizer@@2PAUClassVector_ClassVector_uintPtr@@A 020b13f0     nvmac.obj
 0003:000193f4       ?c_madeRunnable@Struct_System_Finalizer@@2_NA 020b13f4     nvmac.obj
 0003:000193f5       ?c_running@Struct_System_Finalizer@@2_NA 020b13f5     nvmac.obj
 0003:000193f6       ?c_doneWarning@Class_System_RuntimeType@@2_NA 020b13f6     nvmac.obj
 0003:000193f7       ?c_MaxValue@uint8@@2EA     020b13f7     nvmac.obj
 0003:000193f7       ?c_MinValue@uint8@@2EA     020b13f7     nvmac.obj
 0003:000193f8       ?c_genericReferenceVisitor@Class_System_GCs_Verifier@@2PAUClass_System_GCs_Verifier_GenericReferenceVisitor@@A 020b13f8     nvmac.obj
 0003:000193fc       ?c_genericStackVerifier@Class_System_GCs_Verifier@@2PAUClass_System_GCs_Verifier_GenericStackVerifier@@A 020b13fc     nvmac.obj
 0003:00019400       ?c_segregatedFreeListVerifier@Class_System_GCs_Verifier@@2PAU1@A 020b1400     nvmac.obj
 0003:00019404       ?c_genericThreadReferenceVisitor@Class_System_GCs_Verifier@@2PAUClass_System_GCs_Verifier_GenericThreadReferenceVisitor@@A 020b1404     nvmac.obj
 0003:00019408       ?c_genericObjectVisitor@Class_System_GCs_Verifier@@2PAUClass_System_GCs_Verifier_GenericObjectVisitor@@A 020b1408     nvmac.obj
 0003:0001940c       ?c_bumpAllocatorVerifier@Class_System_GCs_Verifier@@2PAU1@A 020b140c     nvmac.obj
 0003:00019410       ?c_buffer@Class_Microsoft_Singularity_Monitoring@@2PAEA 020b1410     nvmac.obj
 0003:00019414       ?c_TrueString@bool@@2PAUClass_System_String@@A 020b1414     nvmac.obj
 0003:00019418       ?c_FalseString@bool@@2PAUClass_System_String@@A 020b1418     nvmac.obj
 0003:0001941c       ?c_False@bool@@2HA         020b141c     nvmac.obj
 0003:0001941c       ?c_True@bool@@2HA          020b141c     nvmac.obj
 0003:0001941c       ?c_negPercentFormats@Class_System_Number@@2PAUClassVector_Class_System_String@@A 020b141c     nvmac.obj
 0003:00019420       ?c_posNumberFormat@Class_System_Number@@2PAUClass_System_String@@A 020b1420     nvmac.obj
 0003:00019424       ?c_negNumberFormats@Class_System_Number@@2PAUClassVector_Class_System_String@@A 020b1424     nvmac.obj
 0003:00019428       ?c_posPercentFormats@Class_System_Number@@2PAUClassVector_Class_System_String@@A 020b1428     nvmac.obj
 0003:0001942c       ?c_SR$$0@Class_Microsoft_Singularity_Drivers_Network_nForce4_NvMacController@@2PAUClassVector_ClassVector_int32@@A 020b142c     nvmac.obj
 0003:00019430       ?c_IllegalInstruction@Struct_Microsoft_Singularity_Isal_IX_EVectors@@2IA 020b1430     nvmac.obj
 0003:00019430       ?c_DebuggerBreakRequest@Struct_Microsoft_Singularity_Isal_IX_EVectors@@2IA 020b1430     nvmac.obj
 0003:00019430       ?c_SecondChanceException@Struct_Microsoft_Singularity_Isal_IX_EVectors@@2IA 020b1430     nvmac.obj
 0003:00019430       ?c_AlignmentCheck@Struct_Microsoft_Singularity_Isal_IX_EVectors@@2IA 020b1430     nvmac.obj
 0003:00019430       ?c_SseMathFault@Struct_Microsoft_Singularity_Isal_IX_EVectors@@2IA 020b1430     nvmac.obj
 0003:00019430       ?c_OverflowException@Struct_Microsoft_Singularity_Isal_IX_EVectors@@2IA 020b1430     nvmac.obj
 0003:00019430       ?c_FirstChanceException@Struct_Microsoft_Singularity_Isal_IX_EVectors@@2IA 020b1430     nvmac.obj
 0003:00019430       ?c_IntelReserved@Struct_Microsoft_Singularity_Isal_IX_EVectors@@2IA 020b1430     nvmac.obj
 0003:00019430       ?c_CoprocessorNotAvailable@Struct_Microsoft_Singularity_Isal_IX_EVectors@@2IA 020b1430     nvmac.obj
 0003:00019430       ?c_GCSynchronization@Struct_Microsoft_Singularity_Isal_IX_EVectors@@2IA 020b1430     nvmac.obj
 0003:00019430       ?c_FpuMathFault@Struct_Microsoft_Singularity_Isal_IX_EVectors@@2IA 020b1430     nvmac.obj
 0003:00019430       ?c_MachineCheck@Struct_Microsoft_Singularity_Isal_IX_EVectors@@2IA 020b1430     nvmac.obj
 0003:00019430       ?c_DivideError@Struct_Microsoft_Singularity_Isal_IX_EVectors@@2IA 020b1430     nvmac.obj
 0003:00019430       ?c_SpuriousInterrupt@Struct_Microsoft_Singularity_Isal_IX_EVectors@@2IA 020b1430     nvmac.obj
 0003:00019430       ?c_IoLastVector@Struct_Microsoft_Singularity_Isal_IX_EVectors@@2IA 020b1430     nvmac.obj
 0003:00019430       ?c_IoBaseVector@Struct_Microsoft_Singularity_Isal_IX_EVectors@@2IA 020b1430     nvmac.obj
 0003:00019430       ?c_BaseUserException@Struct_Microsoft_Singularity_Isal_IX_EVectors@@2IA 020b1430     nvmac.obj
 0003:00019430       ?c_MaxValue@Struct_System_DateTime@@2?AU1@A 020b1430     nvmac.obj
 0003:00019430       ?c_HaltApProcessors@Struct_Microsoft_Singularity_Isal_IX_EVectors@@2IA 020b1430     nvmac.obj
 0003:00019430       ?c_SingleStep@Struct_Microsoft_Singularity_Isal_IX_EVectors@@2IA 020b1430     nvmac.obj
 0003:00019430       ?c_BoundRangeException@Struct_Microsoft_Singularity_Isal_IX_EVectors@@2IA 020b1430     nvmac.obj
 0003:00019430       ?c_GeneralProtectionFault@Struct_Microsoft_Singularity_Isal_IX_EVectors@@2IA 020b1430     nvmac.obj
 0003:00019430       ?c_SegmentNotPresent@Struct_Microsoft_Singularity_Isal_IX_EVectors@@2IA 020b1430     nvmac.obj
 0003:00019430       ?c_Nmi@Struct_Microsoft_Singularity_Isal_IX_EVectors@@2IA 020b1430     nvmac.obj
 0003:00019430       ?c_PageFault@Struct_Microsoft_Singularity_Isal_IX_EVectors@@2IA 020b1430     nvmac.obj
 0003:00019430       ?c_CoprocessorSegmentOverrun@Struct_Microsoft_Singularity_Isal_IX_EVectors@@2IA 020b1430     nvmac.obj
 0003:00019430       ?c_DoubleFault@Struct_Microsoft_Singularity_Isal_IX_EVectors@@2IA 020b1430     nvmac.obj
 0003:00019430       ?c_Breakpoint@Struct_Microsoft_Singularity_Isal_IX_EVectors@@2IA 020b1430     nvmac.obj
 0003:00019430       ?c_InvalidTss@Struct_Microsoft_Singularity_Isal_IX_EVectors@@2IA 020b1430     nvmac.obj
 0003:00019430       ?c_StackSegmentFault@Struct_Microsoft_Singularity_Isal_IX_EVectors@@2IA 020b1430     nvmac.obj
 0003:00019438       ?c_MinValue@Struct_System_DateTime@@2?AU1@A 020b1438     nvmac.obj
 0003:00019440       ?c_DaysToMonth366@Struct_System_DateTime@@2PAUClassVector_int32@@A 020b1440     nvmac.obj
 0003:00019484       ?c_DaysToMonth365@Struct_System_DateTime@@2PAUClassVector_int32@@A 020b1484     nvmac.obj
 0003:000194c8       ?c_$_$_IntPtr@Class_Microsoft_Singularity_Eventing_DataType@@2GA 020b14c8     nvmac.obj
 0003:000194c8       ?c_$_$_int8@Class_Microsoft_Singularity_Eventing_DataType@@2GA 020b14c8     nvmac.obj
 0003:000194c8       ?c_$_$_UIntPtr@Class_Microsoft_Singularity_Eventing_DataType@@2GA 020b14c8     nvmac.obj
 0003:000194c8       ?c_$_$_uint64@Class_Microsoft_Singularity_Eventing_DataType@@2GA 020b14c8     nvmac.obj
 0003:000194c8       ?c_$_$_int64@Class_Microsoft_Singularity_Eventing_DataType@@2GA 020b14c8     nvmac.obj
 0003:000194c8       ?c_$_$_byte@Class_Microsoft_Singularity_Eventing_DataType@@2GA 020b14c8     nvmac.obj
 0003:000194c8       ?c_$_$_uint@Class_Microsoft_Singularity_Eventing_DataType@@2GA 020b14c8     nvmac.obj
 0003:000194c8       ?c_$_$_string@Class_Microsoft_Singularity_Eventing_DataType@@2GA 020b14c8     nvmac.obj
 0003:000194c8       ?c_MD5$_Const@Class_Microsoft_Singularity_Crypto_MD5@@2PAUClassVector_uint32@@A 020b14c8     nvmac.obj
 0003:000194c8       ?c_$_$_uint8@Class_Microsoft_Singularity_Eventing_DataType@@2GA 020b14c8     nvmac.obj
 0003:000194c8       ?c_$_$_arrayType@Class_Microsoft_Singularity_Eventing_DataType@@2GA 020b14c8     nvmac.obj
 0003:000194c8       ?c_$_$_uint32@Class_Microsoft_Singularity_Eventing_DataType@@2GA 020b14c8     nvmac.obj
 0003:000194c8       ?c_$_$_int32@Class_Microsoft_Singularity_Eventing_DataType@@2GA 020b14c8     nvmac.obj
 0003:000194c8       ?c_$_$_uint16@Class_Microsoft_Singularity_Eventing_DataType@@2GA 020b14c8     nvmac.obj
 0003:000194c8       ?c_$_$_int@Class_Microsoft_Singularity_Eventing_DataType@@2GA 020b14c8     nvmac.obj
 0003:000194c8       ?c_$_$_szChar@Class_Microsoft_Singularity_Eventing_DataType@@2GA 020b14c8     nvmac.obj
 0003:000194c8       ?c_$_$_int16@Class_Microsoft_Singularity_Eventing_DataType@@2GA 020b14c8     nvmac.obj
 0003:000195d8       ?c_internedStringConstants@Class_System_String@@2PAUClassVector_Class_System_String@@A 020b15d8     nvmac.obj
 0003:0002e830       c_dataSectionEnd@Class_System_GCs_StaticData 020c6830     nvmac.obj
 0003:0002e970       __fltused                  020c6970     native.Full:Number.obj
 0003:0002eee0       ?KdDebuggerNotPresent@@3HA 020c6ee0     native.Full:ProcessEntry.obj
 0003:0002eee4       ?TracingStorageHandle@@3PAUuintPtr@@A 020c6ee4     native.Full:Tracing.obj
 0003:0002eee8       ?TracingSource@@3PAU_SOURCE_DESCRIPTOR@@A 020c6ee8     native.Full:Tracing.obj
 0003:0002eeec       ?TracingTypeHandle@@3PAUuintPtr@@A 020c6eec     native.Full:Tracing.obj
 0003:0002eef0       ?SourceController@@3U_SOURCE_CONTROLLER@@A 020c6ef0     native.Full:EventController.obj
 0003:0002ef0c       ?Handle_GC_TYPE@@3PAUuintPtr@@A 020c6f0c     native.Full:EventDescriptor.obj
 0003:0002ef10       ?Handle_MEMORY_HEADER@@3PAUuintPtr@@A 020c6f10     native.Full:EventDescriptor.obj
 0003:0002ef14       ?Handle_GC_FUNCTION@@3PAUuintPtr@@A 020c6f14     native.Full:EventDescriptor.obj
 0003:0002ef18       ?Handle_GC_STACK@@3PAUuintPtr@@A 020c6f18     native.Full:EventDescriptor.obj
 0003:0002ef1c       ?Handle_GC_OBJECT@@3PAUuintPtr@@A 020c6f1c     native.Full:EventDescriptor.obj
 0003:0002ef20       ?Handle_LOG_EXCEPTION@@3PAUuintPtr@@A 020c6f20     native.Full:EventDescriptor.obj
 0003:0002ef24       ?Handle_GC_ALLOCATION@@3PAUuintPtr@@A 020c6f24     native.Full:EventDescriptor.obj
 0003:0002ef28       ?Handle_GC_GENERATIONS@@3PAUuintPtr@@A 020c6f28     native.Full:EventDescriptor.obj
 0003:0002ef2c       ?Handle_LOG_SEVERITY@@3PAUuintPtr@@A 020c6f2c     native.Full:EventDescriptor.obj
 0003:0002ef30       ?Handle_MONITORING_ENTRY@@3PAUuintPtr@@A 020c6f30     native.Full:EventDescriptor.obj
 0003:0002ef34       ?Handle_GC_ROOTS@@3PAUuintPtr@@A 020c6f34     native.Full:EventDescriptor.obj
 0003:0002ef38       ?Handle_LEGACY_LOG_ENTRY@@3PAUuintPtr@@A 020c6f38     native.Full:EventDescriptor.obj
 0003:0002ef3c       ?Handle_GC_INTERVAL@@3PAUuintPtr@@A 020c6f3c     native.Full:EventDescriptor.obj
 0003:0002ef40       ?MonitoringStorageHandle@@3PAUuintPtr@@A 020c6f40     native.Full:Monitoring.obj
 0003:0002ef44       ?MonitoringSource@@3PAU_SOURCE_DESCRIPTOR@@A 020c6f44     native.Full:Monitoring.obj
 0003:0002ef48       ?MonitoringTypeHandle@@3PAUuintPtr@@A 020c6f48     native.Full:Monitoring.obj
 0004:00000000       ___xc_a                    020c7000     native.Full:CInit.obj
 0004:00000004       ___xc_z                    020c7004     native.Full:CInit.obj
 0004:00000008       ___xi_a                    020c7008     native.Full:CInit.obj
 0004:0000000c       ___xi_z                    020c700c     native.Full:CInit.obj
 0004:00000010       ___xp_a                    020c7010     native.Full:CInit.obj
 0004:00000014       ___xp_z                    020c7014     native.Full:CInit.obj
 0004:00000018       ___xt_a                    020c7018     native.Full:CInit.obj
 0004:0000001c       ___xt_z                    020c701c     native.Full:CInit.obj

 entry point at        0000:00000000

 Static symbols

 0001:0007ca90       ?dtold12@@YIXPAU_LDBL12@@PBN@Z 0207da90 f   native.Full:Number.obj
 0001:0007cb60       ?ld12mul@@YIXPAU_LDBL12@@0@Z 0207db60 f   native.Full:Number.obj
 0001:0007ce20       ?multtenpow12@@YIXPAU_LDBL12@@H@Z 0207de20 f   native.Full:Number.obj
 0001:0007dff0       ?LookupTable@@YIIIPAPAUExceptionTableEntry@@0@Z 0207eff0 f   native.Full:halexn.obj
