 sc

 Timestamp is 62167214 (Wed Feb 23 18:42:44 2022)

 Preferred load address is 02000000

 Start         Length     Name                   Class
 0001:00000000 00090132H .text                   CODE
 0002:00000000 0000012cH .idata$5                DATA
 0002:00000130 00015aa9H .rdata                  DATA
 0002:00015bdc 00000014H .idata$2                DATA
 0002:00015bf0 00000014H .idata$3                DATA
 0002:00015c04 0000012cH .idata$4                DATA
 0002:00015d30 00001e78H .idata$6                DATA
 0002:00017ba8 00000000H .edata                  DATA
 0002:00017ba8 00000077H .rdata$debug            DATA
 0003:00000000 00031ef0H .data                   DATA
 0003:00031ef0 00000070H .bss                    DATA
 0004:00000000 00000004H .CRT$XCA                DATA
 0004:00000004 00000004H .CRT$XCZ                DATA
 0004:00000008 00000004H .CRT$XIA                DATA
 0004:0000000c 00000004H .CRT$XIZ                DATA
 0004:00000010 00000004H .CRT$XPA                DATA
 0004:00000014 00000004H .CRT$XPZ                DATA
 0004:00000018 00000004H .CRT$XTA                DATA
 0004:0000001c 00000004H .CRT$XTZ                DATA

  Address         Publics by Value              Rva+Base       Lib:Object

 0000:00000000       ___safe_se_handler_table   00000000     <absolute>
 0000:00000000       ___safe_se_handler_count   00000000     <absolute>
 0001:00000000       ?m_Microsoft_SingSharp_ITracked_Release@Class_SurrogateMicrosoft_Singularity_Io_UnicodePipeContract_Exp@@SIXPAU1@@Z 02001000 f   sc.obj
 0001:00000000       C:\Users\cc\source\repos\Singularity-OS\base.obj\AppNativeObj\Debug.x86.MarkSweep\sc_CodeBase 02001000     sc.obj
 0001:00000024       ?m_Microsoft_SingSharp_ITracked_Acquire@Class_SurrogateMicrosoft_Singularity_Io_UnicodePipeContract_Exp@@SIXPAU1@@Z 02001024 f   sc.obj
 0001:00000048       ?m_HeadMatches@Class_SurrogateMicrosoft_Singularity_Io_UnicodePipeContract_Exp@@SI_NPAU1@HPA_NPAPAUClass_System_Object@@@Z 02001048 f   sc.obj
 0001:0000007c       ?m_GetWaitHandle@Class_SurrogateMicrosoft_Singularity_Io_UnicodePipeContract_Exp@@SI?AUStruct_Microsoft_Singularity_V1_Threads_SyncHandle@@PAU1@@Z 0200107c f   sc.obj
 0001:000000a0       ?m_Dispose@Class_SurrogateMicrosoft_Singularity_Io_UnicodePipeContract_Exp@@SIXPAU1@@Z 020010a0 f   sc.obj
 0001:000000c4       ?g__ctor@Class_SurrogateMicrosoft_Singularity_Io_UnicodePipeContract_Exp@@SIXPAU1@PAUStruct_Microsoft_Singularity_Io_UnicodePipeContract_Exp@@@Z 020010c4 f   sc.obj
 0001:000000ec       ?m_StructCopy@Struct_System_UpdateEnlistmentLog_Location@@SIXPAU1@0@Z 020010ec f   sc.obj
 0001:00000120       ?m_StructCopy@Struct_System_UpdateEnlistmentLog_Location@@SIXPAU1@PAU1@@Z 02001120 f   sc.obj
 0001:000001bc       ?m_Equals@Struct_System_UpdateEnlistmentLog_Location@@SI_NPAU1@PAUClass_System_Object@@@Z 020011bc f   sc.obj
 0001:0000021c       ?m_Equals@Struct_System_UpdateEnlistmentLog_Location@@SI_NPAUClass_System_UpdateEnlistmentLog_Location@@PAUClass_System_Object@@@Z 0200121c f   sc.obj
 0001:00000248       ?m__ctor@Struct_System_UpdateEnlistmentLog_Location@@SIXPAU1@PAUClass_System_UpdateEnlistmentLog_LogChunk@@H@Z 02001248 f   sc.obj
 0001:00000278       ?m_StructCopy@Struct_Microsoft_Singularity_Isal_SpillContext@@SIXPAU1@0@Z 02001278 f   sc.obj
 0001:00000354       ?m_StructCopy@Struct_Microsoft_Singularity_Isal_SpillContext@@SIXPAU1@PAU1@@Z 02001354 f   sc.obj
 0001:000005e8       ?m_Equals@Struct_Microsoft_Singularity_Isal_SpillContext@@SI_NPAU1@PAUClass_System_Object@@@Z 020015e8 f   sc.obj
 0001:00000798       ?m_Equals@Struct_Microsoft_Singularity_Isal_SpillContext@@SI_NPAUClass_Microsoft_Singularity_Isal_SpillContext@@PAUClass_System_Object@@@Z 02001798 f   sc.obj
 0001:000007c4       ?m_StructCopy@Struct_Microsoft_Singularity_V1_Threads_MutexHandle@@SIXPAU1@0@Z 020017c4 f   sc.obj
 0001:000007ec       ?m_StructCopy@Struct_Microsoft_Singularity_V1_Threads_MutexHandle@@SIXPAU1@PAU1@@Z 020017ec f   sc.obj
 0001:00000864       ?m_Equals@Struct_Microsoft_Singularity_V1_Threads_MutexHandle@@SI_NPAU1@PAUClass_System_Object@@@Z 02001864 f   sc.obj
 0001:000008ac       ?m_Equals@Struct_Microsoft_Singularity_V1_Threads_MutexHandle@@SI_NPAUClass_Microsoft_Singularity_V1_Threads_MutexHandle@@PAUClass_System_Object@@@Z 020018ac f   sc.obj
 0001:000008d8       ?g_Create@Struct_Microsoft_Singularity_V1_Threads_MutexHandle@@SI_N_NPAU1@@Z 020018d8 f   sc.obj
 0001:00000924       ?m_StructCopy@Struct_System_GCs_OverflowFrameDescriptor@@SIXPAU1@0@Z 02001924 f   sc.obj
 0001:00000958       ?m_StructCopy@Struct_System_GCs_OverflowFrameDescriptor@@SIXPAU1@PAU1@@Z 02001958 f   sc.obj
 0001:000009f4       ?m_Equals@Struct_System_GCs_OverflowFrameDescriptor@@SI_NPAU1@PAUClass_System_Object@@@Z 020019f4 f   sc.obj
 0001:00000a50       ?m_Equals@Struct_System_GCs_OverflowFrameDescriptor@@SI_NPAUClass_System_GCs_OverflowFrameDescriptor@@PAUClass_System_Object@@@Z 02001a50 f   sc.obj
 0001:00000a7c       ?m__ctor@Class_System_Reflection_Module@@SIXPAU1@@Z 02001a7c f   sc.obj
 0001:00000a98       ?m_StructCopy@Struct_Microsoft_Singularity_ServiceManager_ServiceManagerContract_ServiceStatusChanged@@SIXPAU1@0@Z 02001a98 f   sc.obj
 0001:00000ad0       ?m_StructCopy@Struct_Microsoft_Singularity_ServiceManager_ServiceManagerContract_ServiceStatusChanged@@SIXPAU1@PAU1@@Z 02001ad0 f   sc.obj
 0001:00000b78       ?m_Equals@Struct_Microsoft_Singularity_ServiceManager_ServiceManagerContract_ServiceStatusChanged@@SI_NPAU1@PAUClass_System_Object@@@Z 02001b78 f   sc.obj
 0001:00000c30       ?m_Equals@Struct_Microsoft_Singularity_ServiceManager_ServiceManagerContract_ServiceStatusChanged@@SI_NPAUClass_Microsoft_Singularity_ServiceManager_ServiceManagerContract_ServiceStatusChanged@@PAUClass_System_Object@@@Z 02001c30 f   sc.obj
 0001:00000c5c       ?g_StructSize@Class_System_Runtime_InteropServices_Marshal@@SIHPAUClass_System_Type@@@Z 02001c5c f   sc.obj
 0001:00000d1c       ?m__ctor@Class_System_Runtime_InteropServices_Marshal@@SIXPAU1@@Z 02001d1c f   sc.obj
 0001:00000d34       ?m_StructCopy@Struct_System_TryAll@@SIXPAU1@0@Z 02001d34 f   sc.obj
 0001:00000db0       ?m_StructCopy@Struct_System_TryAll@@SIXPAU1@PAU1@@Z 02001db0 f   sc.obj
 0001:00000f24       ?m_Equals@Struct_System_TryAll@@SI_NPAU1@PAUClass_System_Object@@@Z 02001f24 f   sc.obj
 0001:00001218       ?m_Equals@Struct_System_TryAll@@SI_NPAUClass_System_TryAll@@PAUClass_System_Object@@@Z 02002218 f   sc.obj
 0001:00001244       ?m__ctor@Class_System_Threading_ThreadQueue@@SIXPAU1@@Z 02002244 f   sc.obj
 0001:0000125c       ?m_Release@Class_Microsoft_Singularity_Channels_TContainer$_1$LMicrosoft_Singularity_Io_ConsoleOutput$G@@SIXPAU1@PAUClass_Microsoft_Singularity_Io_ConsoleOutput@@@Z 0200225c f   sc.obj
 0001:000012f0       ?m_Finalize@Class_Microsoft_Singularity_Channels_TContainer$_1$LMicrosoft_Singularity_Io_ConsoleOutput$G@@SIXPAU1@@Z 020022f0 f   sc.obj
 0001:0000136c       ?m_Acquire@Class_Microsoft_Singularity_Channels_TContainer$_1$LMicrosoft_Singularity_Io_ConsoleOutput$G@@SIPAUClass_Microsoft_Singularity_Io_ConsoleOutput@@PAU1@@Z 0200236c f   sc.obj
 0001:00001414       ?m__ctor@Class_Microsoft_Singularity_Channels_TContainer$_1$LMicrosoft_Singularity_Io_ConsoleOutput$G@@SIXPAU1@PAUClass_Microsoft_Singularity_Io_ConsoleOutput@@@Z 02002414 f   sc.obj
 0001:000014c8       ?m_StructCopy@Struct_Microsoft_Singularity_Directory_DirectoryServiceContract_NakBindReparse@@SIXPAU1@0@Z 020024c8 f   sc.obj
 0001:00001514       ?m_StructCopy@Struct_Microsoft_Singularity_Directory_DirectoryServiceContract_NakBindReparse@@SIXPAU1@PAU1@@Z 02002514 f   sc.obj
 0001:000015f8       ?m_Equals@Struct_Microsoft_Singularity_Directory_DirectoryServiceContract_NakBindReparse@@SI_NPAU1@PAUClass_System_Object@@@Z 020025f8 f   sc.obj
 0001:00001670       ?m_Equals@Struct_Microsoft_Singularity_Directory_DirectoryServiceContract_NakBindReparse@@SI_NPAUClass_Microsoft_Singularity_Directory_DirectoryServiceContract_NakBindReparse@@PAUClass_System_Object@@@Z 02002670 f   sc.obj
 0001:0000169c       ?m_StructCopy@Struct_Microsoft_Singularity_Directory_DirectoryServiceContract_DeleteDirectory@@SIXPAU1@0@Z 0200269c f   sc.obj
 0001:000016c4       ?m_StructCopy@Struct_Microsoft_Singularity_Directory_DirectoryServiceContract_DeleteDirectory@@SIXPAU1@PAU1@@Z 020026c4 f   sc.obj
 0001:0000173c       ?m_Equals@Struct_Microsoft_Singularity_Directory_DirectoryServiceContract_DeleteDirectory@@SI_NPAU1@PAUClass_System_Object@@@Z 0200273c f   sc.obj
 0001:00001784       ?m_Equals@Struct_Microsoft_Singularity_Directory_DirectoryServiceContract_DeleteDirectory@@SI_NPAUClass_Microsoft_Singularity_Directory_DirectoryServiceContract_DeleteDirectory@@PAUClass_System_Object@@@Z 02002784 f   sc.obj
 0001:000017b0       ?m__ctor@Class_System_Collections_ArrayList@@SIXPAU1@@Z 020027b0 f   sc.obj
 0001:000017e0       ?m_StructCopy@Struct_Microsoft_Singularity_ServiceManager_ServiceManagerContract_Ok@@SIXPAU1@0@Z 020027e0 f   sc.obj
 0001:000017fc       ?m_StructCopy@Struct_Microsoft_Singularity_ServiceManager_ServiceManagerContract_Ok@@SIXPAU1@PAU1@@Z 020027fc f   sc.obj
 0001:00001850       ?m_Equals@Struct_Microsoft_Singularity_ServiceManager_ServiceManagerContract_Ok@@SI_NPAU1@PAUClass_System_Object@@@Z 02002850 f   sc.obj
 0001:00001888       ?m_Equals@Struct_Microsoft_Singularity_ServiceManager_ServiceManagerContract_Ok@@SI_NPAUClass_Microsoft_Singularity_ServiceManager_ServiceManagerContract_Ok@@PAUClass_System_Object@@@Z 02002888 f   sc.obj
 0001:000018b4       ?m_Visit@Class_System_GCs_GCProfiler_ObjectVisitor@@SIPAUuintPtr@@PAU1@PAUClass_System_Object@@@Z 020028b4 f   sc.obj
 0001:0000196c       ?m__ctor@Class_System_GCs_GCProfiler_ObjectVisitor@@SIXPAU1@PAUClass_System_GCs_GCProfiler@@@Z 0200296c f   sc.obj
 0001:000019c8       ?m_UnRegisterStorage@Class_Microsoft_Singularity_Eventing_LocalController@@SIXPAU1@PAUClass_Microsoft_Singularity_Eventing_EventingStorage@@@Z 020029c8 f   sc.obj
 0001:00001a28       ?m_UnRegisterSource@Class_Microsoft_Singularity_Eventing_LocalController@@SIXPAU1@PAUClass_Microsoft_Singularity_Eventing_EventSource@@@Z 02002a28 f   sc.obj
 0001:00001ac0       ?m_RegisterStorage@Class_Microsoft_Singularity_Eventing_LocalController@@SI_NPAU1@PAUClass_Microsoft_Singularity_Eventing_EventingStorage@@@Z 02002ac0 f   sc.obj
 0001:00001b2c       ?m_RegisterSource@Class_Microsoft_Singularity_Eventing_LocalController@@SI_NPAU1@PAUClass_Microsoft_Singularity_Eventing_EventSource@@@Z 02002b2c f   sc.obj
 0001:00001d94       ?m_Initialize@Class_Microsoft_Singularity_Eventing_LocalController@@SIXPAU1@@Z 02002d94 f   sc.obj
 0001:000021cc       ?m_GetNativeSourceName@Class_Microsoft_Singularity_Eventing_LocalController@@SI_NPAU1@PAUuintPtr@@PAPAU2@PAPAUClass_System_String@@@Z 020031cc f   sc.obj
 0001:00002314       ?m__ctor@Class_Microsoft_Singularity_Eventing_LocalController@@SIXPAU1@@Z 02003314 f   sc.obj
 0001:00002338       ?g__cctor@Class_Microsoft_Singularity_Eventing_LocalController@@SIXXZ 02003338 f   sc.obj
 0001:00002360       ?m_StructCopy@Struct_Microsoft_Singularity_V1_Services_SharedHeapService_Allocation@@SIXPAU1@0@Z 02003360 f   sc.obj
 0001:000023c4       ?m_StructCopy@Struct_Microsoft_Singularity_V1_Services_SharedHeapService_Allocation@@SIXPAU1@PAU1@@Z 020033c4 f   sc.obj
 0001:000024f0       ?m_Equals@Struct_Microsoft_Singularity_V1_Services_SharedHeapService_Allocation@@SI_NPAU1@PAUClass_System_Object@@@Z 020034f0 f   sc.obj
 0001:00002580       ?m_Equals@Struct_Microsoft_Singularity_V1_Services_SharedHeapService_Allocation@@SI_NPAUClass_Microsoft_Singularity_V1_Services_SharedHeapService_Allocation@@PAUClass_System_Object@@@Z 02003580 f   sc.obj
 0001:000025ac       ?m__ctor@Class_System_IndexOutOfRangeException@@SIXPAU1@@Z 020035ac f   sc.obj
 0001:000025d4       ?m__ctor@Class_System_IndexOutOfRangeException@@SIXPAU1@PAUClass_System_String@@@Z 020035d4 f   sc.obj
 0001:000025fc       ?m__ctor@Class_System_IndexOutOfRangeException@@SIXPAU1@PAUClass_System_String@@PAUClass_System_Exception@@@Z 020035fc f   sc.obj
 0001:0000262c       ?m_Visit@Class_System_GCs_MemoryAccounting_StaticPtrAccounting@@SIXPAU1@PAPAUuintPtr@@@Z 0200362c f   sc.obj
 0001:00002648       ?m_Initialize@Class_System_GCs_MemoryAccounting_StaticPtrAccounting@@SIXPAU1@@Z 02003648 f   sc.obj
 0001:00002660       ?m__ctor@Class_System_GCs_MemoryAccounting_StaticPtrAccounting@@SIXPAU1@@Z 02003660 f   sc.obj
 0001:00002678       ?m__ctor@Class_System_Runtime_CompilerServices_NoBarriersAttribute@@SIXPAU1@@Z 02003678 f   sc.obj
 0001:0000269c       ?m__ctor@Class_System_RankException@@SIXPAU1@@Z 0200369c f   sc.obj
 0001:000026c4       ?m__ctor@Class_System_RankException@@SIXPAU1@PAUClass_System_String@@@Z 020036c4 f   sc.obj
 0001:000026ec       ?m_Update@Class_Microsoft_Singularity_Crypto_MD5@@SIXPAU1@PAUClassVector_uint8@@@Z 020036ec f   sc.obj
 0001:00002c1c       ?m_RotL@Class_Microsoft_Singularity_Crypto_MD5@@SIIPAU1@IE@Z 02003c1c f   sc.obj
 0001:00002c8c       ?m_Reset@Class_Microsoft_Singularity_Crypto_MD5@@SIXPAU1@@Z 02003c8c f   sc.obj
 0001:00002d60       ?m_ProcessBlock@Class_Microsoft_Singularity_Crypto_MD5@@SIXPAU1@@Z 02003d60 f   sc.obj
 0001:000037d4       ?m_Hash@Class_Microsoft_Singularity_Crypto_MD5@@SIPAUClassVector_uint8@@PAU1@PAU2@@Z 020047d4 f   sc.obj
 0001:0000380c       ?m_Finish@Class_Microsoft_Singularity_Crypto_MD5@@SIPAUClassVector_uint8@@PAU1@@Z 0200480c f   sc.obj
 0001:00003a50       ?m__ctor@Class_Microsoft_Singularity_Crypto_MD5@@SIXPAU1@@Z 02004a50 f   sc.obj
 0001:00003aa8       ?g__cctor@Class_Microsoft_Singularity_Crypto_MD5@@SIXXZ 02004aa8 f   sc.obj
 0001:00003abc       ?m_InvokeStaticStub@Class_System_TryAllManager_GCHookMethod@@SIXPAU1@@Z 02004abc f   sc.obj
 0001:00003ae4       ?m_Invoke@Class_System_TryAllManager_GCHookMethod@@SIXPAU1@@Z 02004ae4 f   sc.obj
 0001:00003b38       ?m_EndInvoke@Class_System_TryAllManager_GCHookMethod@@SIXPAU1@PAUClass_System_IAsyncResult@@@Z 02004b38 f   sc.obj
 0001:00003b54       ?m_BeginInvoke@Class_System_TryAllManager_GCHookMethod@@SIPAUClass_System_IAsyncResult@@PAU1@PAUClass_System_AsyncCallback@@PAUClass_System_Object@@@Z 02004b54 f   sc.obj
 0001:00003b74       ?m__ctor@Class_System_TryAllManager_GCHookMethod@@SIXPAU1@PAUClass_System_Object@@PAUintPtr@@@Z 02004b74 f   sc.obj
 0001:00003bb4       ?m__ctor@Class_Microsoft_Singularity_Eventing_DataType@@SIXPAU1@@Z 02004bb4 f   sc.obj
 0001:00003bd0       ?m_StructCopy@Struct_Microsoft_Singularity_Directory_NotifyContract_AckChangeNotification@@SIXPAU1@0@Z 02004bd0 f   sc.obj
 0001:00003bec       ?m_StructCopy@Struct_Microsoft_Singularity_Directory_NotifyContract_AckChangeNotification@@SIXPAU1@PAU1@@Z 02004bec f   sc.obj
 0001:00003c40       ?m_Equals@Struct_Microsoft_Singularity_Directory_NotifyContract_AckChangeNotification@@SI_NPAU1@PAUClass_System_Object@@@Z 02004c40 f   sc.obj
 0001:00003c78       ?m_Equals@Struct_Microsoft_Singularity_Directory_NotifyContract_AckChangeNotification@@SI_NPAUClass_Microsoft_Singularity_Directory_NotifyContract_AckChangeNotification@@PAUClass_System_Object@@@Z 02004c78 f   sc.obj
 0001:00003ca4       ?m_StructCopy@Struct_Microsoft_Singularity_ServiceManager_ServiceManagerContract_ServiceStarting@@SIXPAU1@0@Z 02004ca4 f   sc.obj
 0001:00003cc0       ?m_StructCopy@Struct_Microsoft_Singularity_ServiceManager_ServiceManagerContract_ServiceStarting@@SIXPAU1@PAU1@@Z 02004cc0 f   sc.obj
 0001:00003d14       ?m_Equals@Struct_Microsoft_Singularity_ServiceManager_ServiceManagerContract_ServiceStarting@@SI_NPAU1@PAUClass_System_Object@@@Z 02004d14 f   sc.obj
 0001:00003d4c       ?m_Equals@Struct_Microsoft_Singularity_ServiceManager_ServiceManagerContract_ServiceStarting@@SI_NPAUClass_Microsoft_Singularity_ServiceManager_ServiceManagerContract_ServiceStarting@@PAUClass_System_Object@@@Z 02004d4c f   sc.obj
 0001:00003d78       ?g_ScanStaticPointerData@Class_System_GCs_StaticData@@SIIPAUClass_System_GCs_NonNullReferenceVisitor@@@Z 02004d78 f   sc.obj
 0001:00003f60       ?g_ScanStaticData@Class_System_GCs_StaticData@@SIXPAUClass_System_GCs_DirectReferenceVisitor@@@Z 02004f60 f   sc.obj
 0001:00004108       ?g_Initialize@Class_System_GCs_StaticData@@SIXXZ 02005108 f   sc.obj
 0001:0000437c       ?m__ctor@Class_System_GCs_StaticData@@SIXPAU1@@Z 0200537c f   sc.obj
 0001:00004394       ?m_ToString@Struct_System_DateTime@@SIPAUClass_System_String@@PAU1@@Z 02005394 f   sc.obj
 0001:000043bc       ?m_ToString@Struct_System_DateTime@@SIPAUClass_System_String@@PAU1@PAU2@@Z 020053bc f   sc.obj
 0001:000046f0       ?m_ToString@Struct_System_DateTime@@SIPAUClass_System_String@@PAUClass_System_DateTime@@@Z 020056f0 f   sc.obj
 0001:00004738       ?m_ToString@Struct_System_DateTime@@SIPAUClass_System_String@@PAUClass_System_DateTime@@PAU2@@Z 02005738 f   sc.obj
 0001:00004784       ?m_StructCopy@Struct_System_DateTime@@SIXPAU1@0@Z 02005784 f   sc.obj
 0001:000047b8       ?m_StructCopy@Struct_System_DateTime@@SIXPAU1@PAU1@@Z 020057b8 f   sc.obj
 0001:00004854       ?m_GetShortWeekday@Struct_System_DateTime@@SIPAUClass_System_String@@PAU1@@Z 02005854 f   sc.obj
 0001:000048b8       ?m_GetShortMonth@Struct_System_DateTime@@SIPAUClass_System_String@@PAU1@@Z 020058b8 f   sc.obj
 0001:00004944       ?m_GetHashCode@Struct_System_DateTime@@SIHPAU1@@Z 02005944 f   sc.obj
 0001:00004970       ?m_GetHashCode@Struct_System_DateTime@@SIHPAUClass_System_DateTime@@@Z 02005970 f   sc.obj
 0001:000049b8       ?m_GetDatePart@Struct_System_DateTime@@SIHPAU1@H@Z 020059b8 f   sc.obj
 0001:00004c10       ?m_get$_Year@Struct_System_DateTime@@SIHPAU1@@Z 02005c10 f   sc.obj
 0001:00004c38       ?m_get$_Second@Struct_System_DateTime@@SIHPAU1@@Z 02005c38 f   sc.obj
 0001:00004c78       ?m_get$_Month@Struct_System_DateTime@@SIHPAU1@@Z 02005c78 f   sc.obj
 0001:00004ca0       ?m_get$_Minute@Struct_System_DateTime@@SIHPAU1@@Z 02005ca0 f   sc.obj
 0001:00004ce0       ?m_get$_Hour@Struct_System_DateTime@@SIHPAU1@@Z 02005ce0 f   sc.obj
 0001:00004d20       ?m_get$_DayOfWeek@Struct_System_DateTime@@SI?AUStruct_System_DayOfWeek@@PAU1@@Z 02005d20 f   sc.obj
 0001:00004d6c       ?m_get$_Day@Struct_System_DateTime@@SIHPAU1@@Z 02005d6c f   sc.obj
 0001:00004d94       ?m_Equals@Struct_System_DateTime@@SI_NPAU1@PAUClass_System_Object@@@Z 02005d94 f   sc.obj
 0001:00004e0c       ?m_Equals@Struct_System_DateTime@@SI_NPAUClass_System_DateTime@@PAUClass_System_Object@@@Z 02005e0c f   sc.obj
 0001:00004e58       ?m_CompareTo@Struct_System_DateTime@@SIHPAU1@PAUClass_System_Object@@@Z 02005e58 f   sc.obj
 0001:00004f44       ?m_CompareTo@Struct_System_DateTime@@SIHPAUClass_System_DateTime@@PAUClass_System_Object@@@Z 02005f44 f   sc.obj
 0001:00004f90       ?m__ctor@Struct_System_DateTime@@SIXPAU1@_J@Z 02005f90 f   sc.obj
 0001:0000502c       ?g__cctor@Struct_System_DateTime@@SIXXZ 0200602c f   sc.obj
 0001:000050a8       ?m__ctor@Class_Microsoft_Contracts_AssertException@@SIXPAU1@@Z 020060a8 f   sc.obj
 0001:000050cc       ?m_StructCopy@Struct_System_GCs_FrameDescriptor@@SIXPAU1@0@Z 020060cc f   sc.obj
 0001:0000516c       ?m_StructCopy@Struct_System_GCs_FrameDescriptor@@SIXPAU1@PAU1@@Z 0200616c f   sc.obj
 0001:0000534c       ?m_Equals@Struct_System_GCs_FrameDescriptor@@SI_NPAU1@PAUClass_System_Object@@@Z 0200634c f   sc.obj
 0001:00005424       ?m_Equals@Struct_System_GCs_FrameDescriptor@@SI_NPAUClass_System_GCs_FrameDescriptor@@PAUClass_System_Object@@@Z 02006424 f   sc.obj
 0001:00005450       ?m__ctor@Struct_System_GCs_FrameDescriptor@@SIXPAU1@UStruct_System_GCs_CompressedFrameDescriptor@@@Z 02006450 f   sc.obj
 0001:000056b0       ?m_StructCopy@Struct_System_ReadEnlistmentLogWriter@@SIXPAU1@0@Z 020066b0 f   sc.obj
 0001:000056e4       ?m_StructCopy@Struct_System_ReadEnlistmentLogWriter@@SIXPAU1@PAU1@@Z 020066e4 f   sc.obj
 0001:00005780       ?m_Equals@Struct_System_ReadEnlistmentLogWriter@@SI_NPAU1@PAUClass_System_Object@@@Z 02006780 f   sc.obj
 0001:000057dc       ?m_Equals@Struct_System_ReadEnlistmentLogWriter@@SI_NPAUClass_System_ReadEnlistmentLogWriter@@PAUClass_System_Object@@@Z 020067dc f   sc.obj
 0001:00005808       ?m_StructCopy@Struct_System_Collections_Hashtable_bucket@@SIXPAU1@0@Z 02006808 f   sc.obj
 0001:00005848       ?m_StructCopy@Struct_System_Collections_Hashtable_bucket@@SIXPAU1@PAU1@@Z 02006848 f   sc.obj
 0001:00005908       ?m_Equals@Struct_System_Collections_Hashtable_bucket@@SI_NPAU1@PAUClass_System_Object@@@Z 02006908 f   sc.obj
 0001:0000597c       ?m_Equals@Struct_System_Collections_Hashtable_bucket@@SI_NPAUClass_System_Collections_Hashtable_bucket@@PAUClass_System_Object@@@Z 0200697c f   sc.obj
 0001:000059a8       ?g_Summary@Class_System_GCs_CollectorStatistics@@SIXXZ 020069a8 f   sc.obj
 0001:000059bc       ?g_Initialize@Class_System_GCs_CollectorStatistics@@SIXXZ 020069bc f   sc.obj
 0001:000059d0       ?g_Event@Class_System_GCs_CollectorStatistics@@SIXUStruct_System_GCs_GCEvent@@@Z 020069d0 f   sc.obj
 0001:000059ec       ?g_Event@Class_System_GCs_CollectorStatistics@@SIXUStruct_System_GCs_GCEvent@@_J@Z 020069ec f   sc.obj
 0001:00005a08       ?m__ctor@Class_System_GCs_CollectorStatistics@@SIXPAU1@@Z 02006a08 f   sc.obj
 0001:00005a20       ?m_AppMain@Class_Microsoft_Singularity_Applications_ServiceManager_TerminateServiceCommand@@SIHPAU1@@Z 02006a20 f   sc.obj
 0001:00005cb8       ?m__ctor@Class_Microsoft_Singularity_Applications_ServiceManager_TerminateServiceCommand@@SIXPAU1@@Z 02006cb8 f   sc.obj
 0001:00005ed0       ?g__cctor@Class_Microsoft_Singularity_Applications_ServiceManager_TerminateServiceCommand@@SIXXZ 02006ed0 f   sc.obj
 0001:00005f40       ?m_StructCopy@Struct_System_RuntimeTypeHandle@@SIXPAU1@0@Z 02006f40 f   sc.obj
 0001:00005f68       ?m_StructCopy@Struct_System_RuntimeTypeHandle@@SIXPAU1@PAU1@@Z 02006f68 f   sc.obj
 0001:00005fe0       ?m_get$_Value@Struct_System_RuntimeTypeHandle@@SIPAUintPtr@@PAU1@@Z 02006fe0 f   sc.obj
 0001:00006000       ?m_Equals@Struct_System_RuntimeTypeHandle@@SI_NPAU1@PAUClass_System_Object@@@Z 02007000 f   sc.obj
 0001:00006048       ?m_Equals@Struct_System_RuntimeTypeHandle@@SI_NPAUClass_System_RuntimeTypeHandle@@PAUClass_System_Object@@@Z 02007048 f   sc.obj
 0001:00006074       ?m__ctor@Struct_System_RuntimeTypeHandle@@SIXPAU1@PAUClass_System_RuntimeType@@@Z 02007074 f   sc.obj
 0001:0000609c       ?m_StructCopy@Struct_Microsoft_Singularity_Directory_DirectoryServiceContract_NakDeleteFileReparse@@SIXPAU1@0@Z 0200709c f   sc.obj
 0001:000060dc       ?m_StructCopy@Struct_Microsoft_Singularity_Directory_DirectoryServiceContract_NakDeleteFileReparse@@SIXPAU1@PAU1@@Z 020070dc f   sc.obj
 0001:0000619c       ?m_Equals@Struct_Microsoft_Singularity_Directory_DirectoryServiceContract_NakDeleteFileReparse@@SI_NPAU1@PAUClass_System_Object@@@Z 0200719c f   sc.obj
 0001:00006204       ?m_Equals@Struct_Microsoft_Singularity_Directory_DirectoryServiceContract_NakDeleteFileReparse@@SI_NPAUClass_Microsoft_Singularity_Directory_DirectoryServiceContract_NakDeleteFileReparse@@PAUClass_System_Object@@@Z 02007204 f   sc.obj
 0001:00006230       ?m_StructCopy@Struct_Microsoft_Singularity_Directory_DirectoryServiceContract_NakDeregister@@SIXPAU1@0@Z 02007230 f   sc.obj
 0001:00006258       ?m_StructCopy@Struct_Microsoft_Singularity_Directory_DirectoryServiceContract_NakDeregister@@SIXPAU1@PAU1@@Z 02007258 f   sc.obj
 0001:000062d0       ?m_Equals@Struct_Microsoft_Singularity_Directory_DirectoryServiceContract_NakDeregister@@SI_NPAU1@PAUClass_System_Object@@@Z 020072d0 f   sc.obj
 0001:00006370       ?m_Equals@Struct_Microsoft_Singularity_Directory_DirectoryServiceContract_NakDeregister@@SI_NPAUClass_Microsoft_Singularity_Directory_DirectoryServiceContract_NakDeregister@@PAUClass_System_Object@@@Z 02007370 f   sc.obj
 0001:0000639c       ?g_Create@Class_Microsoft_Singularity_GCProfilerLogger_GCEventSource@@SIPAU1@PAUClass_System_String@@I_K@Z 0200739c f   sc.obj
 0001:00006470       ?m__ctor@Class_Microsoft_Singularity_GCProfilerLogger_GCEventSource@@SIXPAU1@PAUClass_System_String@@PAUClass_Microsoft_Singularity_Eventing_EventingStorage@@I@Z 02007470 f   sc.obj
 0001:000064a4       ?m_WorkerRoutine@Class_Microsoft_Singularity_ImpatientWatcher@@SIXPAU1@@Z 020074a4 f   sc.obj
 0001:00006590       ?m_NextStep@Class_Microsoft_Singularity_ImpatientWatcher@@SIXPAU1@PAUClass_System_String@@UStruct_System_TimeSpan@@@Z 02007590 f   sc.obj
 0001:00006604       ?m_NextStep@Class_Microsoft_Singularity_ImpatientWatcher@@SIXPAU1@PAUClass_System_String@@H@Z 02007604 f   sc.obj
 0001:0000667c       ?m_Dispose@Class_Microsoft_Singularity_ImpatientWatcher@@SIXPAU1@@Z 0200767c f   sc.obj
 0001:00006700       ?m_Dbg@Class_Microsoft_Singularity_ImpatientWatcher@@SIXPAU1@PAUClass_System_String@@@Z 02007700 f   sc.obj
 0001:00006734       ?m_Dbg@Class_Microsoft_Singularity_ImpatientWatcher@@SIXPAU1@PAUClass_System_String@@PAUClassVector_Class_System_Object@@@Z 02007734 f   sc.obj
 0001:00006768       ?m__ctor@Class_Microsoft_Singularity_ImpatientWatcher@@SIXPAU1@PAUClass_System_String@@1UStruct_System_TimeSpan@@@Z 02007768 f   sc.obj
 0001:00006834       ?m__ctor@Class_Microsoft_Singularity_ImpatientWatcher@@SIXPAU1@PAUClass_System_String@@1H@Z 02007834 f   sc.obj
 0001:000068b0       ?m_StructCopy@Struct_Microsoft_Singularity_Directory_ServiceProviderContract_AckConnect@@SIXPAU1@0@Z 020078b0 f   sc.obj
 0001:000068cc       ?m_StructCopy@Struct_Microsoft_Singularity_Directory_ServiceProviderContract_AckConnect@@SIXPAU1@PAU1@@Z 020078cc f   sc.obj
 0001:00006920       ?m_Equals@Struct_Microsoft_Singularity_Directory_ServiceProviderContract_AckConnect@@SI_NPAU1@PAUClass_System_Object@@@Z 02007920 f   sc.obj
 0001:00006958       ?m_Equals@Struct_Microsoft_Singularity_Directory_ServiceProviderContract_AckConnect@@SI_NPAUClass_Microsoft_Singularity_Directory_ServiceProviderContract_AckConnect@@PAUClass_System_Object@@@Z 02007958 f   sc.obj
 0001:00006984       ?m_StructCopy@Struct_System_UpdateEnlistmentLog_Entry@@SIXPAU1@0@Z 02007984 f   sc.obj
 0001:00006a08       ?m_StructCopy@Struct_System_UpdateEnlistmentLog_Entry@@SIXPAU1@PAU1@@Z 02007a08 f   sc.obj
 0001:00006b94       ?m_Equals@Struct_System_UpdateEnlistmentLog_Entry@@SI_NPAU1@PAUClass_System_Object@@@Z 02007b94 f   sc.obj
 0001:00006d0c       ?m_Equals@Struct_System_UpdateEnlistmentLog_Entry@@SI_NPAUClass_System_UpdateEnlistmentLog_Entry@@PAUClass_System_Object@@@Z 02007d0c f   sc.obj
 0001:00006d38       ?m_WaitOne@Class_System_Threading_ManualResetEvent@@SI_NPAU1@@Z 02007d38 f   sc.obj
 0001:00006dac       ?m_WaitOne@Class_System_Threading_ManualResetEvent@@SI_NPAU1@UStruct_System_SchedulerTime@@@Z 02007dac f   sc.obj
 0001:00006e34       ?m_Set@Class_System_Threading_ManualResetEvent@@SI_NPAU1@@Z 02007e34 f   sc.obj
 0001:00006e80       ?m_Reset@Class_System_Threading_ManualResetEvent@@SIXPAU1@@Z 02007e80 f   sc.obj
 0001:00006eb8       ?m_Finalize@Class_System_Threading_ManualResetEvent@@SIXPAU1@@Z 02007eb8 f   sc.obj
 0001:00006f1c       ?m_Dispose@Class_System_Threading_ManualResetEvent@@SIXPAU1@_N@Z 02007f1c f   sc.obj
 0001:00006f68       ?m__ctor@Class_System_Threading_ManualResetEvent@@SIXPAU1@_N@Z 02007f68 f   sc.obj
 0001:00006fd4       ?g_AssertNotNullImplicit@Class_Microsoft_Contracts_NonNullType@@SIXPAUuintPtr@@@Z 02007fd4 f   sc.obj
 0001:0000702c       ?g_AssertNotNullImplicit@Class_Microsoft_Contracts_NonNullType@@SIXPAUClass_System_Object@@@Z 0200802c f   sc.obj
 0001:0000707c       ?g_AssertNotNull@Class_Microsoft_Contracts_NonNullType@@SIXPAUuintPtr@@@Z 0200807c f   sc.obj
 0001:000070d4       ?g_AssertNotNull@Class_Microsoft_Contracts_NonNullType@@SIXPAUClass_System_Object@@@Z 020080d4 f   sc.obj
 0001:00007124       ?m__ctor@Class_Microsoft_Contracts_NonNullType@@SIXPAU1@@Z 02008124 f   sc.obj
 0001:0000713c       ?m_StructCopy@Struct_Microsoft_Singularity_Directory_DirectoryServiceContract_AckNotify@@SIXPAU1@0@Z 0200813c f   sc.obj
 0001:00007158       ?m_StructCopy@Struct_Microsoft_Singularity_Directory_DirectoryServiceContract_AckNotify@@SIXPAU1@PAU1@@Z 02008158 f   sc.obj
 0001:000071ac       ?m_Equals@Struct_Microsoft_Singularity_Directory_DirectoryServiceContract_AckNotify@@SI_NPAU1@PAUClass_System_Object@@@Z 020081ac f   sc.obj
 0001:000071e4       ?m_Equals@Struct_Microsoft_Singularity_Directory_DirectoryServiceContract_AckNotify@@SI_NPAUClass_Microsoft_Singularity_Directory_DirectoryServiceContract_AckNotify@@PAUClass_System_Object@@@Z 020081e4 f   sc.obj
 0001:00007210       ?m__ctor@Class_System_NullReferenceException@@SIXPAU1@@Z 02008210 f   sc.obj
 0001:00007238       ?m__ctor@Class_System_NullReferenceException@@SIXPAU1@PAUClass_System_String@@@Z 02008238 f   sc.obj
 0001:00007260       ?m__ctor@Class_System_NullReferenceException@@SIXPAU1@PAUClass_System_String@@PAUClass_System_Exception@@@Z 02008260 f   sc.obj
 0001:00007290       ?m_StructCopy@Struct_Microsoft_Singularity_V1_Threads_ManualResetEventHandle@@SIXPAU1@0@Z 02008290 f   sc.obj
 0001:000072b8       ?m_StructCopy@Struct_Microsoft_Singularity_V1_Threads_ManualResetEventHandle@@SIXPAU1@PAU1@@Z 020082b8 f   sc.obj
 0001:00007330       ?m_Equals@Struct_Microsoft_Singularity_V1_Threads_ManualResetEventHandle@@SI_NPAU1@PAUClass_System_Object@@@Z 02008330 f   sc.obj
 0001:00007378       ?m_Equals@Struct_Microsoft_Singularity_V1_Threads_ManualResetEventHandle@@SI_NPAUClass_Microsoft_Singularity_V1_Threads_ManualResetEventHandle@@PAUClass_System_Object@@@Z 02008378 f   sc.obj
 0001:000073a4       ?g_Create@Struct_Microsoft_Singularity_V1_Threads_ManualResetEventHandle@@SI_N_NPAU1@@Z 020083a4 f   sc.obj
 0001:000073f0       ?m__ctor@Class_Microsoft_Singularity_Tracing@@SIXPAU1@@Z 020083f0 f   sc.obj
 0001:0000740c       ?m_StructCopy@Struct_System_GCs_CallStack_TransitionRecord@@SIXPAU1@0@Z 0200840c f   sc.obj
 0001:0000745c       ?m_StructCopy@Struct_System_GCs_CallStack_TransitionRecord@@SIXPAU1@PAU1@@Z 0200845c f   sc.obj
 0001:0000754c       ?m_Equals@Struct_System_GCs_CallStack_TransitionRecord@@SI_NPAU1@PAUClass_System_Object@@@Z 0200854c f   sc.obj
 0001:00007668       ?m_Equals@Struct_System_GCs_CallStack_TransitionRecord@@SI_NPAUClass_System_GCs_CallStack_TransitionRecord@@PAUClass_System_Object@@@Z 02008668 f   sc.obj
 0001:00007694       ?m__ctor@Class_System_OutOfMemoryException@@SIXPAU1@@Z 02008694 f   sc.obj
 0001:000076bc       ?m__ctor@Class_System_OutOfMemoryException@@SIXPAU1@PAUClass_System_String@@@Z 020086bc f   sc.obj
 0001:000076e4       ?m__ctor@Class_System_OutOfMemoryException@@SIXPAU1@PAUClass_System_String@@PAUClass_System_Exception@@@Z 020086e4 f   sc.obj
 0001:00007714       ?m_ZeroIfMustBeQuiescent@Struct_System_MultiUseWord_STMSnapshot@@SIIPAU1@@Z 02008714 f   sc.obj
 0001:0000773c       ?m_Visit@Struct_System_MultiUseWord_STMSnapshot@@SIXPAU1@PAUClass_System_GCs_DirectReferenceVisitor@@@Z 0200873c f   sc.obj
 0001:000078f8       ?m_StructCopy@Struct_System_MultiUseWord_STMSnapshot@@SIXPAU1@0@Z 020088f8 f   sc.obj
 0001:00007920       ?m_StructCopy@Struct_System_MultiUseWord_STMSnapshot@@SIXPAU1@PAU1@@Z 02008920 f   sc.obj
 0001:00007998       ?m_GetSTMWord@Struct_System_MultiUseWord_STMSnapshot@@SI?AUStruct_System_STMWord@@PAU1@@Z 02008998 f   sc.obj
 0001:00007a44       ?m_Equals@Struct_System_MultiUseWord_STMSnapshot@@SI_NPAU1@PAUClass_System_Object@@@Z 02008a44 f   sc.obj
 0001:00007a8c       ?m_Equals@Struct_System_MultiUseWord_STMSnapshot@@SI_NPAUClass_System_MultiUseWord_STMSnapshot@@PAUClass_System_Object@@@Z 02008a8c f   sc.obj
 0001:00007ab8       ?m_Eq@Struct_System_MultiUseWord_STMSnapshot@@SI_NPAU1@U1@@Z 02008ab8 f   sc.obj
 0001:00007ae4       ?m__ctor@Struct_System_MultiUseWord_STMSnapshot@@SIXPAU1@UStruct_System_MultiUseWord@@@Z 02008ae4 f   sc.obj
 0001:00007b0c       ?m_Microsoft_SingSharp_ITracked_Release@Class_SurrogateMicrosoft_Singularity_Directory_DirectoryServiceContract_Imp@@SIXPAU1@@Z 02008b0c f   sc.obj
 0001:00007b30       ?m_Microsoft_SingSharp_ITracked_Acquire@Class_SurrogateMicrosoft_Singularity_Directory_DirectoryServiceContract_Imp@@SIXPAU1@@Z 02008b30 f   sc.obj
 0001:00007b54       ?m_HeadMatches@Class_SurrogateMicrosoft_Singularity_Directory_DirectoryServiceContract_Imp@@SI_NPAU1@HPA_NPAPAUClass_System_Object@@@Z 02008b54 f   sc.obj
 0001:00007b88       ?m_GetWaitHandle@Class_SurrogateMicrosoft_Singularity_Directory_DirectoryServiceContract_Imp@@SI?AUStruct_Microsoft_Singularity_V1_Threads_SyncHandle@@PAU1@@Z 02008b88 f   sc.obj
 0001:00007bac       ?m_Dispose@Class_SurrogateMicrosoft_Singularity_Directory_DirectoryServiceContract_Imp@@SIXPAU1@@Z 02008bac f   sc.obj
 0001:00007bd0       ?g__ctor@Class_SurrogateMicrosoft_Singularity_Directory_DirectoryServiceContract_Imp@@SIXPAU1@PAUStruct_Microsoft_Singularity_Directory_DirectoryServiceContract_Imp@@@Z 02008bd0 f   sc.obj
 0001:00007bf8       ?m_StructCopy@Struct_Microsoft_Singularity_Directory_DirectoryServiceContract_NakCreateLink@@SIXPAU1@0@Z 02008bf8 f   sc.obj
 0001:00007c20       ?m_StructCopy@Struct_Microsoft_Singularity_Directory_DirectoryServiceContract_NakCreateLink@@SIXPAU1@PAU1@@Z 02008c20 f   sc.obj
 0001:00007c98       ?m_Equals@Struct_Microsoft_Singularity_Directory_DirectoryServiceContract_NakCreateLink@@SI_NPAU1@PAUClass_System_Object@@@Z 02008c98 f   sc.obj
 0001:00007d38       ?m_Equals@Struct_Microsoft_Singularity_Directory_DirectoryServiceContract_NakCreateLink@@SI_NPAUClass_Microsoft_Singularity_Directory_DirectoryServiceContract_NakCreateLink@@PAUClass_System_Object@@@Z 02008d38 f   sc.obj
 0001:00007d64       ?g_WatchService@Class_Microsoft_Singularity_Applications_ServiceManager_SMSClient@@SIHPAUClass_System_String@@@Z 02008d64 f   sc.obj
 0001:00008100       ?g_ToString@Class_Microsoft_Singularity_Applications_ServiceManager_SMSClient@@SIPAUClass_System_String@@PA_W@Z 02009100 f   sc.obj
 0001:00008150       ?g_StopService@Class_Microsoft_Singularity_Applications_ServiceManager_SMSClient@@SIHPAUClass_System_String@@_N@Z 02009150 f   sc.obj
 0001:00008594       ?g_StartService@Class_Microsoft_Singularity_Applications_ServiceManager_SMSClient@@SIHPAUClass_System_String@@_N@Z 02009594 f   sc.obj
 0001:000089b4       ?g_ShowStatusDetailed@Class_Microsoft_Singularity_Applications_ServiceManager_SMSClient@@SIXUStruct_Microsoft_Singularity_ServiceManager_ServiceStatus@@@Z 020099b4 f   sc.obj
 0001:00008b08       ?g_ShowServiceError@Class_Microsoft_Singularity_Applications_ServiceManager_SMSClient@@SIXUStruct_Microsoft_Singularity_ServiceManager_ServiceError@@@Z 02009b08 f   sc.obj
 0001:00008b3c       ?g_ShowConfigDetailed@Class_Microsoft_Singularity_Applications_ServiceManager_SMSClient@@SIXUStruct_Microsoft_Singularity_ServiceManager_ServiceConfig@@@Z 02009b3c f   sc.obj
 0001:00008de4       ?g_SelectService@Class_Microsoft_Singularity_Applications_ServiceManager_SMSClient@@SI?AUStruct_Microsoft_Singularity_ServiceManager_ServiceError@@PAUStruct_Microsoft_Singularity_ServiceManager_ServiceManagerContract_Imp@@PAUClass_System_String@@@Z 02009de4 f   sc.obj
 0001:00008f60       ?g_ListServices@Class_Microsoft_Singularity_Applications_ServiceManager_SMSClient@@SIXPAUStruct_Microsoft_Singularity_ServiceManager_ServiceInfo@@H@Z 02009f60 f   sc.obj
 0001:00009160       ?g_ListServices@Class_Microsoft_Singularity_Applications_ServiceManager_SMSClient@@SIHPAUClass_Microsoft_Singularity_Applications_ServiceManager_ListConfig@@@Z 0200a160 f   sc.obj
 0001:000095a8       ?g_ConnectServiceManager@Class_Microsoft_Singularity_Applications_ServiceManager_SMSClient@@SIPAUStruct_Microsoft_Singularity_ServiceManager_ServiceManagerContract_Imp@@XZ 0200a5a8 f   sc.obj
 0001:00009804       ?m__ctor@Class_Microsoft_Singularity_Applications_ServiceManager_SMSClient@@SIXPAU1@@Z 0200a804 f   sc.obj
 0001:0000981c       ?g__cctor@Class_Microsoft_Singularity_Applications_ServiceManager_SMSClient@@SIXXZ 0200a81c f   sc.obj
 0001:00009b1c       ?m_StructCopy@Struct_Microsoft_Bartok_Runtime_PreHeader@@SIXPAU1@0@Z 0200ab1c f   sc.obj
 0001:00009b48       ?m_StructCopy@Struct_Microsoft_Bartok_Runtime_PreHeader@@SIXPAU1@PAU1@@Z 0200ab48 f   sc.obj
 0001:00009bcc       ?m_Equals@Struct_Microsoft_Bartok_Runtime_PreHeader@@SI_NPAU1@PAUClass_System_Object@@@Z 0200abcc f   sc.obj
 0001:00009c78       ?m_Equals@Struct_Microsoft_Bartok_Runtime_PreHeader@@SI_NPAUClass_Microsoft_Bartok_Runtime_PreHeader@@PAUClass_System_Object@@@Z 0200ac78 f   sc.obj
 0001:00009ca4       ?g_wcslen@Class_System_Number@@SIHPAUClassVector_bartok_char@@H@Z 0200aca4 f   sc.obj
 0001:00009d18       ?g_UInt64ToDecString@Class_System_Number@@SIPAUClass_System_String@@_KH@Z 0200ad18 f   sc.obj
 0001:00009e18       ?g_UInt32ToDecString@Class_System_Number@@SIPAUClass_System_String@@IH@Z 0200ae18 f   sc.obj
 0001:00009eac       ?m_ToStringFormat@Class_System_Number@@SIPAUClass_System_String@@PAU1@PAU2@@Z 0200aeac f   sc.obj
 0001:0000b590       ?m_ToString@Class_System_Number@@SIPAUClass_System_String@@PAU1@_WH@Z 0200c590 f   sc.obj
 0001:0000bed0       ?m_RoundNumber@Class_System_Number@@SIXPAU1@H@Z 0200ced0 f   sc.obj
 0001:0000c0dc       ?g_ParseFormatSpecifier@Class_System_Number@@SI_WPAUClass_System_String@@PAH@Z 0200d0dc f   sc.obj
 0001:0000c280       ?g_NumberToDouble@Class_System_Number@@SIXPAU1@PAN@Z 0200d280 f   sc.obj
 0001:0000c534       ?g_LO32@Class_System_Number@@SII_K@Z 0200d534 f   sc.obj
 0001:0000c54c       ?g_Int64ToHexString@Class_System_Number@@SIPAUClass_System_String@@_K_WH@Z 0200d54c f   sc.obj
 0001:0000c5dc       ?g_Int64ToHexChars@Class_System_Number@@SIHPAUClassVector_bartok_char@@H_K_WH@Z 0200d5dc f   sc.obj
 0001:0000c6a0       ?g_Int64ToDecString@Class_System_Number@@SIPAUClass_System_String@@_JHPAU2@@Z 0200d6a0 f   sc.obj
 0001:0000c890       ?g_Int64ToDecChars@Class_System_Number@@SIXPAUClassVector_bartok_char@@PAH_KH@Z 0200d890 f   sc.obj
 0001:0000c940       ?g_Int64DivMod1E9@Class_System_Number@@SI_K_KPAI@Z 0200d940 f   sc.obj
 0001:0000c99c       ?g_Int32ToHexString@Class_System_Number@@SIPAUClass_System_String@@I_WH@Z 0200d99c f   sc.obj
 0001:0000ca28       ?g_Int32ToHexChars@Class_System_Number@@SIHPAUClassVector_bartok_char@@HI_WH@Z 0200da28 f   sc.obj
 0001:0000cac8       ?g_Int32ToDecString@Class_System_Number@@SIPAUClass_System_String@@HHPAU2@@Z 0200dac8 f   sc.obj
 0001:0000cc24       ?g_Int32ToDecChars@Class_System_Number@@SIXPAUClassVector_bartok_char@@PAHIH@Z 0200dc24 f   sc.obj
 0001:0000ccb8       ?g_HI32@Class_System_Number@@SII_K@Z 0200dcb8 f   sc.obj
 0001:0000ccdc       ?g_Get@Class_System_Number@@SI_WPAUClass_System_String@@H@Z 0200dcdc f   sc.obj
 0001:0000cd24       ?g_FPNumberToString@Class_System_Number@@SIPAUClass_System_String@@PAU1@PAU2@@Z 0200dd24 f   sc.obj
 0001:0000ce14       ?g_FormatUInt64@Class_System_Number@@SIPAUClass_System_String@@_KPAU2@@Z 0200de14 f   sc.obj
 0001:0000cf28       ?g_FormatUInt32@Class_System_Number@@SIPAUClass_System_String@@IPAU2@@Z 0200df28 f   sc.obj
 0001:0000d02c       ?g_FormatSingle@Class_System_Number@@SIPAUClass_System_String@@MPAU2@@Z 0200e02c f   sc.obj
 0001:0000d2b8       ?m_FormatScientific@Class_System_Number@@SIHPAU1@PAUClassVector_bartok_char@@HH_W@Z 0200e2b8 f   sc.obj
 0001:0000d480       ?m_FormatPercent@Class_System_Number@@SIHPAU1@PAUClassVector_bartok_char@@HH@Z 0200e480 f   sc.obj
 0001:0000d64c       ?m_FormatNumber@Class_System_Number@@SIHPAU1@PAUClassVector_bartok_char@@HH@Z 0200e64c f   sc.obj
 0001:0000d7e0       ?g_FormatInt64@Class_System_Number@@SIPAUClass_System_String@@_JPAU2@@Z 0200e7e0 f   sc.obj
 0001:0000d918       ?g_FormatInt32@Class_System_Number@@SIPAUClass_System_String@@HPAU2@@Z 0200e918 f   sc.obj
 0001:0000da40       ?m_FormatGeneral@Class_System_Number@@SIHPAU1@PAUClassVector_bartok_char@@HH_W@Z 0200ea40 f   sc.obj
 0001:0000dce8       ?m_FormatFixed@Class_System_Number@@SIHPAU1@PAUClassVector_bartok_char@@HHPAUClassVector_int32@@PAUClass_System_String@@3@Z 0200ece8 f   sc.obj
 0001:0000e268       ?m_FormatExponent@Class_System_Number@@SIHPAU1@PAUClassVector_bartok_char@@HH_WPAUClass_System_String@@3H@Z 0200f268 f   sc.obj
 0001:0000e3c0       ?g_FormatDouble@Class_System_Number@@SIPAUClass_System_String@@NPAU2@@Z 0200f3c0 f   sc.obj
 0001:0000e5fc       ?g_FormatDecimal@Class_System_Number@@SIPAUClass_System_String@@UStruct_System_Decimal@@PAU2@@Z 0200f5fc f   sc.obj
 0001:0000e694       ?g_FindSection@Class_System_Number@@SIHPAUClass_System_String@@H@Z 0200f694 f   sc.obj
 0001:0000e7e8       ?m_DecDivMod1E9@Class_System_Number@@SIIPAU1@PAUStruct_System_Decimal@@@Z 0200f7e8 f   sc.obj
 0001:0000e8c0       ?m_D32DivMod1E9@Class_System_Number@@SIIPAU1@IIPAI@Z 0200f8c0 f   sc.obj
 0001:0000e93c       ?g_AddStringRef@Class_System_Number@@SIHPAUClassVector_bartok_char@@HPAUClass_System_String@@@Z 0200f93c f   sc.obj
 0001:0000e9d4       ?m__ctor@Class_System_Number@@SIXPAU1@@Z 0200f9d4 f   sc.obj
 0001:0000ea04       ?m__ctor@Class_System_Number@@SIXPAU1@_K@Z 0200fa04 f   sc.obj
 0001:0000eb14       ?m__ctor@Class_System_Number@@SIXPAU1@I@Z 0200fb14 f   sc.obj
 0001:0000ec20       ?m__ctor@Class_System_Number@@SIXPAU1@PAUStruct_System_Decimal@@@Z 0200fc20 f   sc.obj
 0001:0000edb0       ?m__ctor@Class_System_Number@@SIXPAU1@_J@Z 0200fdb0 f   sc.obj
 0001:0000ef10       ?m__ctor@Class_System_Number@@SIXPAU1@H@Z 0200ff10 f   sc.obj
 0001:0000f03c       ?m__ctor@Class_System_Number@@SIXPAU1@NH@Z 0201003c f   sc.obj
 0001:0000f0a0       ?g__cctor@Class_System_Number@@SIXXZ 020100a0 f   sc.obj
 0001:0000f1dc       ?m_StructCopy@Struct_Microsoft_Singularity_ServiceManager_ServiceManagerContract_EnumerateServices@@SIXPAU1@0@Z 020101dc f   sc.obj
 0001:0000f204       ?m_StructCopy@Struct_Microsoft_Singularity_ServiceManager_ServiceManagerContract_EnumerateServices@@SIXPAU1@PAU1@@Z 02010204 f   sc.obj
 0001:0000f27c       ?m_MarshallContent@Struct_Microsoft_Singularity_ServiceManager_ServiceManagerContract_EnumerateServices@@SIXPAU1@PAEPAUStruct_Microsoft_Singularity_Channels_Endpoint@@1PAH@Z 0201027c f   sc.obj
 0001:0000f2e4       ?m_MarshallAll@Struct_Microsoft_Singularity_ServiceManager_ServiceManagerContract_EnumerateServices@@SIXPAU1@PAEPAUStruct_Microsoft_Singularity_Channels_Endpoint@@PAH@Z 020102e4 f   sc.obj
 0001:0000f33c       ?m_Equals@Struct_Microsoft_Singularity_ServiceManager_ServiceManagerContract_EnumerateServices@@SI_NPAU1@PAUClass_System_Object@@@Z 0201033c f   sc.obj
 0001:0000f384       ?m_Equals@Struct_Microsoft_Singularity_ServiceManager_ServiceManagerContract_EnumerateServices@@SI_NPAUClass_Microsoft_Singularity_ServiceManager_ServiceManagerContract_EnumerateServices@@PAUClass_System_Object@@@Z 02010384 f   sc.obj
 0001:0000f3b0       ?m_StructCopy@Struct_Microsoft_Singularity_ServiceManager_ServiceManagerContract_StopWatchingServiceManager@@SIXPAU1@0@Z 020103b0 f   sc.obj
 0001:0000f3cc       ?m_StructCopy@Struct_Microsoft_Singularity_ServiceManager_ServiceManagerContract_StopWatchingServiceManager@@SIXPAU1@PAU1@@Z 020103cc f   sc.obj
 0001:0000f420       ?m_Equals@Struct_Microsoft_Singularity_ServiceManager_ServiceManagerContract_StopWatchingServiceManager@@SI_NPAU1@PAUClass_System_Object@@@Z 02010420 f   sc.obj
 0001:0000f458       ?m_Equals@Struct_Microsoft_Singularity_ServiceManager_ServiceManagerContract_StopWatchingServiceManager@@SI_NPAUClass_Microsoft_Singularity_ServiceManager_ServiceManagerContract_StopWatchingServiceManager@@PAUClass_System_Object@@@Z 02010458 f   sc.obj
 0001:0000f484       ?m_StructCopy@Struct_Microsoft_Singularity_Directory_DirectoryServiceContract_Notify@@SIXPAU1@0@Z 02010484 f   sc.obj
 0001:0000f4d0       ?m_StructCopy@Struct_Microsoft_Singularity_Directory_DirectoryServiceContract_Notify@@SIXPAU1@PAU1@@Z 020104d0 f   sc.obj
 0001:0000f5b4       ?m_Equals@Struct_Microsoft_Singularity_Directory_DirectoryServiceContract_Notify@@SI_NPAU1@PAUClass_System_Object@@@Z 020105b4 f   sc.obj
 0001:0000f62c       ?m_Equals@Struct_Microsoft_Singularity_Directory_DirectoryServiceContract_Notify@@SI_NPAUClass_Microsoft_Singularity_Directory_DirectoryServiceContract_Notify@@PAUClass_System_Object@@@Z 0201062c f   sc.obj
 0001:0000f658       ?m_Visit@Class_System_GCs_Verifier_GenericThreadReferenceVisitor@@SIXPAU1@PAPAUuintPtr@@@Z 02010658 f   sc.obj
 0001:0000f95c       ?m__ctor@Class_System_GCs_Verifier_GenericThreadReferenceVisitor@@SIXPAU1@@Z 0201095c f   sc.obj
 0001:0000f980       ?m_ToString@Class_Microsoft_Singularity_Io_IoPort@@SIPAUClass_System_String@@PAU1@@Z 02010980 f   sc.obj
 0001:0000fa04       ?m_Wait@Class_System_Threading_Monitor@@SI_NPAU1@UStruct_System_SchedulerTime@@@Z 02010a04 f   sc.obj
 0001:0000fd24       ?g_Wait@Class_System_Threading_Monitor@@SI_NPAUClass_System_Object@@UStruct_System_TimeSpan@@@Z 02010d24 f   sc.obj
 0001:0000fdcc       ?m_TryEnter@Class_System_Threading_Monitor@@SI_NPAU1@@Z 02010dcc f   sc.obj
 0001:0000fe3c       ?m_TryEnter@Class_System_Threading_Monitor@@SI_NPAU1@UStruct_System_SchedulerTime@@@Z 02010e3c f   sc.obj
 0001:0000feb8       ?g_TryEnter@Class_System_Threading_Monitor@@SI_NPAUClass_System_Object@@@Z 02010eb8 f   sc.obj
 0001:0000fef4       ?m_Remove@Class_System_Threading_Monitor@@SI_NPAU1@PAUClass_System_Threading_Thread@@@Z 02010ef4 f   sc.obj
 0001:0000fff4       ?m_Pulse@Class_System_Threading_Monitor@@SIXPAU1@@Z 02010ff4 f   sc.obj
 0001:00010120       ?g_Pulse@Class_System_Threading_Monitor@@SIXPAUClass_System_Object@@@Z 02011120 f   sc.obj
 0001:0001015c       ?m_IsInUse@Class_System_Threading_Monitor@@SI_NPAU1@@Z 0201115c f   sc.obj
 0001:00010178       ?g_GetMonitorFromObject@Class_System_Threading_Monitor@@SIPAU1@PAUClass_System_Object@@@Z 02011178 f   sc.obj
 0001:000101f4       ?g_FromAddress@Class_System_Threading_Monitor@@SIPAU1@PAUuintPtr@@@Z 020111f4 f   sc.obj
 0001:00010210       ?g_ExitImpl@Class_System_Threading_Monitor@@SIXPAUClass_System_Object@@@Z 02011210 f   sc.obj
 0001:0001024c       ?m_Exit@Class_System_Threading_Monitor@@SIXPAU1@@Z 0201124c f   sc.obj
 0001:000102c4       ?g_EnterImpl@Class_System_Threading_Monitor@@SIXPAUClass_System_Object@@@Z 020112c4 f   sc.obj
 0001:00010300       ?m_Enter@Class_System_Threading_Monitor@@SIXPAU1@@Z 02011300 f   sc.obj
 0001:00010360       ?m_Enqueue@Class_System_Threading_Monitor@@SIXPAU1@PAUClass_System_Threading_Thread@@@Z 02011360 f   sc.obj
 0001:000103b4       ?m_Dequeue@Class_System_Threading_Monitor@@SIPAUClass_System_Threading_Thread@@PAU1@@Z 020113b4 f   sc.obj
 0001:00010438       ?m__ctor@Class_System_Threading_Monitor@@SIXPAU1@@Z 02011438 f   sc.obj
 0001:0001048c       ?m__ctor@Class_System_ReadEnlistmentLog_LogChunk@@SIXPAU1@PAUClassVector_Struct_System_ReadEnlistmentLog_Entry@@0@Z 0201148c f   sc.obj
 0001:000104c0       ?g_visitAllObjects@Class_System_GCs_MemoryAccounting@@SIXPAUClass_System_GCs_ObjectLayout_ObjectVisitor@@PAUuintPtr@@1@Z 020114c0 f   sc.obj
 0001:00010824       ?g_TotalNumPages@Class_System_GCs_MemoryAccounting@@SIIUStruct_System_GCs_PageType@@@Z 02011824 f   sc.obj
 0001:00010978       ?g_ReportStackDetails@Class_System_GCs_MemoryAccounting@@SIXXZ 02011978 f   sc.obj
 0001:00010d84       ?g_ReportNonGCDetails@Class_System_GCs_MemoryAccounting@@SIXXZ 02011d84 f   sc.obj
 0001:0001101c       ?g_ReportHeapDetails@Class_System_GCs_MemoryAccounting@@SIXXZ 0201201c f   sc.obj
 0001:00011968       ?g_Report@Class_System_GCs_MemoryAccounting@@SIXUStruct_Microsoft_Bartok_Runtime_GCType@@@Z 02012968 f   sc.obj
 0001:00011b28       ?g_assertRuntimeTypeHeaders@Class_System_GCs_MemoryAccounting@@SIXPAUuintPtr@@0@Z 02012b28 f   sc.obj
 0001:00011b58       ?m__ctor@Class_System_GCs_MemoryAccounting@@SIXPAU1@@Z 02012b58 f   sc.obj
 0001:00011b70       ?m_ToString@bool@@SIPAUClass_System_String@@PA_N@Z 02012b70 f   sc.obj
 0001:00011ba0       ?m_ToString@bool@@SIPAUClass_System_String@@PAUClass_System_Boolean@@@Z 02012ba0 f   sc.obj
 0001:00011be8       ?m_GetHashCode@bool@@SIHPA_N@Z 02012be8 f   sc.obj
 0001:00011c1c       ?m_GetHashCode@bool@@SIHPAUClass_System_Boolean@@@Z 02012c1c f   sc.obj
 0001:00011c64       ?m_Equals@bool@@SI_NPA_NPAUClass_System_Object@@@Z 02012c64 f   sc.obj
 0001:00011cc4       ?m_Equals@bool@@SI_NPAUClass_System_Boolean@@PAUClass_System_Object@@@Z 02012cc4 f   sc.obj
 0001:00011d10       ?m_CompareTo@bool@@SIHPA_NPAUClass_System_Object@@@Z 02012d10 f   sc.obj
 0001:00011db8       ?m_CompareTo@bool@@SIHPAUClass_System_Boolean@@PAUClass_System_Object@@@Z 02012db8 f   sc.obj
 0001:00011e04       ?g__cctor@bool@@SIXXZ      02012e04 f   sc.obj
 0001:00011e18       ?m_StructCopy@Struct_Microsoft_Singularity_V1_Services_ProcessService@@SIXPAU1@0@Z 02012e18 f   sc.obj
 0001:00011e34       ?m_StructCopy@Struct_Microsoft_Singularity_V1_Services_ProcessService@@SIXPAU1@PAU1@@Z 02012e34 f   sc.obj
 0001:00011e88       ?g_GetStartupStringArg@Struct_Microsoft_Singularity_V1_Services_ProcessService@@SI?AUStruct_Microsoft_Singularity_V1_Services_ParameterCode@@HPA_WPAH@Z 02012e88 f   sc.obj
 0001:00011ed8       ?g_GetStartupLongArg@Struct_Microsoft_Singularity_V1_Services_ProcessService@@SI?AUStruct_Microsoft_Singularity_V1_Services_ParameterCode@@HPA_J@Z 02012ed8 f   sc.obj
 0001:00011f24       ?g_GetStartupBoolArg@Struct_Microsoft_Singularity_V1_Services_ProcessService@@SI?AUStruct_Microsoft_Singularity_V1_Services_ParameterCode@@HPA_N@Z 02012f24 f   sc.obj
 0001:00011f70       ?g_GetSharedSourceHandles@Struct_Microsoft_Singularity_V1_Services_ProcessService@@SI_NIPAPAUuintPtr@@00@Z 02012f70 f   sc.obj
 0001:00011ff4       ?m_Equals@Struct_Microsoft_Singularity_V1_Services_ProcessService@@SI_NPAU1@PAUClass_System_Object@@@Z 02012ff4 f   sc.obj
 0001:0001202c       ?m_Equals@Struct_Microsoft_Singularity_V1_Services_ProcessService@@SI_NPAUClass_Microsoft_Singularity_V1_Services_ProcessService@@PAUClass_System_Object@@@Z 0201302c f   sc.obj
 0001:00012058       ?g_RetStartupEndpoint@Class_System_Process@@SIXHPAUStruct_Microsoft_Singularity_Channels_Endpoint@@@Z 02013058 f   sc.obj
 0001:000120a8       ?g_GetStartupStringArg@Class_System_Process@@SI?AUStruct_Microsoft_Singularity_V1_Services_ParameterCode@@HPAPAUClass_System_String@@@Z 020130a8 f   sc.obj
 0001:000121a8       ?g_GetStartupEndpoint@Class_System_Process@@SIPAUStruct_Microsoft_Singularity_Channels_Endpoint@@H@Z 020131a8 f   sc.obj
 0001:00012228       ?m_Finalize@Class_System_Process@@SIXPAU1@@Z 02013228 f   sc.obj
 0001:00012240       ?m_Visit@Struct_System_MultiUseWord_STMHandle@@SI_NPAU1@PAUClass_System_GCs_DirectReferenceVisitor@@@Z 02013240 f   sc.obj
 0001:00012294       ?m_StructCopy@Struct_System_MultiUseWord_STMHandle@@SIXPAU1@0@Z 02013294 f   sc.obj
 0001:000122bc       ?m_StructCopy@Struct_System_MultiUseWord_STMHandle@@SIXPAU1@PAU1@@Z 020132bc f   sc.obj
 0001:00012334       ?m_SetSTMWordAtGC@Struct_System_MultiUseWord_STMHandle@@SIXPAU1@PAUClass_System_GCs_DirectReferenceVisitor@@UStruct_System_STMWord@@@Z 02013334 f   sc.obj
 0001:0001242c       ?m_SetMark@Struct_System_MultiUseWord_STMHandle@@SIXPAU1@_N@Z 0201342c f   sc.obj
 0001:000124c0       ?m_IsMarked@Struct_System_MultiUseWord_STMHandle@@SI_NPAU1@@Z 020134c0 f   sc.obj
 0001:00012504       ?m_GetSTMSnapshot@Struct_System_MultiUseWord_STMHandle@@SI?AUStruct_System_MultiUseWord_STMSnapshot@@PAU1@@Z 02013504 f   sc.obj
 0001:00012550       ?m_Equals@Struct_System_MultiUseWord_STMHandle@@SI_NPAU1@PAUClass_System_Object@@@Z 02013550 f   sc.obj
 0001:00012598       ?m_Equals@Struct_System_MultiUseWord_STMHandle@@SI_NPAUClass_System_MultiUseWord_STMHandle@@PAUClass_System_Object@@@Z 02013598 f   sc.obj
 0001:000125c4       ?m_Visit@Class_System_GCs_MemoryAccounting_ManagedPtrAccounting@@SIXPAU1@PAPAUuintPtr@@@Z 020135c4 f   sc.obj
 0001:000125e0       ?m_Initialize@Class_System_GCs_MemoryAccounting_ManagedPtrAccounting@@SIXPAU1@@Z 020135e0 f   sc.obj
 0001:000125f8       ?m__ctor@Class_System_GCs_MemoryAccounting_ManagedPtrAccounting@@SIXPAU1@@Z 020135f8 f   sc.obj
 0001:00012610       ?m__ctor@Class_Microsoft_Singularity_Monitoring@@SIXPAU1@@Z 02013610 f   sc.obj
 0001:0001262c       ?m_StructCopy@Struct_Microsoft_Singularity_Directory_DirectoryServiceContract_NakStoreACL@@SIXPAU1@0@Z 0201362c f   sc.obj
 0001:00012654       ?m_StructCopy@Struct_Microsoft_Singularity_Directory_DirectoryServiceContract_NakStoreACL@@SIXPAU1@PAU1@@Z 02013654 f   sc.obj
 0001:000126cc       ?m_Equals@Struct_Microsoft_Singularity_Directory_DirectoryServiceContract_NakStoreACL@@SI_NPAU1@PAUClass_System_Object@@@Z 020136cc f   sc.obj
 0001:0001276c       ?m_Equals@Struct_Microsoft_Singularity_Directory_DirectoryServiceContract_NakStoreACL@@SI_NPAUClass_Microsoft_Singularity_Directory_DirectoryServiceContract_NakStoreACL@@PAUClass_System_Object@@@Z 0201376c f   sc.obj
 0001:00012798       ?m_StructCopy@Struct_Microsoft_Singularity_Directory_DirectoryServiceContract_AckGetLinkValue@@SIXPAU1@0@Z 02013798 f   sc.obj
 0001:000127c0       ?m_StructCopy@Struct_Microsoft_Singularity_Directory_DirectoryServiceContract_AckGetLinkValue@@SIXPAU1@PAU1@@Z 020137c0 f   sc.obj
 0001:00012838       ?m_Equals@Struct_Microsoft_Singularity_Directory_DirectoryServiceContract_AckGetLinkValue@@SI_NPAU1@PAUClass_System_Object@@@Z 02013838 f   sc.obj
 0001:00012880       ?m_Equals@Struct_Microsoft_Singularity_Directory_DirectoryServiceContract_AckGetLinkValue@@SI_NPAUClass_Microsoft_Singularity_Directory_DirectoryServiceContract_AckGetLinkValue@@PAUClass_System_Object@@@Z 02013880 f   sc.obj
 0001:000128ac       ?m_ToString@Class_System_Version@@SIPAUClass_System_String@@PAU1@@Z 020138ac f   sc.obj
 0001:00012908       ?m_ToString@Class_System_Version@@SIPAUClass_System_String@@PAU1@H@Z 02013908 f   sc.obj
 0001:00012c88       ?m_GetHashCode@Class_System_Version@@SIHPAU1@@Z 02013c88 f   sc.obj
 0001:00012d0c       ?m_get$_Major@Class_System_Version@@SIHPAU1@@Z 02013d0c f   sc.obj
 0001:00012d2c       ?m_Equals@Class_System_Version@@SI_NPAU1@PAUClass_System_Object@@@Z 02013d2c f   sc.obj
 0001:00012dec       ?m_CompareTo@Class_System_Version@@SIHPAU1@PAUClass_System_Object@@@Z 02013dec f   sc.obj
 0001:00012f00       ?m__ctor@Class_System_Version@@SIXPAU1@@Z 02013f00 f   sc.obj
 0001:00012f44       ?m_StructCopy@Struct_Microsoft_Singularity_Directory_DirectoryServiceContract_NakQueryACLReparse@@SIXPAU1@0@Z 02013f44 f   sc.obj
 0001:00012f84       ?m_StructCopy@Struct_Microsoft_Singularity_Directory_DirectoryServiceContract_NakQueryACLReparse@@SIXPAU1@PAU1@@Z 02013f84 f   sc.obj
 0001:00013044       ?m_Equals@Struct_Microsoft_Singularity_Directory_DirectoryServiceContract_NakQueryACLReparse@@SI_NPAU1@PAUClass_System_Object@@@Z 02014044 f   sc.obj
 0001:000130ac       ?m_Equals@Struct_Microsoft_Singularity_Directory_DirectoryServiceContract_NakQueryACLReparse@@SI_NPAUClass_Microsoft_Singularity_Directory_DirectoryServiceContract_NakQueryACLReparse@@PAUClass_System_Object@@@Z 020140ac f   sc.obj
 0001:000130d8       ?m_StructCopy@Struct_Microsoft_Singularity_Directory_FileContract_Exp@@SIXPAU1@0@Z 020140d8 f   sc.obj
 0001:000131d8       ?m_StructCopy@Struct_Microsoft_Singularity_Directory_FileContract_Exp@@SIXPAU1@PAU1@@Z 020141d8 f   sc.obj
 0001:000134d8       ?m_Peek@Struct_Microsoft_Singularity_Directory_FileContract_Exp@@SIHPAU1@@Z 020144d8 f   sc.obj
 0001:0001376c       ?m_HeadMatches@Struct_Microsoft_Singularity_Directory_FileContract_Exp@@SI_NPAU1@HPA_NPAPAUClass_System_Object@@@Z 0201476c f   sc.obj
 0001:0001382c       ?m_HeadMatches@Struct_Microsoft_Singularity_Directory_FileContract_Exp@@SI_NPAUClass_Microsoft_Singularity_Directory_FileContract_Exp@@HPA_NPAPAUClass_System_Object@@@Z 0201482c f   sc.obj
 0001:00013864       ?m_Equals@Struct_Microsoft_Singularity_Directory_FileContract_Exp@@SI_NPAU1@PAUClass_System_Object@@@Z 02014864 f   sc.obj
 0001:00013c44       ?m_Equals@Struct_Microsoft_Singularity_Directory_FileContract_Exp@@SI_NPAUClass_Microsoft_Singularity_Directory_FileContract_Exp@@PAUClass_System_Object@@@Z 02014c44 f   sc.obj
 0001:00013c70       ?m_Dispose@Struct_Microsoft_Singularity_Directory_FileContract_Exp@@SIXPAU1@@Z 02014c70 f   sc.obj
 0001:00013c94       ?m_Dispose@Struct_Microsoft_Singularity_Directory_FileContract_Exp@@SIXPAUClass_Microsoft_Singularity_Directory_FileContract_Exp@@@Z 02014c94 f   sc.obj
 0001:00013cbc       ?m__ctor@Class_System_Runtime_CompilerServices_InlineAttribute@@SIXPAU1@@Z 02014cbc f   sc.obj
 0001:00013ce0       ?g_InitializeQuerySystem@Class_Microsoft_Singularity_Eventing_QuerySession@@SI_NXZ 02014ce0 f   sc.obj
 0001:00013d80       ?m__ctor@Class_Microsoft_Singularity_Eventing_QuerySession@@SIXPAU1@@Z 02014d80 f   sc.obj
 0001:00013db0       ?g__cctor@Class_Microsoft_Singularity_Eventing_QuerySession@@SIXXZ 02014db0 f   sc.obj
 0001:00013dc4       ?m__ctor@Class_System_Runtime_CompilerServices_CalledRarelyAttribute@@SIXPAU1@@Z 02014dc4 f   sc.obj
 0001:00013de8       ?g_VerifyPages@Class_System_GCs_Verifier@@SIXPAUClass_System_GCs_ObjectLayout_ObjectVisitor@@@Z 02014de8 f   sc.obj
 0001:0001420c       ?m_VerifyHeap@Class_System_GCs_Verifier@@SIXPAU1@@Z 0201520c f   sc.obj
 0001:000144b4       ?g_VerifyAllThreadsGCControlled@Class_System_GCs_Verifier@@SIXPAUClass_System_Threading_Thread@@@Z 020154b4 f   sc.obj
 0001:0001453c       ?m__ctor@Class_System_GCs_Verifier@@SIXPAU1@PAUClass_System_GCs_NonNullReferenceVisitor@@1PAUClass_System_GCs_ObjectLayout_ObjectVisitor@@PAUClass_System_GCs_Verifier_StackVerifier@@@Z 0201553c f   sc.obj
 0001:00014580       ?g__cctor@Class_System_GCs_Verifier@@SIXXZ 02015580 f   sc.obj
 0001:000146a4       ?m_StructCopy@Struct_Microsoft_Singularity_Directory_DirectoryServiceContract_AckDeleteLink@@SIXPAU1@0@Z 020156a4 f   sc.obj
 0001:000146c0       ?m_StructCopy@Struct_Microsoft_Singularity_Directory_DirectoryServiceContract_AckDeleteLink@@SIXPAU1@PAU1@@Z 020156c0 f   sc.obj
 0001:00014714       ?m_Equals@Struct_Microsoft_Singularity_Directory_DirectoryServiceContract_AckDeleteLink@@SI_NPAU1@PAUClass_System_Object@@@Z 02015714 f   sc.obj
 0001:0001474c       ?m_Equals@Struct_Microsoft_Singularity_Directory_DirectoryServiceContract_AckDeleteLink@@SI_NPAUClass_Microsoft_Singularity_Directory_DirectoryServiceContract_AckDeleteLink@@PAUClass_System_Object@@@Z 0201574c f   sc.obj
 0001:00014778       ?m_StructCopy@Struct_System_UpdateLogWriter@@SIXPAU1@0@Z 02015778 f   sc.obj
 0001:000147ac       ?m_StructCopy@Struct_System_UpdateLogWriter@@SIXPAU1@PAU1@@Z 020157ac f   sc.obj
 0001:00014848       ?m_Equals@Struct_System_UpdateLogWriter@@SI_NPAU1@PAUClass_System_Object@@@Z 02015848 f   sc.obj
 0001:000148a4       ?m_Equals@Struct_System_UpdateLogWriter@@SI_NPAUClass_System_UpdateLogWriter@@PAUClass_System_Object@@@Z 020158a4 f   sc.obj
 0001:000148d0       ?m_ToString@uint8@@SIPAUClass_System_String@@PAE@Z 020158d0 f   sc.obj
 0001:0001491c       ?m_ToString@uint8@@SIPAUClass_System_String@@PAEPAU2@@Z 0201591c f   sc.obj
 0001:00014968       ?m_ToString@uint8@@SIPAUClass_System_String@@PAUClass_System_Byte@@@Z 02015968 f   sc.obj
 0001:00014990       ?m_ToString@uint8@@SIPAUClass_System_String@@PAUClass_System_Byte@@PAU2@@Z 02015990 f   sc.obj
 0001:000149bc       ?m_GetHashCode@uint8@@SIHPAE@Z 020159bc f   sc.obj
 0001:000149e0       ?m_GetHashCode@uint8@@SIHPAUClass_System_Byte@@@Z 020159e0 f   sc.obj
 0001:00014a08       ?m_Equals@uint8@@SI_NPAEPAUClass_System_Object@@@Z 02015a08 f   sc.obj
 0001:00014a68       ?m_Equals@uint8@@SI_NPAUClass_System_Byte@@PAUClass_System_Object@@@Z 02015a68 f   sc.obj
 0001:00014a94       ?m_CompareTo@uint8@@SIHPAEPAUClass_System_Object@@@Z 02015a94 f   sc.obj
 0001:00014b20       ?m_CompareTo@uint8@@SIHPAUClass_System_Byte@@PAUClass_System_Object@@@Z 02015b20 f   sc.obj
 0001:00014b4c       ?m_StructCopy@Struct_Microsoft_Singularity_Directory_DirectoryServiceContract_GetAttributes@@SIXPAU1@0@Z 02015b4c f   sc.obj
 0001:00014b74       ?m_StructCopy@Struct_Microsoft_Singularity_Directory_DirectoryServiceContract_GetAttributes@@SIXPAU1@PAU1@@Z 02015b74 f   sc.obj
 0001:00014bec       ?m_Equals@Struct_Microsoft_Singularity_Directory_DirectoryServiceContract_GetAttributes@@SI_NPAU1@PAUClass_System_Object@@@Z 02015bec f   sc.obj
 0001:00014c34       ?m_Equals@Struct_Microsoft_Singularity_Directory_DirectoryServiceContract_GetAttributes@@SI_NPAUClass_Microsoft_Singularity_Directory_DirectoryServiceContract_GetAttributes@@PAUClass_System_Object@@@Z 02015c34 f   sc.obj
 0001:00014c60       ?m_StructCopy@Struct_Microsoft_Singularity_Directory_DirectoryServiceContract_DeleteFile@@SIXPAU1@0@Z 02015c60 f   sc.obj
 0001:00014c88       ?m_StructCopy@Struct_Microsoft_Singularity_Directory_DirectoryServiceContract_DeleteFile@@SIXPAU1@PAU1@@Z 02015c88 f   sc.obj
 0001:00014d00       ?m_Equals@Struct_Microsoft_Singularity_Directory_DirectoryServiceContract_DeleteFile@@SI_NPAU1@PAUClass_System_Object@@@Z 02015d00 f   sc.obj
 0001:00014d48       ?m_Equals@Struct_Microsoft_Singularity_Directory_DirectoryServiceContract_DeleteFile@@SI_NPAUClass_Microsoft_Singularity_Directory_DirectoryServiceContract_DeleteFile@@PAUClass_System_Object@@@Z 02015d48 f   sc.obj
 0001:00014d74       ?g_WaitForPending@Struct_System_Finalizer@@SIXXZ 02015d74 f   sc.obj
 0001:00014da4       ?g_VisitBootstrapData@Struct_System_Finalizer@@SIXPAUClass_System_GCs_DirectReferenceVisitor@@@Z 02015da4 f   sc.obj
 0001:00014e0c       ?g_VisitAllRunFinalizer@Struct_System_Finalizer@@SIXPAUClass_System_GCs_DirectReferenceVisitor@@_N1@Z 02015e0c f   sc.obj
 0001:00014f84       ?g_ThreadLoop@Struct_System_Finalizer@@SIXXZ 02015f84 f   sc.obj
 0001:00015020       ?g_SuppressCandidate@Struct_System_Finalizer@@SIXPAUClass_System_Object@@@Z 02016020 f   sc.obj
 0001:000151fc       ?m_StructCopy@Struct_System_Finalizer@@SIXPAU1@0@Z 020161fc f   sc.obj
 0001:00015218       ?m_StructCopy@Struct_System_Finalizer@@SIXPAU1@PAU1@@Z 02016218 f   sc.obj
 0001:0001526c       ?g_StartFinalizerThread@Struct_System_Finalizer@@SIXXZ 0201626c f   sc.obj
 0001:0001534c       ?g_Shutdown@Struct_System_Finalizer@@SIXXZ 0201634c f   sc.obj
 0001:000154c0       ?g_ResurrectCandidates@Struct_System_Finalizer@@SIXPAUClass_System_GCs_DirectReferenceVisitor@@0_N@Z 020164c0 f   sc.obj
 0001:00015a60       ?g_ReleaseCollectFinalizers@Struct_System_Finalizer@@SIXXZ 02016a60 f   sc.obj
 0001:00015aa8       ?g_RegisterCandidate@Struct_System_Finalizer@@SIXPAUClass_System_Object@@@Z 02016aa8 f   sc.obj
 0001:00015e6c       ?g_PrepareCollectFinalizers@Struct_System_Finalizer@@SIXXZ 02016e6c f   sc.obj
 0001:00015f58       ?g_LinkToIndex@Struct_System_Finalizer@@SIHH@Z 02016f58 f   sc.obj
 0001:00015f88       ?g_IsLink@Struct_System_Finalizer@@SI_NH@Z 02016f88 f   sc.obj
 0001:00015fb0       ?g_IndexToLink@Struct_System_Finalizer@@SIHH@Z 02016fb0 f   sc.obj
 0001:00015fd4       ?g_GetObjectFromRun@Struct_System_Finalizer@@SIPAUClass_System_Object@@XZ 02016fd4 f   sc.obj
 0001:00016170       ?m_Equals@Struct_System_Finalizer@@SI_NPAU1@PAUClass_System_Object@@@Z 02017170 f   sc.obj
 0001:000161a8       ?m_Equals@Struct_System_Finalizer@@SI_NPAUClass_System_Finalizer@@PAUClass_System_Object@@@Z 020171a8 f   sc.obj
 0001:000161d4       ?g_CompactTables@Struct_System_Finalizer@@SIXXZ 020171d4 f   sc.obj
 0001:000161e8       ?g__cctor@Struct_System_Finalizer@@SIXXZ 020171e8 f   sc.obj
 0001:0001637c       ?m_StructCopy@Struct_Microsoft_Bartok_Runtime_PostHeader@@SIXPAU1@0@Z 0201737c f   sc.obj
 0001:000163a4       ?m_StructCopy@Struct_Microsoft_Bartok_Runtime_PostHeader@@SIXPAU1@PAU1@@Z 020173a4 f   sc.obj
 0001:0001641c       ?m_Equals@Struct_Microsoft_Bartok_Runtime_PostHeader@@SI_NPAU1@PAUClass_System_Object@@@Z 0201741c f   sc.obj
 0001:00016468       ?m_Equals@Struct_Microsoft_Bartok_Runtime_PostHeader@@SI_NPAUClass_Microsoft_Bartok_Runtime_PostHeader@@PAUClass_System_Object@@@Z 02017468 f   sc.obj
 0001:00016494       ?m_StructCopy@Struct_Microsoft_Singularity_Directory_DirectoryServiceContract_AckDeregister@@SIXPAU1@0@Z 02017494 f   sc.obj
 0001:000164bc       ?m_StructCopy@Struct_Microsoft_Singularity_Directory_DirectoryServiceContract_AckDeregister@@SIXPAU1@PAU1@@Z 020174bc f   sc.obj
 0001:00016534       ?m_Equals@Struct_Microsoft_Singularity_Directory_DirectoryServiceContract_AckDeregister@@SI_NPAU1@PAUClass_System_Object@@@Z 02017534 f   sc.obj
 0001:0001657c       ?m_Equals@Struct_Microsoft_Singularity_Directory_DirectoryServiceContract_AckDeregister@@SI_NPAUClass_Microsoft_Singularity_Directory_DirectoryServiceContract_AckDeregister@@PAUClass_System_Object@@@Z 0201757c f   sc.obj
 0001:000165a8       ?m_StructCopy@Struct_System_ArgIterator@@SIXPAU1@0@Z 020175a8 f   sc.obj
 0001:000165dc       ?m_StructCopy@Struct_System_ArgIterator@@SIXPAU1@PAU1@@Z 020175dc f   sc.obj
 0001:00016678       ?m_GetArg@Struct_System_ArgIterator@@SIPAUClass_System_RuntimeType@@PAU1@HPAPAUintPtr@@@Z 02017678 f   sc.obj
 0001:000166fc       ?m_get$_Length@Struct_System_ArgIterator@@SIHPAU1@@Z 020176fc f   sc.obj
 0001:0001671c       ?m_Equals@Struct_System_ArgIterator@@SI_NPAU1@PAUClass_System_Object@@@Z 0201771c f   sc.obj
 0001:00016778       ?m_Equals@Struct_System_ArgIterator@@SI_NPAUClass_System_ArgIterator@@PAUClass_System_Object@@@Z 02017778 f   sc.obj
 0001:000167a4       ?m__ctor@Struct_System_ArgIterator@@SIXPAU1@UStruct_System_RuntimeArgumentHandle@@@Z 020177a4 f   sc.obj
 0001:000167ec       ?g_UnderGCControl@Class_System_GCs_Transitions@@SI_NH@Z 020177ec f   sc.obj
 0001:000168a0       ?g_TransferMutatorControl@Class_System_GCs_Transitions@@SIXPAUStruct_Microsoft_Singularity_ThreadContext@@@Z 020178a0 f   sc.obj
 0001:000169e0       ?g_TransferMutatorControl@Class_System_GCs_Transitions@@SIXPAHH@Z 020179e0 f   sc.obj
 0001:00016af4       ?g_ThreadStart@Class_System_GCs_Transitions@@SIXXZ 02017af4 f   sc.obj
 0001:00016cdc       ?g_ThreadEnd@Class_System_GCs_Transitions@@SIXH@Z 02017cdc f   sc.obj
 0001:00016f08       ?g_TakeMutatorControlSlowNoGC@Class_System_GCs_Transitions@@SIXPAHH@Z 02017f08 f   sc.obj
 0001:00016f34       ?g_TakeMutatorControlSlow@Class_System_GCs_Transitions@@SIXPAHH@Z 02017f34 f   sc.obj
 0001:00016f60       ?g_TakeMutatorControlSlow@Class_System_GCs_Transitions@@SIXPAHH_N1@Z 02017f60 f   sc.obj
 0001:0001712c       ?g_TakeMutatorControlNoGC@Class_System_GCs_Transitions@@SIXPAUStruct_Microsoft_Singularity_ThreadContext@@@Z 0201812c f   sc.obj
 0001:00017290       ?g_TakeMutatorControlNoGC@Class_System_GCs_Transitions@@SIXPAHH@Z 02018290 f   sc.obj
 0001:000173cc       ?g_TakeMutatorControlNoGC@Class_System_GCs_Transitions@@SIXH@Z 020183cc f   sc.obj
 0001:000175bc       ?g_TakeMutatorControl@Class_System_GCs_Transitions@@SIXPAUStruct_Microsoft_Singularity_ThreadContext@@@Z 020185bc f   sc.obj
 0001:00017720       ?g_TakeMutatorControl@Class_System_GCs_Transitions@@SIXPAHH@Z 02018720 f   sc.obj
 0001:0001785c       ?g_TakeMutatorControl@Class_System_GCs_Transitions@@SIXH@Z 0201885c f   sc.obj
 0001:00017a4c       ?g_TakeGCControl@Class_System_GCs_Transitions@@SI_NPAH@Z 02018a4c f   sc.obj
 0001:00017b10       ?g_TakeGCControl@Class_System_GCs_Transitions@@SI_NH@Z 02018b10 f   sc.obj
 0001:00017c8c       ?g_TakeDormantControlNoGC@Class_System_GCs_Transitions@@SIXPAH@Z 02018c8c f   sc.obj
 0001:00017d38       ?g_TakeDormantControlNoGC@Class_System_GCs_Transitions@@SIXH@Z 02018d38 f   sc.obj
 0001:00017e8c       ?g_TakeDormantControl@Class_System_GCs_Transitions@@SIXPAUStruct_Microsoft_Singularity_ThreadContext@@@Z 02018e8c f   sc.obj
 0001:00017f98       ?g_TakeDormantControl@Class_System_GCs_Transitions@@SIXPAHH@Z 02018f98 f   sc.obj
 0001:0001806c       ?g_TakeDormantControl@Class_System_GCs_Transitions@@SIXH@Z 0201906c f   sc.obj
 0001:000181d4       ?g_SwitchToMutatorStateWithGCRequest@Class_System_GCs_Transitions@@SI_NPAH@Z 020191d4 f   sc.obj
 0001:00018240       ?g_SwitchToMutatorState@Class_System_GCs_Transitions@@SI_NPAH@Z 02019240 f   sc.obj
 0001:000182f0       ?g_RuntimeInitialized@Class_System_GCs_Transitions@@SIXXZ 020192f0 f   sc.obj
 0001:0001830c       ?g_ReturnToManagedSpace@Class_System_GCs_Transitions@@SIXPAUStruct_Microsoft_Singularity_ThreadContext@@@Z 0201930c f   sc.obj
 0001:000184ec       ?g_ReturnFromManagedSpaceNoCallerTransition@Class_System_GCs_Transitions@@SIXXZ 020194ec f   sc.obj
 0001:00018600       ?g_ReturnFromManagedSpace@Class_System_GCs_Transitions@@SIXXZ 02019600 f   sc.obj
 0001:00018748       ?g_RestoreMutatorControlIfNeeded@Class_System_GCs_Transitions@@SIXXZ 02019748 f   sc.obj
 0001:00018880       ?g_ReleaseGCControl@Class_System_GCs_Transitions@@SIXPAHH@Z 02019880 f   sc.obj
 0001:00018944       ?g_ReleaseGCControl@Class_System_GCs_Transitions@@SIXH@Z 02019944 f   sc.obj
 0001:00018aa4       ?g_NewThreadNotification@Class_System_GCs_Transitions@@SIXH_N@Z 02019aa4 f   sc.obj
 0001:00018c44       ?g_MakeGCRequests@Class_System_GCs_Transitions@@SIXH@Z 02019c44 f   sc.obj
 0001:00018d6c       ?g_MakeGCRequest@Class_System_GCs_Transitions@@SIXPAHH@Z 02019d6c f   sc.obj
 0001:00018dd0       ?g_MakeGCRequest@Class_System_GCs_Transitions@@SIXH@Z 02019dd0 f   sc.obj
 0001:00018e74       ?g_LeaveManagedSpace@Class_System_GCs_Transitions@@SIXPAUStruct_Microsoft_Singularity_ThreadContext@@@Z 02019e74 f   sc.obj
 0001:00018fb4       ?g_LeaveLoadFunctionStub@Class_System_GCs_Transitions@@SIXXZ 02019fb4 f   sc.obj
 0001:00019120       ?g_InMutatorState@Class_System_GCs_Transitions@@SI_NPAUStruct_Microsoft_Singularity_ThreadContext@@@Z 0201a120 f   sc.obj
 0001:00019170       ?g_InMutatorState@Class_System_GCs_Transitions@@SI_NH@Z 0201a170 f   sc.obj
 0001:0001922c       ?g_Initialize@Class_System_GCs_Transitions@@SIXXZ 0201a22c f   sc.obj
 0001:00019240       ?g_InDormantState@Class_System_GCs_Transitions@@SI_NH@Z 0201a240 f   sc.obj
 0001:000192f0       ?g_HasGCRequest@Class_System_GCs_Transitions@@SI_NH@Z 0201a2f0 f   sc.obj
 0001:000193a0       ?g_GetThreadContext@Class_System_GCs_Transitions@@SIPAUStruct_Microsoft_Singularity_ThreadContext@@H@Z 0201a3a0 f   sc.obj
 0001:000193f0       ?g_GetCurrentThreadContext@Class_System_GCs_Transitions@@SIPAUStruct_Microsoft_Singularity_ThreadContext@@H@Z 0201a3f0 f   sc.obj
 0001:00019478       ?g_fUnderGCControl@Class_System_GCs_Transitions@@SI_NH@Z 0201a478 f   sc.obj
 0001:000194a0       ?g_fInMutatorState@Class_System_GCs_Transitions@@SI_NH@Z 0201a4a0 f   sc.obj
 0001:000194c8       ?g_fInDormantState@Class_System_GCs_Transitions@@SI_NH@Z 0201a4c8 f   sc.obj
 0001:000194f0       ?g_fHasGCRequest@Class_System_GCs_Transitions@@SI_NH@Z 0201a4f0 f   sc.obj
 0001:00019518       ?g_EntryIntoManagedSpace@Class_System_GCs_Transitions@@SIXXZ 0201a518 f   sc.obj
 0001:00019700       ?g_EnterLoadFunctionStub@Class_System_GCs_Transitions@@SIXXZ 0201a700 f   sc.obj
 0001:000198f8       ?g_EnsureMutatorControlNoGC@Class_System_GCs_Transitions@@SIXPAUStruct_Microsoft_Singularity_ThreadContext@@@Z 0201a8f8 f   sc.obj
 0001:00019ad8       ?g_EnsureMutatorControlNoGC@Class_System_GCs_Transitions@@SIXPAHH@Z 0201aad8 f   sc.obj
 0001:00019c90       ?g_EnsureMutatorControl@Class_System_GCs_Transitions@@SIXPAUStruct_Microsoft_Singularity_ThreadContext@@@Z 0201ac90 f   sc.obj
 0001:00019e70       ?g_EnsureMutatorControl@Class_System_GCs_Transitions@@SIXPAHH@Z 0201ae70 f   sc.obj
 0001:0001a028       ?g_DeadThreadNotification@Class_System_GCs_Transitions@@SIXH@Z 0201b028 f   sc.obj
 0001:0001a1d8       ?g_CompareAndSwap@Class_System_GCs_Transitions@@SI_NPAHHH@Z 0201b1d8 f   sc.obj
 0001:0001a20c       ?g_ClearGCRequest@Class_System_GCs_Transitions@@SIXPAHH@Z 0201b20c f   sc.obj
 0001:0001a2b8       ?g_ClearGCRequest@Class_System_GCs_Transitions@@SIXH@Z 0201b2b8 f   sc.obj
 0001:0001a35c       ?m__ctor@Class_System_GCs_Transitions@@SIXPAU1@@Z 0201b35c f   sc.obj
 0001:0001a378       ?m_StructCopy@Struct_Microsoft_Singularity_Directory_DirectoryServiceContract_AckCreateDirectory@@SIXPAU1@0@Z 0201b378 f   sc.obj
 0001:0001a394       ?m_StructCopy@Struct_Microsoft_Singularity_Directory_DirectoryServiceContract_AckCreateDirectory@@SIXPAU1@PAU1@@Z 0201b394 f   sc.obj
 0001:0001a3e8       ?m_Equals@Struct_Microsoft_Singularity_Directory_DirectoryServiceContract_AckCreateDirectory@@SI_NPAU1@PAUClass_System_Object@@@Z 0201b3e8 f   sc.obj
 0001:0001a420       ?m_Equals@Struct_Microsoft_Singularity_Directory_DirectoryServiceContract_AckCreateDirectory@@SI_NPAUClass_Microsoft_Singularity_Directory_DirectoryServiceContract_AckCreateDirectory@@PAUClass_System_Object@@@Z 0201b420 f   sc.obj
 0001:0001a44c       ?m_Visit@Class_System_GCs_Verifier_GenericObjectVisitor@@SIPAUuintPtr@@PAU1@PAUClass_System_Object@@@Z 0201b44c f   sc.obj
 0001:0001a478       ?m__ctor@Class_System_GCs_Verifier_GenericObjectVisitor@@SIXPAU1@PAUClass_System_GCs_NonNullReferenceVisitor@@@Z 0201b478 f   sc.obj
 0001:0001a4a8       ?m_ToString@int64@@SIPAUClass_System_String@@PA_J@Z 0201b4a8 f   sc.obj
 0001:0001a4d0       ?m_ToString@int64@@SIPAUClass_System_String@@PA_JPAU2@@Z 0201b4d0 f   sc.obj
 0001:0001a524       ?m_ToString@int64@@SIPAUClass_System_String@@PAUClass_System_Int64@@@Z 0201b524 f   sc.obj
 0001:0001a54c       ?m_ToString@int64@@SIPAUClass_System_String@@PAUClass_System_Int64@@PAU2@@Z 0201b54c f   sc.obj
 0001:0001a578       ?m_GetHashCode@int64@@SIHPA_J@Z 0201b578 f   sc.obj
 0001:0001a5ac       ?m_GetHashCode@int64@@SIHPAUClass_System_Int64@@@Z 0201b5ac f   sc.obj
 0001:0001a5d4       ?m_Equals@int64@@SI_NPA_JPAUClass_System_Object@@@Z 0201b5d4 f   sc.obj
 0001:0001a644       ?m_Equals@int64@@SI_NPAUClass_System_Int64@@PAUClass_System_Object@@@Z 0201b644 f   sc.obj
 0001:0001a670       ?m_CompareTo@int64@@SIHPA_JPAUClass_System_Object@@@Z 0201b670 f   sc.obj
 0001:0001a764       ?m_CompareTo@int64@@SIHPAUClass_System_Int64@@PAUClass_System_Object@@@Z 0201b764 f   sc.obj
 0001:0001a790       ?m_StructCopy@Struct_Microsoft_Singularity_Isal_IX_PE@@SIXPAU1@0@Z 0201b790 f   sc.obj
 0001:0001a7ac       ?m_StructCopy@Struct_Microsoft_Singularity_Isal_IX_PE@@SIXPAU1@PAU1@@Z 0201b7ac f   sc.obj
 0001:0001a800       ?m_Equals@Struct_Microsoft_Singularity_Isal_IX_PE@@SI_NPAU1@PAUClass_System_Object@@@Z 0201b800 f   sc.obj
 0001:0001a838       ?m_Equals@Struct_Microsoft_Singularity_Isal_IX_PE@@SI_NPAUClass_Microsoft_Singularity_Isal_IX_PE@@PAUClass_System_Object@@@Z 0201b838 f   sc.obj
 0001:0001a864       ?g_NewRegisteredCounters@Class_System_TryAllCounters@@SIPAU1@XZ 0201b864 f   sc.obj
 0001:0001a8f0       ?m_MergeCounters@Class_System_TryAllCounters@@SIXPAU1@0@Z 0201b8f0 f   sc.obj
 0001:0001b0b0       ?m_IncrementWeakRefsClearedInUpdateLog@Class_System_TryAllCounters@@SIXPAU1@@Z 0201c0b0 f   sc.obj
 0001:0001b0e0       ?m_IncrementWeakRefsClearedInUpdateEnlistmentLog@Class_System_TryAllCounters@@SIXPAU1@@Z 0201c0e0 f   sc.obj
 0001:0001b110       ?m_IncrementWeakRefsClearedInReadEnlistmentLog@Class_System_TryAllCounters@@SIXPAU1@@Z 0201c110 f   sc.obj
 0001:0001b140       ?m_IncrementUpdatesInReadEnlistmentsAtGC@Class_System_TryAllCounters@@SIXPAU1@@Z 0201c140 f   sc.obj
 0001:0001b170       ?m_IncrementReadDuplicatesRemoved@Class_System_TryAllCounters@@SIXPAU1@@Z 0201c170 f   sc.obj
 0001:0001b1a0       ?m_IncrementInvalidOutsideGC@Class_System_TryAllCounters@@SIXPAU1@@Z 0201c1a0 f   sc.obj
 0001:0001b1d0       ?m_IncrementInvalidDuringGC@Class_System_TryAllCounters@@SIXPAU1@@Z 0201c1d0 f   sc.obj
 0001:0001b1f8       ?m_IncrementInvalidConflict@Class_System_TryAllCounters@@SIXPAU1@@Z 0201c1f8 f   sc.obj
 0001:0001b220       ?m_IncrementInflationSeen@Class_System_TryAllCounters@@SIXPAU1@@Z 0201c220 f   sc.obj
 0001:0001b248       ?m_IncrementEnlistmentOverflow@Class_System_TryAllCounters@@SIXPAU1@@Z 0201c248 f   sc.obj
 0001:0001b270       ?m_IncrementCachesCreated@Class_System_TryAllCounters@@SIXPAU1@@Z 0201c270 f   sc.obj
 0001:0001b298       ?m_DumpStats@Class_System_TryAllCounters@@SIXPAU1@@Z 0201c298 f   sc.obj
 0001:0001d7c8       ?g_DumpRegisteredCounters@Class_System_TryAllCounters@@SIXXZ 0201e7c8 f   sc.obj
 0001:0001d858       ?m__ctor@Class_System_TryAllCounters@@SIXPAU1@@Z 0201e858 f   sc.obj
 0001:0001d874       ?g__cctor@Class_System_TryAllCounters@@SIXXZ 0201e874 f   sc.obj
 0001:0001d8a4       ?m_StructCopy@Struct_Microsoft_Singularity_Io_UnicodePipeContract_Imp@@SIXPAU1@0@Z 0201e8a4 f   sc.obj
 0001:0001d990       ?m_StructCopy@Struct_Microsoft_Singularity_Io_UnicodePipeContract_Imp@@SIXPAU1@PAU1@@Z 0201e990 f   sc.obj
 0001:0001dc54       ?m_SendWrite@Struct_Microsoft_Singularity_Io_UnicodePipeContract_Imp@@SIXPAU1@PA_WHH@Z 0201ec54 f   sc.obj
 0001:0001dd7c       ?m_Release@Struct_Microsoft_Singularity_Io_UnicodePipeContract_Imp@@SIXPAU1@@Z 0201ed7c f   sc.obj
 0001:0001dd98       ?m_RecvAckWrite@Struct_Microsoft_Singularity_Io_UnicodePipeContract_Imp@@SIXPAU1@PAPA_W@Z 0201ed98 f   sc.obj
 0001:0001df20       ?m_Peek@Struct_Microsoft_Singularity_Io_UnicodePipeContract_Imp@@SIHPAU1@@Z 0201ef20 f   sc.obj
 0001:0001e0c8       ?m_MarshallDeliverAckWrite0@Struct_Microsoft_Singularity_Io_UnicodePipeContract_Imp@@SIXPAU1@PA_WPAUStruct_Microsoft_Singularity_Channels_Endpoint@@@Z 0201f0c8 f   sc.obj
 0001:0001e118       ?m_HeadMatches@Struct_Microsoft_Singularity_Io_UnicodePipeContract_Imp@@SI_NPAU1@HPA_NPAPAUClass_System_Object@@@Z 0201f118 f   sc.obj
 0001:0001e1d8       ?m_HeadMatches@Struct_Microsoft_Singularity_Io_UnicodePipeContract_Imp@@SI_NPAUClass_Microsoft_Singularity_Io_UnicodePipeContract_Imp@@HPA_NPAPAUClass_System_Object@@@Z 0201f1d8 f   sc.obj
 0001:0001e210       ?m_Equals@Struct_Microsoft_Singularity_Io_UnicodePipeContract_Imp@@SI_NPAU1@PAUClass_System_Object@@@Z 0201f210 f   sc.obj
 0001:0001e548       ?m_Equals@Struct_Microsoft_Singularity_Io_UnicodePipeContract_Imp@@SI_NPAUClass_Microsoft_Singularity_Io_UnicodePipeContract_Imp@@PAUClass_System_Object@@@Z 0201f548 f   sc.obj
 0001:0001e574       ?m_Dispose@Struct_Microsoft_Singularity_Io_UnicodePipeContract_Imp@@SIXPAU1@@Z 0201f574 f   sc.obj
 0001:0001e598       ?m_Dispose@Struct_Microsoft_Singularity_Io_UnicodePipeContract_Imp@@SIXPAUClass_Microsoft_Singularity_Io_UnicodePipeContract_Imp@@@Z 0201f598 f   sc.obj
 0001:0001e5c0       ?m_DeliverAckWrite0@Struct_Microsoft_Singularity_Io_UnicodePipeContract_Imp@@SIXPAU1@PA_W@Z 0201f5c0 f   sc.obj
 0001:0001e608       ?m_CurrentState@Struct_Microsoft_Singularity_Io_UnicodePipeContract_Imp@@SIPAUClass_System_String@@PAU1@@Z 0201f608 f   sc.obj
 0001:0001e694       ?g_WriteHelperShort@Class_System_Buffer@@SIXPAFF_N@Z 0201f694 f   sc.obj
 0001:0001e6d8       ?g_WriteHelperInt@Class_System_Buffer@@SIXPAHH_N@Z 0201f6d8 f   sc.obj
 0001:0001e714       ?g_WriteHelperByte@Class_System_Buffer@@SIXPAEE_N@Z 0201f714 f   sc.obj
 0001:0001e750       ?g_ReadHelperShort@Class_System_Buffer@@SIFPAF_N@Z 0201f750 f   sc.obj
 0001:0001e788       ?g_ReadHelperInt@Class_System_Buffer@@SIHPAH_N@Z 0201f788 f   sc.obj
 0001:0001e7bc       ?g_ReadHelperByte@Class_System_Buffer@@SIEPAE_N@Z 0201f7bc f   sc.obj
 0001:0001e7f0       ?g_MoveMemoryVolatile@Class_System_Buffer@@SIXPAE0H@Z 0201f7f0 f   sc.obj
 0001:0001f0d4       ?g_MoveMemoryImpl@Class_System_Buffer@@SIXPAE0H_N@Z 020200d4 f   sc.obj
 0001:0001fe1c       ?g_MoveMemory@Class_System_Buffer@@SIXPAE0PAUuintPtr@@@Z 02020e1c f   sc.obj
 0001:0001fe4c       ?g_InitMemoryVolatile@Class_System_Buffer@@SIXPAEEH@Z 02020e4c f   sc.obj
 0001:000200ac       ?g_InitMemoryImpl@Class_System_Buffer@@SIXPAEEH_N@Z 020210ac f   sc.obj
 0001:0002033c       ?g_InitMemory@Class_System_Buffer@@SIXPAEEH@Z 0202133c f   sc.obj
 0001:0002059c       ?m__ctor@Class_System_Buffer@@SIXPAU1@@Z 0202159c f   sc.obj
 0001:000205b8       ?g_ReleaseDSPChannel@Class_Microsoft_Singularity_Directory_SdsUtils@@SIXPAUClass_System_String@@PAUStruct_Microsoft_Singularity_Directory_DirectoryServiceContract_Imp@@@Z 020215b8 f   sc.obj
 0001:000206cc       ?g_GetDSPChannel@Class_Microsoft_Singularity_Directory_SdsUtils@@SIPAUStruct_Microsoft_Singularity_Directory_DirectoryServiceContract_Imp@@PAU2@PAUClass_System_String@@PAUStruct_Microsoft_Singularity_Directory_ErrorCode@@@Z 020216cc f   sc.obj
 0001:000208f0       ?g_ErrorCodeToString@Class_Microsoft_Singularity_Directory_SdsUtils@@SIPAUClass_System_String@@UStruct_Microsoft_Singularity_Directory_ErrorCode@@@Z 020218f0 f   sc.obj
[...]
 0003:0001bae8       ?c_Nmi@Struct_Microsoft_Singularity_Isal_IX_EVectors@@2IA 020c5ae8     sc.obj
 0003:0001bae8       ?c_SegmentNotPresent@Struct_Microsoft_Singularity_Isal_IX_EVectors@@2IA 020c5ae8     sc.obj
 0003:0001bae8       ?c_CoprocessorNotAvailable@Struct_Microsoft_Singularity_Isal_IX_EVectors@@2IA 020c5ae8     sc.obj
 0003:0001bae8       ?c_Breakpoint@Struct_Microsoft_Singularity_Isal_IX_EVectors@@2IA 020c5ae8     sc.obj
 0003:0001bae8       ?c_Zero@uintPtr@@2IA       020c5ae8     sc.obj
 0003:0001bae8       ?c_SecondChanceException@Struct_Microsoft_Singularity_Isal_IX_EVectors@@2IA 020c5ae8     sc.obj
 0003:0001bae8       ?c_OverflowException@Struct_Microsoft_Singularity_Isal_IX_EVectors@@2IA 020c5ae8     sc.obj
 0003:0001bae8       ?c_IllegalInstruction@Struct_Microsoft_Singularity_Isal_IX_EVectors@@2IA 020c5ae8     sc.obj
 0003:0001bae8       ?c_BoundRangeException@Struct_Microsoft_Singularity_Isal_IX_EVectors@@2IA 020c5ae8     sc.obj
 0003:0001bae8       ?c_FpuMathFault@Struct_Microsoft_Singularity_Isal_IX_EVectors@@2IA 020c5ae8     sc.obj
 0003:0001bae8       ?c_IntelReserved@Struct_Microsoft_Singularity_Isal_IX_EVectors@@2IA 020c5ae8     sc.obj
 0003:0001bae8       ?c_AlignmentCheck@Struct_Microsoft_Singularity_Isal_IX_EVectors@@2IA 020c5ae8     sc.obj
 0003:0001bae8       ?c_IoBaseVector@Struct_Microsoft_Singularity_Isal_IX_EVectors@@2IA 020c5ae8     sc.obj
 0003:0001bae8       ?c_CoprocessorSegmentOverrun@Struct_Microsoft_Singularity_Isal_IX_EVectors@@2IA 020c5ae8     sc.obj
 0003:0001bae8       ?c_DivideError@Struct_Microsoft_Singularity_Isal_IX_EVectors@@2IA 020c5ae8     sc.obj
 0003:0001bae8       ?c_StackSegmentFault@Struct_Microsoft_Singularity_Isal_IX_EVectors@@2IA 020c5ae8     sc.obj
 0003:0001baec       ?c_MaxValue@uintPtr@@2IA   020c5aec     sc.obj
 0003:0001baf0       ?c_Size@uintPtr@@2HA       020c5af0     sc.obj
 0003:0001baf4       ?c_SR$$1@Class_Microsoft_Singularity_Applications_ServiceManager_ShowServiceParameters@@2PAUClassVector_ClassVector_int32@@A 020c5af4     sc.obj
 0003:0001baf8       ?c_SR$$0@Class_Microsoft_Singularity_Applications_ServiceManager_ShowServiceParameters@@2PAUClassVector_ClassVector_int32@@A 020c5af8     sc.obj
 0003:0001bafc       ?c_MinValue@uint32@@2IA    020c5afc     sc.obj
 0003:0001bafc       ?c_MaxValue@uint32@@2IA    020c5afc     sc.obj
 0003:0001bafc       ?c_dummyGlobal@Class_System_GC@@2PAUClass_System_Object@@A 020c5afc     sc.obj
 0003:0001bb00       ?c_MaxHeapPages@Class_System_GC@@2HA 020c5b00     sc.obj
 0003:0001bb04       ?c_allocationGCInhibitCount@Class_System_GC@@2HA 020c5b04     sc.obj
 0003:0001bb08       ?c_isProfiling@Class_System_GC@@2_NA 020c5b08     sc.obj
 0003:0001bb0c       ?c_installedGC@Class_System_GC@@2PAUClass_System_GCs_Collector@@A 020c5b0c     sc.obj
 0003:0001bb10       ?c_perfCounter@Class_System_GC@@2IA 020c5b10     sc.obj
 0003:0001bb14       ?c_limitPtr@Class_System_GCs_BootstrapMemory@@2IA 020c5b14     sc.obj
 0003:0001bb18       ?c_allocPtr@Class_System_GCs_BootstrapMemory@@2IA 020c5b18     sc.obj
 0003:0001bb1c       ?c_cacheShutdown@Class_Microsoft_Singularity_Directory_SdsUtils@@2_NA 020c5b1c     sc.obj
 0003:0001bb20       ?c_SR$$1@Class_Microsoft_Singularity_Directory_SdsUtils@@2PAUClassVector_ClassVector_int32@@A 020c5b20     sc.obj
 0003:0001bb24       ?c_dspCache@Class_Microsoft_Singularity_Directory_SdsUtils@@2PAUClass_System_Collections_SortedList@@A 020c5b24     sc.obj
 0003:0001bb28       ?c_cacheUsers@Class_Microsoft_Singularity_Directory_SdsUtils@@2HA 020c5b28     sc.obj
 0003:0001bb2c       ?c_cacheEmpty@Class_Microsoft_Singularity_Directory_SdsUtils@@2PAUClass_System_Threading_Mutex@@A 020c5b2c     sc.obj
 0003:0001bb30       ?c_SR$$3@Class_Microsoft_Singularity_Directory_SdsUtils@@2PAUClassVector_ClassVector_int32@@A 020c5b30     sc.obj
 0003:0001bb34       ?c_flushCacheWaiting@Class_Microsoft_Singularity_Directory_SdsUtils@@2_NA 020c5b34     sc.obj
 0003:0001bb38       ?c_SR$$0@Class_Microsoft_Singularity_Directory_SdsUtils@@2PAUClassVector_ClassVector_int32@@A 020c5b38     sc.obj
 0003:0001bb3c       ?c_SR$$6@Class_Microsoft_Singularity_Directory_SdsUtils@@2PAUClassVector_ClassVector_int32@@A 020c5b3c     sc.obj
 0003:0001bb40       ?c_SR$$7@Class_Microsoft_Singularity_Directory_SdsUtils@@2PAUClassVector_ClassVector_int32@@A 020c5b40     sc.obj
 0003:0001bb44       ?c_SR$$11@Class_Microsoft_Singularity_Directory_SdsUtils@@2PAUClassVector_ClassVector_int32@@A 020c5b44     sc.obj
 0003:0001bb48       ?c_SR$$10@Class_Microsoft_Singularity_Directory_SdsUtils@@2PAUClassVector_ClassVector_int32@@A 020c5b48     sc.obj
 0003:0001bb4c       ?c_SR$$13@Class_Microsoft_Singularity_Directory_SdsUtils@@2PAUClassVector_ClassVector_int32@@A 020c5b4c     sc.obj
 0003:0001bb50       ?c_SR$$12@Class_Microsoft_Singularity_Directory_SdsUtils@@2PAUClassVector_ClassVector_int32@@A 020c5b50     sc.obj
 0003:0001bb54       ?c_SR$$2@Class_Microsoft_Singularity_Directory_SdsUtils@@2PAUClassVector_ClassVector_int32@@A 020c5b54     sc.obj
 0003:0001bb58       ?c_SR$$9@Class_Microsoft_Singularity_Directory_SdsUtils@@2PAUClassVector_ClassVector_int32@@A 020c5b58     sc.obj
 0003:0001bb5c       ?c_SR$$8@Class_Microsoft_Singularity_Directory_SdsUtils@@2PAUClassVector_ClassVector_int32@@A 020c5b5c     sc.obj
 0003:0001bb60       ?c_SR$$5@Class_Microsoft_Singularity_Directory_SdsUtils@@2PAUClassVector_ClassVector_int32@@A 020c5b60     sc.obj
 0003:0001bb64       ?c_SR$$4@Class_Microsoft_Singularity_Directory_SdsUtils@@2PAUClassVector_ClassVector_int32@@A 020c5b64     sc.obj
 0003:0001bb68       ?c_TryAllCountersList@Class_System_TryAllCounters@@2PAU1@A 020c5b68     sc.obj
 0003:0001bb6c       ?c_TryAllCountersLock@Class_System_TryAllCounters@@2PAUClass_System_Object@@A 020c5b6c     sc.obj
 0003:0001bb70       ?c_DormantState@Class_System_GCs_Transitions@@2HA 020c5b70     sc.obj
 0003:0001bb70       ?c_fInitializedRuntime@Class_System_GCs_Transitions@@2_NA 020c5b70     sc.obj
 0003:0001bb70       ?c_MinValue@int64@@2_JA    020c5b70     sc.obj
 0003:0001bb70       ?c_WRITETHROUGH@Struct_Microsoft_Singularity_Isal_IX_PE@@2_KA 020c5b70     sc.obj
 0003:0001bb70       ?c_ACCESSED@Struct_Microsoft_Singularity_Isal_IX_PE@@2_KA 020c5b70     sc.obj
 0003:0001bb70       ?c_CACHEDISABLE@Struct_Microsoft_Singularity_Isal_IX_PE@@2_KA 020c5b70     sc.obj
 0003:0001bb70       ?c_GLOBAL@Struct_Microsoft_Singularity_Isal_IX_PE@@2_KA 020c5b70     sc.obj
 0003:0001bb70       ?c_PAT@Struct_Microsoft_Singularity_Isal_IX_PE@@2_KA 020c5b70     sc.obj
 0003:0001bb70       ?c_MaxValue@int64@@2_JA    020c5b70     sc.obj
 0003:0001bb70       ?c_USER@Struct_Microsoft_Singularity_Isal_IX_PE@@2_KA 020c5b70     sc.obj
 0003:0001bb70       ?c_NX@Struct_Microsoft_Singularity_Isal_IX_PE@@2_KA 020c5b70     sc.obj
 0003:0001bb70       ?c_OtherMutatorState@Class_System_GCs_Transitions@@2HA 020c5b70     sc.obj
 0003:0001bb70       ?c_VALID@Struct_Microsoft_Singularity_Isal_IX_PE@@2_KA 020c5b70     sc.obj
 0003:0001bb70       ?c_MutatorState@Class_System_GCs_Transitions@@2HA 020c5b70     sc.obj
 0003:0001bb70       ?c_IS2MB@Struct_Microsoft_Singularity_Isal_IX_PE@@2_KA 020c5b70     sc.obj
 0003:0001bb70       ?c_WRITEABLE@Struct_Microsoft_Singularity_Isal_IX_PE@@2_KA 020c5b70     sc.obj
 0003:0001bb70       ?c_DIRTY@Struct_Microsoft_Singularity_Isal_IX_PE@@2_KA 020c5b70     sc.obj
 0003:0001bb74       ?c_OtherDormantState@Class_System_GCs_Transitions@@2HA 020c5b74     sc.obj
 0003:0001bb74       ?c_CandidateTable@Struct_System_Finalizer@@2PAUClassVector_ClassVector_uintPtr@@A 020c5b74     sc.obj
 0003:0001bb78       ?c_lastCandidateIndex@Struct_System_Finalizer@@2HA 020c5b78     sc.obj
 0003:0001bb7c       ?c_WaitForPendingShouldReturn@Struct_System_Finalizer@@2PAUClass_System_Threading_ManualResetEvent@@A 020c5b7c     sc.obj
 0003:0001bb80       ?c_spinLock@Struct_System_Finalizer@@2?AUStruct_System_Threading_SpinLock@@A 020c5b80     sc.obj
 0003:0001bb88       ?c_finalizerThread@Struct_System_Finalizer@@2PAUClass_System_Threading_Thread@@A 020c5b88     sc.obj
 0003:0001bb8c       ?c_WaitingToRun@Struct_System_Finalizer@@2HA 020c5b8c     sc.obj
 0003:0001bb90       ?c_CandidateTableShadow@Struct_System_Finalizer@@2PAUClassVector_ClassVector_uintPtr@@A 020c5b90     sc.obj
 0003:0001bb94       ?c_freeCandidateLink@Struct_System_Finalizer@@2HA 020c5b94     sc.obj
 0003:0001bb98       ?c_LastTableRun@Struct_System_Finalizer@@2HA 020c5b98     sc.obj
 0003:0001bb9c       ?c_WorkExistsForFinalizerThread@Struct_System_Finalizer@@2PAUClass_System_Threading_AutoResetEvent@@A 020c5b9c     sc.obj
 0003:0001bba0       ?c_LastEntryRun@Struct_System_Finalizer@@2HA 020c5ba0     sc.obj
 0003:0001bba4       ?c_RunFinalizerTable@Struct_System_Finalizer@@2PAUClassVector_ClassVector_uintPtr@@A 020c5ba4     sc.obj
 0003:0001bba8       ?c_RunFinalizerTableShadow@Struct_System_Finalizer@@2PAUClassVector_ClassVector_uintPtr@@A 020c5ba8     sc.obj
 0003:0001bbac       ?c_madeRunnable@Struct_System_Finalizer@@2_NA 020c5bac     sc.obj
 0003:0001bbad       ?c_running@Struct_System_Finalizer@@2_NA 020c5bad     sc.obj
 0003:0001bbae       ?c_doneWarning@Class_System_RuntimeType@@2_NA 020c5bae     sc.obj
 0003:0001bbaf       ?c_MaxValue@uint8@@2EA     020c5baf     sc.obj
 0003:0001bbaf       ?c_MinValue@uint8@@2EA     020c5baf     sc.obj
 0003:0001bbb0       ?c_genericReferenceVisitor@Class_System_GCs_Verifier@@2PAUClass_System_GCs_Verifier_GenericReferenceVisitor@@A 020c5bb0     sc.obj
 0003:0001bbb4       ?c_genericStackVerifier@Class_System_GCs_Verifier@@2PAUClass_System_GCs_Verifier_GenericStackVerifier@@A 020c5bb4     sc.obj
 0003:0001bbb8       ?c_segregatedFreeListVerifier@Class_System_GCs_Verifier@@2PAU1@A 020c5bb8     sc.obj
 0003:0001bbbc       ?c_genericThreadReferenceVisitor@Class_System_GCs_Verifier@@2PAUClass_System_GCs_Verifier_GenericThreadReferenceVisitor@@A 020c5bbc     sc.obj
 0003:0001bbc0       ?c_genericObjectVisitor@Class_System_GCs_Verifier@@2PAUClass_System_GCs_Verifier_GenericObjectVisitor@@A 020c5bc0     sc.obj
 0003:0001bbc4       ?c_bumpAllocatorVerifier@Class_System_GCs_Verifier@@2PAU1@A 020c5bc4     sc.obj
 0003:0001bbc8       ?c_EventMetadata@Class_Microsoft_Singularity_Eventing_QuerySession@@2PAUClass_Microsoft_Singularity_Eventing_EventDescriptor@@A 020c5bc8     sc.obj
 0003:0001bbcc       ?c_DescriptorTable@Class_Microsoft_Singularity_Eventing_QuerySession@@2PAUClass_System_Collections_Hashtable@@A 020c5bcc     sc.obj
 0003:0001bbd0       ?c_Lock@Class_Microsoft_Singularity_Eventing_QuerySession@@2PAUClass_System_Threading_Mutex@@A 020c5bd0     sc.obj
 0003:0001bbd4       ?c_buffer@Class_Microsoft_Singularity_Monitoring@@2PAEA 020c5bd4     sc.obj
 0003:0001bbd8       ?c_TrueString@bool@@2PAUClass_System_String@@A 020c5bd8     sc.obj
 0003:0001bbdc       ?c_FalseString@bool@@2PAUClass_System_String@@A 020c5bdc     sc.obj
 0003:0001bbe0       ?c_staticPtrs@Class_System_GCs_MemoryAccounting@@2PAUNull@@A 020c5be0     sc.obj
 0003:0001bbe0       ?c_False@bool@@2HA         020c5be0     sc.obj
 0003:0001bbe0       ?c_True@bool@@2HA          020c5be0     sc.obj
 0003:0001bbe4       ?c_runtimeTypeMapper@Class_System_GCs_MemoryAccounting@@2PAUNull@@A 020c5be4     sc.obj
 0003:0001bbe8       ?c_forGCRuntimeTypeReckoner@Class_System_GCs_MemoryAccounting@@2PAUNull@@A 020c5be8     sc.obj
 0003:0001bbec       ?c_totalSize@Class_System_GCs_MemoryAccounting@@2IA 020c5bec     sc.obj
 0003:0001bbf0       ?c_initialized@Class_System_GCs_MemoryAccounting@@2_NA 020c5bf0     sc.obj
 0003:0001bbf4       ?c_forGCInstanceReckoner@Class_System_GCs_MemoryAccounting@@2PAUNull@@A 020c5bf4     sc.obj
 0003:0001bbf8       ?c_instanceReckoner@Class_System_GCs_MemoryAccounting@@2PAUNull@@A 020c5bf8     sc.obj
 0003:0001bbfc       ?c_traceablePinnedPtrs@Class_System_GCs_MemoryAccounting@@2PAUNull@@A 020c5bfc     sc.obj
 0003:0001bc00       ?c_table@Class_System_GCs_MemoryAccounting@@2PAUNull@@A 020c5c00     sc.obj
 0003:0001bc04       ?c_runtimeTypeReckoner@Class_System_GCs_MemoryAccounting@@2PAUNull@@A 020c5c04     sc.obj
 0003:0001bc08       ?c_forGCAssertRTypeHeaders@Class_System_GCs_MemoryAccounting@@2PAUNull@@A 020c5c08     sc.obj
 0003:0001bc0c       ?c_traceablePtrs@Class_System_GCs_MemoryAccounting@@2PAUNull@@A 020c5c0c     sc.obj
 0003:0001bc10       ?c_forGCRuntimeTypeMapper@Class_System_GCs_MemoryAccounting@@2PAUNull@@A 020c5c10     sc.obj
 0003:0001bc14       ?c_negPercentFormats@Class_System_Number@@2PAUClassVector_Class_System_String@@A 020c5c14     sc.obj
 0003:0001bc18       ?c_posNumberFormat@Class_System_Number@@2PAUClass_System_String@@A 020c5c18     sc.obj
 0003:0001bc1c       ?c_negNumberFormats@Class_System_Number@@2PAUClassVector_Class_System_String@@A 020c5c1c     sc.obj
 0003:0001bc20       ?c_posPercentFormats@Class_System_Number@@2PAUClassVector_Class_System_String@@A 020c5c20     sc.obj
 0003:0001bc24       ?c_SR$$9@Class_Microsoft_Singularity_Applications_ServiceManager_SMSClient@@2PAUClassVector_ClassVector_int32@@A 020c5c24     sc.obj
 0003:0001bc28       ?c_SR$$15@Class_Microsoft_Singularity_Applications_ServiceManager_SMSClient@@2PAUClassVector_ClassVector_int32@@A 020c5c28     sc.obj
 0003:0001bc2c       ?c_SR$$14@Class_Microsoft_Singularity_Applications_ServiceManager_SMSClient@@2PAUClassVector_ClassVector_int32@@A 020c5c2c     sc.obj
 0003:0001bc30       ?c_SR$$16@Class_Microsoft_Singularity_Applications_ServiceManager_SMSClient@@2PAUClassVector_ClassVector_int32@@A 020c5c30     sc.obj
 0003:0001bc34       ?c_SR$$11@Class_Microsoft_Singularity_Applications_ServiceManager_SMSClient@@2PAUClassVector_ClassVector_int32@@A 020c5c34     sc.obj
 0003:0001bc38       ?c_SR$$10@Class_Microsoft_Singularity_Applications_ServiceManager_SMSClient@@2PAUClassVector_ClassVector_int32@@A 020c5c38     sc.obj
 0003:0001bc3c       ?c_SR$$13@Class_Microsoft_Singularity_Applications_ServiceManager_SMSClient@@2PAUClassVector_ClassVector_int32@@A 020c5c3c     sc.obj
 0003:0001bc40       ?c_SR$$12@Class_Microsoft_Singularity_Applications_ServiceManager_SMSClient@@2PAUClassVector_ClassVector_int32@@A 020c5c40     sc.obj
 0003:0001bc44       ?c_SR$$8@Class_Microsoft_Singularity_Applications_ServiceManager_TerminateServiceCommand@@2PAUClassVector_ClassVector_int32@@A 020c5c44     sc.obj
 0003:0001bc48       ?c_MaxValue@Struct_System_DateTime@@2?AU1@A 020c5c48     sc.obj
 0003:0001bc50       ?c_MinValue@Struct_System_DateTime@@2?AU1@A 020c5c50     sc.obj
 0003:0001bc58       ?c_DaysToMonth366@Struct_System_DateTime@@2PAUClassVector_int32@@A 020c5c58     sc.obj
 0003:0001bc9c       ?c_DaysToMonth365@Struct_System_DateTime@@2PAUClassVector_int32@@A 020c5c9c     sc.obj
 0003:0001bce0       ?c_$_$_int16@Class_Microsoft_Singularity_Eventing_DataType@@2GA 020c5ce0     sc.obj
 0003:0001bce0       ?c_$_$_int64@Class_Microsoft_Singularity_Eventing_DataType@@2GA 020c5ce0     sc.obj
 0003:0001bce0       ?c_$_$_int32@Class_Microsoft_Singularity_Eventing_DataType@@2GA 020c5ce0     sc.obj
 0003:0001bce0       ?c_$_$_uint64@Class_Microsoft_Singularity_Eventing_DataType@@2GA 020c5ce0     sc.obj
 0003:0001bce0       ?c_$_$_int@Class_Microsoft_Singularity_Eventing_DataType@@2GA 020c5ce0     sc.obj
 0003:0001bce0       ?c_$_$_uint16@Class_Microsoft_Singularity_Eventing_DataType@@2GA 020c5ce0     sc.obj
 0003:0001bce0       ?c_$_$_arrayType@Class_Microsoft_Singularity_Eventing_DataType@@2GA 020c5ce0     sc.obj
 0003:0001bce0       ?c_$_$_uint@Class_Microsoft_Singularity_Eventing_DataType@@2GA 020c5ce0     sc.obj
 0003:0001bce0       ?c_$_$_uint8@Class_Microsoft_Singularity_Eventing_DataType@@2GA 020c5ce0     sc.obj
 0003:0001bce0       ?c_$_$_uint32@Class_Microsoft_Singularity_Eventing_DataType@@2GA 020c5ce0     sc.obj
 0003:0001bce0       ?c_$_$_int8@Class_Microsoft_Singularity_Eventing_DataType@@2GA 020c5ce0     sc.obj
 0003:0001bce0       ?c_$_$_szChar@Class_Microsoft_Singularity_Eventing_DataType@@2GA 020c5ce0     sc.obj
 0003:0001bce0       ?c_$_$_string@Class_Microsoft_Singularity_Eventing_DataType@@2GA 020c5ce0     sc.obj
 0003:0001bce0       ?c_$_$_byte@Class_Microsoft_Singularity_Eventing_DataType@@2GA 020c5ce0     sc.obj
 0003:0001bce0       ?c_$_$_IntPtr@Class_Microsoft_Singularity_Eventing_DataType@@2GA 020c5ce0     sc.obj
 0003:0001bce0       ?c_$_$_UIntPtr@Class_Microsoft_Singularity_Eventing_DataType@@2GA 020c5ce0     sc.obj
 0003:0001bce0       ?c_MD5$_Const@Class_Microsoft_Singularity_Crypto_MD5@@2PAUClassVector_uint32@@A 020c5ce0     sc.obj
 0003:0001bdf0       ?c_internedStringConstants@Class_System_String@@2PAUClassVector_Class_System_String@@A 020c5df0     sc.obj
 0003:00031834       c_dataSectionEnd@Class_System_GCs_StaticData 020db834     sc.obj
 0003:00031980       __fltused                  020db980     native.Full:Number.obj
 0003:00031ef0       ?KdDebuggerNotPresent@@3HA 020dbef0     native.Full:ProcessEntry.obj
 0003:00031ef4       ?TracingStorageHandle@@3PAUuintPtr@@A 020dbef4     native.Full:Tracing.obj
 0003:00031ef8       ?TracingSource@@3PAU_SOURCE_DESCRIPTOR@@A 020dbef8     native.Full:Tracing.obj
 0003:00031efc       ?TracingTypeHandle@@3PAUuintPtr@@A 020dbefc     native.Full:Tracing.obj
 0003:00031f00       ?SourceController@@3U_SOURCE_CONTROLLER@@A 020dbf00     native.Full:EventController.obj
 0003:00031f1c       ?Handle_GC_TYPE@@3PAUuintPtr@@A 020dbf1c     native.Full:EventDescriptor.obj
 0003:00031f20       ?Handle_MEMORY_HEADER@@3PAUuintPtr@@A 020dbf20     native.Full:EventDescriptor.obj
 0003:00031f24       ?Handle_GC_FUNCTION@@3PAUuintPtr@@A 020dbf24     native.Full:EventDescriptor.obj
 0003:00031f28       ?Handle_GC_STACK@@3PAUuintPtr@@A 020dbf28     native.Full:EventDescriptor.obj
 0003:00031f2c       ?Handle_GC_OBJECT@@3PAUuintPtr@@A 020dbf2c     native.Full:EventDescriptor.obj
 0003:00031f30       ?Handle_LOG_EXCEPTION@@3PAUuintPtr@@A 020dbf30     native.Full:EventDescriptor.obj
 0003:00031f34       ?Handle_GC_ALLOCATION@@3PAUuintPtr@@A 020dbf34     native.Full:EventDescriptor.obj
 0003:00031f38       ?Handle_GC_GENERATIONS@@3PAUuintPtr@@A 020dbf38     native.Full:EventDescriptor.obj
 0003:00031f3c       ?Handle_LOG_SEVERITY@@3PAUuintPtr@@A 020dbf3c     native.Full:EventDescriptor.obj
 0003:00031f40       ?Handle_MONITORING_ENTRY@@3PAUuintPtr@@A 020dbf40     native.Full:EventDescriptor.obj
 0003:00031f44       ?Handle_GC_ROOTS@@3PAUuintPtr@@A 020dbf44     native.Full:EventDescriptor.obj
 0003:00031f48       ?Handle_LEGACY_LOG_ENTRY@@3PAUuintPtr@@A 020dbf48     native.Full:EventDescriptor.obj
 0003:00031f4c       ?Handle_GC_INTERVAL@@3PAUuintPtr@@A 020dbf4c     native.Full:EventDescriptor.obj
 0003:00031f50       ?MonitoringStorageHandle@@3PAUuintPtr@@A 020dbf50     native.Full:Monitoring.obj
 0003:00031f54       ?MonitoringSource@@3PAU_SOURCE_DESCRIPTOR@@A 020dbf54     native.Full:Monitoring.obj
 0003:00031f58       ?MonitoringTypeHandle@@3PAUuintPtr@@A 020dbf58     native.Full:Monitoring.obj
 0004:00000000       ___xc_a                    020dc000     native.Full:CInit.obj
 0004:00000004       ___xc_z                    020dc004     native.Full:CInit.obj
 0004:00000008       ___xi_a                    020dc008     native.Full:CInit.obj
 0004:0000000c       ___xi_z                    020dc00c     native.Full:CInit.obj
 0004:00000010       ___xp_a                    020dc010     native.Full:CInit.obj
 0004:00000014       ___xp_z                    020dc014     native.Full:CInit.obj
 0004:00000018       ___xt_a                    020dc018     native.Full:CInit.obj
 0004:0000001c       ___xt_z                    020dc01c     native.Full:CInit.obj

 entry point at        0000:00000000

 Static symbols

 0001:0008d2e0       ?dtold12@@YIXPAU_LDBL12@@PBN@Z 0208e2e0 f   native.Full:Number.obj
 0001:0008d3b0       ?ld12mul@@YIXPAU_LDBL12@@0@Z 0208e3b0 f   native.Full:Number.obj
 0001:0008d670       ?multtenpow12@@YIXPAU_LDBL12@@H@Z 0208e670 f   native.Full:Number.obj
 0001:0008e850       ?LookupTable@@YIIIPAPAUExceptionTableEntry@@0@Z 0208f850 f   native.Full:halexn.obj
