 Shell

 Timestamp is 62167189 (Wed Feb 23 18:40:25 2022)

 Preferred load address is 02000000

 Start         Length     Name                   Class
 0001:00000000 000e38a4H .text                   CODE
 0002:00000000 00000180H .idata$5                DATA
 0002:00000180 000259d9H .rdata                  DATA
 0002:00025b5c 00000014H .idata$2                DATA
 0002:00025b70 00000014H .idata$3                DATA
 0002:00025b84 00000180H .idata$4                DATA
 0002:00025d04 0000273aH .idata$6                DATA
 0002:0002843e 00000000H .edata                  DATA
 0002:00028440 0000007aH .rdata$debug            DATA
 0003:00000000 0004bd50H .data                   DATA
 0003:0004bd50 00000070H .bss                    DATA
 0004:00000000 00000004H .CRT$XCA                DATA
 0004:00000004 00000004H .CRT$XCZ                DATA
 0004:00000008 00000004H .CRT$XIA                DATA
 0004:0000000c 00000004H .CRT$XIZ                DATA
 0004:00000010 00000004H .CRT$XPA                DATA
 0004:00000014 00000004H .CRT$XPZ                DATA
 0004:00000018 00000004H .CRT$XTA                DATA
 0004:0000001c 00000004H .CRT$XTZ                DATA

  Address         Publics by Value              Rva+Base       Lib:Object

 0000:00000000       ___safe_se_handler_table   00000000     <absolute>
 0000:00000000       ___safe_se_handler_count   00000000     <absolute>
 0001:00000000       ?m_StructCopy@Struct_Microsoft_Singularity_Directory_DirectoryServiceContract_AckDeleteLink@@SIXPAU1@0@Z 02001000 f   Shell.obj
 0001:00000000       C:\Users\cc\source\repos\Singularity-OS\base.obj\AppNativeObj\Debug.x86.MarkSweep\Shell_CodeBase 02001000     Shell.obj
 0001:0000001c       ?m_StructCopy@Struct_Microsoft_Singularity_Directory_DirectoryServiceContract_AckDeleteLink@@SIXPAU1@PAU1@@Z 0200101c f   Shell.obj
 0001:00000070       ?m_Equals@Struct_Microsoft_Singularity_Directory_DirectoryServiceContract_AckDeleteLink@@SI_NPAU1@PAUClass_System_Object@@@Z 02001070 f   Shell.obj
 0001:000000a8       ?m_Equals@Struct_Microsoft_Singularity_Directory_DirectoryServiceContract_AckDeleteLink@@SI_NPAUClass_Microsoft_Singularity_Directory_DirectoryServiceContract_AckDeleteLink@@PAUClass_System_Object@@@Z 020010a8 f   Shell.obj
 0001:000000d4       ?m__ctor@Class_Microsoft_Singularity_Applications_Parser_Token@@SIXPAU1@HPAUClass_System_Object@@HH@Z 020010d4 f   Shell.obj
 0001:00000128       ?m__ctor@Class_System_LocalDataStoreMgr@@SIXPAU1@@Z 02001128 f   Shell.obj
 0001:000001b8       ?g_Write@Class_System_Text_RegularExpressions_RegexWriter@@SIPAUClass_System_Text_RegularExpressions_RegexCode@@PAUClass_System_Text_RegularExpressions_RegexTree@@@Z 020011b8 f   Shell.obj
 0001:00000220       ?m_StringCode@Class_System_Text_RegularExpressions_RegexWriter@@SIHPAU1@PAUClass_System_String@@@Z 02001220 f   Shell.obj
 0001:00000340       ?m_RegexCodeFromRegexTree@Class_System_Text_RegularExpressions_RegexWriter@@SIPAUClass_System_Text_RegularExpressions_RegexCode@@PAU1@PAUClass_System_Text_RegularExpressions_RegexTree@@@Z 02001340 f   Shell.obj
 0001:000007d0       ?m_PushInt@Class_System_Text_RegularExpressions_RegexWriter@@SIXPAU1@H@Z 020017d0 f   Shell.obj
 0001:0000086c       ?m_PopInt@Class_System_Text_RegularExpressions_RegexWriter@@SIHPAU1@@Z 0200186c f   Shell.obj
 0001:000008ac       ?m_PatchJump@Class_System_Text_RegularExpressions_RegexWriter@@SIXPAU1@HH@Z 020018ac f   Shell.obj
 0001:000008ec       ?m_MapCapnum@Class_System_Text_RegularExpressions_RegexWriter@@SIHPAU1@H@Z 020018ec f   Shell.obj
 0001:0000097c       ?m_MakeException@Class_System_Text_RegularExpressions_RegexWriter@@SIPAUClass_System_ArgumentException@@PAU1@PAUClass_System_String@@@Z 0200197c f   Shell.obj
 0001:000009b8       ?m_EmptyStack@Class_System_Text_RegularExpressions_RegexWriter@@SI_NPAU1@@Z 020019b8 f   Shell.obj
 0001:000009e0       ?m_EmitFragment@Class_System_Text_RegularExpressions_RegexWriter@@SIXPAU1@HPAUClass_System_Text_RegularExpressions_RegexNode@@H@Z 020019e0 f   Shell.obj
 0001:000012d4       ?m_Emit@Class_System_Text_RegularExpressions_RegexWriter@@SIXPAU1@H@Z 020022d4 f   Shell.obj
 0001:00001358       ?m_Emit@Class_System_Text_RegularExpressions_RegexWriter@@SIXPAU1@HH@Z 02002358 f   Shell.obj
 0001:00001400       ?m_Emit@Class_System_Text_RegularExpressions_RegexWriter@@SIXPAU1@HHH@Z 02002400 f   Shell.obj
 0001:000014d0       ?m_Emit@Class_System_Text_RegularExpressions_RegexWriter@@SIXPAU1@HHHH@Z 020024d0 f   Shell.obj
 0001:000015c4       ?m_CurPos@Class_System_Text_RegularExpressions_RegexWriter@@SIHPAU1@@Z 020025c4 f   Shell.obj
 0001:000015e4       ?m__ctor@Class_System_Text_RegularExpressions_RegexWriter@@SIXPAU1@@Z 020025e4 f   Shell.obj
 0001:00001680       ?m_StructCopy@Struct_Microsoft_Singularity_Directory_FileAttributesRecord@@SIXPAU1@0@Z 02002680 f   Shell.obj
 0001:00001708       ?m_StructCopy@Struct_Microsoft_Singularity_Directory_FileAttributesRecord@@SIXPAU1@PAU1@@Z 02002708 f   Shell.obj
 0001:000018a0       ?m_Equals@Struct_Microsoft_Singularity_Directory_FileAttributesRecord@@SI_NPAU1@PAUClass_System_Object@@@Z 020028a0 f   Shell.obj
 0001:000019e8       ?m_Equals@Struct_Microsoft_Singularity_Directory_FileAttributesRecord@@SI_NPAUClass_Microsoft_Singularity_Directory_FileAttributesRecord@@PAUClass_System_Object@@@Z 020029e8 f   Shell.obj
 0001:00001a14       ?m_StructCopy@Struct_Microsoft_Singularity_Directory_DirectoryServiceContract_AckDeleteFile@@SIXPAU1@0@Z 02002a14 f   Shell.obj
 0001:00001a30       ?m_StructCopy@Struct_Microsoft_Singularity_Directory_DirectoryServiceContract_AckDeleteFile@@SIXPAU1@PAU1@@Z 02002a30 f   Shell.obj
 0001:00001a84       ?m_Equals@Struct_Microsoft_Singularity_Directory_DirectoryServiceContract_AckDeleteFile@@SI_NPAU1@PAUClass_System_Object@@@Z 02002a84 f   Shell.obj
 0001:00001abc       ?m_Equals@Struct_Microsoft_Singularity_Directory_DirectoryServiceContract_AckDeleteFile@@SI_NPAUClass_Microsoft_Singularity_Directory_DirectoryServiceContract_AckDeleteFile@@PAUClass_System_Object@@@Z 02002abc f   Shell.obj
 0001:00001ae8       ?m_MoveNext@Class_System_Collections_Hashtable_HashtableEnumerator@@SI_NPAU1@@Z 02002ae8 f   Shell.obj
 0001:00001bb8       ?m_get$_Key@Class_System_Collections_Hashtable_HashtableEnumerator@@SIPAUClass_System_Object@@PAU1@@Z 02002bb8 f   Shell.obj
 0001:00001c3c       ?m_get$_Current@Class_System_Collections_Hashtable_HashtableEnumerator@@SIPAUClass_System_Object@@PAU1@@Z 02002c3c f   Shell.obj
 0001:00001d04       ?m__ctor@Class_System_Collections_Hashtable_HashtableEnumerator@@SIXPAU1@PAUClass_System_Collections_Hashtable@@H@Z 02002d04 f   Shell.obj
 0001:00001d58       ?m_StructCopy@Struct_Microsoft_Singularity_Directory_DirectoryServiceContract_NakNotifyReparse@@SIXPAU1@0@Z 02002d58 f   Shell.obj
 0001:00001da4       ?m_StructCopy@Struct_Microsoft_Singularity_Directory_DirectoryServiceContract_NakNotifyReparse@@SIXPAU1@PAU1@@Z 02002da4 f   Shell.obj
 0001:00001e88       ?m_Equals@Struct_Microsoft_Singularity_Directory_DirectoryServiceContract_NakNotifyReparse@@SI_NPAU1@PAUClass_System_Object@@@Z 02002e88 f   Shell.obj
 0001:00001f00       ?m_Equals@Struct_Microsoft_Singularity_Directory_DirectoryServiceContract_NakNotifyReparse@@SI_NPAUClass_Microsoft_Singularity_Directory_DirectoryServiceContract_NakNotifyReparse@@PAUClass_System_Object@@@Z 02002f00 f   Shell.obj
 0001:00001f2c       ?m_Get@Class_System_Text_RegularExpressions_SharedReference@@SIPAUClass_System_Object@@PAU1@@Z 02002f2c f   Shell.obj
 0001:00001f88       ?m_Cache@Class_System_Text_RegularExpressions_SharedReference@@SIXPAU1@PAUClass_System_Object@@@Z 02002f88 f   Shell.obj
 0001:00001fd4       ?m__ctor@Class_System_Text_RegularExpressions_SharedReference@@SIXPAU1@@Z 02002fd4 f   Shell.obj
 0001:0000201c       ?m_Interpret@Class_Microsoft_Singularity_Applications_ScriptEngine_IfThenElse@@SIXPAU1@PAUClass_Microsoft_Singularity_Applications_ShellControl@@PAUClass_Microsoft_Singularity_Applications_ScriptEngine_Interpretation@@@Z 0200301c f   Shell.obj
 0001:0000207c       ?m__ctor@Class_Microsoft_Singularity_Applications_ScriptEngine_IfThenElse@@SIXPAU1@PAUClass_Microsoft_Singularity_Applications_ScriptEngine_Expression@@PAUClass_Microsoft_Singularity_Applications_ScriptEngine_Block@@2@Z 0200307c f   Shell.obj
 0001:000020c0       ?m_StructCopy@Struct_Microsoft_Singularity_Directory_ServiceProviderContract_NackConnect@@SIXPAU1@0@Z 020030c0 f   Shell.obj
 0001:000020e8       ?m_StructCopy@Struct_Microsoft_Singularity_Directory_ServiceProviderContract_NackConnect@@SIXPAU1@PAU1@@Z 020030e8 f   Shell.obj
 0001:00002160       ?m_Equals@Struct_Microsoft_Singularity_Directory_ServiceProviderContract_NackConnect@@SI_NPAU1@PAUClass_System_Object@@@Z 02003160 f   Shell.obj
 0001:000021a8       ?m_Equals@Struct_Microsoft_Singularity_Directory_ServiceProviderContract_NackConnect@@SI_NPAUClass_Microsoft_Singularity_Directory_ServiceProviderContract_NackConnect@@PAUClass_System_Object@@@Z 020031a8 f   Shell.obj
 0001:000021d4       ?g_WaitForPending@Struct_System_Finalizer@@SIXXZ 020031d4 f   Shell.obj
 0001:00002204       ?g_VisitBootstrapData@Struct_System_Finalizer@@SIXPAUClass_System_GCs_DirectReferenceVisitor@@@Z 02003204 f   Shell.obj
 0001:0000226c       ?g_VisitAllRunFinalizer@Struct_System_Finalizer@@SIXPAUClass_System_GCs_DirectReferenceVisitor@@_N1@Z 0200326c f   Shell.obj
 0001:000023e4       ?g_ThreadLoop@Struct_System_Finalizer@@SIXXZ 020033e4 f   Shell.obj
 0001:00002480       ?g_SuppressCandidate@Struct_System_Finalizer@@SIXPAUClass_System_Object@@@Z 02003480 f   Shell.obj
 0001:0000265c       ?m_StructCopy@Struct_System_Finalizer@@SIXPAU1@0@Z 0200365c f   Shell.obj
 0001:00002678       ?m_StructCopy@Struct_System_Finalizer@@SIXPAU1@PAU1@@Z 02003678 f   Shell.obj
 0001:000026cc       ?g_StartFinalizerThread@Struct_System_Finalizer@@SIXXZ 020036cc f   Shell.obj
 0001:000027ac       ?g_Shutdown@Struct_System_Finalizer@@SIXXZ 020037ac f   Shell.obj
 0001:00002920       ?g_ResurrectCandidates@Struct_System_Finalizer@@SIXPAUClass_System_GCs_DirectReferenceVisitor@@0_N@Z 02003920 f   Shell.obj
 0001:00002ec0       ?g_ReleaseCollectFinalizers@Struct_System_Finalizer@@SIXXZ 02003ec0 f   Shell.obj
 0001:00002f08       ?g_RegisterCandidate@Struct_System_Finalizer@@SIXPAUClass_System_Object@@@Z 02003f08 f   Shell.obj
 0001:000032cc       ?g_PrepareCollectFinalizers@Struct_System_Finalizer@@SIXXZ 020042cc f   Shell.obj
 0001:000033b8       ?g_LinkToIndex@Struct_System_Finalizer@@SIHH@Z 020043b8 f   Shell.obj
 0001:000033e8       ?g_IsLink@Struct_System_Finalizer@@SI_NH@Z 020043e8 f   Shell.obj
 0001:00003410       ?g_IndexToLink@Struct_System_Finalizer@@SIHH@Z 02004410 f   Shell.obj
 0001:00003434       ?g_GetObjectFromRun@Struct_System_Finalizer@@SIPAUClass_System_Object@@XZ 02004434 f   Shell.obj
 0001:000035d0       ?m_Equals@Struct_System_Finalizer@@SI_NPAU1@PAUClass_System_Object@@@Z 020045d0 f   Shell.obj
 0001:00003608       ?m_Equals@Struct_System_Finalizer@@SI_NPAUClass_System_Finalizer@@PAUClass_System_Object@@@Z 02004608 f   Shell.obj
 0001:00003634       ?g_CompactTables@Struct_System_Finalizer@@SIXXZ 02004634 f   Shell.obj
 0001:00003648       ?g__cctor@Struct_System_Finalizer@@SIXXZ 02004648 f   Shell.obj
 0001:000037dc       ?m_RemoveStoppedJobs@Class_Microsoft_Singularity_Applications_ShellControl@@SIXPAU1@@Z 020047dc f   Shell.obj
 0001:00003ac4       ?m_Microsoft_SingSharp_ITracked_UnExpose@Class_Microsoft_Singularity_Applications_ShellControl@@SIXPAU1@@Z 02004ac4 f   Shell.obj
 0001:00003ae0       ?m_Microsoft_SingSharp_ITracked_Release@Class_Microsoft_Singularity_Applications_ShellControl@@SIXPAU1@@Z 02004ae0 f   Shell.obj
 0001:00003afc       ?m_Microsoft_SingSharp_ITracked_Expose@Class_Microsoft_Singularity_Applications_ShellControl@@SIXPAU1@@Z 02004afc f   Shell.obj
 0001:00003b18       ?m_Microsoft_SingSharp_ITracked_Acquire@Class_Microsoft_Singularity_Applications_ShellControl@@SIXPAU1@@Z 02004b18 f   Shell.obj
 0001:00003b34       ?m_GetEnumerator@Class_Microsoft_Singularity_Applications_ShellControl@@SIPAUClass_System_Collections_IEnumerator@@PAU1@@Z 02004b34 f   Shell.obj
 0001:00003ba8       ?m_get$_Item@Class_Microsoft_Singularity_Applications_ShellControl@@SIPAUClass_Microsoft_Singularity_Applications_Job@@PAU1@H@Z 02004ba8 f   Shell.obj
 0001:00003c38       ?m_FreshStdout@Class_Microsoft_Singularity_Applications_ShellControl@@SIPAUStruct_Microsoft_Singularity_Io_UnicodePipeContract_Imp@@PAU1@@Z 02004c38 f   Shell.obj
 0001:00003cc8       ?m_Dispose@Class_Microsoft_Singularity_Applications_ShellControl@@SIXPAU1@@Z 02004cc8 f   Shell.obj
 0001:00003cec       ?m_Add@Class_Microsoft_Singularity_Applications_ShellControl@@SIXPAU1@PAUClass_Microsoft_Singularity_Applications_Job@@@Z 02004cec f   Shell.obj
 0001:00003d4c       ?m__ctor@Class_Microsoft_Singularity_Applications_ShellControl@@SIXPAU1@PAUClass_Microsoft_Singularity_Io_PipeMultiplexer@@@Z 02004d4c f   Shell.obj
 0001:00003d9c       ?g_visitAllObjects@Class_System_GCs_MemoryAccounting@@SIXPAUClass_System_GCs_ObjectLayout_ObjectVisitor@@PAUuintPtr@@1@Z 02004d9c f   Shell.obj
 0001:00004100       ?g_TotalNumPages@Class_System_GCs_MemoryAccounting@@SIIUStruct_System_GCs_PageType@@@Z 02005100 f   Shell.obj
 0001:00004254       ?g_ReportStackDetails@Class_System_GCs_MemoryAccounting@@SIXXZ 02005254 f   Shell.obj
 0001:00004660       ?g_ReportNonGCDetails@Class_System_GCs_MemoryAccounting@@SIXXZ 02005660 f   Shell.obj
 0001:000048f8       ?g_ReportHeapDetails@Class_System_GCs_MemoryAccounting@@SIXXZ 020058f8 f   Shell.obj
 0001:00005244       ?g_Report@Class_System_GCs_MemoryAccounting@@SIXUStruct_Microsoft_Bartok_Runtime_GCType@@@Z 02006244 f   Shell.obj
 0001:00005404       ?g_assertRuntimeTypeHeaders@Class_System_GCs_MemoryAccounting@@SIXPAUuintPtr@@0@Z 02006404 f   Shell.obj
 0001:00005434       ?m__ctor@Class_System_GCs_MemoryAccounting@@SIXPAU1@@Z 02006434 f   Shell.obj
 0001:0000544c       ?m_MoveNext@Class_System_Array_ArrayEnumerator@@SI_NPAU1@@Z 0200644c f   Shell.obj
 0001:000054a4       ?m_IncArray@Class_System_Array_ArrayEnumerator@@SIXPAU1@@Z 020064a4 f   Shell.obj
 0001:000055e4       ?m_get$_Current@Class_System_Array_ArrayEnumerator@@SIPAUClass_System_Object@@PAU1@@Z 020065e4 f   Shell.obj
 0001:00005674       ?m__ctor@Class_System_Array_ArrayEnumerator@@SIXPAU1@PAUClass_System_Array@@HH@Z 02006674 f   Shell.obj
 0001:00005790       ?m_StructCopy@Struct_Microsoft_Singularity_Directory_DirectoryServiceContract_AckDeregister@@SIXPAU1@0@Z 02006790 f   Shell.obj
 0001:000057b8       ?m_StructCopy@Struct_Microsoft_Singularity_Directory_DirectoryServiceContract_AckDeregister@@SIXPAU1@PAU1@@Z 020067b8 f   Shell.obj
 0001:00005830       ?m_Equals@Struct_Microsoft_Singularity_Directory_DirectoryServiceContract_AckDeregister@@SI_NPAU1@PAUClass_System_Object@@@Z 02006830 f   Shell.obj
 0001:00005878       ?m_Equals@Struct_Microsoft_Singularity_Directory_DirectoryServiceContract_AckDeregister@@SI_NPAUClass_Microsoft_Singularity_Directory_DirectoryServiceContract_AckDeregister@@PAUClass_System_Object@@@Z 02006878 f   Shell.obj
 0001:000058a4       ?m__ctor@Class_System_Reflection_Assembly@@SIXPAU1@@Z 020068a4 f   Shell.obj
 0001:000058c0       ?g__cctor@Class_System_Reflection_Assembly@@SIXXZ 020068c0 f   Shell.obj
 0001:000058d4       ?m_Trackto@Class_System_Text_RegularExpressions_RegexInterpreter@@SIXPAU1@H@Z 020068d4 f   Shell.obj
 0001:00005904       ?m_Trackpos@Class_System_Text_RegularExpressions_RegexInterpreter@@SIHPAU1@@Z 02006904 f   Shell.obj
 0001:00005930       ?m_Trackframe@Class_System_Text_RegularExpressions_RegexInterpreter@@SIXPAU1@H@Z 02006930 f   Shell.obj
 0001:00005960       ?m_Tracked@Class_System_Text_RegularExpressions_RegexInterpreter@@SIHPAU1@H@Z 02006960 f   Shell.obj
 0001:000059a4       ?m_Track2@Class_System_Text_RegularExpressions_RegexInterpreter@@SIXPAU1@H@Z 020069a4 f   Shell.obj
 0001:00005a10       ?m_Track2@Class_System_Text_RegularExpressions_RegexInterpreter@@SIXPAU1@HH@Z 02006a10 f   Shell.obj
 0001:00005a9c       ?m_Track@Class_System_Text_RegularExpressions_RegexInterpreter@@SIXPAU1@@Z 02006a9c f   Shell.obj
 0001:00005ae0       ?m_Track@Class_System_Text_RegularExpressions_RegexInterpreter@@SIXPAU1@H@Z 02006ae0 f   Shell.obj
 0001:00005b48       ?m_Track@Class_System_Text_RegularExpressions_RegexInterpreter@@SIXPAU1@HH@Z 02006b48 f   Shell.obj
 0001:00005bd4       ?m_Track@Class_System_Text_RegularExpressions_RegexInterpreter@@SIXPAU1@HHH@Z 02006bd4 f   Shell.obj
 0001:00005c80       ?m_Textto@Class_System_Text_RegularExpressions_RegexInterpreter@@SIXPAU1@H@Z 02006c80 f   Shell.obj
 0001:00005ca8       ?m_Textstart@Class_System_Text_RegularExpressions_RegexInterpreter@@SIHPAU1@@Z 02006ca8 f   Shell.obj
 0001:00005cc8       ?m_Textpos@Class_System_Text_RegularExpressions_RegexInterpreter@@SIHPAU1@@Z 02006cc8 f   Shell.obj
 0001:00005ce8       ?m_Stringmatch@Class_System_Text_RegularExpressions_RegexInterpreter@@SI_NPAU1@PAUClass_System_String@@@Z 02006ce8 f   Shell.obj
 0001:00005e74       ?m_Stackframe@Class_System_Text_RegularExpressions_RegexInterpreter@@SIXPAU1@H@Z 02006e74 f   Shell.obj
 0001:00005ea4       ?m_Stacked@Class_System_Text_RegularExpressions_RegexInterpreter@@SIHPAU1@H@Z 02006ea4 f   Shell.obj
 0001:00005ee8       ?m_Stack@Class_System_Text_RegularExpressions_RegexInterpreter@@SIXPAU1@H@Z 02006ee8 f   Shell.obj
 0001:00005f2c       ?m_Stack@Class_System_Text_RegularExpressions_RegexInterpreter@@SIXPAU1@HH@Z 02006f2c f   Shell.obj
 0001:00005f94       ?m_SetOperator@Class_System_Text_RegularExpressions_RegexInterpreter@@SIXPAU1@H@Z 02006f94 f   Shell.obj
 0001:00005fe8       ?m_Rightchars@Class_System_Text_RegularExpressions_RegexInterpreter@@SIHPAU1@@Z 02006fe8 f   Shell.obj
 0001:00006014       ?m_Refmatch@Class_System_Text_RegularExpressions_RegexInterpreter@@SI_NPAU1@HH@Z 02007014 f   Shell.obj
 0001:000061b0       ?m_Operator@Class_System_Text_RegularExpressions_RegexInterpreter@@SIHPAU1@@Z 020071b0 f   Shell.obj
 0001:000061d0       ?m_Operand@Class_System_Text_RegularExpressions_RegexInterpreter@@SIHPAU1@H@Z 020071d0 f   Shell.obj
 0001:00006214       ?m_Leftchars@Class_System_Text_RegularExpressions_RegexInterpreter@@SIHPAU1@@Z 02007214 f   Shell.obj
 0001:00006240       ?m_InitTrackCount@Class_System_Text_RegularExpressions_RegexInterpreter@@SIXPAU1@@Z 02007240 f   Shell.obj
 0001:00006268       ?m_Goto@Class_System_Text_RegularExpressions_RegexInterpreter@@SIXPAU1@H@Z 02007268 f   Shell.obj
 0001:000062c8       ?m_Go@Class_System_Text_RegularExpressions_RegexInterpreter@@SIXPAU1@@Z 020072c8 f   Shell.obj
 0001:00007b54       ?m_Forwardchars@Class_System_Text_RegularExpressions_RegexInterpreter@@SIHPAU1@@Z 02008b54 f   Shell.obj
 0001:00007ba0       ?m_Forwardcharnext@Class_System_Text_RegularExpressions_RegexInterpreter@@SI_WPAU1@@Z 02008ba0 f   Shell.obj
 0001:00007c40       ?m_FindFirstChar@Class_System_Text_RegularExpressions_RegexInterpreter@@SI_NPAU1@@Z 02008c40 f   Shell.obj
 0001:00008060       ?m_CharAt@Class_System_Text_RegularExpressions_RegexInterpreter@@SI_WPAU1@H@Z 02009060 f   Shell.obj
 0001:00008090       ?m_Bump@Class_System_Text_RegularExpressions_RegexInterpreter@@SIHPAU1@@Z 02009090 f   Shell.obj
 0001:000080c4       ?m_Backwardnext@Class_System_Text_RegularExpressions_RegexInterpreter@@SIXPAU1@@Z 020090c4 f   Shell.obj
 0001:00008108       ?m_Backtrack@Class_System_Text_RegularExpressions_RegexInterpreter@@SIXPAU1@@Z 02009108 f   Shell.obj
 0001:000081e0       ?m_Advance@Class_System_Text_RegularExpressions_RegexInterpreter@@SIXPAU1@@Z 020091e0 f   Shell.obj
 0001:00008208       ?m_Advance@Class_System_Text_RegularExpressions_RegexInterpreter@@SIXPAU1@H@Z 02009208 f   Shell.obj
 0001:00008258       ?m__ctor@Class_System_Text_RegularExpressions_RegexInterpreter@@SIXPAU1@PAUClass_System_Text_RegularExpressions_RegexCode@@PAUClass_System_Globalization_CultureInfo@@@Z 02009258 f   Shell.obj
 0001:000082d8       ?m_UseOptionR@Class_System_Text_RegularExpressions_RegexNode@@SI_NPAU1@@Z 020092d8 f   Shell.obj
 0001:00008300       ?m_Type@Class_System_Text_RegularExpressions_RegexNode@@SIHPAU1@@Z 02009300 f   Shell.obj
 0001:00008320       ?m_StripEnation@Class_System_Text_RegularExpressions_RegexNode@@SIPAU1@PAU1@H@Z 02009320 f   Shell.obj
 0001:0000839c       ?m_ReverseLeft@Class_System_Text_RegularExpressions_RegexNode@@SIPAU1@PAU1@@Z 0200939c f   Shell.obj
 0001:00008420       ?m_ReduceSet@Class_System_Text_RegularExpressions_RegexNode@@SIPAU1@PAU1@@Z 02009420 f   Shell.obj
 0001:000085c0       ?m_ReduceRep@Class_System_Text_RegularExpressions_RegexNode@@SIPAU1@PAU1@@Z 020095c0 f   Shell.obj
 0001:000087d0       ?m_ReduceGroup@Class_System_Text_RegularExpressions_RegexNode@@SIPAU1@PAU1@@Z 020097d0 f   Shell.obj
 0001:00008834       ?m_ReduceConcatenation@Class_System_Text_RegularExpressions_RegexNode@@SIPAU1@PAU1@@Z 02009834 f   Shell.obj
 0001:00008bf4       ?m_ReduceAlternation@Class_System_Text_RegularExpressions_RegexNode@@SIPAU1@PAU1@@Z 02009bf4 f   Shell.obj
 0001:00008f90       ?m_Reduce@Class_System_Text_RegularExpressions_RegexNode@@SIPAU1@PAU1@@Z 02009f90 f   Shell.obj
 0001:00009024       ?m_MakeRep@Class_System_Text_RegularExpressions_RegexNode@@SIXPAU1@HHH@Z 0200a024 f   Shell.obj
 0001:00009068       ?m_MakeQuantifier@Class_System_Text_RegularExpressions_RegexNode@@SIPAU1@PAU1@_NHH@Z 0200a068 f   Shell.obj
 0001:000091cc       ?m_ChildCount@Class_System_Text_RegularExpressions_RegexNode@@SIHPAU1@@Z 0200a1cc f   Shell.obj
 0001:00009200       ?m_Child@Class_System_Text_RegularExpressions_RegexNode@@SIPAU1@PAU1@H@Z 0200a200 f   Shell.obj
 0001:00009248       ?m_AddChild@Class_System_Text_RegularExpressions_RegexNode@@SIXPAU1@0@Z 0200a248 f   Shell.obj
 0001:000092d0       ?m__ctor@Class_System_Text_RegularExpressions_RegexNode@@SIXPAU1@@Z 0200a2d0 f   Shell.obj
 0001:000092ec       ?m__ctor@Class_System_Text_RegularExpressions_RegexNode@@SIXPAU1@HUStruct_System_Text_RegularExpressions_RegexOptions@@@Z 0200a2ec f   Shell.obj
 0001:0000931c       ?m__ctor@Class_System_Text_RegularExpressions_RegexNode@@SIXPAU1@HUStruct_System_Text_RegularExpressions_RegexOptions@@H@Z 0200a31c f   Shell.obj
 0001:00009358       ?m__ctor@Class_System_Text_RegularExpressions_RegexNode@@SIXPAU1@HUStruct_System_Text_RegularExpressions_RegexOptions@@HH@Z 0200a358 f   Shell.obj
 0001:0000939c       ?m__ctor@Class_System_Text_RegularExpressions_RegexNode@@SIXPAU1@HUStruct_System_Text_RegularExpressions_RegexOptions@@PAUClass_System_String@@@Z 0200a39c f   Shell.obj
 0001:000093d8       ?m__ctor@Class_System_Text_RegularExpressions_RegexNode@@SIXPAU1@HUStruct_System_Text_RegularExpressions_RegexOptions@@PAUClass_System_String@@2@Z 0200a3d8 f   Shell.obj
 0001:0000941c       ?m__ctor@Class_System_Text_RegularExpressions_RegexNode@@SIXPAU1@HUStruct_System_Text_RegularExpressions_RegexOptions@@_W@Z 0200a41c f   Shell.obj
 0001:00009458       ?g_OpcodeBacktracks@Class_System_Text_RegularExpressions_RegexCode@@SI_NH@Z 0200a458 f   Shell.obj
 0001:00009498       ?m__ctor@Class_System_Text_RegularExpressions_RegexCode@@SIXPAU1@PAUClassVector_int32@@PAUClass_System_Collections_ArrayList@@HPAUClass_System_Collections_Hashtable@@HPAUClass_System_Text_RegularExpressions_RegexBoyerMoore@@PAUClass_System_Text_RegularExpressions_RegexPrefix@@5H_N@Z 0200a498 f   Shell.obj
 0001:0000955c       ?m__ctor@Class_Microsoft_Singularity_Applications_ScriptEngine_Interpretation_UnknownTypeException@@SIXPAU1@PAUClass_System_String@@@Z 0200a55c f   Shell.obj
 0001:00009590       ?g_Allocate@Class_Microsoft_Singularity_Channels_ChannelHeap@@SIPAUvoid@@PAUClass_System_Type@@@Z 0200a590 f   Shell.obj
 0001:00009678       ?m__ctor@Class_Microsoft_Singularity_Channels_ChannelHeap@@SIXPAU1@@Z 0200a678 f   Shell.obj
 0001:00009690       ?m_StartScanOneObject@Class_Microsoft_Singularity_GCProfilerLogger@@SIXPAU1@PAUuintPtr@@PAUClass_System_Type@@1@Z 0200a690 f   Shell.obj
 0001:00009750       ?g_StartProfiling@Class_Microsoft_Singularity_GCProfilerLogger@@SIXXZ 0200a750 f   Shell.obj
 0001:00009858       ?m_Shutdown@Class_Microsoft_Singularity_GCProfilerLogger@@SIXPAU1@@Z 0200a858 f   Shell.obj
 0001:00009884       ?m_ScanOneRoot@Class_Microsoft_Singularity_GCProfilerLogger@@SIXPAU1@PAUuintPtr@@@Z 0200a884 f   Shell.obj
 0001:00009934       ?m_ScanOneObjectField@Class_Microsoft_Singularity_GCProfilerLogger@@SIXPAU1@PAUuintPtr@@@Z 0200a934 f   Shell.obj
 0001:000099a8       ?m_PreGC@Class_Microsoft_Singularity_GCProfilerLogger@@SIXPAU1@H@Z 0200a9a8 f   Shell.obj
 0001:00009a88       ?m_PostGC@Class_Microsoft_Singularity_GCProfilerLogger@@SIXPAU1@@Z 0200aa88 f   Shell.obj
 0001:00009b60       ?m_Initialize@Class_Microsoft_Singularity_GCProfilerLogger@@SIXPAU1@_K1@Z 0200ab60 f   Shell.obj
 0001:00009d50       ?m_GetTypeId@Class_Microsoft_Singularity_GCProfilerLogger@@SIIPAU1@PAUClass_System_Type@@@Z 0200ad50 f   Shell.obj
 0001:00009e20       ?m_GetStackId@Class_Microsoft_Singularity_GCProfilerLogger@@SIIPAU1@PAUClass_System_Type@@PAUuintPtr@@PAUClassVector_uintPtr@@I@Z 0200ae20 f   Shell.obj
 0001:0000a184       ?m_GetFunctionId@Class_Microsoft_Singularity_GCProfilerLogger@@SIIPAU1@PAUuintPtr@@@Z 0200b184 f   Shell.obj
 0001:0000a288       ?m_EndScanOneObject@Class_Microsoft_Singularity_GCProfilerLogger@@SIXPAU1@@Z 0200b288 f   Shell.obj
 0001:0000a2ec       ?m_Allocation@Class_Microsoft_Singularity_GCProfilerLogger@@SIXPAU1@PAUuintPtr@@PAUClass_System_Type@@1@Z 0200b2ec f   Shell.obj
 0001:0000a47c       ?m__ctor@Class_Microsoft_Singularity_GCProfilerLogger@@SIXPAU1@@Z 0200b47c f   Shell.obj
 0001:0000a4a0       ?g__cctor@Class_Microsoft_Singularity_GCProfilerLogger@@SIXXZ 0200b4a0 f   Shell.obj
 0001:0000a4b4       ?m_Push@Class_System_Collections_Stack@@SIXPAU1@PAUClass_System_Object@@@Z 0200b4b4 f   Shell.obj
 0001:0000a560       ?m_Pop@Class_System_Collections_Stack@@SIPAUClass_System_Object@@PAU1@@Z 0200b560 f   Shell.obj
 0001:0000a5f8       ?m_Peek@Class_System_Collections_Stack@@SIPAUClass_System_Object@@PAU1@@Z 0200b5f8 f   Shell.obj
 0001:0000a65c       ?m_GetEnumerator@Class_System_Collections_Stack@@SIPAUClass_System_Collections_IEnumerator@@PAU1@@Z 0200b65c f   Shell.obj
 0001:0000a6a0       ?m_get$_SyncRoot@Class_System_Collections_Stack@@SIPAUClass_System_Object@@PAU1@@Z 0200b6a0 f   Shell.obj
 0001:0000a6c0       ?m_get$_Count@Class_System_Collections_Stack@@SIHPAU1@@Z 0200b6c0 f   Shell.obj
 0001:0000a6e0       ?m_CopyTo@Class_System_Collections_Stack@@SIXPAU1@PAUClass_System_Array@@H@Z 0200b6e0 f   Shell.obj
 0001:0000a8f4       ?m__ctor@Class_System_Collections_Stack@@SIXPAU1@@Z 0200b8f4 f   Shell.obj
 0001:0000a938       ?m__ctor@Class_System_Collections_Stack@@SIXPAU1@PAUClass_System_Collections_ICollection@@@Z 0200b938 f   Shell.obj
 0001:0000aa40       ?m__ctor@Class_System_Collections_Stack@@SIXPAU1@H@Z 0200ba40 f   Shell.obj
 0001:0000aac8       ?m__ctor@Class_System_ProcessCreateException@@SIXPAU1@@Z 0200bac8 f   Shell.obj
 0001:0000aaf0       ?g_StableState@Class_Microsoft_Singularity_Applications_WaitForChildContract@@SIHPAUStruct_Microsoft_Singularity_Channels_StateStack@@@Z 0200baf0 f   Shell.obj
 0001:0000ab6c       ?g_NewChannel@Class_Microsoft_Singularity_Applications_WaitForChildContract@@SIXPAPAUStruct_Microsoft_Singularity_Applications_WaitForChildContract_Imp@@PAPAUStruct_Microsoft_Singularity_Applications_WaitForChildContract_Exp@@@Z 0200bb6c f   Shell.obj
 0001:0000ac08       ?m__ctor@Class_Microsoft_Singularity_Applications_WaitForChildContract@@SIXPAU1@@Z 0200bc08 f   Shell.obj
 0001:0000ac20       ?m_StructCopy@Struct_System_GCs_BumpAllocator@@SIXPAU1@0@Z 0200bc20 f   Shell.obj
 0001:0000ac78       ?m_StructCopy@Struct_System_GCs_BumpAllocator@@SIXPAU1@PAU1@@Z 0200bc78 f   Shell.obj
 0001:0000ad80       ?m_Equals@Struct_System_GCs_BumpAllocator@@SI_NPAU1@PAUClass_System_Object@@@Z 0200bd80 f   Shell.obj
 0001:0000ae58       ?m_Equals@Struct_System_GCs_BumpAllocator@@SI_NPAUClass_System_GCs_BumpAllocator@@PAUClass_System_Object@@@Z 0200be58 f   Shell.obj
 0001:0000ae84       ?m_StructCopy@Struct_Microsoft_Singularity_Io_PipeMultiplexControl_Ack@@SIXPAU1@0@Z 0200be84 f   Shell.obj
 0001:0000aea0       ?m_StructCopy@Struct_Microsoft_Singularity_Io_PipeMultiplexControl_Ack@@SIXPAU1@PAU1@@Z 0200bea0 f   Shell.obj
 0001:0000aef4       ?m_MarshallContent@Struct_Microsoft_Singularity_Io_PipeMultiplexControl_Ack@@SIXPAU1@PAEPAUStruct_Microsoft_Singularity_Channels_Endpoint@@1PAH@Z 0200bef4 f   Shell.obj
 0001:0000af14       ?m_MarshallAll@Struct_Microsoft_Singularity_Io_PipeMultiplexControl_Ack@@SIXPAU1@PAEPAUStruct_Microsoft_Singularity_Channels_Endpoint@@PAH@Z 0200bf14 f   Shell.obj
 0001:0000af6c       ?m_Equals@Struct_Microsoft_Singularity_Io_PipeMultiplexControl_Ack@@SI_NPAU1@PAUClass_System_Object@@@Z 0200bf6c f   Shell.obj
 0001:0000afa4       ?m_Equals@Struct_Microsoft_Singularity_Io_PipeMultiplexControl_Ack@@SI_NPAUClass_Microsoft_Singularity_Io_PipeMultiplexControl_Ack@@PAUClass_System_Object@@@Z 0200bfa4 f   Shell.obj
 0001:0000afd0       ?m_VisitReferenceFields@Class_System_GCs_MarkSweepCollector_MarkAndProcessReferenceVisitor@@SIPAUuintPtr@@PAU1@PAUClass_System_Object@@@Z 0200bfd0 f   Shell.obj
 0001:0000b038       ?m_Visit@Class_System_GCs_MarkSweepCollector_MarkAndProcessReferenceVisitor@@SIXPAU1@PAPAUuintPtr@@@Z 0200c038 f   Shell.obj
 0001:0000b070       ?m__ctor@Class_System_GCs_MarkSweepCollector_MarkAndProcessReferenceVisitor@@SIXPAU1@@Z 0200c070 f   Shell.obj
 0001:0000b094       ?g_VisitWeakRefsPhase2@Class_System_TryAllManager@@SIXPAU1@PAUClass_System_GCs_DirectReferenceVisitor@@@Z 0200c094 f   Shell.obj
 0001:0000b10c       ?g_VisitWeakRefsPhase1@Class_System_TryAllManager@@SIXPAU1@PAUClass_System_GCs_DirectReferenceVisitor@@@Z 0200c10c f   Shell.obj
 0001:0000b150       ?g_VisitWeakRefs@Class_System_TryAllManager@@SIXPAUClass_System_GCs_DirectReferenceVisitor@@@Z 0200c150 f   Shell.obj
 0001:0000b17c       ?g_VisitStrongRefs@Class_System_TryAllManager@@SIXPAU1@PAUClass_System_GCs_DirectReferenceVisitor@@@Z 0200c17c f   Shell.obj
 0001:0000b1c8       ?g_VisitStrongRefs@Class_System_TryAllManager@@SIXPAUClass_System_GCs_DirectReferenceVisitor@@@Z 0200c1c8 f   Shell.obj
 0001:0000b1f4       ?m_startNestedTryAllHelper@Class_System_TryAllManager@@SIXPAU1@_NH@Z 0200c1f4 f   Shell.obj
 0001:0000b40c       ?m_Shake@Class_System_TryAllManager@@SIXPAU1@_N@Z 0200c40c f   Shell.obj
 0001:0000b428       ?g_SetDuringGC@Class_System_TryAllManager@@SIX_N@Z 0200c428 f   Shell.obj
 0001:0000b444       ?g_ReplenishTokens@Class_System_TryAllManager@@SIXXZ 0200c444 f   Shell.obj
 0001:0000b51c       ?g_RemoveCache@Class_System_TryAllManager@@SIXPAU1@@Z 0200c51c f   Shell.obj
 0001:0000b540       ?g_ReadBarrier@Class_System_TryAllManager@@SIPAUClass_System_Object@@PAUClass_System_GCs_DirectReferenceVisitor@@PAU2@@Z 0200c540 f   Shell.obj
 0001:0000b5a0       ?g_PreGCHookTryAll@Class_System_TryAllManager@@SIXXZ 0200c5a0 f   Shell.obj
 0001:0000b5c4       ?g_PostGCHookTryAll@Class_System_TryAllManager@@SIXXZ 0200c5c4 f   Shell.obj
 0001:0000b5e8       ?m_InitLocallyAllocatedSTMWords@Class_System_TryAllManager@@SIXPAU1@@Z 0200c5e8 f   Shell.obj
 0001:0000b760       ?g_EnsureCache@Class_System_TryAllManager@@SIXPAU1@@Z 0200c760 f   Shell.obj
 0001:0000b7bc       ?g_DumpPerCallSiteStats@Class_System_TryAllManager@@SIXXZ 0200c7bc f   Shell.obj
 0001:0000b7d0       ?g_doVisitWeakRefs@Class_System_TryAllManager@@SIXPAUClass_System_GCs_DirectReferenceVisitor@@@Z 0200c7d0 f   Shell.obj
 0001:0000b918       ?g_doVisitStrongRefs@Class_System_TryAllManager@@SIXPAUClass_System_GCs_DirectReferenceVisitor@@@Z 0200c918 f   Shell.obj
 0001:0000b9f0       ?g_doPreGCHook@Class_System_TryAllManager@@SIXXZ 0200c9f0 f   Shell.obj
 0001:0000badc       ?g_doPostGCHook@Class_System_TryAllManager@@SIXXZ 0200cadc f   Shell.obj
 0001:0000bd58       ?m_becomeInvalid@Class_System_TryAllManager@@SIXPAU1@_N@Z 0200cd58 f   Shell.obj
 0001:0000bdd0       ?m_AllocLocallyAllocatedSTMWords@Class_System_TryAllManager@@SIXPAU1@@Z 0200cdd0 f   Shell.obj
 0001:0000be80       ?m__ctor@Class_System_TryAllManager@@SIXPAU1@@Z 0200ce80 f   Shell.obj
 0001:0000c24c       ?g__cctor@Class_System_TryAllManager@@SIXXZ 0200d24c f   Shell.obj
 0001:0000c27c       ?m_StructCopy@Struct_Microsoft_Singularity_Directory_DirectoryServiceContract_AckDeleteDirectory@@SIXPAU1@0@Z 0200d27c f   Shell.obj
 0001:0000c298       ?m_StructCopy@Struct_Microsoft_Singularity_Directory_DirectoryServiceContract_AckDeleteDirectory@@SIXPAU1@PAU1@@Z 0200d298 f   Shell.obj
 0001:0000c2ec       ?m_Equals@Struct_Microsoft_Singularity_Directory_DirectoryServiceContract_AckDeleteDirectory@@SI_NPAU1@PAUClass_System_Object@@@Z 0200d2ec f   Shell.obj
 0001:0000c324       ?m_Equals@Struct_Microsoft_Singularity_Directory_DirectoryServiceContract_AckDeleteDirectory@@SI_NPAUClass_Microsoft_Singularity_Directory_DirectoryServiceContract_AckDeleteDirectory@@PAUClass_System_Object@@@Z 0200d324 f   Shell.obj
 0001:0000c350       ?m__ctor@Class_Microsoft_Singularity_Applications_Parser_State@@SIXPAU1@H@Z 0200d350 f   Shell.obj
 0001:0000c378       ?m_Compare@Class_System_Collections_Comparer@@SIHPAU1@PAUClass_System_Object@@1@Z 0200d378 f   Shell.obj
 0001:0000c50c       ?m__ctor@Class_System_Collections_Comparer@@SIXPAU1@@Z 0200d50c f   Shell.obj
 0001:0000c528       ?g__cctor@Class_System_Collections_Comparer@@SIXXZ 0200d528 f   Shell.obj
 0001:0000c568       ?m_StructCopy@Struct_Microsoft_Singularity_V1_Threads_AutoResetEventHandle@@SIXPAU1@0@Z 0200d568 f   Shell.obj
 0001:0000c590       ?m_StructCopy@Struct_Microsoft_Singularity_V1_Threads_AutoResetEventHandle@@SIXPAU1@PAU1@@Z 0200d590 f   Shell.obj
 0001:0000c608       ?m_Equals@Struct_Microsoft_Singularity_V1_Threads_AutoResetEventHandle@@SI_NPAU1@PAUClass_System_Object@@@Z 0200d608 f   Shell.obj
 0001:0000c650       ?m_Equals@Struct_Microsoft_Singularity_V1_Threads_AutoResetEventHandle@@SI_NPAUClass_Microsoft_Singularity_V1_Threads_AutoResetEventHandle@@PAUClass_System_Object@@@Z 0200d650 f   Shell.obj
 0001:0000c67c       ?g_Create@Struct_Microsoft_Singularity_V1_Threads_AutoResetEventHandle@@SI_N_NPAU1@@Z 0200d67c f   Shell.obj
 0001:0000c6c8       ?m_Interpret@Class_Microsoft_Singularity_Applications_ScriptEngine_Assign@@SIXPAU1@PAUClass_Microsoft_Singularity_Applications_ShellControl@@PAUClass_Microsoft_Singularity_Applications_ScriptEngine_Interpretation@@@Z 0200d6c8 f   Shell.obj
 0001:0000c738       ?m__ctor@Class_Microsoft_Singularity_Applications_ScriptEngine_Assign@@SIXPAU1@PAUClass_System_String@@PAUClass_Microsoft_Singularity_Applications_ScriptEngine_Expression@@@Z 0200d738 f   Shell.obj
 0001:0000c770       ?m_StructCopy@Struct_System_GCs_MemoryAccounting_RuntimeTypeAccounting@@SIXPAU1@0@Z 0200d770 f   Shell.obj
 0001:0000c7c0       ?m_StructCopy@Struct_System_GCs_MemoryAccounting_RuntimeTypeAccounting@@SIXPAU1@PAU1@@Z 0200d7c0 f   Shell.obj
 0001:0000c8b0       ?m_Equals@Struct_System_GCs_MemoryAccounting_RuntimeTypeAccounting@@SI_NPAU1@PAUClass_System_Object@@@Z 0200d8b0 f   Shell.obj
 0001:0000c990       ?m_Equals@Struct_System_GCs_MemoryAccounting_RuntimeTypeAccounting@@SI_NPAUClass_System_GCs_MemoryAccounting_RuntimeTypeAccounting@@PAUClass_System_Object@@@Z 0200d990 f   Shell.obj
 0001:0000c9bc       ?m_StructCopy@Struct_Microsoft_Singularity_Directory_DirectoryServiceContract_AckCreateDirectory@@SIXPAU1@0@Z 0200d9bc f   Shell.obj
 0001:0000c9d8       ?m_StructCopy@Struct_Microsoft_Singularity_Directory_DirectoryServiceContract_AckCreateDirectory@@SIXPAU1@PAU1@@Z 0200d9d8 f   Shell.obj
 0001:0000ca2c       ?m_Equals@Struct_Microsoft_Singularity_Directory_DirectoryServiceContract_AckCreateDirectory@@SI_NPAU1@PAUClass_System_Object@@@Z 0200da2c f   Shell.obj
 0001:0000ca64       ?m_Equals@Struct_Microsoft_Singularity_Directory_DirectoryServiceContract_AckCreateDirectory@@SI_NPAUClass_Microsoft_Singularity_Directory_DirectoryServiceContract_AckCreateDirectory@@PAUClass_System_Object@@@Z 0200da64 f   Shell.obj
 0001:0000ca90       ?m_StructCopy@Struct_Microsoft_Singularity_Directory_DirectoryServiceContract_NakCreateFileReparse@@SIXPAU1@0@Z 0200da90 f   Shell.obj
 0001:0000cad0       ?m_StructCopy@Struct_Microsoft_Singularity_Directory_DirectoryServiceContract_NakCreateFileReparse@@SIXPAU1@PAU1@@Z 0200dad0 f   Shell.obj
 0001:0000cb90       ?m_Equals@Struct_Microsoft_Singularity_Directory_DirectoryServiceContract_NakCreateFileReparse@@SI_NPAU1@PAUClass_System_Object@@@Z 0200db90 f   Shell.obj
 0001:0000cbf8       ?m_Equals@Struct_Microsoft_Singularity_Directory_DirectoryServiceContract_NakCreateFileReparse@@SI_NPAUClass_Microsoft_Singularity_Directory_DirectoryServiceContract_NakCreateFileReparse@@PAUClass_System_Object@@@Z 0200dbf8 f   Shell.obj
 0001:0000cc24       ?m_Microsoft_SingSharp_ITracked_Release@Class_SurrogateMicrosoft_Singularity_Io_PipeMultiplexControl_Imp@@SIXPAU1@@Z 0200dc24 f   Shell.obj
 0001:0000cc48       ?m_Microsoft_SingSharp_ITracked_Acquire@Class_SurrogateMicrosoft_Singularity_Io_PipeMultiplexControl_Imp@@SIXPAU1@@Z 0200dc48 f   Shell.obj
 0001:0000cc6c       ?m_HeadMatches@Class_SurrogateMicrosoft_Singularity_Io_PipeMultiplexControl_Imp@@SI_NPAU1@HPA_NPAPAUClass_System_Object@@@Z 0200dc6c f   Shell.obj
 0001:0000cca0       ?m_GetWaitHandle@Class_SurrogateMicrosoft_Singularity_Io_PipeMultiplexControl_Imp@@SI?AUStruct_Microsoft_Singularity_V1_Threads_SyncHandle@@PAU1@@Z 0200dca0 f   Shell.obj
 0001:0000ccc4       ?m_Dispose@Class_SurrogateMicrosoft_Singularity_Io_PipeMultiplexControl_Imp@@SIXPAU1@@Z 0200dcc4 f   Shell.obj
 0001:0000cce8       ?g__ctor@Class_SurrogateMicrosoft_Singularity_Io_PipeMultiplexControl_Imp@@SIXPAU1@PAUStruct_Microsoft_Singularity_Io_PipeMultiplexControl_Imp@@@Z 0200dce8 f   Shell.obj
 0001:0000cd10       ?m_set$_Item@Class_Microsoft_Singularity_Xml_XmlNode@@SIXPAU1@PAUClass_System_String@@1@Z 0200dd10 f   Shell.obj
 0001:0000cd94       ?m_GetChild@Class_Microsoft_Singularity_Xml_XmlNode@@SIPAU1@PAU1@PAUClass_System_String@@@Z 0200dd94 f   Shell.obj
 0001:0000cec8       ?m_GetAttribute@Class_Microsoft_Singularity_Xml_XmlNode@@SIHPAU1@PAUClass_System_String@@H@Z 0200dec8 f   Shell.obj
 0001:0000cf6c       ?m_GetAttribute@Class_Microsoft_Singularity_Xml_XmlNode@@SIPAUClass_System_String@@PAU1@PAU2@1@Z 0200df6c f   Shell.obj
 0001:0000cfb4       ?m_GetAttribute@Class_Microsoft_Singularity_Xml_XmlNode@@SI_NPAU1@PAUClass_System_String@@_N@Z 0200dfb4 f   Shell.obj
 0001:0000d024       ?m_get$_Name@Class_Microsoft_Singularity_Xml_XmlNode@@SIPAUClass_System_String@@PAU1@@Z 0200e024 f   Shell.obj
 0001:0000d044       ?m_get$_Item@Class_Microsoft_Singularity_Xml_XmlNode@@SIPAUClass_System_String@@PAU1@PAU2@@Z 0200e044 f   Shell.obj
 0001:0000d08c       ?m_get$_Children@Class_Microsoft_Singularity_Xml_XmlNode@@SIPAUClassVector_Class_Microsoft_Singularity_Xml_XmlNode@@PAU1@@Z 0200e08c f   Shell.obj
 0001:0000d218       ?m_FindAttr@Class_Microsoft_Singularity_Xml_XmlNode@@SIPAUClass_Microsoft_Singularity_Xml_XmlNode_XmlAttr@@PAU1@PAUClass_System_String@@@Z 0200e218 f   Shell.obj
 0001:0000d350       ?m_AddText@Class_Microsoft_Singularity_Xml_XmlNode@@SIXPAU1@PAUClass_System_String@@@Z 0200e350 f   Shell.obj
 0001:0000d380       ?m_AddChild@Class_Microsoft_Singularity_Xml_XmlNode@@SIXPAU1@0@Z 0200e380 f   Shell.obj
 0001:0000d3ac       ?m__ctor@Class_Microsoft_Singularity_Xml_XmlNode@@SIXPAU1@@Z 0200e3ac f   Shell.obj
 0001:0000d428       ?m__ctor@Class_Microsoft_Singularity_Xml_XmlNode@@SIXPAU1@PAUClass_System_String@@@Z 0200e428 f   Shell.obj
 0001:0000d4c0       ?m__ctor@Class_Microsoft_Singularity_Xml_XmlNode@@SIXPAU1@PAUClass_System_String@@H@Z 0200e4c0 f   Shell.obj
 0001:0000d554       ?g_WriteLine@Class_Microsoft_Singularity_DebugStub@@SIXPAUClass_System_String@@@Z 0200e554 f   Shell.obj
 0001:0000d5b8       ?g_WriteLine@Class_Microsoft_Singularity_DebugStub@@SIXPAUClass_System_String@@UStruct_System_VarargList@@@Z 0200e5b8 f   Shell.obj
 0001:0000d620       ?g_WriteLine@Class_Microsoft_Singularity_DebugStub@@SIXPAUClass_System_String@@UStruct_System_ArgIterator@@@Z 0200e620 f   Shell.obj
 0001:0000d818       ?g_Print@Class_Microsoft_Singularity_DebugStub@@SIXPAUClass_System_String@@@Z 0200e818 f   Shell.obj
 0001:0000d87c       ?g_Print@Class_Microsoft_Singularity_DebugStub@@SIXPAUClass_System_String@@UStruct_System_VarargList@@@Z 0200e87c f   Shell.obj
 0001:0000d8e4       ?g_Print@Class_Microsoft_Singularity_DebugStub@@SIXPAUClass_System_String@@UStruct_System_ArgIterator@@@Z 0200e8e4 f   Shell.obj
 0001:0000d91c       ?g_InsertFormat@Class_Microsoft_Singularity_DebugStub@@SIXPA_WPAHHPAUClass_System_String@@UStruct_System_VarargList@@@Z 0200e91c f   Shell.obj
 0001:0000d9bc       ?g_failAssert@Class_Microsoft_Singularity_DebugStub@@SIXPAUClass_System_String@@@Z 0200e9bc f   Shell.obj
 0001:0000d9e4       ?g_Assert@Class_Microsoft_Singularity_DebugStub@@SIX_N@Z 0200e9e4 f   Shell.obj
 0001:0000da14       ?g_AddToPerfCounter@Class_Microsoft_Singularity_DebugStub@@SI_NI_K@Z 0200ea14 f   Shell.obj
 0001:0000da4c       ?g_AddLineHeader@Class_Microsoft_Singularity_DebugStub@@SIXPA_WPAHH@Z 0200ea4c f   Shell.obj
 0001:0000dc4c       ?m__ctor@Class_Microsoft_Singularity_DebugStub@@SIXPAU1@@Z 0200ec4c f   Shell.obj
 0001:0000dc68       ?m_FieldOffset@Class_System_GCs_Barrier_ZeroFieldsVisitor@@SIXPAU1@PAUuintPtr@@PAUStruct_System_GCs_ReferenceVisitor_ObjectDescriptor@@@Z 0200ec68 f   Shell.obj
 0001:0000dd04       ?m__ctor@Class_System_GCs_Barrier_ZeroFieldsVisitor@@SIXPAU1@@Z 0200ed04 f   Shell.obj
 0001:0000dd28       ?m_ToString@Class_Microsoft_Singularity_Io_IoPort@@SIPAUClass_System_String@@PAU1@@Z 0200ed28 f   Shell.obj
 0001:0000ddac       ?m_StructCopy@Struct_Microsoft_Singularity_Isal_IX_EFlags@@SIXPAU1@0@Z 0200edac f   Shell.obj
 0001:0000ddc8       ?m_StructCopy@Struct_Microsoft_Singularity_Isal_IX_EFlags@@SIXPAU1@PAU1@@Z 0200edc8 f   Shell.obj
 0001:0000de1c       ?m_Equals@Struct_Microsoft_Singularity_Isal_IX_EFlags@@SI_NPAU1@PAUClass_System_Object@@@Z 0200ee1c f   Shell.obj
 0001:0000de54       ?m_Equals@Struct_Microsoft_Singularity_Isal_IX_EFlags@@SI_NPAUClass_Microsoft_Singularity_Isal_IX_EFlags@@PAUClass_System_Object@@@Z 0200ee54 f   Shell.obj
 0001:0000de80       ?m_StructCopy@Struct_System_UpdateLogWriter@@SIXPAU1@0@Z 0200ee80 f   Shell.obj
 0001:0000deb4       ?m_StructCopy@Struct_System_UpdateLogWriter@@SIXPAU1@PAU1@@Z 0200eeb4 f   Shell.obj
 0001:0000df50       ?m_Equals@Struct_System_UpdateLogWriter@@SI_NPAU1@PAUClass_System_Object@@@Z 0200ef50 f   Shell.obj
 0001:0000dfac       ?m_Equals@Struct_System_UpdateLogWriter@@SI_NPAUClass_System_UpdateLogWriter@@PAUClass_System_Object@@@Z 0200efac f   Shell.obj
 0001:0000dfd8       ?m_StructCopy@Struct_Microsoft_Singularity_Directory_DirectoryServiceContract_NakStoreACLReparse@@SIXPAU1@0@Z 0200efd8 f   Shell.obj
 0001:0000e018       ?m_StructCopy@Struct_Microsoft_Singularity_Directory_DirectoryServiceContract_NakStoreACLReparse@@SIXPAU1@PAU1@@Z 0200f018 f   Shell.obj
 0001:0000e0d8       ?m_Equals@Struct_Microsoft_Singularity_Directory_DirectoryServiceContract_NakStoreACLReparse@@SI_NPAU1@PAUClass_System_Object@@@Z 0200f0d8 f   Shell.obj
 0001:0000e140       ?m_Equals@Struct_Microsoft_Singularity_Directory_DirectoryServiceContract_NakStoreACLReparse@@SI_NPAUClass_Microsoft_Singularity_Directory_DirectoryServiceContract_NakStoreACLReparse@@PAUClass_System_Object@@@Z 0200f140 f   Shell.obj
 0001:0000e16c       ?m__ctor@Class_System_NotSupportedException@@SIXPAU1@@Z 0200f16c f   Shell.obj
 0001:0000e194       ?m__ctor@Class_System_NotSupportedException@@SIXPAU1@PAUClass_System_String@@@Z 0200f194 f   Shell.obj
 0001:0000e1bc       ?m_Visit@Class_System_GCs_GCProfiler_RootVisitor@@SIXPAU1@PAPAUuintPtr@@@Z 0200f1bc f   Shell.obj
 0001:0000e1e8       ?m__ctor@Class_System_GCs_GCProfiler_RootVisitor@@SIXPAU1@PAUClass_System_GCs_GCProfiler@@@Z 0200f1e8 f   Shell.obj
 0001:0000e218       ?m_StructCopy@Struct_System_InterfaceInfo@@SIXPAU1@0@Z 0200f218 f   Shell.obj
 0001:0000e24c       ?m_StructCopy@Struct_System_InterfaceInfo@@SIXPAU1@PAU1@@Z 0200f24c f   Shell.obj
 0001:0000e2e8       ?m_Equals@Struct_System_InterfaceInfo@@SI_NPAU1@PAUClass_System_Object@@@Z 0200f2e8 f   Shell.obj
 0001:0000e348       ?m_Equals@Struct_System_InterfaceInfo@@SI_NPAUClass_System_InterfaceInfo@@PAUClass_System_Object@@@Z 0200f348 f   Shell.obj
 0001:0000e374       ?g_SlowIndexOfString@Class_System_Globalization_CompareInfo@@SIHPAUClass_System_String@@0HHUStruct_System_Globalization_CompareOptions@@@Z 0200f374 f   Shell.obj
 0001:0000e3b8       ?g_QuickScanLongerString@Class_System_Globalization_CompareInfo@@SIHPAUClass_System_String@@HHHHHHH@Z 0200f3b8 f   Shell.obj
 0001:0000e480       ?g_IndexOfString@Class_System_Globalization_CompareInfo@@SIHPAUClass_System_String@@0HHUStruct_System_Globalization_CompareOptions@@@Z 0200f480 f   Shell.obj
 0001:0000e6e8       ?g_IndexOf@Class_System_Globalization_CompareInfo@@SIHPAUClass_System_String@@0@Z 0200f6e8 f   Shell.obj
 0001:0000e718       ?g_GetUnicode@Class_System_Globalization_CompareInfo@@SIG_W@Z 0200f718 f   Shell.obj
 0001:0000e7c0       ?g_GetDiacritic@Class_System_Globalization_CompareInfo@@SIE_W@Z 0200f7c0 f   Shell.obj
 0001:0000e864       ?g_GetCase@Class_System_Globalization_CompareInfo@@SIE_W@Z 0200f864 f   Shell.obj
 0001:0000e908       ?g_GET$_SCRIPT$_MEMBER@Class_System_Globalization_CompareInfo@@SIEG@Z 0200f908 f   Shell.obj
 0001:0000e934       ?g_GET$_ALPHA$_NUMERIC@Class_System_Globalization_CompareInfo@@SIEG@Z 0200f934 f   Shell.obj
 0001:0000e95c       ?g_FastIndexOfString@Class_System_Globalization_CompareInfo@@SIHPAUClass_System_String@@HH0@Z 0200f95c f   Shell.obj
 0001:0000ea54       ?g_CompareString@Class_System_Globalization_CompareInfo@@SIHUStruct_System_Globalization_CompareOptions@@PAUClass_System_String@@HH1HH@Z 0200fa54 f   Shell.obj
 0001:0000f14c       ?g_CompareRegion@Class_System_Globalization_CompareInfo@@SIHPAUClass_System_String@@HH0HHUStruct_System_Globalization_CompareOptions@@@Z 0201014c f   Shell.obj
 0001:0000f500       ?g_CompareOrdinal@Class_System_Globalization_CompareInfo@@SIHPAUClass_System_String@@HH0HH@Z 02010500 f   Shell.obj
 0001:0000f5fc       ?g_Compare@Class_System_Globalization_CompareInfo@@SIHPAUClass_System_String@@HH0HHUStruct_System_Globalization_CompareOptions@@@Z 020105fc f   Shell.obj
 0001:0000f69c       ?g_Compare@Class_System_Globalization_CompareInfo@@SIHPAUClass_System_String@@0@Z 0201069c f   Shell.obj
 0001:0000f6c8       ?g_Compare@Class_System_Globalization_CompareInfo@@SIHPAUClass_System_String@@0UStruct_System_Globalization_CompareOptions@@@Z 020106c8 f   Shell.obj
 0001:0000f7f8       ?m__ctor@Class_System_Globalization_CompareInfo@@SIXPAU1@@Z 020107f8 f   Shell.obj
 0001:0000f810       ?g__cctor@Class_System_Globalization_CompareInfo@@SIXXZ 02010810 f   Shell.obj
 0001:0000f824       ?m_StructCopy@Struct_System_UpdateLog_Location@@SIXPAU1@0@Z 02010824 f   Shell.obj
 0001:0000f858       ?m_StructCopy@Struct_System_UpdateLog_Location@@SIXPAU1@PAU1@@Z 02010858 f   Shell.obj
 0001:0000f8f4       ?m_Equals@Struct_System_UpdateLog_Location@@SI_NPAU1@PAUClass_System_Object@@@Z 020108f4 f   Shell.obj
 0001:0000f954       ?m_Equals@Struct_System_UpdateLog_Location@@SI_NPAUClass_System_UpdateLog_Location@@PAUClass_System_Object@@@Z 02010954 f   Shell.obj
 0001:0000f980       ?m__ctor@Struct_System_UpdateLog_Location@@SIXPAU1@PAUClass_System_UpdateLog_LogChunk@@H@Z 02010980 f   Shell.obj
 0001:0000f9b0       ?m_ToString@uint16@@SIPAUClass_System_String@@PAG@Z 020109b0 f   Shell.obj
 0001:0000f9d8       ?m_ToString@uint16@@SIPAUClass_System_String@@PAGPAU2@@Z 020109d8 f   Shell.obj
 0001:0000fa24       ?m_ToString@uint16@@SIPAUClass_System_String@@PAUClass_System_UInt16@@@Z 02010a24 f   Shell.obj
 0001:0000fa4c       ?m_ToString@uint16@@SIPAUClass_System_String@@PAUClass_System_UInt16@@PAU2@@Z 02010a4c f   Shell.obj
 0001:0000fa78       ?m_GetHashCode@uint16@@SIHPAG@Z 02010a78 f   Shell.obj
 0001:0000fa9c       ?m_GetHashCode@uint16@@SIHPAUClass_System_UInt16@@@Z 02010a9c f   Shell.obj
 0001:0000fac4       ?m_Equals@uint16@@SI_NPAGPAUClass_System_Object@@@Z 02010ac4 f   Shell.obj
 0001:0000fb28       ?m_Equals@uint16@@SI_NPAUClass_System_UInt16@@PAUClass_System_Object@@@Z 02010b28 f   Shell.obj
 0001:0000fb54       ?m_CompareTo@uint16@@SIHPAGPAUClass_System_Object@@@Z 02010b54 f   Shell.obj
 0001:0000fbe0       ?m_CompareTo@uint16@@SIHPAUClass_System_UInt16@@PAUClass_System_Object@@@Z 02010be0 f   Shell.obj
 0001:0000fc0c       ?m_Visit@Class_System_GCs_Verifier_GenericThreadReferenceVisitor@@SIXPAU1@PAPAUuintPtr@@@Z 02010c0c f   Shell.obj
 0001:0000ff10       ?m__ctor@Class_System_GCs_Verifier_GenericThreadReferenceVisitor@@SIXPAU1@@Z 02010f10 f   Shell.obj
 0001:0000ff34       ?m_StructCopy@Struct_Microsoft_Singularity_Directory_FileContract_Exp@@SIXPAU1@0@Z 02010f34 f   Shell.obj
 0001:00010034       ?m_StructCopy@Struct_Microsoft_Singularity_Directory_FileContract_Exp@@SIXPAU1@PAU1@@Z 02011034 f   Shell.obj
 0001:00010334       ?m_Peek@Struct_Microsoft_Singularity_Directory_FileContract_Exp@@SIHPAU1@@Z 02011334 f   Shell.obj
 0001:000105c8       ?m_MarshallDeliverRead0@Struct_Microsoft_Singularity_Directory_FileContract_Exp@@SIXPAU1@PAE_J22PAUStruct_Microsoft_Singularity_Channels_Endpoint@@@Z 020115c8 f   Shell.obj
 0001:00010638       ?m_HeadMatches@Struct_Microsoft_Singularity_Directory_FileContract_Exp@@SI_NPAU1@HPA_NPAPAUClass_System_Object@@@Z 02011638 f   Shell.obj
 0001:000106f8       ?m_HeadMatches@Struct_Microsoft_Singularity_Directory_FileContract_Exp@@SI_NPAUClass_Microsoft_Singularity_Directory_FileContract_Exp@@HPA_NPAPAUClass_System_Object@@@Z 020116f8 f   Shell.obj
 0001:00010730       ?m_Equals@Struct_Microsoft_Singularity_Directory_FileContract_Exp@@SI_NPAU1@PAUClass_System_Object@@@Z 02011730 f   Shell.obj
 0001:00010b10       ?m_Equals@Struct_Microsoft_Singularity_Directory_FileContract_Exp@@SI_NPAUClass_Microsoft_Singularity_Directory_FileContract_Exp@@PAUClass_System_Object@@@Z 02011b10 f   Shell.obj
 0001:00010b3c       ?m_Dispose@Struct_Microsoft_Singularity_Directory_FileContract_Exp@@SIXPAU1@@Z 02011b3c f   Shell.obj
 0001:00010b60       ?m_Dispose@Struct_Microsoft_Singularity_Directory_FileContract_Exp@@SIXPAUClass_Microsoft_Singularity_Directory_FileContract_Exp@@@Z 02011b60 f   Shell.obj
 0001:00010b88       ?m_DeliverRead0@Struct_Microsoft_Singularity_Directory_FileContract_Exp@@SIXPAU1@PAE_J22@Z 02011b88 f   Shell.obj
 0001:00010bf4       ?m__ctor@Struct_Microsoft_Singularity_Directory_FileContract_Exp@@SIXPAU1@H@Z 02011bf4 f   Shell.obj
 0001:00010c20       ?m_StructCopy@Struct_System_GCs_ReferenceVisitor_ObjectDescriptor@@SIXPAU1@0@Z 02011c20 f   Shell.obj
 0001:00010c84       ?m_StructCopy@Struct_System_GCs_ReferenceVisitor_ObjectDescriptor@@SIXPAU1@PAU1@@Z 02011c84 f   Shell.obj
 0001:00010db0       ?m_Equals@Struct_System_GCs_ReferenceVisitor_ObjectDescriptor@@SI_NPAU1@PAUClass_System_Object@@@Z 02011db0 f   Shell.obj
 0001:00010e50       ?m_Equals@Struct_System_GCs_ReferenceVisitor_ObjectDescriptor@@SI_NPAUClass_System_GCs_ReferenceVisitor_ObjectDescriptor@@PAUClass_System_Object@@@Z 02011e50 f   Shell.obj
 0001:00010e7c       ?m__ctor@Struct_System_GCs_ReferenceVisitor_ObjectDescriptor@@SIXPAU1@PAUClass_System_VTable@@PAUuintPtr@@@Z 02011e7c f   Shell.obj
 0001:00010ef4       ?m__ctor@Struct_System_GCs_ReferenceVisitor_ObjectDescriptor@@SIXPAU1@PAUClass_System_VTable@@PAUuintPtr@@2@Z 02011ef4 f   Shell.obj
 0001:00010f6c       ?m__ctor@Struct_System_GCs_ReferenceVisitor_ObjectDescriptor@@SIXPAU1@PAUClass_System_VTable@@PAUuintPtr@@22@Z 02011f6c f   Shell.obj
 0001:00010fe4       ?m__ctor@Struct_System_GCs_ReferenceVisitor_ObjectDescriptor@@SIXPAU1@PAUClass_System_VTable@@PAUuintPtr@@22PAUClass_System_Object@@3@Z 02011fe4 f   Shell.obj
 0001:0001103c       ?g_ConvertToLong@Class_System_RuntimeTypeHash@@SI_JPAUClassVector_uint8@@H@Z 0201203c f   Shell.obj
 0001:00011110       ?g_ComputeHashAndReturnName@Class_System_RuntimeTypeHash@@SIPAUClassVector_uint8@@PAUClass_System_String@@PA_J1@Z 02012110 f   Shell.obj
 0001:00011180       ?g_ComputeHash@Class_System_RuntimeTypeHash@@SIXPAUClassVector_uint8@@PA_J1@Z 02012180 f   Shell.obj
 0001:00011220       ?g_ComputeHash@Class_System_RuntimeTypeHash@@SIXPAUClass_System_String@@PA_J1@Z 02012220 f   Shell.obj
 0001:00011250       ?m__ctor@Class_System_RuntimeTypeHash@@SIXPAU1@@Z 02012250 f   Shell.obj
 0001:00011268       ?m_StructCopy@Struct_System_UpdateEnlistmentLog_Location@@SIXPAU1@0@Z 02012268 f   Shell.obj
 0001:0001129c       ?m_StructCopy@Struct_System_UpdateEnlistmentLog_Location@@SIXPAU1@PAU1@@Z 0201229c f   Shell.obj
 0001:00011338       ?m_Equals@Struct_System_UpdateEnlistmentLog_Location@@SI_NPAU1@PAUClass_System_Object@@@Z 02012338 f   Shell.obj
 0001:00011398       ?m_Equals@Struct_System_UpdateEnlistmentLog_Location@@SI_NPAUClass_System_UpdateEnlistmentLog_Location@@PAUClass_System_Object@@@Z 02012398 f   Shell.obj
 0001:000113c4       ?m__ctor@Struct_System_UpdateEnlistmentLog_Location@@SIXPAU1@PAUClass_System_UpdateEnlistmentLog_LogChunk@@H@Z 020123c4 f   Shell.obj
 0001:000113f4       ?m__ctor@Class_Microsoft_Singularity_Applications_Parser_Production@@SIXPAU1@HPAUClass_Microsoft_Singularity_Applications_Parser_Reducer@@@Z 020123f4 f   Shell.obj
 0001:00011424       ?g_StructSize@Class_System_Runtime_InteropServices_Marshal@@SIHPAUClass_System_Type@@@Z 02012424 f   Shell.obj
 0001:000114e4       ?m__ctor@Class_System_Runtime_InteropServices_Marshal@@SIXPAU1@@Z 020124e4 f   Shell.obj
 0001:000114fc       ?m__ctor@Class_System_Runtime_CompilerServices_CalledRarelyAttribute@@SIXPAU1@@Z 020124fc f   Shell.obj
 0001:00011520       ?m_StructCopy@Struct_Microsoft_Singularity_Directory_DirectoryServiceContract_NakQueryACL@@SIXPAU1@0@Z 02012520 f   Shell.obj
 0001:00011548       ?m_StructCopy@Struct_Microsoft_Singularity_Directory_DirectoryServiceContract_NakQueryACL@@SIXPAU1@PAU1@@Z 02012548 f   Shell.obj
 0001:000115c0       ?m_Equals@Struct_Microsoft_Singularity_Directory_DirectoryServiceContract_NakQueryACL@@SI_NPAU1@PAUClass_System_Object@@@Z 020125c0 f   Shell.obj
 0001:00011660       ?m_Equals@Struct_Microsoft_Singularity_Directory_DirectoryServiceContract_NakQueryACL@@SI_NPAUClass_Microsoft_Singularity_Directory_DirectoryServiceContract_NakQueryACL@@PAUClass_System_Object@@@Z 02012660 f   Shell.obj
 0001:0001168c       ?g_Truncate@Class_System_GCs_BootstrapMemory@@SIXXZ 0201268c f   Shell.obj
 0001:000117f0       ?g_Initialize@Class_System_GCs_BootstrapMemory@@SIXPAUuintPtr@@@Z 020127f0 f   Shell.obj
 0001:00011834       ?g_AllocateBlock@Class_System_GCs_BootstrapMemory@@SIPAUuintPtr@@PAU2@I@Z 02012834 f   Shell.obj
 0001:00011964       ?g_Allocate@Class_System_GCs_BootstrapMemory@@SIPAUClass_System_Object@@PAUClass_System_VTable@@@Z 02012964 f   Shell.obj
 0001:00011a1c       ?g_Allocate@Class_System_GCs_BootstrapMemory@@SIPAUClass_System_Object@@PAUClass_System_VTable@@I@Z 02012a1c f   Shell.obj
 0001:00011a94       ?g_Allocate@Class_System_GCs_BootstrapMemory@@SIPAUClass_System_Object@@PAUClass_System_Type@@@Z 02012a94 f   Shell.obj
 0001:00011ab8       ?g_Allocate@Class_System_GCs_BootstrapMemory@@SIPAUClass_System_Object@@PAUClass_System_Type@@I@Z 02012ab8 f   Shell.obj
 0001:00011ae4       ?g_Allocate@Class_System_GCs_BootstrapMemory@@SIPAUClass_System_Object@@PAUClass_System_RuntimeType@@@Z 02012ae4 f   Shell.obj
 0001:00011b08       ?g_Allocate@Class_System_GCs_BootstrapMemory@@SIPAUClass_System_Object@@PAUClass_System_RuntimeType@@I@Z 02012b08 f   Shell.obj
 0001:00011b34       ?m__ctor@Class_System_GCs_BootstrapMemory@@SIXPAU1@@Z 02012b34 f   Shell.obj
 0001:00011b4c       ?g_StableState@Class_Microsoft_Singularity_Directory_NotifyContract@@SIHPAUStruct_Microsoft_Singularity_Channels_StateStack@@@Z 02012b4c f   Shell.obj
 0001:00011ba8       ?m__ctor@Class_Microsoft_Singularity_Directory_NotifyContract@@SIXPAU1@@Z 02012ba8 f   Shell.obj
 0001:00011bc0       ?m_BoolValue@Class_Microsoft_Singularity_Applications_ScriptEngine_And@@SI_NPAU1@PAUClass_Microsoft_Singularity_Applications_ScriptEngine_Interpretation@@@Z 02012bc0 f   Shell.obj
 0001:00011c20       ?m__ctor@Class_Microsoft_Singularity_Applications_ScriptEngine_And@@SIXPAU1@PAUClass_Microsoft_Singularity_Applications_ScriptEngine_Expression@@1@Z 02012c20 f   Shell.obj
 0001:00011c50       ?m_Microsoft_SingSharp_ITracked_Release@Class_SurrogateMicrosoft_Singularity_Directory_FileContract_Imp@@SIXPAU1@@Z 02012c50 f   Shell.obj
 0001:00011c74       ?m_Microsoft_SingSharp_ITracked_Acquire@Class_SurrogateMicrosoft_Singularity_Directory_FileContract_Imp@@SIXPAU1@@Z 02012c74 f   Shell.obj
 0001:00011c98       ?m_HeadMatches@Class_SurrogateMicrosoft_Singularity_Directory_FileContract_Imp@@SI_NPAU1@HPA_NPAPAUClass_System_Object@@@Z 02012c98 f   Shell.obj
 0001:00011ccc       ?m_GetWaitHandle@Class_SurrogateMicrosoft_Singularity_Directory_FileContract_Imp@@SI?AUStruct_Microsoft_Singularity_V1_Threads_SyncHandle@@PAU1@@Z 02012ccc f   Shell.obj
 0001:00011cf0       ?m_Dispose@Class_SurrogateMicrosoft_Singularity_Directory_FileContract_Imp@@SIXPAU1@@Z 02012cf0 f   Shell.obj
 0001:00011d14       ?g__ctor@Class_SurrogateMicrosoft_Singularity_Directory_FileContract_Imp@@SIXPAU1@PAUStruct_Microsoft_Singularity_Directory_FileContract_Imp@@@Z 02012d14 f   Shell.obj
 0001:00011d3c       ?g_get$_TickCount@Class_System_Environment@@SIHXZ 02012d3c f   Shell.obj
 0001:00011da8       ?g_get$_NewLine@Class_System_Environment@@SIPAUClass_System_String@@XZ 02012da8 f   Shell.obj
 0001:00011dc0       ?m__ctor@Class_System_Environment@@SIXPAU1@@Z 02012dc0 f   Shell.obj
 0001:00011dd8       ?m_Visit@Class_System_GCs_GCProfiler_OneObjectVisitor@@SIXPAU1@PAPAUuintPtr@@@Z 02012dd8 f   Shell.obj
 0001:00011e04       ?m__ctor@Class_System_GCs_GCProfiler_OneObjectVisitor@@SIXPAU1@PAUClass_System_GCs_GCProfiler@@@Z 02012e04 f   Shell.obj
 0001:00011e34       ?g_StableState@Class_Microsoft_Singularity_Directory_FileContract@@SIHPAUStruct_Microsoft_Singularity_Channels_StateStack@@@Z 02012e34 f   Shell.obj
 0001:00011eb0       ?g_NewChannel@Class_Microsoft_Singularity_Directory_FileContract@@SIXPAPAUStruct_Microsoft_Singularity_Directory_FileContract_Imp@@PAPAUStruct_Microsoft_Singularity_Directory_FileContract_Exp@@@Z 02012eb0 f   Shell.obj
 0001:00011f4c       ?m__ctor@Class_Microsoft_Singularity_Directory_FileContract@@SIXPAU1@@Z 02012f4c f   Shell.obj
 0001:00011f64       ?m_StringValue@Class_Microsoft_Singularity_Applications_ScriptEngine_VariableReference@@SIPAUClass_System_String@@PAU1@PAUClass_Microsoft_Singularity_Applications_ScriptEngine_Interpretation@@@Z 02012f64 f   Shell.obj
 0001:00011fc0       ?m_IntValue@Class_Microsoft_Singularity_Applications_ScriptEngine_VariableReference@@SIHPAU1@PAUClass_Microsoft_Singularity_Applications_ScriptEngine_Interpretation@@@Z 02012fc0 f   Shell.obj
 0001:000120e8       ?m_GetValue@Class_Microsoft_Singularity_Applications_ScriptEngine_VariableReference@@SIPAUClass_System_Object@@PAU1@PAUClass_Microsoft_Singularity_Applications_ScriptEngine_Interpretation@@@Z 020130e8 f   Shell.obj
 0001:00012190       ?m_BoolValue@Class_Microsoft_Singularity_Applications_ScriptEngine_VariableReference@@SI_NPAU1@PAUClass_Microsoft_Singularity_Applications_ScriptEngine_Interpretation@@@Z 02013190 f   Shell.obj
 0001:00012314       ?m__ctor@Class_Microsoft_Singularity_Applications_ScriptEngine_VariableReference@@SIXPAU1@PAUClass_System_String@@@Z 02013314 f   Shell.obj
 0001:00012344       ?m__ctor@Class_Microsoft_Singularity_Applications_ScriptEngine_ScriptException@@SIXPAU1@PAUClass_System_String@@@Z 02013344 f   Shell.obj
 0001:0001236c       ?m_RecvControlZ@Class_Microsoft_Singularity_Io_PipeLookAhead@@SIXPAU1@@Z 0201336c f   Shell.obj
 0001:000123cc       ?m_RecvControlC@Class_Microsoft_Singularity_Io_PipeLookAhead@@SIXPAU1@@Z 020133cc f   Shell.obj
 0001:0001242c       ?m_RecvChar@Class_Microsoft_Singularity_Io_PipeLookAhead@@SIXPAU1@PA_W@Z 0201342c f   Shell.obj
 0001:00012494       ?m_ReadChar@Class_Microsoft_Singularity_Io_PipeLookAhead@@SIHPAU1@@Z 02013494 f   Shell.obj
 0001:00012598       ?m_Microsoft_Singularity_Channels_ISelectable_GetWaitHandle@Class_Microsoft_Singularity_Io_PipeLookAhead@@SI?AUStruct_Microsoft_Singularity_V1_Threads_SyncHandle@@PAU1@@Z 02013598 f   Shell.obj
 0001:0001264c       ?m_Microsoft_SingSharp_ITracked_UnExpose@Class_Microsoft_Singularity_Io_PipeLookAhead@@SIXPAU1@@Z 0201364c f   Shell.obj
 0001:00012668       ?m_Microsoft_SingSharp_ITracked_Release@Class_Microsoft_Singularity_Io_PipeLookAhead@@SIXPAU1@@Z 02013668 f   Shell.obj
 0001:00012684       ?m_Microsoft_SingSharp_ITracked_Expose@Class_Microsoft_Singularity_Io_PipeLookAhead@@SIXPAU1@@Z 02013684 f   Shell.obj
 0001:000126a0       ?m_Microsoft_SingSharp_ITracked_Acquire@Class_Microsoft_Singularity_Io_PipeLookAhead@@SIXPAU1@@Z 020136a0 f   Shell.obj
 0001:000126bc       ?m_HeadMatches@Class_Microsoft_Singularity_Io_PipeLookAhead@@SI_NPAU1@HPA_NPAPAUClass_System_Object@@@Z 020136bc f   Shell.obj
 0001:0001280c       ?m_get$_IsClosed@Class_Microsoft_Singularity_Io_PipeLookAhead@@SI_NPAU1@@Z 0201380c f   Shell.obj
 0001:000128a8       ?m_get$_HasControlZ@Class_Microsoft_Singularity_Io_PipeLookAhead@@SI_NPAU1@@Z 020138a8 f   Shell.obj
 0001:00012920       ?m_get$_HasControlC@Class_Microsoft_Singularity_Io_PipeLookAhead@@SI_NPAU1@@Z 02013920 f   Shell.obj
 0001:00012998       ?m_get$_HasCharacter@Class_Microsoft_Singularity_Io_PipeLookAhead@@SI_NPAU1@@Z 02013998 f   Shell.obj
 0001:00012a18       ?m_FillToLookAheadWithoutBlock@Class_Microsoft_Singularity_Io_PipeLookAhead@@SIXPAU1@@Z 02013a18 f   Shell.obj
 0001:00012c70       ?m_Dispose@Class_Microsoft_Singularity_Io_PipeLookAhead@@SIXPAU1@@Z 02013c70 f   Shell.obj
 0001:00012cf8       ?m__ctor@Class_Microsoft_Singularity_Io_PipeLookAhead@@SIXPAU1@PAUStruct_Microsoft_Singularity_Io_UnicodePipeContract_Exp@@H@Z 02013cf8 f   Shell.obj
 0001:00012d9c       ?g__cctor@Class_Microsoft_Singularity_Io_PipeLookAhead@@SIXXZ 02013d9c f   Shell.obj
 0001:00012e5c       ?m_StructCopy@Struct_Microsoft_Singularity_V1_Services_ProcessService@@SIXPAU1@0@Z 02013e5c f   Shell.obj
 0001:00012e78       ?m_StructCopy@Struct_Microsoft_Singularity_V1_Services_ProcessService@@SIXPAU1@PAU1@@Z 02013e78 f   Shell.obj
 0001:00012ecc       ?g_GetStartupStringArrayArg@Struct_Microsoft_Singularity_V1_Services_ProcessService@@SI?AUStruct_Microsoft_Singularity_V1_Services_ParameterCode@@HPA_WPAHPAH2@Z 02013ecc f   Shell.obj
 0001:00012f3c       ?g_GetStartupStringArg@Struct_Microsoft_Singularity_V1_Services_ProcessService@@SI?AUStruct_Microsoft_Singularity_V1_Services_ParameterCode@@HPA_WPAH@Z 02013f3c f   Shell.obj
 0001:00012f8c       ?g_GetSharedSourceHandles@Struct_Microsoft_Singularity_V1_Services_ProcessService@@SI_NIPAPAUuintPtr@@00@Z 02013f8c f   Shell.obj
 0001:00013010       ?m_Equals@Struct_Microsoft_Singularity_V1_Services_ProcessService@@SI_NPAU1@PAUClass_System_Object@@@Z 02014010 f   Shell.obj
 0001:00013048       ?m_Equals@Struct_Microsoft_Singularity_V1_Services_ProcessService@@SI_NPAUClass_Microsoft_Singularity_V1_Services_ProcessService@@PAUClass_System_Object@@@Z 02014048 f   Shell.obj
 0001:00013074       ?m_StructCopy@Struct_Microsoft_Singularity_Diagnostics_Contracts_ProcessContract_ProcessGcStats@@SIXPAU1@0@Z 02014074 f   Shell.obj
 0001:000130cc       ?m_StructCopy@Struct_Microsoft_Singularity_Diagnostics_Contracts_ProcessContract_ProcessGcStats@@SIXPAU1@PAU1@@Z 020140cc f   Shell.obj
 0001:000131d4       ?m_Equals@Struct_Microsoft_Singularity_Diagnostics_Contracts_ProcessContract_ProcessGcStats@@SI_NPAU1@PAUClass_System_Object@@@Z 020141d4 f   Shell.obj
 0001:00013278       ?m_Equals@Struct_Microsoft_Singularity_Diagnostics_Contracts_ProcessContract_ProcessGcStats@@SI_NPAUClass_Microsoft_Singularity_Diagnostics_Contracts_ProcessContract_ProcessGcStats@@PAUClass_System_Object@@@Z 02014278 f   Shell.obj
 0001:000132a4       ?g_UnderGCControl@Class_System_GCs_Transitions@@SI_NH@Z 020142a4 f   Shell.obj
 0001:00013358       ?g_TransferMutatorControl@Class_System_GCs_Transitions@@SIXPAUStruct_Microsoft_Singularity_ThreadContext@@@Z 02014358 f   Shell.obj
 0001:00013498       ?g_TransferMutatorControl@Class_System_GCs_Transitions@@SIXPAHH@Z 02014498 f   Shell.obj
 0001:000135ac       ?g_ThreadStart@Class_System_GCs_Transitions@@SIXXZ 020145ac f   Shell.obj
 0001:00013794       ?g_ThreadEnd@Class_System_GCs_Transitions@@SIXH@Z 02014794 f   Shell.obj
 0001:000139c0       ?g_TakeMutatorControlSlowNoGC@Class_System_GCs_Transitions@@SIXPAHH@Z 020149c0 f   Shell.obj
 0001:000139ec       ?g_TakeMutatorControlSlow@Class_System_GCs_Transitions@@SIXPAHH@Z 020149ec f   Shell.obj
 0001:00013a18       ?g_TakeMutatorControlSlow@Class_System_GCs_Transitions@@SIXPAHH_N1@Z 02014a18 f   Shell.obj
 0001:00013be4       ?g_TakeMutatorControlNoGC@Class_System_GCs_Transitions@@SIXPAUStruct_Microsoft_Singularity_ThreadContext@@@Z 02014be4 f   Shell.obj
 0001:00013d48       ?g_TakeMutatorControlNoGC@Class_System_GCs_Transitions@@SIXPAHH@Z 02014d48 f   Shell.obj
 0001:00013e84       ?g_TakeMutatorControlNoGC@Class_System_GCs_Transitions@@SIXH@Z 02014e84 f   Shell.obj
 0001:00014074       ?g_TakeMutatorControl@Class_System_GCs_Transitions@@SIXPAUStruct_Microsoft_Singularity_ThreadContext@@@Z 02015074 f   Shell.obj
 0001:000141d8       ?g_TakeMutatorControl@Class_System_GCs_Transitions@@SIXPAHH@Z 020151d8 f   Shell.obj
 0001:00014314       ?g_TakeMutatorControl@Class_System_GCs_Transitions@@SIXH@Z 02015314 f   Shell.obj
 0001:00014504       ?g_TakeGCControl@Class_System_GCs_Transitions@@SI_NPAH@Z 02015504 f   Shell.obj
 0001:000145c8       ?g_TakeGCControl@Class_System_GCs_Transitions@@SI_NH@Z 020155c8 f   Shell.obj
 0001:00014744       ?g_TakeDormantControlNoGC@Class_System_GCs_Transitions@@SIXPAH@Z 02015744 f   Shell.obj
 0001:000147f0       ?g_TakeDormantControlNoGC@Class_System_GCs_Transitions@@SIXH@Z 020157f0 f   Shell.obj
 0001:00014944       ?g_TakeDormantControl@Class_System_GCs_Transitions@@SIXPAUStruct_Microsoft_Singularity_ThreadContext@@@Z 02015944 f   Shell.obj
 0001:00014a50       ?g_TakeDormantControl@Class_System_GCs_Transitions@@SIXPAHH@Z 02015a50 f   Shell.obj
 0001:00014b24       ?g_TakeDormantControl@Class_System_GCs_Transitions@@SIXH@Z 02015b24 f   Shell.obj
 0001:00014c8c       ?g_SwitchToMutatorStateWithGCRequest@Class_System_GCs_Transitions@@SI_NPAH@Z 02015c8c f   Shell.obj
 0001:00014cf8       ?g_SwitchToMutatorState@Class_System_GCs_Transitions@@SI_NPAH@Z 02015cf8 f   Shell.obj
 0001:00014da8       ?g_RuntimeInitialized@Class_System_GCs_Transitions@@SIXXZ 02015da8 f   Shell.obj
 0001:00014dc4       ?g_ReturnToManagedSpace@Class_System_GCs_Transitions@@SIXPAUStruct_Microsoft_Singularity_ThreadContext@@@Z 02015dc4 f   Shell.obj
 0001:00014fa4       ?g_ReturnFromManagedSpaceNoCallerTransition@Class_System_GCs_Transitions@@SIXXZ 02015fa4 f   Shell.obj
 0001:000150b8       ?g_ReturnFromManagedSpace@Class_System_GCs_Transitions@@SIXXZ 020160b8 f   Shell.obj
 0001:00015200       ?g_RestoreMutatorControlIfNeeded@Class_System_GCs_Transitions@@SIXXZ 02016200 f   Shell.obj
 0001:00015338       ?g_ReleaseGCControl@Class_System_GCs_Transitions@@SIXPAHH@Z 02016338 f   Shell.obj
 0001:000153fc       ?g_ReleaseGCControl@Class_System_GCs_Transitions@@SIXH@Z 020163fc f   Shell.obj
 0001:0001555c       ?g_NewThreadNotification@Class_System_GCs_Transitions@@SIXH_N@Z 0201655c f   Shell.obj
 0001:000156fc       ?g_MakeGCRequests@Class_System_GCs_Transitions@@SIXH@Z 020166fc f   Shell.obj
 0001:00015824       ?g_MakeGCRequest@Class_System_GCs_Transitions@@SIXPAHH@Z 02016824 f   Shell.obj
 0001:00015888       ?g_MakeGCRequest@Class_System_GCs_Transitions@@SIXH@Z 02016888 f   Shell.obj
 0001:0001592c       ?g_LeaveManagedSpace@Class_System_GCs_Transitions@@SIXPAUStruct_Microsoft_Singularity_ThreadContext@@@Z 0201692c f   Shell.obj
 0001:00015a6c       ?g_LeaveLoadFunctionStub@Class_System_GCs_Transitions@@SIXXZ 02016a6c f   Shell.obj
 0001:00015bd8       ?g_InMutatorState@Class_System_GCs_Transitions@@SI_NPAUStruct_Microsoft_Singularity_ThreadContext@@@Z 02016bd8 f   Shell.obj
 0001:00015c28       ?g_InMutatorState@Class_System_GCs_Transitions@@SI_NH@Z 02016c28 f   Shell.obj
 0001:00015ce4       ?g_Initialize@Class_System_GCs_Transitions@@SIXXZ 02016ce4 f   Shell.obj
 0001:00015cf8       ?g_InDormantState@Class_System_GCs_Transitions@@SI_NH@Z 02016cf8 f   Shell.obj
 0001:00015da8       ?g_HasGCRequest@Class_System_GCs_Transitions@@SI_NH@Z 02016da8 f   Shell.obj
 0001:00015e58       ?g_GetThreadContext@Class_System_GCs_Transitions@@SIPAUStruct_Microsoft_Singularity_ThreadContext@@H@Z 02016e58 f   Shell.obj
 0001:00015ea8       ?g_GetCurrentThreadContext@Class_System_GCs_Transitions@@SIPAUStruct_Microsoft_Singularity_ThreadContext@@H@Z 02016ea8 f   Shell.obj
 0001:00015f30       ?g_fUnderGCControl@Class_System_GCs_Transitions@@SI_NH@Z 02016f30 f   Shell.obj
 0001:00015f58       ?g_fInMutatorState@Class_System_GCs_Transitions@@SI_NH@Z 02016f58 f   Shell.obj
 0001:00015f80       ?g_fInDormantState@Class_System_GCs_Transitions@@SI_NH@Z 02016f80 f   Shell.obj
 0001:00015fa8       ?g_fHasGCRequest@Class_System_GCs_Transitions@@SI_NH@Z 02016fa8 f   Shell.obj
 0001:00015fd0       ?g_EntryIntoManagedSpace@Class_System_GCs_Transitions@@SIXXZ 02016fd0 f   Shell.obj
 0001:000161b8       ?g_EnterLoadFunctionStub@Class_System_GCs_Transitions@@SIXXZ 020171b8 f   Shell.obj
 0001:000163b0       ?g_EnsureMutatorControlNoGC@Class_System_GCs_Transitions@@SIXPAUStruct_Microsoft_Singularity_ThreadContext@@@Z 020173b0 f   Shell.obj
 0001:00016590       ?g_EnsureMutatorControlNoGC@Class_System_GCs_Transitions@@SIXPAHH@Z 02017590 f   Shell.obj
 0001:00016748       ?g_EnsureMutatorControl@Class_System_GCs_Transitions@@SIXPAUStruct_Microsoft_Singularity_ThreadContext@@@Z 02017748 f   Shell.obj
 0001:00016928       ?g_EnsureMutatorControl@Class_System_GCs_Transitions@@SIXPAHH@Z 02017928 f   Shell.obj
 0001:00016ae0       ?g_DeadThreadNotification@Class_System_GCs_Transitions@@SIXH@Z 02017ae0 f   Shell.obj
 0001:00016c90       ?g_CompareAndSwap@Class_System_GCs_Transitions@@SI_NPAHHH@Z 02017c90 f   Shell.obj
 0001:00016cc4       ?g_ClearGCRequest@Class_System_GCs_Transitions@@SIXPAHH@Z 02017cc4 f   Shell.obj
 0001:00016d70       ?g_ClearGCRequest@Class_System_GCs_Transitions@@SIXH@Z 02017d70 f   Shell.obj
 0001:00016e14       ?m__ctor@Class_System_GCs_Transitions@@SIXPAU1@@Z 02017e14 f   Shell.obj
 0001:00016e30       ?m_StructCopy@Struct_Microsoft_Singularity_Diagnostics_Contracts_ProcessContract_GetParentID@@SIXPAU1@0@Z 02017e30 f   Shell.obj
 0001:00016e58       ?m_StructCopy@Struct_Microsoft_Singularity_Diagnostics_Contracts_ProcessContract_GetParentID@@SIXPAU1@PAU1@@Z 02017e58 f   Shell.obj
 0001:00016ed0       ?m_Equals@Struct_Microsoft_Singularity_Diagnostics_Contracts_ProcessContract_GetParentID@@SI_NPAU1@PAUClass_System_Object@@@Z 02017ed0 f   Shell.obj
 0001:00016f18       ?m_Equals@Struct_Microsoft_Singularity_Diagnostics_Contracts_ProcessContract_GetParentID@@SI_NPAUClass_Microsoft_Singularity_Diagnostics_Contracts_ProcessContract_GetParentID@@PAUClass_System_Object@@@Z 02017f18 f   Shell.obj
 0001:00016f44       ?m__ctor@Class_System_Text_RegularExpressions_MatchSparse@@SIXPAU1@PAUClass_System_Text_RegularExpressions_Regex@@PAUClass_System_Collections_Hashtable@@HPAUClass_System_String@@HHH@Z 02017f44 f   Shell.obj
 0001:00016f8c       ?g__cctor@Class_System_Text_RegularExpressions_MatchSparse@@SIXXZ 02017f8c f   Shell.obj
 0001:00016fb4       ?m__ctor@Class_Microsoft_Singularity_Xml_XmlNode_XmlAttr@@SIXPAU1@PAUClass_System_String@@1@Z 02017fb4 f   Shell.obj
 0001:00016ff8       ?m_StructCopy@Struct_Microsoft_Singularity_Directory_DirectoryServiceContract_Notify@@SIXPAU1@0@Z 02017ff8 f   Shell.obj
 0001:00017044       ?m_StructCopy@Struct_Microsoft_Singularity_Directory_DirectoryServiceContract_Notify@@SIXPAU1@PAU1@@Z 02018044 f   Shell.obj
 0001:00017128       ?m_Equals@Struct_Microsoft_Singularity_Directory_DirectoryServiceContract_Notify@@SI_NPAU1@PAUClass_System_Object@@@Z 02018128 f   Shell.obj
 0001:000171a0       ?m_Equals@Struct_Microsoft_Singularity_Directory_DirectoryServiceContract_Notify@@SI_NPAUClass_Microsoft_Singularity_Directory_DirectoryServiceContract_Notify@@PAUClass_System_Object@@@Z 020181a0 f   Shell.obj
 0001:000171cc       ?m_TryAcquire@Struct_System_Threading_SpinLockBase@@SI_NPAU1@H@Z 020181cc f   Shell.obj
 0001:00017224       ?m_StructCopy@Struct_System_Threading_SpinLockBase@@SIXPAU1@0@Z 02018224 f   Shell.obj
 0001:00017258       ?m_StructCopy@Struct_System_Threading_SpinLockBase@@SIXPAU1@PAU1@@Z 02018258 f   Shell.obj
 0001:000172f4       ?m_SpinToAcquire@Struct_System_Threading_SpinLockBase@@SIXPAU1@H@Z 020182f4 f   Shell.obj
 0001:000173d8       ?m_Release@Struct_System_Threading_SpinLockBase@@SIXPAU1@H@Z 020183d8 f   Shell.obj
 0001:00017418       ?m_get$_Type@Struct_System_Threading_SpinLockBase@@SIHPAU1@@Z 02018418 f   Shell.obj
 0001:00017438       ?m_Equals@Struct_System_Threading_SpinLockBase@@SI_NPAU1@PAUClass_System_Object@@@Z 02018438 f   Shell.obj
 0001:00017494       ?m_Equals@Struct_System_Threading_SpinLockBase@@SI_NPAUClass_System_Threading_SpinLockBase@@PAUClass_System_Object@@@Z 02018494 f   Shell.obj
 0001:000174c0       ?m_Acquire@Struct_System_Threading_SpinLockBase@@SIXPAU1@H@Z 020184c0 f   Shell.obj
 0001:0001753c       ?g_TopLevelException@Class_Microsoft_Singularity_AppRuntime@@SIXPAUClass_System_Exception@@@Z 0201853c f   Shell.obj
 0001:00017664       ?g_InitializeConsole@Class_Microsoft_Singularity_AppRuntime@@SIXXZ 02018664 f   Shell.obj
 0001:000176b0       ?g_get$_AppName@Class_Microsoft_Singularity_AppRuntime@@SIPAUClass_System_String@@XZ 020186b0 f   Shell.obj
 0001:000176c8       ?g_FinalizeConsole@Class_Microsoft_Singularity_AppRuntime@@SIXXZ 020186c8 f   Shell.obj
 0001:00017714       ?g_AppStart@Class_Microsoft_Singularity_AppRuntime@@SIHPAUClass_System_Type@@@Z 02018714 f   Shell.obj
 0001:00017bac       ?m__ctor@Class_Microsoft_Singularity_AppRuntime@@SIXPAU1@@Z 02018bac f   Shell.obj
 0001:00017bc8       ?m_Unlink@Class_Microsoft_Singularity_Channels_ESet$_2$LMicrosoft_Singularity_Io_UnicodePipeContract_Exp_Microsoft_Singularity_Io_UnicodePipeContract_READY$G_Node@@SIPAUStruct_Microsoft_Singularity_Io_UnicodePipeContract_Exp@@PAU1@PAUClass_Microsoft_Singularity_Channels_ESet$_2$LMicrosoft_Singularity_Io_UnicodePipeContract_Exp_Microsoft_Singularity_Io_UnicodePipeContract_READY$G@@@Z 02018bc8 f   Shell.obj
 0001:00017cdc       ?m_LinkAsNext@Class_Microsoft_Singularity_Channels_ESet$_2$LMicrosoft_Singularity_Io_UnicodePipeContract_Exp_Microsoft_Singularity_Io_UnicodePipeContract_READY$G_Node@@SIXPAU1@PAUStruct_Microsoft_Singularity_Io_UnicodePipeContract_Exp@@PAUClass_Microsoft_Singularity_Channels_ESet$_2$LMicrosoft_Singularity_Io_UnicodePipeContract_Exp_Microsoft_Singularity_Io_UnicodePipeContract_READY$G@@@Z 02018cdc f   Shell.obj
 0001:00017d58       ?m_Init@Class_Microsoft_Singularity_Channels_ESet$_2$LMicrosoft_Singularity_Io_UnicodePipeContract_Exp_Microsoft_Singularity_Io_UnicodePipeContract_READY$G_Node@@SIXPAU1@PAUStruct_Microsoft_Singularity_Io_UnicodePipeContract_Exp@@PAUClass_Microsoft_Singularity_Channels_ESet$_2$LMicrosoft_Singularity_Io_UnicodePipeContract_Exp_Microsoft_Singularity_Io_UnicodePipeContract_READY$G@@@Z 02018d58 f   Shell.obj
 0001:00017d88       ?m__ctor@Class_Microsoft_Singularity_Channels_ESet$_2$LMicrosoft_Singularity_Io_UnicodePipeContract_Exp_Microsoft_Singularity_Io_UnicodePipeContract_READY$G_Node@@SIXPAU1@PAUStruct_Microsoft_Singularity_Io_UnicodePipeContract_Exp@@PAUClass_Microsoft_Singularity_Channels_ESet$_2$LMicrosoft_Singularity_Io_UnicodePipeContract_Exp_Microsoft_Singularity_Io_UnicodePipeContract_READY$G@@@Z 02018d88 f   Shell.obj
 0001:00017dcc       ?m__ctor@Class_Microsoft_Singularity_Channels_ESet$_2$LMicrosoft_Singularity_Io_UnicodePipeContract_Exp_Microsoft_Singularity_Io_UnicodePipeContract_READY$G_Node@@SIXPAU1@PAUClass_Microsoft_Singularity_Channels_ESet$_2$LMicrosoft_Singularity_Io_UnicodePipeContract_Exp_Microsoft_Singularity_Io_UnicodePipeContract_READY$G@@@Z 02018dcc f   Shell.obj
 0001:00017e00       ?m__ctor@Class_System_Runtime_CompilerServices_InlineAttribute@@SIXPAU1@@Z 02018e00 f   Shell.obj
 0001:00017e24       ?m_StructCopy@Struct_System_ReadEnlistmentLog_Entry@@SIXPAU1@0@Z 02018e24 f   Shell.obj
 0001:00017e60       ?m_StructCopy@Struct_System_ReadEnlistmentLog_Entry@@SIXPAU1@PAU1@@Z 02018e60 f   Shell.obj
 0001:00017f14       ?m_Equals@Struct_System_ReadEnlistmentLog_Entry@@SI_NPAU1@PAUClass_System_Object@@@Z 02018f14 f   Shell.obj
 0001:0001802c       ?m_Equals@Struct_System_ReadEnlistmentLog_Entry@@SI_NPAUClass_System_ReadEnlistmentLog_Entry@@PAUClass_System_Object@@@Z 0201902c f   Shell.obj
 0001:00018058       ?m_Unlink@Class_Microsoft_Singularity_Channels_ESet$_2$LMicrosoft_Singularity_Io_UnicodePipeContract_Imp_Microsoft_Singularity_Io_UnicodePipeContract_ACK$G_Node@@SIPAUStruct_Microsoft_Singularity_Io_UnicodePipeContract_Imp@@PAU1@PAUClass_Microsoft_Singularity_Channels_ESet$_2$LMicrosoft_Singularity_Io_UnicodePipeContract_Imp_Microsoft_Singularity_Io_UnicodePipeContract_ACK$G@@@Z 02019058 f   Shell.obj
 0001:0001816c       ?m_LinkAsNext@Class_Microsoft_Singularity_Channels_ESet$_2$LMicrosoft_Singularity_Io_UnicodePipeContract_Imp_Microsoft_Singularity_Io_UnicodePipeContract_ACK$G_Node@@SIXPAU1@PAUStruct_Microsoft_Singularity_Io_UnicodePipeContract_Imp@@PAUClass_Microsoft_Singularity_Channels_ESet$_2$LMicrosoft_Singularity_Io_UnicodePipeContract_Imp_Microsoft_Singularity_Io_UnicodePipeContract_ACK$G@@@Z 0201916c f   Shell.obj
 0001:000181e8       ?m_Init@Class_Microsoft_Singularity_Channels_ESet$_2$LMicrosoft_Singularity_Io_UnicodePipeContract_Imp_Microsoft_Singularity_Io_UnicodePipeContract_ACK$G_Node@@SIXPAU1@PAUStruct_Microsoft_Singularity_Io_UnicodePipeContract_Imp@@PAUClass_Microsoft_Singularity_Channels_ESet$_2$LMicrosoft_Singularity_Io_UnicodePipeContract_Imp_Microsoft_Singularity_Io_UnicodePipeContract_ACK$G@@@Z 020191e8 f   Shell.obj
 0001:00018218       ?m__ctor@Class_Microsoft_Singularity_Channels_ESet$_2$LMicrosoft_Singularity_Io_UnicodePipeContract_Imp_Microsoft_Singularity_Io_UnicodePipeContract_ACK$G_Node@@SIXPAU1@PAUStruct_Microsoft_Singularity_Io_UnicodePipeContract_Imp@@PAUClass_Microsoft_Singularity_Channels_ESet$_2$LMicrosoft_Singularity_Io_UnicodePipeContract_Imp_Microsoft_Singularity_Io_UnicodePipeContract_ACK$G@@@Z 02019218 f   Shell.obj
 0001:0001825c       ?m__ctor@Class_Microsoft_Singularity_Channels_ESet$_2$LMicrosoft_Singularity_Io_UnicodePipeContract_Imp_Microsoft_Singularity_Io_UnicodePipeContract_ACK$G_Node@@SIXPAU1@PAUClass_Microsoft_Singularity_Channels_ESet$_2$LMicrosoft_Singularity_Io_UnicodePipeContract_Imp_Microsoft_Singularity_Io_UnicodePipeContract_ACK$G@@@Z 0201925c f   Shell.obj
 0001:00018290       ?m_GetController@Class_Microsoft_Singularity_Eventing_GlobalStorage@@SIPAUClass_Microsoft_Singularity_Eventing_Controller@@PAU1@@Z 02019290 f   Shell.obj
 0001:000182c4       ?m_Finalize@Class_Microsoft_Singularity_Eventing_GlobalStorage@@SIXPAU1@@Z 020192c4 f   Shell.obj
 0001:00018308       ?m_Destroy@Class_Microsoft_Singularity_Eventing_GlobalStorage@@SIXPAU1@@Z 02019308 f   Shell.obj
 0001:0001833c       ?m_StructCopy@Struct_Microsoft_Singularity_Isal_IX_Gdte64@@SIXPAU1@0@Z 0201933c f   Shell.obj
 0001:000183bc       ?m_StructCopy@Struct_Microsoft_Singularity_Isal_IX_Gdte64@@SIXPAU1@PAU1@@Z 020193bc f   Shell.obj
 0001:0001853c       ?m_Equals@Struct_Microsoft_Singularity_Isal_IX_Gdte64@@SI_NPAU1@PAUClass_System_Object@@@Z 0201953c f   Shell.obj
[...]
 0003:000228b4       ?c_sThousand@Class_System_Globalization_CultureInfo@@2PAUClass_System_String@@A 021308b4     Shell.obj
 0003:000228b8       ?c_sMonthGenitiveName@Class_System_Globalization_CultureInfo@@2PAUClassVector_Class_System_String@@A 021308b8     Shell.obj
 0003:000228bc       ?c_sTime@Class_System_Globalization_CultureInfo@@2PAUClass_System_String@@A 021308bc     Shell.obj
 0003:000228c0       ?c_sLongDate@Class_System_Globalization_CultureInfo@@2PAUClassVector_Class_System_String@@A 021308c0     Shell.obj
 0003:000228c4       ?c_sPositiveSign@Class_System_Globalization_CultureInfo@@2PAUClass_System_String@@A 021308c4     Shell.obj
 0003:000228c8       ?c_sAbbrevMonthNames@Class_System_Globalization_CultureInfo@@2PAUClassVector_Class_System_String@@A 021308c8     Shell.obj
 0003:000228cc       ?c_sAbbrevMonthGenitiveName@Class_System_Globalization_CultureInfo@@2PAUClassVector_Class_System_String@@A 021308cc     Shell.obj
 0003:000228d0       ?c_iFirstWeekOfYear@Class_System_Globalization_CultureInfo@@2GA 021308d0     Shell.obj
 0003:000228d2       ?c_iLanguage@Class_System_Globalization_CultureInfo@@2GA 021308d2     Shell.obj
 0003:000228d4       ?c_NativeLangId@Class_System_Globalization_CultureInfo@@2GA 021308d4     Shell.obj
 0003:000228d6       ?c_iFirstDayOfWeek@Class_System_Globalization_CultureInfo@@2GA 021308d6     Shell.obj
 0003:000228d8       ?c_sAbbevADEra@Class_System_Globalization_CultureInfo@@2PAUClass_System_String@@A 021308d8     Shell.obj
 0003:000228dc       ?c_sShortDate@Class_System_Globalization_CultureInfo@@2PAUClassVector_Class_System_String@@A 021308dc     Shell.obj
 0003:000228e0       ?c_iPositivePercent@Class_System_Globalization_CultureInfo@@2GA 021308e0     Shell.obj
 0003:000228e4       ?c_sDecimal@Class_System_Globalization_CultureInfo@@2PAUClass_System_String@@A 021308e4     Shell.obj
 0003:000228e8       ?c_threadIndexGenerator@Class_System_Threading_Thread@@2HA 021308e8     Shell.obj
 0003:000228ec       ?c_initialThread@Class_System_Threading_Thread@@2PAU1@A 021308ec     Shell.obj
 0003:000228f0       ?c_totalArrayBytesAllocated@Class_System_Threading_Thread@@2_JA 021308f0     Shell.obj
 0003:000228f8       ?c_threadCount@Class_System_Threading_Thread@@2HA 021308f8     Shell.obj
 0003:000228fc       ?c_closing@Class_System_Threading_Thread@@2_NA 021308fc     Shell.obj
 0003:00022900       ?c_threadTableLock@Class_System_Threading_Thread@@2?AUStruct_System_Threading_SpinLock@@A 02130900     Shell.obj
 0003:00022908       ?c_m$_LocalDataStoreMgr@Class_System_Threading_Thread@@2PAUClass_System_LocalDataStoreMgr@@A 02130908     Shell.obj
 0003:00022908       ?c_maxThreads@Class_System_Threading_Thread@@2HA 02130908     Shell.obj
 0003:0002290c       ?c_localDataStore@Class_System_Threading_Thread@@2PAUClass_System_LocalDataStore@@A 0213090c     Shell.obj
 0003:00022910       ?c_totalArrayAllocations@Class_System_Threading_Thread@@2_JA 02130910     Shell.obj
 0003:00022918       ?c_totalStructBytesAllocated@Class_System_Threading_Thread@@2_JA 02130918     Shell.obj
 0003:00022920       ?c_notificationTable@Class_System_Threading_Thread@@2PAUClassVector_Class_System_Object@@A 02130920     Shell.obj
 0003:00022924       ?c_notificationTableObject@Class_System_Threading_Thread@@2PAUClass_System_Object@@A 02130924     Shell.obj
 0003:00022928       ?c_threadTable@Class_System_Threading_Thread@@2PAUClassVector_Class_System_Threading_Thread@@A 02130928     Shell.obj
 0003:00022930       ?c_totalBytes@Class_System_Threading_Thread@@2_JA 02130930     Shell.obj
 0003:00022938       ?c_IF@Struct_Microsoft_Singularity_Isal_IX_EFlagsShift@@2IA 02130938     Shell.obj
 0003:00022938       ?c_genericReferenceVisitor@Class_System_GCs_Verifier@@2PAUClass_System_GCs_Verifier_GenericReferenceVisitor@@A 02130938     Shell.obj
 0003:0002293c       ?c_genericStackVerifier@Class_System_GCs_Verifier@@2PAUClass_System_GCs_Verifier_GenericStackVerifier@@A 0213093c     Shell.obj
 0003:00022940       ?c_segregatedFreeListVerifier@Class_System_GCs_Verifier@@2PAU1@A 02130940     Shell.obj
 0003:00022944       ?c_genericThreadReferenceVisitor@Class_System_GCs_Verifier@@2PAUClass_System_GCs_Verifier_GenericThreadReferenceVisitor@@A 02130944     Shell.obj
 0003:00022948       ?c_genericObjectVisitor@Class_System_GCs_Verifier@@2PAUClass_System_GCs_Verifier_GenericObjectVisitor@@A 02130948     Shell.obj
 0003:0002294c       ?c_bumpAllocatorVerifier@Class_System_GCs_Verifier@@2PAU1@A 0213094c     Shell.obj
 0003:00022950       ?c_internedStringVector@Class_System_String@@2PAUClassVector_Class_System_String@@A 02130950     Shell.obj
 0003:00022954       ?c_HighCharTable@Class_System_String@@2PAUClassVector_bool@@A 02130954     Shell.obj
 0003:00022954       ?c_TrimHead@Class_System_String@@2HA 02130954     Shell.obj
 0003:00022954       ?c_TrimTail@Class_System_String@@2HA 02130954     Shell.obj
 0003:000229e4       ?c_TrimBoth@Class_System_String@@2HA 021309e4     Shell.obj
 0003:000229e4       ?c_internedStringHashCodes@Class_System_String@@2PAUClassVector_int32@@A 021309e4     Shell.obj
 0003:000229e8       ?c_internedStringBound@Class_System_String@@2HA 021309e8     Shell.obj
 0003:000229ec       ?c_Empty@Class_System_String@@2PAU1@A 021309ec     Shell.obj
 0003:000229f0       ?c_internedStringCount@Class_System_String@@2HA 021309f0     Shell.obj
 0003:000229f4       ?c_IsLittleEndian@Class_System_BitConverter@@2_NA 021309f4     Shell.obj
 0003:000229f8       ?c_$_empty@Class_System_Text_RegularExpressions_Match@@2PAU1@A 021309f8     Shell.obj
 0003:000229fc       ?c_headRef@Class_System_WeakReference@@2PAU1@A 021309fc     Shell.obj
 0003:00022a00       ?c_$_nullMessage@Class_System_ArgumentNullException@@2PAUClass_System_String@@A 02130a00     Shell.obj
 0003:00022a04       ?c_appName@Class_Microsoft_Singularity_AppRuntime@@2PAUClass_System_String@@A 02130a04     Shell.obj
 0003:00022a08       ?c_fInitializedRuntime@Class_System_GCs_Transitions@@2_NA 02130a08     Shell.obj
 0003:00022a08       ?c_DormantState@Class_System_GCs_Transitions@@2HA 02130a08     Shell.obj
 0003:00022a08       ?c_MutatorState@Class_System_GCs_Transitions@@2HA 02130a08     Shell.obj
 0003:00022a08       ?c_OtherMutatorState@Class_System_GCs_Transitions@@2HA 02130a08     Shell.obj
 0003:00022a0c       ?c_SR$$0@Class_Microsoft_Singularity_Io_PipeLookAhead@@2PAUClassVector_ClassVector_int32@@A 02130a0c     Shell.obj
 0003:00022a0c       ?c_OtherDormantState@Class_System_GCs_Transitions@@2HA 02130a0c     Shell.obj
 0003:00022a10       ?c_SR$$1@Class_Microsoft_Singularity_Io_PipeLookAhead@@2PAUClassVector_ClassVector_int32@@A 02130a10     Shell.obj
 0003:00022a14       ?c_limitPtr@Class_System_GCs_BootstrapMemory@@2IA 02130a14     Shell.obj
 0003:00022a18       ?c_allocPtr@Class_System_GCs_BootstrapMemory@@2IA 02130a18     Shell.obj
 0003:00022a1c       ?c_unicodeTableLevel3@Class_System_Globalization_CompareInfo@@2PAUClassVector_uint16@@A 02130a1c     Shell.obj
 0003:00022a1c       ?c_MaxValue@uint16@@2GA    02130a1c     Shell.obj
 0003:00022a1c       ?c_MinValue@uint16@@2GA    02130a1c     Shell.obj
 0003:0002406c       ?c_caseTableLevel2@Class_System_Globalization_CompareInfo@@2PAUClassVector_int16@@A 0213206c     Shell.obj
 0003:000243fc       ?c_diacriticTableLevel1@Class_System_Globalization_CompareInfo@@2PAUClassVector_int16@@A 021323fc     Shell.obj
 0003:0002460c       ?c_unicodeTableLevel1@Class_System_Globalization_CompareInfo@@2PAUClassVector_int16@@A 0213260c     Shell.obj
 0003:0002481c       ?c_caseTableLevel3@Class_System_Globalization_CompareInfo@@2PAUClassVector_uint8@@A 0213281c     Shell.obj
 0003:00024dec       ?c_diacriticTableLevel3@Class_System_Globalization_CompareInfo@@2PAUClassVector_uint8@@A 02132dec     Shell.obj
 0003:000255ec       ?c_unicodeTableLevel2@Class_System_Globalization_CompareInfo@@2PAUClassVector_int16@@A 021335ec     Shell.obj
 0003:0002599c       ?c_caseTableLevel1@Class_System_Globalization_CompareInfo@@2PAUClassVector_int16@@A 0213399c     Shell.obj
 0003:00025bac       ?c_diacriticTableLevel2@Class_System_Globalization_CompareInfo@@2PAUClassVector_int16@@A 02133bac     Shell.obj
 0003:00025f5c       ?c_Default@Class_System_Collections_Comparer@@2PAU1@A 02133f5c     Shell.obj
 0003:00025f5c       ?c_NT@Struct_Microsoft_Singularity_Isal_IX_EFlags@@2IA 02133f5c     Shell.obj
 0003:00025f5c       ?c_ZF@Struct_Microsoft_Singularity_Isal_IX_EFlags@@2IA 02133f5c     Shell.obj
 0003:00025f5c       ?c_VIF@Struct_Microsoft_Singularity_Isal_IX_EFlags@@2IA 02133f5c     Shell.obj
 0003:00025f5c       ?c_ID@Struct_Microsoft_Singularity_Isal_IX_EFlags@@2IA 02133f5c     Shell.obj
 0003:00025f5c       ?c_TF@Struct_Microsoft_Singularity_Isal_IX_EFlags@@2IA 02133f5c     Shell.obj
 0003:00025f5c       ?c_VIP@Struct_Microsoft_Singularity_Isal_IX_EFlags@@2IA 02133f5c     Shell.obj
 0003:00025f5c       ?c_OF@Struct_Microsoft_Singularity_Isal_IX_EFlags@@2IA 02133f5c     Shell.obj
 0003:00025f5c       ?c_DF@Struct_Microsoft_Singularity_Isal_IX_EFlags@@2IA 02133f5c     Shell.obj
 0003:00025f5c       ?c_PF@Struct_Microsoft_Singularity_Isal_IX_EFlags@@2IA 02133f5c     Shell.obj
 0003:00025f5c       ?c_VF@Struct_Microsoft_Singularity_Isal_IX_EFlags@@2IA 02133f5c     Shell.obj
 0003:00025f5c       ?c_VM@Struct_Microsoft_Singularity_Isal_IX_EFlags@@2IA 02133f5c     Shell.obj
 0003:00025f5c       ?c_AC@Struct_Microsoft_Singularity_Isal_IX_EFlags@@2IA 02133f5c     Shell.obj
 0003:00025f5c       ?c_RF@Struct_Microsoft_Singularity_Isal_IX_EFlags@@2IA 02133f5c     Shell.obj
 0003:00025f5c       ?c_CF@Struct_Microsoft_Singularity_Isal_IX_EFlags@@2IA 02133f5c     Shell.obj
 0003:00025f5c       ?c_AF@Struct_Microsoft_Singularity_Isal_IX_EFlags@@2IA 02133f5c     Shell.obj
 0003:00025f5c       ?c_IF@Struct_Microsoft_Singularity_Isal_IX_EFlags@@2IA 02133f5c     Shell.obj
 0003:00025f5c       ?c_IOPL@Struct_Microsoft_Singularity_Isal_IX_EFlags@@2IA 02133f5c     Shell.obj
 0003:00025f5c       ?c_SF@Struct_Microsoft_Singularity_Isal_IX_EFlags@@2IA 02133f5c     Shell.obj
 0003:00025f60       ?c_ENLISTMENT$_LOG$_CHUNK$_SIZE@Class_System_TryAllManager@@2HA 02133f60     Shell.obj
 0003:00025f64       ?c_REMOVE$_READ$_DUPLICATES$_AT$_GC@Class_System_TryAllManager@@2_NA 02133f64     Shell.obj
 0003:00025f68       ?c_staticDummyLogged@Class_System_TryAllManager@@2IA 02133f68     Shell.obj
 0003:00025f6c       ?c_fixup@Class_System_TryAllManager@@2HA 02133f6c     Shell.obj
 0003:00025f70       ?c_objForStaticEnlists@Class_System_TryAllManager@@2PAUClass_System_Object@@A 02133f70     Shell.obj
 0003:00025f74       ?c_HASHING@Class_System_TryAllManager@@2_NA 02133f74     Shell.obj
 0003:00025f75       ?c_ENABLE$_PROFILING@Class_System_TryAllManager@@2_NA 02133f75     Shell.obj
 0003:00025f78       ?c_HASH$_MASK@Class_System_TryAllManager@@2HA 02133f78     Shell.obj
 0003:00025f7c       ?c_UPDATE$_LOG$_CHUNK$_SIZE@Class_System_TryAllManager@@2HA 02133f7c     Shell.obj
 0003:00025f80       ?c_TRACK$_TRANSACTION$_LOCALS@Class_System_TryAllManager@@2_NA 02133f80     Shell.obj
 0003:00025f81       ?c_REMOVE$_READ$_AFTER$_UPDATE$_AT$_GC@Class_System_TryAllManager@@2_NA 02133f81     Shell.obj
 0003:00025f84       ?c_postGCHookDelegate@Class_System_TryAllManager@@2PAUClass_System_TryAllManager_GCHookMethod@@A 02133f84     Shell.obj
 0003:00025f88       ?c_DISABLE$_BEFORE$_WRITING$_LOG@Class_System_TryAllManager@@2_NA 02133f88     Shell.obj
 0003:00025f89       ?c_DISABLE$_BEFORE$_FILTERING@Class_System_TryAllManager@@2_NA 02133f89     Shell.obj
 0003:00025f8a       ?c_DISABLE$_ON$_METHOD$_ENTRY@Class_System_TryAllManager@@2_NA 02133f8a     Shell.obj
 0003:00025f8b       ?c_DISABLE$_HOUSEKEEPING@Class_System_TryAllManager@@2_NA 02133f8b     Shell.obj
 0003:00025f8c       ?c_EXTERNAL$_BITMAP@Class_System_TryAllManager@@2_NA 02133f8c     Shell.obj
 0003:00025f90       ?c_preGCHookDelegate@Class_System_TryAllManager@@2PAUClass_System_TryAllManager_GCHookMethod@@A 02133f90     Shell.obj
 0003:00025f94       ?c_visitStrongRefsDelegate@Class_System_TryAllManager@@2PAUClass_System_TryAllManager_VisitMethod@@A 02133f94     Shell.obj
 0003:00025f98       ?c_visitWeakRefsDelegate@Class_System_TryAllManager@@2PAUClass_System_TryAllManager_VisitMethod@@A 02133f98     Shell.obj
 0003:00025f9c       ?c_REMOVE$_READ$_AFTER$_UPDATE$_AT$_ENLISTMENT@Class_System_TryAllManager@@2_NA 02133f9c     Shell.obj
 0003:00025fa0       ?c_batchesAvailable@Class_System_TryAllManager@@2HA 02133fa0     Shell.obj
 0003:00025fa4       ?c_DISABLE$_AFTER$_FILTERING@Class_System_TryAllManager@@2_NA 02133fa4     Shell.obj
 0003:00025fa5       ?c_HASHING$_FOR$_READS@Class_System_TryAllManager@@2_NA 02133fa5     Shell.obj
 0003:00025fa8       ?c_daplock@Class_System_TryAllManager@@2HA 02133fa8     Shell.obj
 0003:00025fac       ?c_BITMAP@Class_System_TryAllManager@@2_NA 02133fac     Shell.obj
 0003:00025fb0       ?c_TypeStorageHandle@Class_Microsoft_Singularity_GCProfilerLogger@@2IA 02133fb0     Shell.obj
 0003:00025fb4       ?c_CurrentProfiler@Class_Microsoft_Singularity_GCProfilerLogger@@2PAU1@A 02133fb4     Shell.obj
 0003:00025fb8       ?c_StorageHandle@Class_Microsoft_Singularity_GCProfilerLogger@@2IA 02133fb8     Shell.obj
 0003:00025fbc       ?c_hexValues@Class_System_Reflection_Assembly@@2PAUClassVector_bartok_char@@A 02133fbc     Shell.obj
 0003:00025fec       ?c_staticPtrs@Class_System_GCs_MemoryAccounting@@2PAUNull@@A 02133fec     Shell.obj
 0003:00025ff0       ?c_runtimeTypeMapper@Class_System_GCs_MemoryAccounting@@2PAUNull@@A 02133ff0     Shell.obj
 0003:00025ff4       ?c_forGCRuntimeTypeReckoner@Class_System_GCs_MemoryAccounting@@2PAUNull@@A 02133ff4     Shell.obj
 0003:00025ff8       ?c_totalSize@Class_System_GCs_MemoryAccounting@@2IA 02133ff8     Shell.obj
 0003:00025ffc       ?c_initialized@Class_System_GCs_MemoryAccounting@@2_NA 02133ffc     Shell.obj
 0003:00026000       ?c_forGCInstanceReckoner@Class_System_GCs_MemoryAccounting@@2PAUNull@@A 02134000     Shell.obj
 0003:00026004       ?c_instanceReckoner@Class_System_GCs_MemoryAccounting@@2PAUNull@@A 02134004     Shell.obj
 0003:00026008       ?c_traceablePinnedPtrs@Class_System_GCs_MemoryAccounting@@2PAUNull@@A 02134008     Shell.obj
 0003:0002600c       ?c_table@Class_System_GCs_MemoryAccounting@@2PAUNull@@A 0213400c     Shell.obj
 0003:00026010       ?c_runtimeTypeReckoner@Class_System_GCs_MemoryAccounting@@2PAUNull@@A 02134010     Shell.obj
 0003:00026014       ?c_forGCAssertRTypeHeaders@Class_System_GCs_MemoryAccounting@@2PAUNull@@A 02134014     Shell.obj
 0003:00026018       ?c_traceablePtrs@Class_System_GCs_MemoryAccounting@@2PAUNull@@A 02134018     Shell.obj
 0003:0002601c       ?c_forGCRuntimeTypeMapper@Class_System_GCs_MemoryAccounting@@2PAUNull@@A 0213401c     Shell.obj
 0003:00026020       ?c_CandidateTable@Struct_System_Finalizer@@2PAUClassVector_ClassVector_uintPtr@@A 02134020     Shell.obj
 0003:00026024       ?c_lastCandidateIndex@Struct_System_Finalizer@@2HA 02134024     Shell.obj
 0003:00026028       ?c_WaitForPendingShouldReturn@Struct_System_Finalizer@@2PAUClass_System_Threading_ManualResetEvent@@A 02134028     Shell.obj
 0003:0002602c       ?c_spinLock@Struct_System_Finalizer@@2?AUStruct_System_Threading_SpinLock@@A 0213402c     Shell.obj
 0003:00026034       ?c_finalizerThread@Struct_System_Finalizer@@2PAUClass_System_Threading_Thread@@A 02134034     Shell.obj
 0003:00026038       ?c_WaitingToRun@Struct_System_Finalizer@@2HA 02134038     Shell.obj
 0003:0002603c       ?c_CandidateTableShadow@Struct_System_Finalizer@@2PAUClassVector_ClassVector_uintPtr@@A 0213403c     Shell.obj
 0003:00026040       ?c_freeCandidateLink@Struct_System_Finalizer@@2HA 02134040     Shell.obj
 0003:00026044       ?c_LastTableRun@Struct_System_Finalizer@@2HA 02134044     Shell.obj
 0003:00026048       ?c_WorkExistsForFinalizerThread@Struct_System_Finalizer@@2PAUClass_System_Threading_AutoResetEvent@@A 02134048     Shell.obj
 0003:0002604c       ?c_LastEntryRun@Struct_System_Finalizer@@2HA 0213404c     Shell.obj
 0003:00026050       ?c_RunFinalizerTable@Struct_System_Finalizer@@2PAUClassVector_ClassVector_uintPtr@@A 02134050     Shell.obj
 0003:00026054       ?c_RunFinalizerTableShadow@Struct_System_Finalizer@@2PAUClassVector_ClassVector_uintPtr@@A 02134054     Shell.obj
 0003:00026058       ?c_madeRunnable@Struct_System_Finalizer@@2_NA 02134058     Shell.obj
 0003:00026059       ?c_running@Struct_System_Finalizer@@2_NA 02134059     Shell.obj
 0003:0002605c       ?c_internedStringConstants@Class_System_String@@2PAUClassVector_Class_System_String@@A 0213405c     Shell.obj
 0003:0004b694       c_dataSectionEnd@Class_System_GCs_StaticData 02159694     Shell.obj
 0003:0004b6a0       __fltused                  021596a0     native.Full:Number.obj
 0003:0004bd50       ?SourceController@@3U_SOURCE_CONTROLLER@@A 02159d50     native.Full:EventController.obj
 0003:0004bd6c       ?TracingStorageHandle@@3PAUuintPtr@@A 02159d6c     native.Full:Tracing.obj
 0003:0004bd70       ?TracingSource@@3PAU_SOURCE_DESCRIPTOR@@A 02159d70     native.Full:Tracing.obj
 0003:0004bd74       ?TracingTypeHandle@@3PAUuintPtr@@A 02159d74     native.Full:Tracing.obj
 0003:0004bd78       ?KdDebuggerNotPresent@@3HA 02159d78     native.Full:ProcessEntry.obj
 0003:0004bd7c       ?Handle_GC_TYPE@@3PAUuintPtr@@A 02159d7c     native.Full:EventDescriptor.obj
 0003:0004bd80       ?Handle_MEMORY_HEADER@@3PAUuintPtr@@A 02159d80     native.Full:EventDescriptor.obj
 0003:0004bd84       ?Handle_GC_FUNCTION@@3PAUuintPtr@@A 02159d84     native.Full:EventDescriptor.obj
 0003:0004bd88       ?Handle_GC_STACK@@3PAUuintPtr@@A 02159d88     native.Full:EventDescriptor.obj
 0003:0004bd8c       ?Handle_GC_OBJECT@@3PAUuintPtr@@A 02159d8c     native.Full:EventDescriptor.obj
 0003:0004bd90       ?Handle_LOG_EXCEPTION@@3PAUuintPtr@@A 02159d90     native.Full:EventDescriptor.obj
 0003:0004bd94       ?Handle_GC_ALLOCATION@@3PAUuintPtr@@A 02159d94     native.Full:EventDescriptor.obj
 0003:0004bd98       ?Handle_GC_GENERATIONS@@3PAUuintPtr@@A 02159d98     native.Full:EventDescriptor.obj
 0003:0004bd9c       ?Handle_LOG_SEVERITY@@3PAUuintPtr@@A 02159d9c     native.Full:EventDescriptor.obj
 0003:0004bda0       ?Handle_MONITORING_ENTRY@@3PAUuintPtr@@A 02159da0     native.Full:EventDescriptor.obj
 0003:0004bda4       ?Handle_GC_ROOTS@@3PAUuintPtr@@A 02159da4     native.Full:EventDescriptor.obj
 0003:0004bda8       ?Handle_LEGACY_LOG_ENTRY@@3PAUuintPtr@@A 02159da8     native.Full:EventDescriptor.obj
 0003:0004bdac       ?Handle_GC_INTERVAL@@3PAUuintPtr@@A 02159dac     native.Full:EventDescriptor.obj
 0003:0004bdb4       ?MonitoringStorageHandle@@3PAUuintPtr@@A 02159db4     native.Full:Monitoring.obj
 0003:0004bdb8       ?MonitoringSource@@3PAU_SOURCE_DESCRIPTOR@@A 02159db8     native.Full:Monitoring.obj
 0003:0004bdbc       ?MonitoringTypeHandle@@3PAUuintPtr@@A 02159dbc     native.Full:Monitoring.obj
 0004:00000000       ___xc_a                    0215a000     native.Full:CInit.obj
 0004:00000004       ___xc_z                    0215a004     native.Full:CInit.obj
 0004:00000008       ___xi_a                    0215a008     native.Full:CInit.obj
 0004:0000000c       ___xi_z                    0215a00c     native.Full:CInit.obj
 0004:00000010       ___xp_a                    0215a010     native.Full:CInit.obj
 0004:00000014       ___xp_z                    0215a014     native.Full:CInit.obj
 0004:00000018       ___xt_a                    0215a018     native.Full:CInit.obj
 0004:0000001c       ___xt_z                    0215a01c     native.Full:CInit.obj

 entry point at        0000:00000000

 Static symbols

 0001:000e04f0       ?dtold12@@YIXPAU_LDBL12@@PBN@Z 020e14f0 f   native.Full:Number.obj
 0001:000e05c0       ?ld12mul@@YIXPAU_LDBL12@@0@Z 020e15c0 f   native.Full:Number.obj
 0001:000e0880       ?multtenpow12@@YIXPAU_LDBL12@@H@Z 020e1880 f   native.Full:Number.obj
 0001:000e1f40       ?LookupTable@@YIIIPAPAUExceptionTableEntry@@0@Z 020e2f40 f   native.Full:halexn.obj
