 sms

 Timestamp is 62167188 (Wed Feb 23 18:40:24 2022)

 Preferred load address is 02000000

 Start         Length     Name                   Class
 0001:00000000 000c1dbaH .text                   CODE
 0002:00000000 00000164H .idata$5                DATA
 0002:00000170 00022089H .rdata                  DATA
 0002:000221fc 00000014H .idata$2                DATA
 0002:00022210 00000014H .idata$3                DATA
 0002:00022224 00000164H .idata$4                DATA
 0002:00022388 00002442H .idata$6                DATA
 0002:000247ca 00000000H .edata                  DATA
 0002:000247cc 00000078H .rdata$debug            DATA
 0003:00000000 0004f3b0H .data                   DATA
 0003:0004f3b0 00000070H .bss                    DATA
 0004:00000000 00000004H .CRT$XCA                DATA
 0004:00000004 00000004H .CRT$XCZ                DATA
 0004:00000008 00000004H .CRT$XIA                DATA
 0004:0000000c 00000004H .CRT$XIZ                DATA
 0004:00000010 00000004H .CRT$XPA                DATA
 0004:00000014 00000004H .CRT$XPZ                DATA
 0004:00000018 00000004H .CRT$XTA                DATA
 0004:0000001c 00000004H .CRT$XTZ                DATA

  Address         Publics by Value              Rva+Base       Lib:Object

 0000:00000000       ___safe_se_handler_table   00000000     <absolute>
 0000:00000000       ___safe_se_handler_count   00000000     <absolute>
 0001:00000000       C:\Users\cc\source\repos\Singularity-OS\base.obj\AppNativeObj\Debug.x86.MarkSweep\sms_CodeBase 02001000     sms.obj
 0001:00000000       ?m_StructCopy@Struct_Microsoft_Singularity_Directory_DirectoryServiceContract_NakQueryACL@@SIXPAU1@0@Z 02001000 f   sms.obj
 0001:00000028       ?m_StructCopy@Struct_Microsoft_Singularity_Directory_DirectoryServiceContract_NakQueryACL@@SIXPAU1@PAU1@@Z 02001028 f   sms.obj
 0001:000000a0       ?m_MarshallContent@Struct_Microsoft_Singularity_Directory_DirectoryServiceContract_NakQueryACL@@SIXPAU1@PAEPAUStruct_Microsoft_Singularity_Channels_Endpoint@@1PAH@Z 020010a0 f   sms.obj
 0001:000000c0       ?m_MarshallAll@Struct_Microsoft_Singularity_Directory_DirectoryServiceContract_NakQueryACL@@SIXPAU1@PAEPAUStruct_Microsoft_Singularity_Channels_Endpoint@@PAH@Z 020010c0 f   sms.obj
 0001:00000118       ?m_Equals@Struct_Microsoft_Singularity_Directory_DirectoryServiceContract_NakQueryACL@@SI_NPAU1@PAUClass_System_Object@@@Z 02001118 f   sms.obj
 0001:000001b8       ?m_Equals@Struct_Microsoft_Singularity_Directory_DirectoryServiceContract_NakQueryACL@@SI_NPAUClass_Microsoft_Singularity_Directory_DirectoryServiceContract_NakQueryACL@@PAUClass_System_Object@@@Z 020011b8 f   sms.obj
 0001:000001e4       ?m_StructCopy@Struct_Microsoft_Singularity_ServiceManager_ServiceManagerContract_StopWatchingService@@SIXPAU1@0@Z 020011e4 f   sms.obj
 0001:00000200       ?m_StructCopy@Struct_Microsoft_Singularity_ServiceManager_ServiceManagerContract_StopWatchingService@@SIXPAU1@PAU1@@Z 02001200 f   sms.obj
 0001:00000254       ?m_Equals@Struct_Microsoft_Singularity_ServiceManager_ServiceManagerContract_StopWatchingService@@SI_NPAU1@PAUClass_System_Object@@@Z 02001254 f   sms.obj
 0001:0000028c       ?m_Equals@Struct_Microsoft_Singularity_ServiceManager_ServiceManagerContract_StopWatchingService@@SI_NPAUClass_Microsoft_Singularity_ServiceManager_ServiceManagerContract_StopWatchingService@@PAUClass_System_Object@@@Z 0200128c f   sms.obj
 0001:000002b8       ?m_StructCopy@Struct_Microsoft_Singularity_Directory_DirectoryServiceContract_AckDeleteLink@@SIXPAU1@0@Z 020012b8 f   sms.obj
 0001:000002d4       ?m_StructCopy@Struct_Microsoft_Singularity_Directory_DirectoryServiceContract_AckDeleteLink@@SIXPAU1@PAU1@@Z 020012d4 f   sms.obj
 0001:00000328       ?m_Equals@Struct_Microsoft_Singularity_Directory_DirectoryServiceContract_AckDeleteLink@@SI_NPAU1@PAUClass_System_Object@@@Z 02001328 f   sms.obj
 0001:00000360       ?m_Equals@Struct_Microsoft_Singularity_Directory_DirectoryServiceContract_AckDeleteLink@@SI_NPAUClass_Microsoft_Singularity_Directory_DirectoryServiceContract_AckDeleteLink@@PAUClass_System_Object@@@Z 02001360 f   sms.obj
 0001:0000038c       ?m__ctor@Class_System_LocalDataStoreMgr@@SIXPAU1@@Z 0200138c f   sms.obj
 0001:0000041c       ?m_StructCopy@Struct_Microsoft_Singularity_Directory_FileAttributesRecord@@SIXPAU1@0@Z 0200141c f   sms.obj
 0001:000004a4       ?m_StructCopy@Struct_Microsoft_Singularity_Directory_FileAttributesRecord@@SIXPAU1@PAU1@@Z 020014a4 f   sms.obj
 0001:0000063c       ?m_Equals@Struct_Microsoft_Singularity_Directory_FileAttributesRecord@@SI_NPAU1@PAUClass_System_Object@@@Z 0200163c f   sms.obj
 0001:00000784       ?m_Equals@Struct_Microsoft_Singularity_Directory_FileAttributesRecord@@SI_NPAUClass_Microsoft_Singularity_Directory_FileAttributesRecord@@PAUClass_System_Object@@@Z 02001784 f   sms.obj
 0001:000007b0       ?m_StructCopy@Struct_Microsoft_Singularity_Directory_DirectoryServiceContract_AckDeleteFile@@SIXPAU1@0@Z 020017b0 f   sms.obj
 0001:000007cc       ?m_StructCopy@Struct_Microsoft_Singularity_Directory_DirectoryServiceContract_AckDeleteFile@@SIXPAU1@PAU1@@Z 020017cc f   sms.obj
 0001:00000820       ?m_Equals@Struct_Microsoft_Singularity_Directory_DirectoryServiceContract_AckDeleteFile@@SI_NPAU1@PAUClass_System_Object@@@Z 02001820 f   sms.obj
 0001:00000858       ?m_Equals@Struct_Microsoft_Singularity_Directory_DirectoryServiceContract_AckDeleteFile@@SI_NPAUClass_Microsoft_Singularity_Directory_DirectoryServiceContract_AckDeleteFile@@PAUClass_System_Object@@@Z 02001858 f   sms.obj
 0001:00000884       ?m_MoveNext@Class_System_Collections_Hashtable_HashtableEnumerator@@SI_NPAU1@@Z 02001884 f   sms.obj
 0001:00000954       ?m_get$_Current@Class_System_Collections_Hashtable_HashtableEnumerator@@SIPAUClass_System_Object@@PAU1@@Z 02001954 f   sms.obj
 0001:00000a1c       ?m__ctor@Class_System_Collections_Hashtable_HashtableEnumerator@@SIXPAU1@PAUClass_System_Collections_Hashtable@@H@Z 02001a1c f   sms.obj
 0001:00000a70       ?m_StructCopy@Struct_Microsoft_Singularity_Directory_DirectoryServiceContract_NakNotifyReparse@@SIXPAU1@0@Z 02001a70 f   sms.obj
 0001:00000abc       ?m_StructCopy@Struct_Microsoft_Singularity_Directory_DirectoryServiceContract_NakNotifyReparse@@SIXPAU1@PAU1@@Z 02001abc f   sms.obj
 0001:00000ba0       ?m_Equals@Struct_Microsoft_Singularity_Directory_DirectoryServiceContract_NakNotifyReparse@@SI_NPAU1@PAUClass_System_Object@@@Z 02001ba0 f   sms.obj
 0001:00000c18       ?m_Equals@Struct_Microsoft_Singularity_Directory_DirectoryServiceContract_NakNotifyReparse@@SI_NPAUClass_Microsoft_Singularity_Directory_DirectoryServiceContract_NakNotifyReparse@@PAUClass_System_Object@@@Z 02001c18 f   sms.obj
 0001:00000c44       ?m_StructCopy@Struct_Microsoft_Singularity_Directory_DirectoryServiceContract_CreateAndBindFile@@SIXPAU1@0@Z 02001c44 f   sms.obj
 0001:00000c78       ?m_StructCopy@Struct_Microsoft_Singularity_Directory_DirectoryServiceContract_CreateAndBindFile@@SIXPAU1@PAU1@@Z 02001c78 f   sms.obj
 0001:00000d14       ?m_Equals@Struct_Microsoft_Singularity_Directory_DirectoryServiceContract_CreateAndBindFile@@SI_NPAU1@PAUClass_System_Object@@@Z 02001d14 f   sms.obj
 0001:00000d70       ?m_Equals@Struct_Microsoft_Singularity_Directory_DirectoryServiceContract_CreateAndBindFile@@SI_NPAUClass_Microsoft_Singularity_Directory_DirectoryServiceContract_CreateAndBindFile@@PAUClass_System_Object@@@Z 02001d70 f   sms.obj
 0001:00000d9c       ?g_WriterIsValid@Class_System_UpdateLog@@SI_NUStruct_System_UpdateLogWriter@@@Z 02001d9c f   sms.obj
 0001:00000dbc       ?m_VisitWeakRefs@Class_System_UpdateLog@@SIXPAU1@PAUClass_System_TryAllManager@@PAUClass_System_GCs_DirectReferenceVisitor@@@Z 02001dbc f   sms.obj
 0001:00001278       ?m_VisitStrongRefs@Class_System_UpdateLog@@SIXPAU1@PAUClass_System_TryAllManager@@PAUClass_System_GCs_DirectReferenceVisitor@@@Z 02002278 f   sms.obj
 0001:0000149c       ?g_SyncFromWriter@Class_System_UpdateLog@@SIXPAUClass_System_TryAllManager@@@Z 0200249c f   sms.obj
 0001:00001520       ?g_InitWriter@Class_System_UpdateLog@@SIXPAUClass_System_TryAllManager@@@Z 02002520 f   sms.obj
 0001:0000159c       ?m_get$_CurrentLocation@Class_System_UpdateLog@@SI?AUStruct_System_UpdateLog_Location@@PAU1@@Z 0200259c f   sms.obj
 0001:00001630       ?m_AddrToIndex@Class_System_UpdateLog@@SIIPAU1@PAUStruct_System_UpdateLog_Entry@@@Z 02002630 f   sms.obj
 0001:000016c0       ?m_AddrOfEntry@Class_System_UpdateLog@@SIPAUStruct_System_UpdateLog_Entry@@PAU1@H@Z 020026c0 f   sms.obj
 0001:00001760       ?m__ctor@Class_System_UpdateLog@@SIXPAU1@@Z 02002760 f   sms.obj
 0001:000017c4       ?m_StructCopy@Struct_Microsoft_Singularity_Directory_ServiceProviderContract_NackConnect@@SIXPAU1@0@Z 020027c4 f   sms.obj
 0001:000017ec       ?m_StructCopy@Struct_Microsoft_Singularity_Directory_ServiceProviderContract_NackConnect@@SIXPAU1@PAU1@@Z 020027ec f   sms.obj
 0001:00001864       ?m_MarshallContent@Struct_Microsoft_Singularity_Directory_ServiceProviderContract_NackConnect@@SIXPAU1@PAEPAUStruct_Microsoft_Singularity_Channels_Endpoint@@1PAH@Z 02002864 f   sms.obj
 0001:000018e8       ?m_MarshallAll@Struct_Microsoft_Singularity_Directory_ServiceProviderContract_NackConnect@@SIXPAU1@PAEPAUStruct_Microsoft_Singularity_Channels_Endpoint@@PAH@Z 020028e8 f   sms.obj
 0001:00001940       ?m_Equals@Struct_Microsoft_Singularity_Directory_ServiceProviderContract_NackConnect@@SI_NPAU1@PAUClass_System_Object@@@Z 02002940 f   sms.obj
 0001:00001988       ?m_Equals@Struct_Microsoft_Singularity_Directory_ServiceProviderContract_NackConnect@@SI_NPAUClass_Microsoft_Singularity_Directory_ServiceProviderContract_NackConnect@@PAUClass_System_Object@@@Z 02002988 f   sms.obj
 0001:000019b4       ?g_WaitForPending@Struct_System_Finalizer@@SIXXZ 020029b4 f   sms.obj
 0001:000019e4       ?g_VisitBootstrapData@Struct_System_Finalizer@@SIXPAUClass_System_GCs_DirectReferenceVisitor@@@Z 020029e4 f   sms.obj
 0001:00001a4c       ?g_VisitAllRunFinalizer@Struct_System_Finalizer@@SIXPAUClass_System_GCs_DirectReferenceVisitor@@_N1@Z 02002a4c f   sms.obj
 0001:00001bc4       ?g_ThreadLoop@Struct_System_Finalizer@@SIXXZ 02002bc4 f   sms.obj
 0001:00001c60       ?g_SuppressCandidate@Struct_System_Finalizer@@SIXPAUClass_System_Object@@@Z 02002c60 f   sms.obj
 0001:00001e3c       ?m_StructCopy@Struct_System_Finalizer@@SIXPAU1@0@Z 02002e3c f   sms.obj
 0001:00001e58       ?m_StructCopy@Struct_System_Finalizer@@SIXPAU1@PAU1@@Z 02002e58 f   sms.obj
 0001:00001eac       ?g_StartFinalizerThread@Struct_System_Finalizer@@SIXXZ 02002eac f   sms.obj
 0001:00001f8c       ?g_Shutdown@Struct_System_Finalizer@@SIXXZ 02002f8c f   sms.obj
 0001:00002100       ?g_ResurrectCandidates@Struct_System_Finalizer@@SIXPAUClass_System_GCs_DirectReferenceVisitor@@0_N@Z 02003100 f   sms.obj
 0001:000026a0       ?g_ReleaseCollectFinalizers@Struct_System_Finalizer@@SIXXZ 020036a0 f   sms.obj
 0001:000026e8       ?g_RegisterCandidate@Struct_System_Finalizer@@SIXPAUClass_System_Object@@@Z 020036e8 f   sms.obj
 0001:00002aac       ?g_PrepareCollectFinalizers@Struct_System_Finalizer@@SIXXZ 02003aac f   sms.obj
 0001:00002b98       ?g_LinkToIndex@Struct_System_Finalizer@@SIHH@Z 02003b98 f   sms.obj
 0001:00002bc8       ?g_IsLink@Struct_System_Finalizer@@SI_NH@Z 02003bc8 f   sms.obj
 0001:00002bf0       ?g_IndexToLink@Struct_System_Finalizer@@SIHH@Z 02003bf0 f   sms.obj
 0001:00002c14       ?g_GetObjectFromRun@Struct_System_Finalizer@@SIPAUClass_System_Object@@XZ 02003c14 f   sms.obj
 0001:00002db0       ?m_Equals@Struct_System_Finalizer@@SI_NPAU1@PAUClass_System_Object@@@Z 02003db0 f   sms.obj
 0001:00002de8       ?m_Equals@Struct_System_Finalizer@@SI_NPAUClass_System_Finalizer@@PAUClass_System_Object@@@Z 02003de8 f   sms.obj
 0001:00002e14       ?g_CompactTables@Struct_System_Finalizer@@SIXXZ 02003e14 f   sms.obj
 0001:00002e28       ?g__cctor@Struct_System_Finalizer@@SIXXZ 02003e28 f   sms.obj
 0001:00002fbc       ?m_StructCopy@Struct_Microsoft_Singularity_ServiceManager_ServiceManagerContract_UnselectService@@SIXPAU1@0@Z 02003fbc f   sms.obj
 0001:00002fd8       ?m_StructCopy@Struct_Microsoft_Singularity_ServiceManager_ServiceManagerContract_UnselectService@@SIXPAU1@PAU1@@Z 02003fd8 f   sms.obj
 0001:0000302c       ?m_Equals@Struct_Microsoft_Singularity_ServiceManager_ServiceManagerContract_UnselectService@@SI_NPAU1@PAUClass_System_Object@@@Z 0200402c f   sms.obj
 0001:00003064       ?m_Equals@Struct_Microsoft_Singularity_ServiceManager_ServiceManagerContract_UnselectService@@SI_NPAUClass_Microsoft_Singularity_ServiceManager_ServiceManagerContract_UnselectService@@PAUClass_System_Object@@@Z 02004064 f   sms.obj
 0001:00003090       ?m_MoveNext@Class_System_Array_ArrayEnumerator@@SI_NPAU1@@Z 02004090 f   sms.obj
 0001:000030e8       ?m_IncArray@Class_System_Array_ArrayEnumerator@@SIXPAU1@@Z 020040e8 f   sms.obj
 0001:00003228       ?m_get$_Current@Class_System_Array_ArrayEnumerator@@SIPAUClass_System_Object@@PAU1@@Z 02004228 f   sms.obj
 0001:000032b8       ?m__ctor@Class_System_Array_ArrayEnumerator@@SIXPAU1@PAUClass_System_Array@@HH@Z 020042b8 f   sms.obj
 0001:000033d4       ?m_StructCopy@Struct_Microsoft_Singularity_Directory_DirectoryServiceContract_AckDeregister@@SIXPAU1@0@Z 020043d4 f   sms.obj
 0001:000033fc       ?m_StructCopy@Struct_Microsoft_Singularity_Directory_DirectoryServiceContract_AckDeregister@@SIXPAU1@PAU1@@Z 020043fc f   sms.obj
 0001:00003474       ?m_Equals@Struct_Microsoft_Singularity_Directory_DirectoryServiceContract_AckDeregister@@SI_NPAU1@PAUClass_System_Object@@@Z 02004474 f   sms.obj
 0001:000034bc       ?m_Equals@Struct_Microsoft_Singularity_Directory_DirectoryServiceContract_AckDeregister@@SI_NPAUClass_Microsoft_Singularity_Directory_DirectoryServiceContract_AckDeregister@@PAUClass_System_Object@@@Z 020044bc f   sms.obj
 0001:000034e8       ?m__ctor@Class_System_Reflection_Assembly@@SIXPAU1@@Z 020044e8 f   sms.obj
 0001:00003504       ?g__cctor@Class_System_Reflection_Assembly@@SIXXZ 02004504 f   sms.obj
 0001:00003518       ?m_Microsoft_SingSharp_ITracked_Release@Class_Microsoft_Singularity_Channels_EMap$_3$LMicrosoft_Singularity_Directory_DirectoryServiceContract_Exp_Microsoft_Singularity_Directory_DirectoryServiceContract_Ready_optional_Microsoft_Contracts_NonNullType__Microsoft_Singularity_Services_ServiceManager_DirectoryClientInfo$G@@SIXPAU1@@Z 02004518 f   sms.obj
 0001:00003574       ?m_Microsoft_SingSharp_ITracked_Acquire@Class_Microsoft_Singularity_Channels_EMap$_3$LMicrosoft_Singularity_Directory_DirectoryServiceContract_Exp_Microsoft_Singularity_Directory_DirectoryServiceContract_Ready_optional_Microsoft_Contracts_NonNullType__Microsoft_Singularity_Services_ServiceManager_DirectoryClientInfo$G@@SIXPAU1@@Z 02004574 f   sms.obj
 0001:000035d0       ?m_HeadMatches@Class_Microsoft_Singularity_Channels_EMap$_3$LMicrosoft_Singularity_Directory_DirectoryServiceContract_Exp_Microsoft_Singularity_Directory_DirectoryServiceContract_Ready_optional_Microsoft_Contracts_NonNullType__Microsoft_Singularity_Services_ServiceManager_DirectoryClientInfo$G@@SI_NPAU1@HPA_NPAPAUClass_System_Object@@@Z 020045d0 f   sms.obj
 0001:00003748       ?m_GetWaitHandle@Class_Microsoft_Singularity_Channels_EMap$_3$LMicrosoft_Singularity_Directory_DirectoryServiceContract_Exp_Microsoft_Singularity_Directory_DirectoryServiceContract_Ready_optional_Microsoft_Contracts_NonNullType__Microsoft_Singularity_Services_ServiceManager_DirectoryClientInfo$G@@SI?AUStruct_Microsoft_Singularity_V1_Threads_SyncHandle@@PAU1@@Z 02004748 f   sms.obj
 0001:000037b4       ?m_GetFreshNode@Class_Microsoft_Singularity_Channels_EMap$_3$LMicrosoft_Singularity_Directory_DirectoryServiceContract_Exp_Microsoft_Singularity_Directory_DirectoryServiceContract_Ready_optional_Microsoft_Contracts_NonNullType__Microsoft_Singularity_Services_ServiceManager_DirectoryClientInfo$G@@SIPAUClass_Microsoft_Singularity_Channels_EMap$_3$LMicrosoft_Singularity_Directory_DirectoryServiceContract_Exp_Microsoft_Singularity_Directory_DirectoryServiceContract_Ready_optional_Microsoft_Contracts_NonNullType__Microsoft_Singularity_Services_ServiceManager_DirectoryClientInfo$G_Node@@PAU1@PAUStruct_Microsoft_Singularity_Directory_DirectoryServiceContract_Exp@@PAUClass_Microsoft_Singularity_Services_ServiceManager_DirectoryClientInfo@@0@Z 020047b4 f   sms.obj
 0001:0000385c       ?m_get$_NextScanStart@Class_Microsoft_Singularity_Channels_EMap$_3$LMicrosoft_Singularity_Directory_DirectoryServiceContract_Exp_Microsoft_Singularity_Directory_DirectoryServiceContract_Ready_optional_Microsoft_Contracts_NonNullType__Microsoft_Singularity_Services_ServiceManager_DirectoryClientInfo$G@@SIPAUClass_Microsoft_Singularity_Channels_EMap$_3$LMicrosoft_Singularity_Directory_DirectoryServiceContract_Exp_Microsoft_Singularity_Directory_DirectoryServiceContract_Ready_optional_Microsoft_Contracts_NonNullType__Microsoft_Singularity_Services_ServiceManager_DirectoryClientInfo$G_Node@@PAU1@@Z 0200485c f   sms.obj
 0001:000038c4       ?m_Extract@Class_Microsoft_Singularity_Channels_EMap$_3$LMicrosoft_Singularity_Directory_DirectoryServiceContract_Exp_Microsoft_Singularity_Directory_DirectoryServiceContract_Ready_optional_Microsoft_Contracts_NonNullType__Microsoft_Singularity_Services_ServiceManager_DirectoryClientInfo$G@@SIPAUStruct_Microsoft_Singularity_Directory_DirectoryServiceContract_Exp@@PAU1@PAUClass_System_Object@@PAPAUClass_Microsoft_Singularity_Services_ServiceManager_DirectoryClientInfo@@@Z 020048c4 f   sms.obj
 0001:00003984       ?m_Dispose@Class_Microsoft_Singularity_Channels_EMap$_3$LMicrosoft_Singularity_Directory_DirectoryServiceContract_Exp_Microsoft_Singularity_Directory_DirectoryServiceContract_Ready_optional_Microsoft_Contracts_NonNullType__Microsoft_Singularity_Services_ServiceManager_DirectoryClientInfo$G@@SIXPAU1@@Z 02004984 f   sms.obj
 0001:00003a9c       ?m_Add@Class_Microsoft_Singularity_Channels_EMap$_3$LMicrosoft_Singularity_Directory_DirectoryServiceContract_Exp_Microsoft_Singularity_Directory_DirectoryServiceContract_Ready_optional_Microsoft_Contracts_NonNullType__Microsoft_Singularity_Services_ServiceManager_DirectoryClientInfo$G@@SIXPAU1@PAUStruct_Microsoft_Singularity_Directory_DirectoryServiceContract_Exp@@PAUClass_Microsoft_Singularity_Services_ServiceManager_DirectoryClientInfo@@@Z 02004a9c f   sms.obj
 0001:00003ad0       ?m__ctor@Class_Microsoft_Singularity_Channels_EMap$_3$LMicrosoft_Singularity_Directory_DirectoryServiceContract_Exp_Microsoft_Singularity_Directory_DirectoryServiceContract_Ready_optional_Microsoft_Contracts_NonNullType__Microsoft_Singularity_Services_ServiceManager_DirectoryClientInfo$G@@SIXPAU1@@Z 02004ad0 f   sms.obj
 0001:00003b5c       ?m_MoveNext@Class_System_Collections_Specialized_ListDictionary_NodeKeyValueCollection_NodeKeyValueEnumerator@@SI_NPAU1@@Z 02004b5c f   sms.obj
 0001:00003be0       ?m_get$_Current@Class_System_Collections_Specialized_ListDictionary_NodeKeyValueCollection_NodeKeyValueEnumerator@@SIPAUClass_System_Object@@PAU1@@Z 02004be0 f   sms.obj
 0001:00003c40       ?m__ctor@Class_System_Collections_Specialized_ListDictionary_NodeKeyValueCollection_NodeKeyValueEnumerator@@SIXPAU1@PAUClass_System_Collections_Specialized_ListDictionary@@_N@Z 02004c40 f   sms.obj
 0001:00003c90       ?g_Allocate@Class_Microsoft_Singularity_Channels_ChannelHeap@@SIPAUvoid@@PAUClass_System_Type@@@Z 02004c90 f   sms.obj
 0001:00003d78       ?m__ctor@Class_Microsoft_Singularity_Channels_ChannelHeap@@SIXPAU1@@Z 02004d78 f   sms.obj
 0001:00003d90       ?m_StartScanOneObject@Class_Microsoft_Singularity_GCProfilerLogger@@SIXPAU1@PAUuintPtr@@PAUClass_System_Type@@1@Z 02004d90 f   sms.obj
 0001:00003e50       ?g_StartProfiling@Class_Microsoft_Singularity_GCProfilerLogger@@SIXXZ 02004e50 f   sms.obj
 0001:00003f58       ?m_Shutdown@Class_Microsoft_Singularity_GCProfilerLogger@@SIXPAU1@@Z 02004f58 f   sms.obj
 0001:00003f84       ?m_ScanOneRoot@Class_Microsoft_Singularity_GCProfilerLogger@@SIXPAU1@PAUuintPtr@@@Z 02004f84 f   sms.obj
 0001:00004034       ?m_ScanOneObjectField@Class_Microsoft_Singularity_GCProfilerLogger@@SIXPAU1@PAUuintPtr@@@Z 02005034 f   sms.obj
 0001:000040a8       ?m_PreGC@Class_Microsoft_Singularity_GCProfilerLogger@@SIXPAU1@H@Z 020050a8 f   sms.obj
 0001:00004188       ?m_PostGC@Class_Microsoft_Singularity_GCProfilerLogger@@SIXPAU1@@Z 02005188 f   sms.obj
 0001:00004260       ?m_Initialize@Class_Microsoft_Singularity_GCProfilerLogger@@SIXPAU1@_K1@Z 02005260 f   sms.obj
 0001:00004450       ?m_GetTypeId@Class_Microsoft_Singularity_GCProfilerLogger@@SIIPAU1@PAUClass_System_Type@@@Z 02005450 f   sms.obj
 0001:00004520       ?m_GetStackId@Class_Microsoft_Singularity_GCProfilerLogger@@SIIPAU1@PAUClass_System_Type@@PAUuintPtr@@PAUClassVector_uintPtr@@I@Z 02005520 f   sms.obj
 0001:00004884       ?m_GetFunctionId@Class_Microsoft_Singularity_GCProfilerLogger@@SIIPAU1@PAUuintPtr@@@Z 02005884 f   sms.obj
 0001:00004988       ?m_EndScanOneObject@Class_Microsoft_Singularity_GCProfilerLogger@@SIXPAU1@@Z 02005988 f   sms.obj
 0001:000049ec       ?m_Allocation@Class_Microsoft_Singularity_GCProfilerLogger@@SIXPAU1@PAUuintPtr@@PAUClass_System_Type@@1@Z 020059ec f   sms.obj
 0001:00004b7c       ?m__ctor@Class_Microsoft_Singularity_GCProfilerLogger@@SIXPAU1@@Z 02005b7c f   sms.obj
 0001:00004ba0       ?g__cctor@Class_Microsoft_Singularity_GCProfilerLogger@@SIXXZ 02005ba0 f   sms.obj
 0001:00004bb4       ?m_Push@Class_System_Collections_Stack@@SIXPAU1@PAUClass_System_Object@@@Z 02005bb4 f   sms.obj
 0001:00004c60       ?m_Pop@Class_System_Collections_Stack@@SIPAUClass_System_Object@@PAU1@@Z 02005c60 f   sms.obj
 0001:00004cf8       ?m_Peek@Class_System_Collections_Stack@@SIPAUClass_System_Object@@PAU1@@Z 02005cf8 f   sms.obj
 0001:00004d5c       ?m_GetEnumerator@Class_System_Collections_Stack@@SIPAUClass_System_Collections_IEnumerator@@PAU1@@Z 02005d5c f   sms.obj
 0001:00004da0       ?m_get$_Count@Class_System_Collections_Stack@@SIHPAU1@@Z 02005da0 f   sms.obj
 0001:00004dc0       ?m_CopyTo@Class_System_Collections_Stack@@SIXPAU1@PAUClass_System_Array@@H@Z 02005dc0 f   sms.obj
 0001:00004fd4       ?m__ctor@Class_System_Collections_Stack@@SIXPAU1@@Z 02005fd4 f   sms.obj
 0001:00005018       ?m__ctor@Class_System_ProcessCreateException@@SIXPAU1@@Z 02006018 f   sms.obj
 0001:00005040       ?m_StructCopy@Struct_System_GCs_BumpAllocator@@SIXPAU1@0@Z 02006040 f   sms.obj
 0001:00005098       ?m_StructCopy@Struct_System_GCs_BumpAllocator@@SIXPAU1@PAU1@@Z 02006098 f   sms.obj
 0001:000051a0       ?m_Equals@Struct_System_GCs_BumpAllocator@@SI_NPAU1@PAUClass_System_Object@@@Z 020061a0 f   sms.obj
 0001:00005278       ?m_Equals@Struct_System_GCs_BumpAllocator@@SI_NPAUClass_System_GCs_BumpAllocator@@PAUClass_System_Object@@@Z 02006278 f   sms.obj
 0001:000052a4       ?m_VisitReferenceFields@Class_System_GCs_MarkSweepCollector_MarkAndProcessReferenceVisitor@@SIPAUuintPtr@@PAU1@PAUClass_System_Object@@@Z 020062a4 f   sms.obj
 0001:0000530c       ?m_Visit@Class_System_GCs_MarkSweepCollector_MarkAndProcessReferenceVisitor@@SIXPAU1@PAPAUuintPtr@@@Z 0200630c f   sms.obj
 0001:00005344       ?m__ctor@Class_System_GCs_MarkSweepCollector_MarkAndProcessReferenceVisitor@@SIXPAU1@@Z 02006344 f   sms.obj
 0001:00005368       ?g_VisitWeakRefsPhase2@Class_System_TryAllManager@@SIXPAU1@PAUClass_System_GCs_DirectReferenceVisitor@@@Z 02006368 f   sms.obj
 0001:000053e0       ?g_VisitWeakRefsPhase1@Class_System_TryAllManager@@SIXPAU1@PAUClass_System_GCs_DirectReferenceVisitor@@@Z 020063e0 f   sms.obj
 0001:00005424       ?g_VisitWeakRefs@Class_System_TryAllManager@@SIXPAUClass_System_GCs_DirectReferenceVisitor@@@Z 02006424 f   sms.obj
 0001:00005450       ?g_VisitStrongRefs@Class_System_TryAllManager@@SIXPAU1@PAUClass_System_GCs_DirectReferenceVisitor@@@Z 02006450 f   sms.obj
 0001:0000549c       ?g_VisitStrongRefs@Class_System_TryAllManager@@SIXPAUClass_System_GCs_DirectReferenceVisitor@@@Z 0200649c f   sms.obj
 0001:000054c8       ?m_startNestedTryAllHelper@Class_System_TryAllManager@@SIXPAU1@_NH@Z 020064c8 f   sms.obj
 0001:000056e0       ?m_Shake@Class_System_TryAllManager@@SIXPAU1@_N@Z 020066e0 f   sms.obj
 0001:000056fc       ?g_SetDuringGC@Class_System_TryAllManager@@SIX_N@Z 020066fc f   sms.obj
 0001:00005718       ?g_ReplenishTokens@Class_System_TryAllManager@@SIXXZ 02006718 f   sms.obj
 0001:000057f0       ?g_RemoveCache@Class_System_TryAllManager@@SIXPAU1@@Z 020067f0 f   sms.obj
 0001:00005814       ?g_ReadBarrier@Class_System_TryAllManager@@SIPAUClass_System_Object@@PAUClass_System_GCs_DirectReferenceVisitor@@PAU2@@Z 02006814 f   sms.obj
 0001:00005874       ?g_PreGCHookTryAll@Class_System_TryAllManager@@SIXXZ 02006874 f   sms.obj
 0001:00005898       ?g_PostGCHookTryAll@Class_System_TryAllManager@@SIXXZ 02006898 f   sms.obj
 0001:000058bc       ?m_InitLocallyAllocatedSTMWords@Class_System_TryAllManager@@SIXPAU1@@Z 020068bc f   sms.obj
 0001:00005a34       ?g_EnsureCache@Class_System_TryAllManager@@SIXPAU1@@Z 02006a34 f   sms.obj
 0001:00005a90       ?g_DumpPerCallSiteStats@Class_System_TryAllManager@@SIXXZ 02006a90 f   sms.obj
 0001:00005aa4       ?g_doVisitWeakRefs@Class_System_TryAllManager@@SIXPAUClass_System_GCs_DirectReferenceVisitor@@@Z 02006aa4 f   sms.obj
 0001:00005bec       ?g_doVisitStrongRefs@Class_System_TryAllManager@@SIXPAUClass_System_GCs_DirectReferenceVisitor@@@Z 02006bec f   sms.obj
 0001:00005cc4       ?g_doPreGCHook@Class_System_TryAllManager@@SIXXZ 02006cc4 f   sms.obj
 0001:00005db0       ?g_doPostGCHook@Class_System_TryAllManager@@SIXXZ 02006db0 f   sms.obj
 0001:0000602c       ?m_becomeInvalid@Class_System_TryAllManager@@SIXPAU1@_N@Z 0200702c f   sms.obj
 0001:000060a4       ?m_AllocLocallyAllocatedSTMWords@Class_System_TryAllManager@@SIXPAU1@@Z 020070a4 f   sms.obj
 0001:00006154       ?m__ctor@Class_System_TryAllManager@@SIXPAU1@@Z 02007154 f   sms.obj
 0001:00006520       ?g__cctor@Class_System_TryAllManager@@SIXXZ 02007520 f   sms.obj
 0001:00006550       ?g_SetPageTableEntryImpl@Class_System_GCs_CentralPT@@SIXPAUuintPtr@@I@Z 02007550 f   sms.obj
 0001:00006580       ?g_PageTableEntryImpl@Class_System_GCs_CentralPT@@SIIPAUuintPtr@@@Z 02007580 f   sms.obj
 0001:000065ac       ?m__ctor@Class_System_GCs_CentralPT@@SIXPAU1@@Z 020075ac f   sms.obj
 0001:000065c4       ?m_StructCopy@Struct_Microsoft_Singularity_Directory_DirectoryServiceContract_AckDeleteDirectory@@SIXPAU1@0@Z 020075c4 f   sms.obj
 0001:000065e0       ?m_StructCopy@Struct_Microsoft_Singularity_Directory_DirectoryServiceContract_AckDeleteDirectory@@SIXPAU1@PAU1@@Z 020075e0 f   sms.obj
 0001:00006634       ?m_Equals@Struct_Microsoft_Singularity_Directory_DirectoryServiceContract_AckDeleteDirectory@@SI_NPAU1@PAUClass_System_Object@@@Z 02007634 f   sms.obj
 0001:0000666c       ?m_Equals@Struct_Microsoft_Singularity_Directory_DirectoryServiceContract_AckDeleteDirectory@@SI_NPAUClass_Microsoft_Singularity_Directory_DirectoryServiceContract_AckDeleteDirectory@@PAUClass_System_Object@@@Z 0200766c f   sms.obj
 0001:00006698       ?m_Compare@Class_System_Collections_Comparer@@SIHPAU1@PAUClass_System_Object@@1@Z 02007698 f   sms.obj
 0001:0000682c       ?m__ctor@Class_System_Collections_Comparer@@SIXPAU1@@Z 0200782c f   sms.obj
 0001:00006848       ?g__cctor@Class_System_Collections_Comparer@@SIXXZ 02007848 f   sms.obj
 0001:00006888       ?m_StructCopy@Struct_Microsoft_Singularity_V1_Threads_AutoResetEventHandle@@SIXPAU1@0@Z 02007888 f   sms.obj
 0001:000068b0       ?m_StructCopy@Struct_Microsoft_Singularity_V1_Threads_AutoResetEventHandle@@SIXPAU1@PAU1@@Z 020078b0 f   sms.obj
 0001:00006928       ?m_Equals@Struct_Microsoft_Singularity_V1_Threads_AutoResetEventHandle@@SI_NPAU1@PAUClass_System_Object@@@Z 02007928 f   sms.obj
 0001:00006970       ?m_Equals@Struct_Microsoft_Singularity_V1_Threads_AutoResetEventHandle@@SI_NPAUClass_Microsoft_Singularity_V1_Threads_AutoResetEventHandle@@PAUClass_System_Object@@@Z 02007970 f   sms.obj
 0001:0000699c       ?g_Create@Struct_Microsoft_Singularity_V1_Threads_AutoResetEventHandle@@SI_N_NPAU1@@Z 0200799c f   sms.obj
 0001:000069e8       ?m_StructCopy@Struct_System_GCs_MemoryAccounting_RuntimeTypeAccounting@@SIXPAU1@0@Z 020079e8 f   sms.obj
 0001:00006a38       ?m_StructCopy@Struct_System_GCs_MemoryAccounting_RuntimeTypeAccounting@@SIXPAU1@PAU1@@Z 02007a38 f   sms.obj
 0001:00006b28       ?m_Equals@Struct_System_GCs_MemoryAccounting_RuntimeTypeAccounting@@SI_NPAU1@PAUClass_System_Object@@@Z 02007b28 f   sms.obj
 0001:00006c08       ?m_Equals@Struct_System_GCs_MemoryAccounting_RuntimeTypeAccounting@@SI_NPAUClass_System_GCs_MemoryAccounting_RuntimeTypeAccounting@@PAUClass_System_Object@@@Z 02007c08 f   sms.obj
 0001:00006c34       ?g_visitAllObjects@Class_System_GCs_MemoryAccounting@@SIXPAUClass_System_GCs_ObjectLayout_ObjectVisitor@@PAUuintPtr@@1@Z 02007c34 f   sms.obj
 0001:00006f98       ?g_TotalNumPages@Class_System_GCs_MemoryAccounting@@SIIUStruct_System_GCs_PageType@@@Z 02007f98 f   sms.obj
 0001:000070ec       ?g_ReportStackDetails@Class_System_GCs_MemoryAccounting@@SIXXZ 020080ec f   sms.obj
 0001:000074f8       ?g_ReportNonGCDetails@Class_System_GCs_MemoryAccounting@@SIXXZ 020084f8 f   sms.obj
 0001:00007790       ?g_ReportHeapDetails@Class_System_GCs_MemoryAccounting@@SIXXZ 02008790 f   sms.obj
 0001:000080dc       ?g_Report@Class_System_GCs_MemoryAccounting@@SIXUStruct_Microsoft_Bartok_Runtime_GCType@@@Z 020090dc f   sms.obj
 0001:0000829c       ?g_assertRuntimeTypeHeaders@Class_System_GCs_MemoryAccounting@@SIXPAUuintPtr@@0@Z 0200929c f   sms.obj
 0001:000082cc       ?m__ctor@Class_System_GCs_MemoryAccounting@@SIXPAU1@@Z 020092cc f   sms.obj
 0001:000082e4       ?m_StructCopy@Struct_Microsoft_Singularity_Directory_DirectoryServiceContract_AckCreateDirectory@@SIXPAU1@0@Z 020092e4 f   sms.obj
 0001:00008300       ?m_StructCopy@Struct_Microsoft_Singularity_Directory_DirectoryServiceContract_AckCreateDirectory@@SIXPAU1@PAU1@@Z 02009300 f   sms.obj
 0001:00008354       ?m_Equals@Struct_Microsoft_Singularity_Directory_DirectoryServiceContract_AckCreateDirectory@@SI_NPAU1@PAUClass_System_Object@@@Z 02009354 f   sms.obj
 0001:0000838c       ?m_Equals@Struct_Microsoft_Singularity_Directory_DirectoryServiceContract_AckCreateDirectory@@SI_NPAUClass_Microsoft_Singularity_Directory_DirectoryServiceContract_AckCreateDirectory@@PAUClass_System_Object@@@Z 0200938c f   sms.obj
 0001:000083b8       ?m_StructCopy@Struct_Microsoft_Singularity_Directory_DirectoryServiceContract_NakCreateFileReparse@@SIXPAU1@0@Z 020093b8 f   sms.obj
 0001:000083f8       ?m_StructCopy@Struct_Microsoft_Singularity_Directory_DirectoryServiceContract_NakCreateFileReparse@@SIXPAU1@PAU1@@Z 020093f8 f   sms.obj
 0001:000084b8       ?m_Equals@Struct_Microsoft_Singularity_Directory_DirectoryServiceContract_NakCreateFileReparse@@SI_NPAU1@PAUClass_System_Object@@@Z 020094b8 f   sms.obj
 0001:00008520       ?m_Equals@Struct_Microsoft_Singularity_Directory_DirectoryServiceContract_NakCreateFileReparse@@SI_NPAUClass_Microsoft_Singularity_Directory_DirectoryServiceContract_NakCreateFileReparse@@PAUClass_System_Object@@@Z 02009520 f   sms.obj
 0001:0000854c       ?m_StructCopy@Struct_Microsoft_Singularity_Services_ServiceManager_ServiceStarterContract_Succeeded@@SIXPAU1@0@Z 0200954c f   sms.obj
 0001:00008568       ?m_StructCopy@Struct_Microsoft_Singularity_Services_ServiceManager_ServiceStarterContract_Succeeded@@SIXPAU1@PAU1@@Z 02009568 f   sms.obj
 0001:000085bc       ?m_MarshallContent@Struct_Microsoft_Singularity_Services_ServiceManager_ServiceStarterContract_Succeeded@@SIXPAU1@PAEPAUStruct_Microsoft_Singularity_Channels_Endpoint@@1PAH@Z 020095bc f   sms.obj
 0001:000085dc       ?m_MarshallAll@Struct_Microsoft_Singularity_Services_ServiceManager_ServiceStarterContract_Succeeded@@SIXPAU1@PAEPAUStruct_Microsoft_Singularity_Channels_Endpoint@@PAH@Z 020095dc f   sms.obj
 0001:00008634       ?m_Equals@Struct_Microsoft_Singularity_Services_ServiceManager_ServiceStarterContract_Succeeded@@SI_NPAU1@PAUClass_System_Object@@@Z 02009634 f   sms.obj
 0001:0000866c       ?m_Equals@Struct_Microsoft_Singularity_Services_ServiceManager_ServiceStarterContract_Succeeded@@SI_NPAUClass_Microsoft_Singularity_Services_ServiceManager_ServiceStarterContract_Succeeded@@PAUClass_System_Object@@@Z 0200966c f   sms.obj
 0001:00008698       ?m_set$_Item@Class_Microsoft_Singularity_Xml_XmlNode@@SIXPAU1@PAUClass_System_String@@1@Z 02009698 f   sms.obj
 0001:0000871c       ?m_GetChild@Class_Microsoft_Singularity_Xml_XmlNode@@SIPAU1@PAU1@PAUClass_System_String@@@Z 0200971c f   sms.obj
 0001:00008850       ?m_GetAttribute@Class_Microsoft_Singularity_Xml_XmlNode@@SIHPAU1@PAUClass_System_String@@H@Z 02009850 f   sms.obj
 0001:000088f4       ?m_GetAttribute@Class_Microsoft_Singularity_Xml_XmlNode@@SIPAUClass_System_String@@PAU1@PAU2@1@Z 020098f4 f   sms.obj
 0001:0000893c       ?m_GetAttribute@Class_Microsoft_Singularity_Xml_XmlNode@@SI_NPAU1@PAUClass_System_String@@_N@Z 0200993c f   sms.obj
 0001:000089ac       ?m_get$_Name@Class_Microsoft_Singularity_Xml_XmlNode@@SIPAUClass_System_String@@PAU1@@Z 020099ac f   sms.obj
 0001:000089cc       ?m_get$_Item@Class_Microsoft_Singularity_Xml_XmlNode@@SIPAUClass_System_String@@PAU1@PAU2@@Z 020099cc f   sms.obj
 0001:00008a14       ?m_get$_Children@Class_Microsoft_Singularity_Xml_XmlNode@@SIPAUClassVector_Class_Microsoft_Singularity_Xml_XmlNode@@PAU1@@Z 02009a14 f   sms.obj
 0001:00008b9c       ?m_FindAttr@Class_Microsoft_Singularity_Xml_XmlNode@@SIPAUClass_Microsoft_Singularity_Xml_XmlNode_XmlAttr@@PAU1@PAUClass_System_String@@@Z 02009b9c f   sms.obj
 0001:00008cd4       ?m_AddText@Class_Microsoft_Singularity_Xml_XmlNode@@SIXPAU1@PAUClass_System_String@@@Z 02009cd4 f   sms.obj
 0001:00008d04       ?m_AddChild@Class_Microsoft_Singularity_Xml_XmlNode@@SIXPAU1@0@Z 02009d04 f   sms.obj
 0001:00008d30       ?m__ctor@Class_Microsoft_Singularity_Xml_XmlNode@@SIXPAU1@@Z 02009d30 f   sms.obj
 0001:00008dac       ?m__ctor@Class_Microsoft_Singularity_Xml_XmlNode@@SIXPAU1@PAUClass_System_String@@@Z 02009dac f   sms.obj
 0001:00008e44       ?m__ctor@Class_Microsoft_Singularity_Xml_XmlNode@@SIXPAU1@PAUClass_System_String@@H@Z 02009e44 f   sms.obj
 0001:00008ed8       ?m_StructCopy@Struct_Microsoft_Singularity_ServiceManager_ServiceManagerContract_CreateService@@SIXPAU1@0@Z 02009ed8 f   sms.obj
 0001:00008f04       ?m_StructCopy@Struct_Microsoft_Singularity_ServiceManager_ServiceManagerContract_CreateService@@SIXPAU1@PAU1@@Z 02009f04 f   sms.obj
 0001:00008f88       ?m_Equals@Struct_Microsoft_Singularity_ServiceManager_ServiceManagerContract_CreateService@@SI_NPAU1@PAUClass_System_Object@@@Z 02009f88 f   sms.obj
 0001:00009038       ?m_Equals@Struct_Microsoft_Singularity_ServiceManager_ServiceManagerContract_CreateService@@SI_NPAUClass_Microsoft_Singularity_ServiceManager_ServiceManagerContract_CreateService@@PAUClass_System_Object@@@Z 0200a038 f   sms.obj
 0001:00009064       ?g_WriteLine@Class_Microsoft_Singularity_DebugStub@@SIXPAUClass_System_String@@@Z 0200a064 f   sms.obj
 0001:000090c8       ?g_WriteLine@Class_Microsoft_Singularity_DebugStub@@SIXPAUClass_System_String@@UStruct_System_VarargList@@@Z 0200a0c8 f   sms.obj
 0001:00009130       ?g_WriteLine@Class_Microsoft_Singularity_DebugStub@@SIXPAUClass_System_String@@UStruct_System_ArgIterator@@@Z 0200a130 f   sms.obj
 0001:00009328       ?g_Print@Class_Microsoft_Singularity_DebugStub@@SIXPAUClass_System_String@@@Z 0200a328 f   sms.obj
 0001:0000938c       ?g_Print@Class_Microsoft_Singularity_DebugStub@@SIXPAUClass_System_String@@UStruct_System_VarargList@@@Z 0200a38c f   sms.obj
 0001:000093f4       ?g_Print@Class_Microsoft_Singularity_DebugStub@@SIXPAUClass_System_String@@UStruct_System_ArgIterator@@@Z 0200a3f4 f   sms.obj
 0001:0000942c       ?g_InsertFormat@Class_Microsoft_Singularity_DebugStub@@SIXPA_WPAHHPAUClass_System_String@@UStruct_System_VarargList@@@Z 0200a42c f   sms.obj
 0001:000094cc       ?g_failAssert@Class_Microsoft_Singularity_DebugStub@@SIXPAUClass_System_String@@@Z 0200a4cc f   sms.obj
 0001:000094f4       ?g_Assert@Class_Microsoft_Singularity_DebugStub@@SIX_N@Z 0200a4f4 f   sms.obj
 0001:00009524       ?g_AddToPerfCounter@Class_Microsoft_Singularity_DebugStub@@SI_NI_K@Z 0200a524 f   sms.obj
 0001:0000955c       ?g_AddLineHeader@Class_Microsoft_Singularity_DebugStub@@SIXPA_WPAHH@Z 0200a55c f   sms.obj
 0001:0000975c       ?m__ctor@Class_Microsoft_Singularity_DebugStub@@SIXPAU1@@Z 0200a75c f   sms.obj
 0001:00009778       ?m_FieldOffset@Class_System_GCs_Barrier_ZeroFieldsVisitor@@SIXPAU1@PAUuintPtr@@PAUStruct_System_GCs_ReferenceVisitor_ObjectDescriptor@@@Z 0200a778 f   sms.obj
 0001:00009814       ?m__ctor@Class_System_GCs_Barrier_ZeroFieldsVisitor@@SIXPAU1@@Z 0200a814 f   sms.obj
 0001:00009838       ?m_ToString@Class_Microsoft_Singularity_Io_IoPort@@SIPAUClass_System_String@@PAU1@@Z 0200a838 f   sms.obj
 0001:000098bc       ?m_StructCopy@Struct_Microsoft_Singularity_Isal_IX_EFlags@@SIXPAU1@0@Z 0200a8bc f   sms.obj
 0001:000098d8       ?m_StructCopy@Struct_Microsoft_Singularity_Isal_IX_EFlags@@SIXPAU1@PAU1@@Z 0200a8d8 f   sms.obj
 0001:0000992c       ?m_Equals@Struct_Microsoft_Singularity_Isal_IX_EFlags@@SI_NPAU1@PAUClass_System_Object@@@Z 0200a92c f   sms.obj
 0001:00009964       ?m_Equals@Struct_Microsoft_Singularity_Isal_IX_EFlags@@SI_NPAUClass_Microsoft_Singularity_Isal_IX_EFlags@@PAUClass_System_Object@@@Z 0200a964 f   sms.obj
 0001:00009990       ?m_Microsoft_SingSharp_ITracked_Release@Class_Microsoft_Singularity_Channels_EMap$_3$LMicrosoft_Singularity_ServiceManager_ServiceEventContract_Exp_Microsoft_Singularity_ServiceManager_ServiceEventContract_Ready_optional_Microsoft_Contracts_NonNullType__Microsoft_Singularity_Services_ServiceManager_ServiceProcess$G@@SIXPAU1@@Z 0200a990 f   sms.obj
 0001:000099ec       ?m_Microsoft_SingSharp_ITracked_Acquire@Class_Microsoft_Singularity_Channels_EMap$_3$LMicrosoft_Singularity_ServiceManager_ServiceEventContract_Exp_Microsoft_Singularity_ServiceManager_ServiceEventContract_Ready_optional_Microsoft_Contracts_NonNullType__Microsoft_Singularity_Services_ServiceManager_ServiceProcess$G@@SIXPAU1@@Z 0200a9ec f   sms.obj
 0001:00009a48       ?m_HeadMatches@Class_Microsoft_Singularity_Channels_EMap$_3$LMicrosoft_Singularity_ServiceManager_ServiceEventContract_Exp_Microsoft_Singularity_ServiceManager_ServiceEventContract_Ready_optional_Microsoft_Contracts_NonNullType__Microsoft_Singularity_Services_ServiceManager_ServiceProcess$G@@SI_NPAU1@HPA_NPAPAUClass_System_Object@@@Z 0200aa48 f   sms.obj
 0001:00009bc0       ?m_GetWaitHandle@Class_Microsoft_Singularity_Channels_EMap$_3$LMicrosoft_Singularity_ServiceManager_ServiceEventContract_Exp_Microsoft_Singularity_ServiceManager_ServiceEventContract_Ready_optional_Microsoft_Contracts_NonNullType__Microsoft_Singularity_Services_ServiceManager_ServiceProcess$G@@SI?AUStruct_Microsoft_Singularity_V1_Threads_SyncHandle@@PAU1@@Z 0200abc0 f   sms.obj
 0001:00009c2c       ?m_GetFreshNode@Class_Microsoft_Singularity_Channels_EMap$_3$LMicrosoft_Singularity_ServiceManager_ServiceEventContract_Exp_Microsoft_Singularity_ServiceManager_ServiceEventContract_Ready_optional_Microsoft_Contracts_NonNullType__Microsoft_Singularity_Services_ServiceManager_ServiceProcess$G@@SIPAUClass_Microsoft_Singularity_Channels_EMap$_3$LMicrosoft_Singularity_ServiceManager_ServiceEventContract_Exp_Microsoft_Singularity_ServiceManager_ServiceEventContract_Ready_optional_Microsoft_Contracts_NonNullType__Microsoft_Singularity_Services_ServiceManager_ServiceProcess$G_Node@@PAU1@PAUStruct_Microsoft_Singularity_ServiceManager_ServiceEventContract_Exp@@PAUClass_Microsoft_Singularity_Services_ServiceManager_ServiceProcess@@0@Z 0200ac2c f   sms.obj
 0001:00009cd4       ?m_get$_NextScanStart@Class_Microsoft_Singularity_Channels_EMap$_3$LMicrosoft_Singularity_ServiceManager_ServiceEventContract_Exp_Microsoft_Singularity_ServiceManager_ServiceEventContract_Ready_optional_Microsoft_Contracts_NonNullType__Microsoft_Singularity_Services_ServiceManager_ServiceProcess$G@@SIPAUClass_Microsoft_Singularity_Channels_EMap$_3$LMicrosoft_Singularity_ServiceManager_ServiceEventContract_Exp_Microsoft_Singularity_ServiceManager_ServiceEventContract_Ready_optional_Microsoft_Contracts_NonNullType__Microsoft_Singularity_Services_ServiceManager_ServiceProcess$G_Node@@PAU1@@Z 0200acd4 f   sms.obj
 0001:00009d3c       ?m_Extract@Class_Microsoft_Singularity_Channels_EMap$_3$LMicrosoft_Singularity_ServiceManager_ServiceEventContract_Exp_Microsoft_Singularity_ServiceManager_ServiceEventContract_Ready_optional_Microsoft_Contracts_NonNullType__Microsoft_Singularity_Services_ServiceManager_ServiceProcess$G@@SIPAUStruct_Microsoft_Singularity_ServiceManager_ServiceEventContract_Exp@@PAU1@PAUClass_System_Object@@PAPAUClass_Microsoft_Singularity_Services_ServiceManager_ServiceProcess@@@Z 0200ad3c f   sms.obj
 0001:00009dfc       ?m_Dispose@Class_Microsoft_Singularity_Channels_EMap$_3$LMicrosoft_Singularity_ServiceManager_ServiceEventContract_Exp_Microsoft_Singularity_ServiceManager_ServiceEventContract_Ready_optional_Microsoft_Contracts_NonNullType__Microsoft_Singularity_Services_ServiceManager_ServiceProcess$G@@SIXPAU1@@Z 0200adfc f   sms.obj
 0001:00009f14       ?m_Add@Class_Microsoft_Singularity_Channels_EMap$_3$LMicrosoft_Singularity_ServiceManager_ServiceEventContract_Exp_Microsoft_Singularity_ServiceManager_ServiceEventContract_Ready_optional_Microsoft_Contracts_NonNullType__Microsoft_Singularity_Services_ServiceManager_ServiceProcess$G@@SIXPAU1@PAUStruct_Microsoft_Singularity_ServiceManager_ServiceEventContract_Exp@@PAUClass_Microsoft_Singularity_Services_ServiceManager_ServiceProcess@@@Z 0200af14 f   sms.obj
 0001:00009f48       ?m__ctor@Class_Microsoft_Singularity_Channels_EMap$_3$LMicrosoft_Singularity_ServiceManager_ServiceEventContract_Exp_Microsoft_Singularity_ServiceManager_ServiceEventContract_Ready_optional_Microsoft_Contracts_NonNullType__Microsoft_Singularity_Services_ServiceManager_ServiceProcess$G@@SIXPAU1@@Z 0200af48 f   sms.obj
 0001:00009fd4       ?m_StructCopy@Struct_System_UpdateLogWriter@@SIXPAU1@0@Z 0200afd4 f   sms.obj
 0001:0000a008       ?m_StructCopy@Struct_System_UpdateLogWriter@@SIXPAU1@PAU1@@Z 0200b008 f   sms.obj
 0001:0000a0a4       ?m_Equals@Struct_System_UpdateLogWriter@@SI_NPAU1@PAUClass_System_Object@@@Z 0200b0a4 f   sms.obj
 0001:0000a100       ?m_Equals@Struct_System_UpdateLogWriter@@SI_NPAUClass_System_UpdateLogWriter@@PAUClass_System_Object@@@Z 0200b100 f   sms.obj
 0001:0000a12c       ?m_StructCopy@Struct_Microsoft_Singularity_Directory_DirectoryServiceContract_NakStoreACLReparse@@SIXPAU1@0@Z 0200b12c f   sms.obj
 0001:0000a16c       ?m_StructCopy@Struct_Microsoft_Singularity_Directory_DirectoryServiceContract_NakStoreACLReparse@@SIXPAU1@PAU1@@Z 0200b16c f   sms.obj
 0001:0000a22c       ?m_Equals@Struct_Microsoft_Singularity_Directory_DirectoryServiceContract_NakStoreACLReparse@@SI_NPAU1@PAUClass_System_Object@@@Z 0200b22c f   sms.obj
 0001:0000a294       ?m_Equals@Struct_Microsoft_Singularity_Directory_DirectoryServiceContract_NakStoreACLReparse@@SI_NPAUClass_Microsoft_Singularity_Directory_DirectoryServiceContract_NakStoreACLReparse@@PAUClass_System_Object@@@Z 0200b294 f   sms.obj
 0001:0000a2c0       ?m__ctor@Class_System_NotSupportedException@@SIXPAU1@@Z 0200b2c0 f   sms.obj
 0001:0000a2e8       ?m__ctor@Class_System_NotSupportedException@@SIXPAU1@PAUClass_System_String@@@Z 0200b2e8 f   sms.obj
 0001:0000a310       ?m_Visit@Class_System_GCs_GCProfiler_RootVisitor@@SIXPAU1@PAPAUuintPtr@@@Z 0200b310 f   sms.obj
 0001:0000a33c       ?m__ctor@Class_System_GCs_GCProfiler_RootVisitor@@SIXPAU1@PAUClass_System_GCs_GCProfiler@@@Z 0200b33c f   sms.obj
 0001:0000a36c       ?m_StructCopy@Struct_System_InterfaceInfo@@SIXPAU1@0@Z 0200b36c f   sms.obj
 0001:0000a3a0       ?m_StructCopy@Struct_System_InterfaceInfo@@SIXPAU1@PAU1@@Z 0200b3a0 f   sms.obj
 0001:0000a43c       ?m_Equals@Struct_System_InterfaceInfo@@SI_NPAU1@PAUClass_System_Object@@@Z 0200b43c f   sms.obj
 0001:0000a49c       ?m_Equals@Struct_System_InterfaceInfo@@SI_NPAUClass_System_InterfaceInfo@@PAUClass_System_Object@@@Z 0200b49c f   sms.obj
 0001:0000a4c8       ?g_QuickScanLongerString@Class_System_Globalization_CompareInfo@@SIHPAUClass_System_String@@HHHHHHH@Z 0200b4c8 f   sms.obj
 0001:0000a590       ?g_GetUnicode@Class_System_Globalization_CompareInfo@@SIG_W@Z 0200b590 f   sms.obj
 0001:0000a638       ?g_GetDiacritic@Class_System_Globalization_CompareInfo@@SIE_W@Z 0200b638 f   sms.obj
 0001:0000a6dc       ?g_GetCase@Class_System_Globalization_CompareInfo@@SIE_W@Z 0200b6dc f   sms.obj
 0001:0000a780       ?g_GET$_SCRIPT$_MEMBER@Class_System_Globalization_CompareInfo@@SIEG@Z 0200b780 f   sms.obj
 0001:0000a7ac       ?g_GET$_ALPHA$_NUMERIC@Class_System_Globalization_CompareInfo@@SIEG@Z 0200b7ac f   sms.obj
 0001:0000a7d4       ?g_CompareString@Class_System_Globalization_CompareInfo@@SIHUStruct_System_Globalization_CompareOptions@@PAUClass_System_String@@HH1HH@Z 0200b7d4 f   sms.obj
 0001:0000aecc       ?g_CompareRegion@Class_System_Globalization_CompareInfo@@SIHPAUClass_System_String@@HH0HHUStruct_System_Globalization_CompareOptions@@@Z 0200becc f   sms.obj
 0001:0000b280       ?g_CompareOrdinal@Class_System_Globalization_CompareInfo@@SIHPAUClass_System_String@@HH0HH@Z 0200c280 f   sms.obj
 0001:0000b37c       ?g_Compare@Class_System_Globalization_CompareInfo@@SIHPAUClass_System_String@@HH0HHUStruct_System_Globalization_CompareOptions@@@Z 0200c37c f   sms.obj
 0001:0000b41c       ?g_Compare@Class_System_Globalization_CompareInfo@@SIHPAUClass_System_String@@0@Z 0200c41c f   sms.obj
 0001:0000b448       ?g_Compare@Class_System_Globalization_CompareInfo@@SIHPAUClass_System_String@@0UStruct_System_Globalization_CompareOptions@@@Z 0200c448 f   sms.obj
 0001:0000b578       ?m__ctor@Class_System_Globalization_CompareInfo@@SIXPAU1@@Z 0200c578 f   sms.obj
 0001:0000b590       ?g__cctor@Class_System_Globalization_CompareInfo@@SIXXZ 0200c590 f   sms.obj
 0001:0000b5a4       ?m_StructCopy@Struct_System_UpdateLog_Location@@SIXPAU1@0@Z 0200c5a4 f   sms.obj
 0001:0000b5d8       ?m_StructCopy@Struct_System_UpdateLog_Location@@SIXPAU1@PAU1@@Z 0200c5d8 f   sms.obj
 0001:0000b674       ?m_Equals@Struct_System_UpdateLog_Location@@SI_NPAU1@PAUClass_System_Object@@@Z 0200c674 f   sms.obj
 0001:0000b6d4       ?m_Equals@Struct_System_UpdateLog_Location@@SI_NPAUClass_System_UpdateLog_Location@@PAUClass_System_Object@@@Z 0200c6d4 f   sms.obj
 0001:0000b700       ?m__ctor@Struct_System_UpdateLog_Location@@SIXPAU1@PAUClass_System_UpdateLog_LogChunk@@H@Z 0200c700 f   sms.obj
 0001:0000b730       ?m_Visit@Class_System_GCs_Verifier_GenericThreadReferenceVisitor@@SIXPAU1@PAPAUuintPtr@@@Z 0200c730 f   sms.obj
 0001:0000ba34       ?m__ctor@Class_System_GCs_Verifier_GenericThreadReferenceVisitor@@SIXPAU1@@Z 0200ca34 f   sms.obj
 0001:0000ba58       ?m_StructCopy@Struct_System_GCs_ReferenceVisitor_ObjectDescriptor@@SIXPAU1@0@Z 0200ca58 f   sms.obj
 0001:0000babc       ?m_StructCopy@Struct_System_GCs_ReferenceVisitor_ObjectDescriptor@@SIXPAU1@PAU1@@Z 0200cabc f   sms.obj
 0001:0000bbe8       ?m_Equals@Struct_System_GCs_ReferenceVisitor_ObjectDescriptor@@SI_NPAU1@PAUClass_System_Object@@@Z 0200cbe8 f   sms.obj
 0001:0000bc88       ?m_Equals@Struct_System_GCs_ReferenceVisitor_ObjectDescriptor@@SI_NPAUClass_System_GCs_ReferenceVisitor_ObjectDescriptor@@PAUClass_System_Object@@@Z 0200cc88 f   sms.obj
 0001:0000bcb4       ?m__ctor@Struct_System_GCs_ReferenceVisitor_ObjectDescriptor@@SIXPAU1@PAUClass_System_VTable@@PAUuintPtr@@@Z 0200ccb4 f   sms.obj
 0001:0000bd2c       ?m__ctor@Struct_System_GCs_ReferenceVisitor_ObjectDescriptor@@SIXPAU1@PAUClass_System_VTable@@PAUuintPtr@@2@Z 0200cd2c f   sms.obj
 0001:0000bda4       ?m__ctor@Struct_System_GCs_ReferenceVisitor_ObjectDescriptor@@SIXPAU1@PAUClass_System_VTable@@PAUuintPtr@@22@Z 0200cda4 f   sms.obj
 0001:0000be1c       ?m__ctor@Struct_System_GCs_ReferenceVisitor_ObjectDescriptor@@SIXPAU1@PAUClass_System_VTable@@PAUuintPtr@@22PAUClass_System_Object@@3@Z 0200ce1c f   sms.obj
 0001:0000be74       ?m_Unlink@Class_Microsoft_Singularity_Channels_EMap$_3$LMicrosoft_Singularity_ServiceManager_ServiceManagerContract_Exp_Microsoft_Singularity_ServiceManager_ServiceManagerContract_ReadyWatchServiceManager_optional_Microsoft_Contracts_NonNullType__Microsoft_Singularity_Services_ServiceManager_ServiceManagerWatcher$G_Node@@SIPAUStruct_Microsoft_Singularity_ServiceManager_ServiceManagerContract_Exp@@PAU1@PAUClass_Microsoft_Singularity_Channels_EMap$_3$LMicrosoft_Singularity_ServiceManager_ServiceManagerContract_Exp_Microsoft_Singularity_ServiceManager_ServiceManagerContract_ReadyWatchServiceManager_optional_Microsoft_Contracts_NonNullType__Microsoft_Singularity_Services_ServiceManager_ServiceManagerWatcher$G@@PAPAUClass_Microsoft_Singularity_Services_ServiceManager_ServiceManagerWatcher@@@Z 0200ce74 f   sms.obj
 0001:0000bf5c       ?m_LinkAsNext@Class_Microsoft_Singularity_Channels_EMap$_3$LMicrosoft_Singularity_ServiceManager_ServiceManagerContract_Exp_Microsoft_Singularity_ServiceManager_ServiceManagerContract_ReadyWatchServiceManager_optional_Microsoft_Contracts_NonNullType__Microsoft_Singularity_Services_ServiceManager_ServiceManagerWatcher$G_Node@@SIXPAU1@PAUStruct_Microsoft_Singularity_ServiceManager_ServiceManagerContract_Exp@@PAUClass_Microsoft_Singularity_Services_ServiceManager_ServiceManagerWatcher@@PAUClass_Microsoft_Singularity_Channels_EMap$_3$LMicrosoft_Singularity_ServiceManager_ServiceManagerContract_Exp_Microsoft_Singularity_ServiceManager_ServiceManagerContract_ReadyWatchServiceManager_optional_Microsoft_Contracts_NonNullType__Microsoft_Singularity_Services_ServiceManager_ServiceManagerWatcher$G@@@Z 0200cf5c f   sms.obj
 0001:0000bfdc       ?m_Init@Class_Microsoft_Singularity_Channels_EMap$_3$LMicrosoft_Singularity_ServiceManager_ServiceManagerContract_Exp_Microsoft_Singularity_ServiceManager_ServiceManagerContract_ReadyWatchServiceManager_optional_Microsoft_Contracts_NonNullType__Microsoft_Singularity_Services_ServiceManager_ServiceManagerWatcher$G_Node@@SIXPAU1@PAUStruct_Microsoft_Singularity_ServiceManager_ServiceManagerContract_Exp@@PAUClass_Microsoft_Singularity_Services_ServiceManager_ServiceManagerWatcher@@PAUClass_Microsoft_Singularity_Channels_EMap$_3$LMicrosoft_Singularity_ServiceManager_ServiceManagerContract_Exp_Microsoft_Singularity_ServiceManager_ServiceManagerContract_ReadyWatchServiceManager_optional_Microsoft_Contracts_NonNullType__Microsoft_Singularity_Services_ServiceManager_ServiceManagerWatcher$G@@@Z 0200cfdc f   sms.obj
 0001:0000c018       ?m__ctor@Class_Microsoft_Singularity_Channels_EMap$_3$LMicrosoft_Singularity_ServiceManager_ServiceManagerContract_Exp_Microsoft_Singularity_ServiceManager_ServiceManagerContract_ReadyWatchServiceManager_optional_Microsoft_Contracts_NonNullType__Microsoft_Singularity_Services_ServiceManager_ServiceManagerWatcher$G_Node@@SIXPAU1@PAUStruct_Microsoft_Singularity_ServiceManager_ServiceManagerContract_Exp@@PAUClass_Microsoft_Singularity_Services_ServiceManager_ServiceManagerWatcher@@PAUClass_Microsoft_Singularity_Channels_EMap$_3$LMicrosoft_Singularity_ServiceManager_ServiceManagerContract_Exp_Microsoft_Singularity_ServiceManager_ServiceManagerContract_ReadyWatchServiceManager_optional_Microsoft_Contracts_NonNullType__Microsoft_Singularity_Services_ServiceManager_ServiceManagerWatcher$G@@@Z 0200d018 f   sms.obj
 0001:0000c060       ?m__ctor@Class_Microsoft_Singularity_Channels_EMap$_3$LMicrosoft_Singularity_ServiceManager_ServiceManagerContract_Exp_Microsoft_Singularity_ServiceManager_ServiceManagerContract_ReadyWatchServiceManager_optional_Microsoft_Contracts_NonNullType__Microsoft_Singularity_Services_ServiceManager_ServiceManagerWatcher$G_Node@@SIXPAU1@PAUClass_Microsoft_Singularity_Channels_EMap$_3$LMicrosoft_Singularity_ServiceManager_ServiceManagerContract_Exp_Microsoft_Singularity_ServiceManager_ServiceManagerContract_ReadyWatchServiceManager_optional_Microsoft_Contracts_NonNullType__Microsoft_Singularity_Services_ServiceManager_ServiceManagerWatcher$G@@@Z 0200d060 f   sms.obj
 0001:0000c094       ?g_ConvertToLong@Class_System_RuntimeTypeHash@@SI_JPAUClassVector_uint8@@H@Z 0200d094 f   sms.obj
 0001:0000c168       ?g_ComputeHashAndReturnName@Class_System_RuntimeTypeHash@@SIPAUClassVector_uint8@@PAUClass_System_String@@PA_J1@Z 0200d168 f   sms.obj
 0001:0000c1d8       ?g_ComputeHash@Class_System_RuntimeTypeHash@@SIXPAUClassVector_uint8@@PA_J1@Z 0200d1d8 f   sms.obj
 0001:0000c278       ?g_ComputeHash@Class_System_RuntimeTypeHash@@SIXPAUClass_System_String@@PA_J1@Z 0200d278 f   sms.obj
 0001:0000c2a8       ?m__ctor@Class_System_RuntimeTypeHash@@SIXPAU1@@Z 0200d2a8 f   sms.obj
 0001:0000c2c0       ?m_StructCopy@Struct_System_UpdateEnlistmentLog_Location@@SIXPAU1@0@Z 0200d2c0 f   sms.obj
 0001:0000c2f4       ?m_StructCopy@Struct_System_UpdateEnlistmentLog_Location@@SIXPAU1@PAU1@@Z 0200d2f4 f   sms.obj
 0001:0000c390       ?m_Equals@Struct_System_UpdateEnlistmentLog_Location@@SI_NPAU1@PAUClass_System_Object@@@Z 0200d390 f   sms.obj
 0001:0000c3f0       ?m_Equals@Struct_System_UpdateEnlistmentLog_Location@@SI_NPAUClass_System_UpdateEnlistmentLog_Location@@PAUClass_System_Object@@@Z 0200d3f0 f   sms.obj
 0001:0000c41c       ?m__ctor@Struct_System_UpdateEnlistmentLog_Location@@SIXPAU1@PAUClass_System_UpdateEnlistmentLog_LogChunk@@H@Z 0200d41c f   sms.obj
 0001:0000c44c       ?g_StructSize@Class_System_Runtime_InteropServices_Marshal@@SIHPAUClass_System_Type@@@Z 0200d44c f   sms.obj
 0001:0000c50c       ?m__ctor@Class_System_Runtime_InteropServices_Marshal@@SIXPAU1@@Z 0200d50c f   sms.obj
 0001:0000c524       ?m__ctor@Class_System_Runtime_CompilerServices_CalledRarelyAttribute@@SIXPAU1@@Z 0200d524 f   sms.obj
 0001:0000c548       ?m_StructCopy@Struct_Microsoft_Singularity_ServiceManager_ServiceManagerContract_EndEnumeration@@SIXPAU1@0@Z 0200d548 f   sms.obj
 0001:0000c564       ?m_StructCopy@Struct_Microsoft_Singularity_ServiceManager_ServiceManagerContract_EndEnumeration@@SIXPAU1@PAU1@@Z 0200d564 f   sms.obj
 0001:0000c5b8       ?m_Equals@Struct_Microsoft_Singularity_ServiceManager_ServiceManagerContract_EndEnumeration@@SI_NPAU1@PAUClass_System_Object@@@Z 0200d5b8 f   sms.obj
 0001:0000c5f0       ?m_Equals@Struct_Microsoft_Singularity_ServiceManager_ServiceManagerContract_EndEnumeration@@SI_NPAUClass_Microsoft_Singularity_ServiceManager_ServiceManagerContract_EndEnumeration@@PAUClass_System_Object@@@Z 0200d5f0 f   sms.obj
 0001:0000c61c       ?m_ToString@Class_Microsoft_Singularity_Services_ServiceManager_ServiceProcess@@SIPAUClass_System_String@@PAU1@@Z 0200d61c f   sms.obj
 0001:0000c68c       ?m_System_Object_Object_ToString@Class_Microsoft_Singularity_Services_ServiceManager_ServiceProcess@@SIPAUClass_System_String@@PAU1@@Z 0200d68c f   sms.obj
 0001:0000c6cc       ?m_SetProcess@Class_Microsoft_Singularity_Services_ServiceManager_ServiceProcess@@SIXPAU1@PAUClass_System_Process@@@Z 0200d6cc f   sms.obj
 0001:0000c794       ?m_SetEventEndpoint@Class_Microsoft_Singularity_Services_ServiceManager_ServiceProcess@@SIXPAU1@PAUStruct_Microsoft_Singularity_ServiceManager_ServiceEventContract_Exp@@@Z 0200d794 f   sms.obj
 0001:0000c894       ?m_SetCurrentConnectDir@Class_Microsoft_Singularity_Services_ServiceManager_ServiceProcess@@SIXPAU1@PAUStruct_Microsoft_Singularity_Directory_DirectoryServiceContract_Exp@@PAUClass_Microsoft_Singularity_Services_ServiceManager_DirectoryClientInfo@@PAUClass_System_String@@UStruct_System_SchedulerTime@@@Z 0200d894 f   sms.obj
 0001:0000c988       ?m_SetControlEndpoint@Class_Microsoft_Singularity_Services_ServiceManager_ServiceProcess@@SIXPAU1@PAUStruct_Microsoft_Singularity_ServiceManager_ServiceProcessContract_Imp@@@Z 0200d988 f   sms.obj
 0001:0000ca50       ?m_ReleaseProcess@Class_Microsoft_Singularity_Services_ServiceManager_ServiceProcess@@SIXPAU1@@Z 0200da50 f   sms.obj
 0001:0000ca98       ?m_GetEventEndpoint@Class_Microsoft_Singularity_Services_ServiceManager_ServiceProcess@@SIPAUStruct_Microsoft_Singularity_ServiceManager_ServiceEventContract_Exp@@PAU1@UStruct_Microsoft_Singularity_Services_ServiceManager_EventChannelState@@@Z 0200da98 f   sms.obj
 0001:0000cb80       ?m_GetCurrentConnectDir@Class_Microsoft_Singularity_Services_ServiceManager_ServiceProcess@@SIXPAU1@PAPAUStruct_Microsoft_Singularity_Directory_DirectoryServiceContract_Exp@@PAPAUClass_Microsoft_Singularity_Services_ServiceManager_DirectoryClientInfo@@@Z 0200db80 f   sms.obj
 0001:0000cbec       ?m_GetCurrentConnectDir@Class_Microsoft_Singularity_Services_ServiceManager_ServiceProcess@@SIXPAU1@PAPAUStruct_Microsoft_Singularity_Directory_DirectoryServiceContract_Exp@@PAPAUClass_Microsoft_Singularity_Services_ServiceManager_DirectoryClientInfo@@PAPAUClass_System_String@@PAUStruct_System_SchedulerTime@@4@Z 0200dbec f   sms.obj
 0001:0000cd5c       ?m_GetControlEndpoint@Class_Microsoft_Singularity_Services_ServiceManager_ServiceProcess@@SIPAUStruct_Microsoft_Singularity_ServiceManager_ServiceProcessContract_Imp@@PAU1@UStruct_Microsoft_Singularity_Services_ServiceManager_ControlEndpointState@@@Z 0200dd5c f   sms.obj
 0001:0000ce34       ?m_get$_Process@Class_Microsoft_Singularity_Services_ServiceManager_ServiceProcess@@SIPAUClass_System_Process@@PAU1@@Z 0200de34 f   sms.obj
 0001:0000ce70       ?m_get$_HasCurrentConnectDir@Class_Microsoft_Singularity_Services_ServiceManager_ServiceProcess@@SI_NPAU1@@Z 0200de70 f   sms.obj
 0001:0000cea4       ?m_get$_EventEndpointIsReady@Class_Microsoft_Singularity_Services_ServiceManager_ServiceProcess@@SI_NPAU1@@Z 0200dea4 f   sms.obj
 0001:0000cee4       ?m_get$_ControlEndpointIsReady@Class_Microsoft_Singularity_Services_ServiceManager_ServiceProcess@@SI_NPAU1@@Z 0200dee4 f   sms.obj
 0001:0000cf24       ?m_CloseEventEndpoint@Class_Microsoft_Singularity_Services_ServiceManager_ServiceProcess@@SIXPAU1@@Z 0200df24 f   sms.obj
 0001:0000d018       ?m_CloseControlEndpoint@Class_Microsoft_Singularity_Services_ServiceManager_ServiceProcess@@SIXPAU1@@Z 0200e018 f   sms.obj
 0001:0000d0c4       ?m__ctor@Class_Microsoft_Singularity_Services_ServiceManager_ServiceProcess@@SIXPAU1@PAUClass_Microsoft_Singularity_Services_ServiceManager_Service@@@Z 0200e0c4 f   sms.obj
 0001:0000d134       ?g_Truncate@Class_System_GCs_BootstrapMemory@@SIXXZ 0200e134 f   sms.obj
 0001:0000d298       ?g_Initialize@Class_System_GCs_BootstrapMemory@@SIXPAUuintPtr@@@Z 0200e298 f   sms.obj
 0001:0000d2dc       ?g_AllocateBlock@Class_System_GCs_BootstrapMemory@@SIPAUuintPtr@@PAU2@I@Z 0200e2dc f   sms.obj
 0001:0000d40c       ?g_Allocate@Class_System_GCs_BootstrapMemory@@SIPAUClass_System_Object@@PAUClass_System_VTable@@@Z 0200e40c f   sms.obj
 0001:0000d4c4       ?g_Allocate@Class_System_GCs_BootstrapMemory@@SIPAUClass_System_Object@@PAUClass_System_VTable@@I@Z 0200e4c4 f   sms.obj
 0001:0000d53c       ?g_Allocate@Class_System_GCs_BootstrapMemory@@SIPAUClass_System_Object@@PAUClass_System_Type@@@Z 0200e53c f   sms.obj
 0001:0000d560       ?g_Allocate@Class_System_GCs_BootstrapMemory@@SIPAUClass_System_Object@@PAUClass_System_Type@@I@Z 0200e560 f   sms.obj
 0001:0000d58c       ?g_Allocate@Class_System_GCs_BootstrapMemory@@SIPAUClass_System_Object@@PAUClass_System_RuntimeType@@@Z 0200e58c f   sms.obj
 0001:0000d5b0       ?g_Allocate@Class_System_GCs_BootstrapMemory@@SIPAUClass_System_Object@@PAUClass_System_RuntimeType@@I@Z 0200e5b0 f   sms.obj
 0001:0000d5dc       ?m__ctor@Class_System_GCs_BootstrapMemory@@SIXPAU1@@Z 0200e5dc f   sms.obj
 0001:0000d5f4       ?g_StableState@Class_Microsoft_Singularity_Directory_NotifyContract@@SIHPAUStruct_Microsoft_Singularity_Channels_StateStack@@@Z 0200e5f4 f   sms.obj
 0001:0000d650       ?g_CanonicalState@Class_Microsoft_Singularity_Directory_NotifyContract@@SIHH@Z 0200e650 f   sms.obj
 0001:0000d698       ?m__ctor@Class_Microsoft_Singularity_Directory_NotifyContract@@SIXPAU1@@Z 0200e698 f   sms.obj
 0001:0000d6b0       ?m_Microsoft_SingSharp_ITracked_Release@Class_SurrogateMicrosoft_Singularity_Directory_FileContract_Imp@@SIXPAU1@@Z 0200e6b0 f   sms.obj
 0001:0000d6d4       ?m_Microsoft_SingSharp_ITracked_Acquire@Class_SurrogateMicrosoft_Singularity_Directory_FileContract_Imp@@SIXPAU1@@Z 0200e6d4 f   sms.obj
 0001:0000d6f8       ?m_HeadMatches@Class_SurrogateMicrosoft_Singularity_Directory_FileContract_Imp@@SI_NPAU1@HPA_NPAPAUClass_System_Object@@@Z 0200e6f8 f   sms.obj
 0001:0000d72c       ?m_GetWaitHandle@Class_SurrogateMicrosoft_Singularity_Directory_FileContract_Imp@@SI?AUStruct_Microsoft_Singularity_V1_Threads_SyncHandle@@PAU1@@Z 0200e72c f   sms.obj
 0001:0000d750       ?m_Dispose@Class_SurrogateMicrosoft_Singularity_Directory_FileContract_Imp@@SIXPAU1@@Z 0200e750 f   sms.obj
 0001:0000d774       ?g__ctor@Class_SurrogateMicrosoft_Singularity_Directory_FileContract_Imp@@SIXPAU1@PAUStruct_Microsoft_Singularity_Directory_FileContract_Imp@@@Z 0200e774 f   sms.obj
 0001:0000d79c       ?m_Dispose@Class_Microsoft_Singularity_Services_ServiceManager_ServiceConnectRequest@@SIXPAU1@@Z 0200e79c f   sms.obj
 0001:0000d7b8       ?m_Acquire@Class_Microsoft_Singularity_Services_ServiceManager_ServiceConnectRequest@@SIXPAU1@PAPAUStruct_Microsoft_Singularity_Directory_DirectoryServiceContract_Exp@@PAPAUClass_Microsoft_Singularity_Services_ServiceManager_DirectoryClientInfo@@PAPAUClass_System_String@@PAPAUStruct_Microsoft_Singularity_Directory_ServiceContract_Exp@@PAUStruct_System_SchedulerTime@@@Z 0200e7b8 f   sms.obj
 0001:0000d82c       ?m__ctor@Class_Microsoft_Singularity_Services_ServiceManager_ServiceConnectRequest@@SIXPAU1@PAUStruct_Microsoft_Singularity_Directory_DirectoryServiceContract_Exp@@PAUClass_Microsoft_Singularity_Services_ServiceManager_DirectoryClientInfo@@PAUClass_System_String@@PAUStruct_Microsoft_Singularity_Directory_ServiceContract_Exp@@UStruct_System_SchedulerTime@@@Z 0200e82c f   sms.obj
 0001:0000d8d0       ?m_Visit@Class_System_GCs_GCProfiler_OneObjectVisitor@@SIXPAU1@PAPAUuintPtr@@@Z 0200e8d0 f   sms.obj
 0001:0000d8fc       ?m__ctor@Class_System_GCs_GCProfiler_OneObjectVisitor@@SIXPAU1@PAUClass_System_GCs_GCProfiler@@@Z 0200e8fc f   sms.obj
 0001:0000d92c       ?g_StableState@Class_Microsoft_Singularity_Directory_FileContract@@SIHPAUStruct_Microsoft_Singularity_Channels_StateStack@@@Z 0200e92c f   sms.obj
 0001:0000d9a8       ?g_NewChannel@Class_Microsoft_Singularity_Directory_FileContract@@SIXPAPAUStruct_Microsoft_Singularity_Directory_FileContract_Imp@@PAPAUStruct_Microsoft_Singularity_Directory_FileContract_Exp@@@Z 0200e9a8 f   sms.obj
 0001:0000da44       ?g_CanonicalState@Class_Microsoft_Singularity_Directory_FileContract@@SIHH@Z 0200ea44 f   sms.obj
 0001:0000da9c       ?m__ctor@Class_Microsoft_Singularity_Directory_FileContract@@SIXPAU1@@Z 0200ea9c f   sms.obj
 0001:0000dab4       ?m_Release@Class__sms_Microsoft_Singularity_Channels_TRef$_2$LMicrosoft_Singularity_ServiceManager_ServiceProcessContract_Imp_Microsoft_Singularity_ServiceManager_ServiceProcessContract_Running$G@@SIXPAU1@PAUStruct_Microsoft_Singularity_ServiceManager_ServiceProcessContract_Imp@@@Z 0200eab4 f   sms.obj
 0001:0000db38       ?m_Finalize@Class__sms_Microsoft_Singularity_Channels_TRef$_2$LMicrosoft_Singularity_ServiceManager_ServiceProcessContract_Imp_Microsoft_Singularity_ServiceManager_ServiceProcessContract_Running$G@@SIXPAU1@@Z 0200eb38 f   sms.obj
 0001:0000dbc4       ?m_Acquire@Class__sms_Microsoft_Singularity_Channels_TRef$_2$LMicrosoft_Singularity_ServiceManager_ServiceProcessContract_Imp_Microsoft_Singularity_ServiceManager_ServiceProcessContract_Running$G@@SIPAUStruct_Microsoft_Singularity_ServiceManager_ServiceProcessContract_Imp@@PAU1@@Z 0200ebc4 f   sms.obj
 0001:0000dc60       ?m__ctor@Class__sms_Microsoft_Singularity_Channels_TRef$_2$LMicrosoft_Singularity_ServiceManager_ServiceProcessContract_Imp_Microsoft_Singularity_ServiceManager_ServiceProcessContract_Running$G@@SIXPAU1@PAUStruct_Microsoft_Singularity_ServiceManager_ServiceProcessContract_Imp@@@Z 0200ec60 f   sms.obj
 0001:0000dd04       ?m_Microsoft_Singularity_Channels_ISelectable_GetWaitHandle@Class_Microsoft_Singularity_Io_PipeLookAhead@@SI?AUStruct_Microsoft_Singularity_V1_Threads_SyncHandle@@PAU1@@Z 0200ed04 f   sms.obj
 0001:0000ddb8       ?m_Microsoft_SingSharp_ITracked_UnExpose@Class_Microsoft_Singularity_Io_PipeLookAhead@@SIXPAU1@@Z 0200edb8 f   sms.obj
 0001:0000ddd4       ?m_Microsoft_SingSharp_ITracked_Release@Class_Microsoft_Singularity_Io_PipeLookAhead@@SIXPAU1@@Z 0200edd4 f   sms.obj
 0001:0000ddf0       ?m_Microsoft_SingSharp_ITracked_Expose@Class_Microsoft_Singularity_Io_PipeLookAhead@@SIXPAU1@@Z 0200edf0 f   sms.obj
 0001:0000de0c       ?m_Microsoft_SingSharp_ITracked_Acquire@Class_Microsoft_Singularity_Io_PipeLookAhead@@SIXPAU1@@Z 0200ee0c f   sms.obj
 0001:0000de28       ?m_HeadMatches@Class_Microsoft_Singularity_Io_PipeLookAhead@@SI_NPAU1@HPA_NPAPAUClass_System_Object@@@Z 0200ee28 f   sms.obj
 0001:0000df78       ?m_get$_IsClosed@Class_Microsoft_Singularity_Io_PipeLookAhead@@SI_NPAU1@@Z 0200ef78 f   sms.obj
 0001:0000e014       ?m_get$_HasControlZ@Class_Microsoft_Singularity_Io_PipeLookAhead@@SI_NPAU1@@Z 0200f014 f   sms.obj
 0001:0000e08c       ?m_get$_HasControlC@Class_Microsoft_Singularity_Io_PipeLookAhead@@SI_NPAU1@@Z 0200f08c f   sms.obj
 0001:0000e104       ?m_get$_HasCharacter@Class_Microsoft_Singularity_Io_PipeLookAhead@@SI_NPAU1@@Z 0200f104 f   sms.obj
 0001:0000e184       ?m_FillToLookAheadWithoutBlock@Class_Microsoft_Singularity_Io_PipeLookAhead@@SIXPAU1@@Z 0200f184 f   sms.obj
 0001:0000e3dc       ?m_Dispose@Class_Microsoft_Singularity_Io_PipeLookAhead@@SIXPAU1@@Z 0200f3dc f   sms.obj
 0001:0000e464       ?m__ctor@Class_Microsoft_Singularity_Io_PipeLookAhead@@SIXPAU1@PAUStruct_Microsoft_Singularity_Io_UnicodePipeContract_Exp@@H@Z 0200f464 f   sms.obj
 0001:0000e508       ?g__cctor@Class_Microsoft_Singularity_Io_PipeLookAhead@@SIXXZ 0200f508 f   sms.obj
 0001:0000e5c8       ?m_Unlink@Class_Microsoft_Singularity_Channels_EMap$_3$LMicrosoft_Singularity_ServiceManager_ServiceManagerContract_Exp_Microsoft_Singularity_ServiceManager_ServiceManagerContract_ServiceSelected_optional_Microsoft_Contracts_NonNullType__Microsoft_Singularity_Services_ServiceManager_Service$G_Node@@SIPAUStruct_Microsoft_Singularity_ServiceManager_ServiceManagerContract_Exp@@PAU1@PAUClass_Microsoft_Singularity_Channels_EMap$_3$LMicrosoft_Singularity_ServiceManager_ServiceManagerContract_Exp_Microsoft_Singularity_ServiceManager_ServiceManagerContract_ServiceSelected_optional_Microsoft_Contracts_NonNullType__Microsoft_Singularity_Services_ServiceManager_Service$G@@PAPAUClass_Microsoft_Singularity_Services_ServiceManager_Service@@@Z 0200f5c8 f   sms.obj
 0001:0000e6b0       ?m_LinkAsNext@Class_Microsoft_Singularity_Channels_EMap$_3$LMicrosoft_Singularity_ServiceManager_ServiceManagerContract_Exp_Microsoft_Singularity_ServiceManager_ServiceManagerContract_ServiceSelected_optional_Microsoft_Contracts_NonNullType__Microsoft_Singularity_Services_ServiceManager_Service$G_Node@@SIXPAU1@PAUStruct_Microsoft_Singularity_ServiceManager_ServiceManagerContract_Exp@@PAUClass_Microsoft_Singularity_Services_ServiceManager_Service@@PAUClass_Microsoft_Singularity_Channels_EMap$_3$LMicrosoft_Singularity_ServiceManager_ServiceManagerContract_Exp_Microsoft_Singularity_ServiceManager_ServiceManagerContract_ServiceSelected_optional_Microsoft_Contracts_NonNullType__Microsoft_Singularity_Services_ServiceManager_Service$G@@@Z 0200f6b0 f   sms.obj
 0001:0000e730       ?m_Init@Class_Microsoft_Singularity_Channels_EMap$_3$LMicrosoft_Singularity_ServiceManager_ServiceManagerContract_Exp_Microsoft_Singularity_ServiceManager_ServiceManagerContract_ServiceSelected_optional_Microsoft_Contracts_NonNullType__Microsoft_Singularity_Services_ServiceManager_Service$G_Node@@SIXPAU1@PAUStruct_Microsoft_Singularity_ServiceManager_ServiceManagerContract_Exp@@PAUClass_Microsoft_Singularity_Services_ServiceManager_Service@@PAUClass_Microsoft_Singularity_Channels_EMap$_3$LMicrosoft_Singularity_ServiceManager_ServiceManagerContract_Exp_Microsoft_Singularity_ServiceManager_ServiceManagerContract_ServiceSelected_optional_Microsoft_Contracts_NonNullType__Microsoft_Singularity_Services_ServiceManager_Service$G@@@Z 0200f730 f   sms.obj
 0001:0000e76c       ?m__ctor@Class_Microsoft_Singularity_Channels_EMap$_3$LMicrosoft_Singularity_ServiceManager_ServiceManagerContract_Exp_Microsoft_Singularity_ServiceManager_ServiceManagerContract_ServiceSelected_optional_Microsoft_Contracts_NonNullType__Microsoft_Singularity_Services_ServiceManager_Service$G_Node@@SIXPAU1@PAUStruct_Microsoft_Singularity_ServiceManager_ServiceManagerContract_Exp@@PAUClass_Microsoft_Singularity_Services_ServiceManager_Service@@PAUClass_Microsoft_Singularity_Channels_EMap$_3$LMicrosoft_Singularity_ServiceManager_ServiceManagerContract_Exp_Microsoft_Singularity_ServiceManager_ServiceManagerContract_ServiceSelected_optional_Microsoft_Contracts_NonNullType__Microsoft_Singularity_Services_ServiceManager_Service$G@@@Z 0200f76c f   sms.obj
 0001:0000e7b4       ?m__ctor@Class_Microsoft_Singularity_Channels_EMap$_3$LMicrosoft_Singularity_ServiceManager_ServiceManagerContract_Exp_Microsoft_Singularity_ServiceManager_ServiceManagerContract_ServiceSelected_optional_Microsoft_Contracts_NonNullType__Microsoft_Singularity_Services_ServiceManager_Service$G_Node@@SIXPAU1@PAUClass_Microsoft_Singularity_Channels_EMap$_3$LMicrosoft_Singularity_ServiceManager_ServiceManagerContract_Exp_Microsoft_Singularity_ServiceManager_ServiceManagerContract_ServiceSelected_optional_Microsoft_Contracts_NonNullType__Microsoft_Singularity_Services_ServiceManager_Service$G@@@Z 0200f7b4 f   sms.obj
 0001:0000e7e8       ?m_StructCopy@Struct_Microsoft_Singularity_V1_Services_ProcessService@@SIXPAU1@0@Z 0200f7e8 f   sms.obj
 0001:0000e804       ?m_StructCopy@Struct_Microsoft_Singularity_V1_Services_ProcessService@@SIXPAU1@PAU1@@Z 0200f804 f   sms.obj
 0001:0000e858       ?g_GetSharedSourceHandles@Struct_Microsoft_Singularity_V1_Services_ProcessService@@SI_NIPAPAUuintPtr@@00@Z 0200f858 f   sms.obj
 0001:0000e8dc       ?m_Equals@Struct_Microsoft_Singularity_V1_Services_ProcessService@@SI_NPAU1@PAUClass_System_Object@@@Z 0200f8dc f   sms.obj
 0001:0000e914       ?m_Equals@Struct_Microsoft_Singularity_V1_Services_ProcessService@@SI_NPAUClass_Microsoft_Singularity_V1_Services_ProcessService@@PAUClass_System_Object@@@Z 0200f914 f   sms.obj
 0001:0000e940       ?g_UnderGCControl@Class_System_GCs_Transitions@@SI_NH@Z 0200f940 f   sms.obj
 0001:0000e9f4       ?g_TransferMutatorControl@Class_System_GCs_Transitions@@SIXPAUStruct_Microsoft_Singularity_ThreadContext@@@Z 0200f9f4 f   sms.obj
 0001:0000eb34       ?g_TransferMutatorControl@Class_System_GCs_Transitions@@SIXPAHH@Z 0200fb34 f   sms.obj
 0001:0000ec48       ?g_ThreadStart@Class_System_GCs_Transitions@@SIXXZ 0200fc48 f   sms.obj
 0001:0000ee30       ?g_ThreadEnd@Class_System_GCs_Transitions@@SIXH@Z 0200fe30 f   sms.obj
 0001:0000f05c       ?g_TakeMutatorControlSlowNoGC@Class_System_GCs_Transitions@@SIXPAHH@Z 0201005c f   sms.obj
 0001:0000f088       ?g_TakeMutatorControlSlow@Class_System_GCs_Transitions@@SIXPAHH@Z 02010088 f   sms.obj
 0001:0000f0b4       ?g_TakeMutatorControlSlow@Class_System_GCs_Transitions@@SIXPAHH_N1@Z 020100b4 f   sms.obj
 0001:0000f280       ?g_TakeMutatorControlNoGC@Class_System_GCs_Transitions@@SIXPAUStruct_Microsoft_Singularity_ThreadContext@@@Z 02010280 f   sms.obj
 0001:0000f3e4       ?g_TakeMutatorControlNoGC@Class_System_GCs_Transitions@@SIXPAHH@Z 020103e4 f   sms.obj
 0001:0000f520       ?g_TakeMutatorControlNoGC@Class_System_GCs_Transitions@@SIXH@Z 02010520 f   sms.obj
 0001:0000f710       ?g_TakeMutatorControl@Class_System_GCs_Transitions@@SIXPAUStruct_Microsoft_Singularity_ThreadContext@@@Z 02010710 f   sms.obj
 0001:0000f874       ?g_TakeMutatorControl@Class_System_GCs_Transitions@@SIXPAHH@Z 02010874 f   sms.obj
 0001:0000f9b0       ?g_TakeMutatorControl@Class_System_GCs_Transitions@@SIXH@Z 020109b0 f   sms.obj
 0001:0000fba0       ?g_TakeGCControl@Class_System_GCs_Transitions@@SI_NPAH@Z 02010ba0 f   sms.obj
 0001:0000fc64       ?g_TakeGCControl@Class_System_GCs_Transitions@@SI_NH@Z 02010c64 f   sms.obj
 0001:0000fde0       ?g_TakeDormantControlNoGC@Class_System_GCs_Transitions@@SIXPAH@Z 02010de0 f   sms.obj
 0001:0000fe8c       ?g_TakeDormantControlNoGC@Class_System_GCs_Transitions@@SIXH@Z 02010e8c f   sms.obj
 0001:0000ffe0       ?g_TakeDormantControl@Class_System_GCs_Transitions@@SIXPAUStruct_Microsoft_Singularity_ThreadContext@@@Z 02010fe0 f   sms.obj
 0001:000100ec       ?g_TakeDormantControl@Class_System_GCs_Transitions@@SIXPAHH@Z 020110ec f   sms.obj
 0001:000101c0       ?g_TakeDormantControl@Class_System_GCs_Transitions@@SIXH@Z 020111c0 f   sms.obj
 0001:00010328       ?g_SwitchToMutatorStateWithGCRequest@Class_System_GCs_Transitions@@SI_NPAH@Z 02011328 f   sms.obj
 0001:00010394       ?g_SwitchToMutatorState@Class_System_GCs_Transitions@@SI_NPAH@Z 02011394 f   sms.obj
 0001:00010444       ?g_RuntimeInitialized@Class_System_GCs_Transitions@@SIXXZ 02011444 f   sms.obj
 0001:00010460       ?g_ReturnToManagedSpace@Class_System_GCs_Transitions@@SIXPAUStruct_Microsoft_Singularity_ThreadContext@@@Z 02011460 f   sms.obj
 0001:00010640       ?g_ReturnFromManagedSpaceNoCallerTransition@Class_System_GCs_Transitions@@SIXXZ 02011640 f   sms.obj
 0001:00010754       ?g_ReturnFromManagedSpace@Class_System_GCs_Transitions@@SIXXZ 02011754 f   sms.obj
 0001:0001089c       ?g_RestoreMutatorControlIfNeeded@Class_System_GCs_Transitions@@SIXXZ 0201189c f   sms.obj
 0001:000109d4       ?g_ReleaseGCControl@Class_System_GCs_Transitions@@SIXPAHH@Z 020119d4 f   sms.obj
 0001:00010a98       ?g_ReleaseGCControl@Class_System_GCs_Transitions@@SIXH@Z 02011a98 f   sms.obj
 0001:00010bf8       ?g_NewThreadNotification@Class_System_GCs_Transitions@@SIXH_N@Z 02011bf8 f   sms.obj
 0001:00010d98       ?g_MakeGCRequests@Class_System_GCs_Transitions@@SIXH@Z 02011d98 f   sms.obj
 0001:00010ec0       ?g_MakeGCRequest@Class_System_GCs_Transitions@@SIXPAHH@Z 02011ec0 f   sms.obj
 0001:00010f24       ?g_MakeGCRequest@Class_System_GCs_Transitions@@SIXH@Z 02011f24 f   sms.obj
 0001:00010fc8       ?g_LeaveManagedSpace@Class_System_GCs_Transitions@@SIXPAUStruct_Microsoft_Singularity_ThreadContext@@@Z 02011fc8 f   sms.obj
 0001:00011108       ?g_LeaveLoadFunctionStub@Class_System_GCs_Transitions@@SIXXZ 02012108 f   sms.obj
 0001:00011274       ?g_InMutatorState@Class_System_GCs_Transitions@@SI_NPAUStruct_Microsoft_Singularity_ThreadContext@@@Z 02012274 f   sms.obj
 0001:000112c4       ?g_InMutatorState@Class_System_GCs_Transitions@@SI_NH@Z 020122c4 f   sms.obj
 0001:00011380       ?g_Initialize@Class_System_GCs_Transitions@@SIXXZ 02012380 f   sms.obj
 0001:00011394       ?g_InDormantState@Class_System_GCs_Transitions@@SI_NH@Z 02012394 f   sms.obj
 0001:00011444       ?g_HasGCRequest@Class_System_GCs_Transitions@@SI_NH@Z 02012444 f   sms.obj
 0001:000114f4       ?g_GetThreadContext@Class_System_GCs_Transitions@@SIPAUStruct_Microsoft_Singularity_ThreadContext@@H@Z 020124f4 f   sms.obj
 0001:00011544       ?g_GetCurrentThreadContext@Class_System_GCs_Transitions@@SIPAUStruct_Microsoft_Singularity_ThreadContext@@H@Z 02012544 f   sms.obj
 0001:000115cc       ?g_fUnderGCControl@Class_System_GCs_Transitions@@SI_NH@Z 020125cc f   sms.obj
 0001:000115f4       ?g_fInMutatorState@Class_System_GCs_Transitions@@SI_NH@Z 020125f4 f   sms.obj
 0001:0001161c       ?g_fInDormantState@Class_System_GCs_Transitions@@SI_NH@Z 0201261c f   sms.obj
 0001:00011644       ?g_fHasGCRequest@Class_System_GCs_Transitions@@SI_NH@Z 02012644 f   sms.obj
 0001:0001166c       ?g_EntryIntoManagedSpace@Class_System_GCs_Transitions@@SIXXZ 0201266c f   sms.obj
 0001:00011854       ?g_EnterLoadFunctionStub@Class_System_GCs_Transitions@@SIXXZ 02012854 f   sms.obj
 0001:00011a4c       ?g_EnsureMutatorControlNoGC@Class_System_GCs_Transitions@@SIXPAUStruct_Microsoft_Singularity_ThreadContext@@@Z 02012a4c f   sms.obj
 0001:00011c2c       ?g_EnsureMutatorControlNoGC@Class_System_GCs_Transitions@@SIXPAHH@Z 02012c2c f   sms.obj
 0001:00011de4       ?g_EnsureMutatorControl@Class_System_GCs_Transitions@@SIXPAUStruct_Microsoft_Singularity_ThreadContext@@@Z 02012de4 f   sms.obj
 0001:00011fc4       ?g_EnsureMutatorControl@Class_System_GCs_Transitions@@SIXPAHH@Z 02012fc4 f   sms.obj
 0001:0001217c       ?g_DeadThreadNotification@Class_System_GCs_Transitions@@SIXH@Z 0201317c f   sms.obj
 0001:0001232c       ?g_CompareAndSwap@Class_System_GCs_Transitions@@SI_NPAHHH@Z 0201332c f   sms.obj
 0001:00012360       ?g_ClearGCRequest@Class_System_GCs_Transitions@@SIXPAHH@Z 02013360 f   sms.obj
 0001:0001240c       ?g_ClearGCRequest@Class_System_GCs_Transitions@@SIXH@Z 0201340c f   sms.obj
 0001:000124b0       ?m__ctor@Class_System_GCs_Transitions@@SIXPAU1@@Z 020134b0 f   sms.obj
 0001:000124cc       ?m__ctor@Class_Microsoft_Singularity_Xml_XmlNode_XmlAttr@@SIXPAU1@PAUClass_System_String@@1@Z 020134cc f   sms.obj
 0001:00012510       ?m_StructCopy@Struct_Microsoft_Singularity_Directory_DirectoryServiceContract_Notify@@SIXPAU1@0@Z 02013510 f   sms.obj
 0001:0001255c       ?m_StructCopy@Struct_Microsoft_Singularity_Directory_DirectoryServiceContract_Notify@@SIXPAU1@PAU1@@Z 0201355c f   sms.obj
 0001:00012640       ?m_Equals@Struct_Microsoft_Singularity_Directory_DirectoryServiceContract_Notify@@SI_NPAU1@PAUClass_System_Object@@@Z 02013640 f   sms.obj
 0001:000126b8       ?m_Equals@Struct_Microsoft_Singularity_Directory_DirectoryServiceContract_Notify@@SI_NPAUClass_Microsoft_Singularity_Directory_DirectoryServiceContract_Notify@@PAUClass_System_Object@@@Z 020136b8 f   sms.obj
 0001:000126e4       ?m_StructCopy@Struct_Microsoft_Singularity_ServiceManager_ServiceEventContract_Ack@@SIXPAU1@0@Z 020136e4 f   sms.obj
 0001:00012700       ?m_StructCopy@Struct_Microsoft_Singularity_ServiceManager_ServiceEventContract_Ack@@SIXPAU1@PAU1@@Z 02013700 f   sms.obj
 0001:00012754       ?m_MarshallContent@Struct_Microsoft_Singularity_ServiceManager_ServiceEventContract_Ack@@SIXPAU1@PAEPAUStruct_Microsoft_Singularity_Channels_Endpoint@@1PAH@Z 02013754 f   sms.obj
 0001:00012774       ?m_MarshallAll@Struct_Microsoft_Singularity_ServiceManager_ServiceEventContract_Ack@@SIXPAU1@PAEPAUStruct_Microsoft_Singularity_Channels_Endpoint@@PAH@Z 02013774 f   sms.obj
 0001:000127cc       ?m_Equals@Struct_Microsoft_Singularity_ServiceManager_ServiceEventContract_Ack@@SI_NPAU1@PAUClass_System_Object@@@Z 020137cc f   sms.obj
 0001:00012804       ?m_Equals@Struct_Microsoft_Singularity_ServiceManager_ServiceEventContract_Ack@@SI_NPAUClass_Microsoft_Singularity_ServiceManager_ServiceEventContract_Ack@@PAUClass_System_Object@@@Z 02013804 f   sms.obj
 0001:00012830       ?m_TryAcquire@Struct_System_Threading_SpinLockBase@@SI_NPAU1@H@Z 02013830 f   sms.obj
 0001:00012888       ?m_StructCopy@Struct_System_Threading_SpinLockBase@@SIXPAU1@0@Z 02013888 f   sms.obj
 0001:000128bc       ?m_StructCopy@Struct_System_Threading_SpinLockBase@@SIXPAU1@PAU1@@Z 020138bc f   sms.obj
 0001:00012958       ?m_SpinToAcquire@Struct_System_Threading_SpinLockBase@@SIXPAU1@H@Z 02013958 f   sms.obj
 0001:00012a3c       ?m_Release@Struct_System_Threading_SpinLockBase@@SIXPAU1@H@Z 02013a3c f   sms.obj
 0001:00012a7c       ?m_get$_Type@Struct_System_Threading_SpinLockBase@@SIHPAU1@@Z 02013a7c f   sms.obj
 0001:00012a9c       ?m_Equals@Struct_System_Threading_SpinLockBase@@SI_NPAU1@PAUClass_System_Object@@@Z 02013a9c f   sms.obj
 0001:00012af8       ?m_Equals@Struct_System_Threading_SpinLockBase@@SI_NPAUClass_System_Threading_SpinLockBase@@PAUClass_System_Object@@@Z 02013af8 f   sms.obj
 0001:00012b24       ?m_Acquire@Struct_System_Threading_SpinLockBase@@SIXPAU1@H@Z 02013b24 f   sms.obj
 0001:00012ba0       ?m_StructCopy@Struct_Microsoft_Singularity_Directory_ServiceProviderContract_Connect@@SIXPAU1@0@Z 02013ba0 f   sms.obj
 0001:00012bc8       ?m_StructCopy@Struct_Microsoft_Singularity_Directory_ServiceProviderContract_Connect@@SIXPAU1@PAU1@@Z 02013bc8 f   sms.obj
[...]
 0003:0002142c       ?c_currentCulture@Class_System_Globalization_CultureInfo@@2PAU1@A 0210942c     sms.obj
 0003:00021430       ?c_sShortTime@Class_System_Globalization_CultureInfo@@2PAUClassVector_Class_System_String@@A 02109430     sms.obj
 0003:00021434       ?c_sADEra@Class_System_Globalization_CultureInfo@@2PAUClass_System_String@@A 02109434     sms.obj
 0003:00021438       ?c_sThousand@Class_System_Globalization_CultureInfo@@2PAUClass_System_String@@A 02109438     sms.obj
 0003:0002143c       ?c_sMonthGenitiveName@Class_System_Globalization_CultureInfo@@2PAUClassVector_Class_System_String@@A 0210943c     sms.obj
 0003:00021440       ?c_sTime@Class_System_Globalization_CultureInfo@@2PAUClass_System_String@@A 02109440     sms.obj
 0003:00021444       ?c_sLongDate@Class_System_Globalization_CultureInfo@@2PAUClassVector_Class_System_String@@A 02109444     sms.obj
 0003:00021448       ?c_sPositiveSign@Class_System_Globalization_CultureInfo@@2PAUClass_System_String@@A 02109448     sms.obj
 0003:0002144c       ?c_sAbbrevMonthNames@Class_System_Globalization_CultureInfo@@2PAUClassVector_Class_System_String@@A 0210944c     sms.obj
 0003:00021450       ?c_sAbbrevMonthGenitiveName@Class_System_Globalization_CultureInfo@@2PAUClassVector_Class_System_String@@A 02109450     sms.obj
 0003:00021454       ?c_iFirstWeekOfYear@Class_System_Globalization_CultureInfo@@2GA 02109454     sms.obj
 0003:00021456       ?c_iLanguage@Class_System_Globalization_CultureInfo@@2GA 02109456     sms.obj
 0003:00021458       ?c_NativeLangId@Class_System_Globalization_CultureInfo@@2GA 02109458     sms.obj
 0003:0002145a       ?c_iFirstDayOfWeek@Class_System_Globalization_CultureInfo@@2GA 0210945a     sms.obj
 0003:0002145c       ?c_sAbbevADEra@Class_System_Globalization_CultureInfo@@2PAUClass_System_String@@A 0210945c     sms.obj
 0003:00021460       ?c_sShortDate@Class_System_Globalization_CultureInfo@@2PAUClassVector_Class_System_String@@A 02109460     sms.obj
 0003:00021464       ?c_iPositivePercent@Class_System_Globalization_CultureInfo@@2GA 02109464     sms.obj
 0003:00021468       ?c_sDecimal@Class_System_Globalization_CultureInfo@@2PAUClass_System_String@@A 02109468     sms.obj
 0003:0002146c       ?c_threadIndexGenerator@Class_System_Threading_Thread@@2HA 0210946c     sms.obj
 0003:00021470       ?c_initialThread@Class_System_Threading_Thread@@2PAU1@A 02109470     sms.obj
 0003:00021478       ?c_totalArrayBytesAllocated@Class_System_Threading_Thread@@2_JA 02109478     sms.obj
 0003:00021480       ?c_threadCount@Class_System_Threading_Thread@@2HA 02109480     sms.obj
 0003:00021484       ?c_closing@Class_System_Threading_Thread@@2_NA 02109484     sms.obj
 0003:00021488       ?c_threadTableLock@Class_System_Threading_Thread@@2?AUStruct_System_Threading_SpinLock@@A 02109488     sms.obj
 0003:00021490       ?c_m$_LocalDataStoreMgr@Class_System_Threading_Thread@@2PAUClass_System_LocalDataStoreMgr@@A 02109490     sms.obj
 0003:00021490       ?c_maxThreads@Class_System_Threading_Thread@@2HA 02109490     sms.obj
 0003:00021494       ?c_localDataStore@Class_System_Threading_Thread@@2PAUClass_System_LocalDataStore@@A 02109494     sms.obj
 0003:00021498       ?c_totalArrayAllocations@Class_System_Threading_Thread@@2_JA 02109498     sms.obj
 0003:000214a0       ?c_totalStructBytesAllocated@Class_System_Threading_Thread@@2_JA 021094a0     sms.obj
 0003:000214a8       ?c_notificationTable@Class_System_Threading_Thread@@2PAUClassVector_Class_System_Object@@A 021094a8     sms.obj
 0003:000214ac       ?c_notificationTableObject@Class_System_Threading_Thread@@2PAUClass_System_Object@@A 021094ac     sms.obj
 0003:000214b0       ?c_threadTable@Class_System_Threading_Thread@@2PAUClassVector_Class_System_Threading_Thread@@A 021094b0     sms.obj
 0003:000214b8       ?c_totalBytes@Class_System_Threading_Thread@@2_JA 021094b8     sms.obj
 0003:000214c0       ?c_IF@Struct_Microsoft_Singularity_Isal_IX_EFlagsShift@@2IA 021094c0     sms.obj
 0003:000214c0       ?c_genericReferenceVisitor@Class_System_GCs_Verifier@@2PAUClass_System_GCs_Verifier_GenericReferenceVisitor@@A 021094c0     sms.obj
 0003:000214c4       ?c_genericStackVerifier@Class_System_GCs_Verifier@@2PAUClass_System_GCs_Verifier_GenericStackVerifier@@A 021094c4     sms.obj
 0003:000214c8       ?c_segregatedFreeListVerifier@Class_System_GCs_Verifier@@2PAU1@A 021094c8     sms.obj
 0003:000214cc       ?c_genericThreadReferenceVisitor@Class_System_GCs_Verifier@@2PAUClass_System_GCs_Verifier_GenericThreadReferenceVisitor@@A 021094cc     sms.obj
 0003:000214d0       ?c_genericObjectVisitor@Class_System_GCs_Verifier@@2PAUClass_System_GCs_Verifier_GenericObjectVisitor@@A 021094d0     sms.obj
 0003:000214d4       ?c_bumpAllocatorVerifier@Class_System_GCs_Verifier@@2PAU1@A 021094d4     sms.obj
 0003:000214d8       ?c_internedStringVector@Class_System_String@@2PAUClassVector_Class_System_String@@A 021094d8     sms.obj
 0003:000214dc       ?c_TrimTail@Class_System_String@@2HA 021094dc     sms.obj
 0003:000214dc       ?c_HighCharTable@Class_System_String@@2PAUClassVector_bool@@A 021094dc     sms.obj
 0003:000214dc       ?c_TrimHead@Class_System_String@@2HA 021094dc     sms.obj
 0003:0002156c       ?c_TrimBoth@Class_System_String@@2HA 0210956c     sms.obj
 0003:0002156c       ?c_internedStringHashCodes@Class_System_String@@2PAUClassVector_int32@@A 0210956c     sms.obj
 0003:00021570       ?c_internedStringBound@Class_System_String@@2HA 02109570     sms.obj
 0003:00021574       ?c_Empty@Class_System_String@@2PAU1@A 02109574     sms.obj
 0003:00021578       ?c_internedStringCount@Class_System_String@@2HA 02109578     sms.obj
 0003:0002157c       ?c_IsLittleEndian@Class_System_BitConverter@@2_NA 0210957c     sms.obj
 0003:00021580       ?c_MaxValue@int64@@2_JA    02109580     sms.obj
 0003:00021580       ?c_MinValue@int64@@2_JA    02109580     sms.obj
 0003:00021580       ?c_headRef@Class_System_WeakReference@@2PAU1@A 02109580     sms.obj
 0003:00021584       ?c_$_nullMessage@Class_System_ArgumentNullException@@2PAUClass_System_String@@A 02109584     sms.obj
 0003:00021588       ?c_appName@Class_Microsoft_Singularity_AppRuntime@@2PAUClass_System_String@@A 02109588     sms.obj
 0003:0002158c       ?c_DormantState@Class_System_GCs_Transitions@@2HA 0210958c     sms.obj
 0003:0002158c       ?c_OtherMutatorState@Class_System_GCs_Transitions@@2HA 0210958c     sms.obj
 0003:0002158c       ?c_fInitializedRuntime@Class_System_GCs_Transitions@@2_NA 0210958c     sms.obj
 0003:0002158c       ?c_MutatorState@Class_System_GCs_Transitions@@2HA 0210958c     sms.obj
 0003:00021590       ?c_SR$$0@Class_Microsoft_Singularity_Io_PipeLookAhead@@2PAUClassVector_ClassVector_int32@@A 02109590     sms.obj
 0003:00021590       ?c_OtherDormantState@Class_System_GCs_Transitions@@2HA 02109590     sms.obj
 0003:00021594       ?c_SR$$1@Class_Microsoft_Singularity_Io_PipeLookAhead@@2PAUClassVector_ClassVector_int32@@A 02109594     sms.obj
 0003:00021598       ?c_limitPtr@Class_System_GCs_BootstrapMemory@@2IA 02109598     sms.obj
 0003:0002159c       ?c_allocPtr@Class_System_GCs_BootstrapMemory@@2IA 0210959c     sms.obj
 0003:000215a0       ?c_unicodeTableLevel3@Class_System_Globalization_CompareInfo@@2PAUClassVector_uint16@@A 021095a0     sms.obj
 0003:00022bf0       ?c_caseTableLevel2@Class_System_Globalization_CompareInfo@@2PAUClassVector_int16@@A 0210abf0     sms.obj
 0003:00022f80       ?c_diacriticTableLevel1@Class_System_Globalization_CompareInfo@@2PAUClassVector_int16@@A 0210af80     sms.obj
 0003:00023190       ?c_unicodeTableLevel1@Class_System_Globalization_CompareInfo@@2PAUClassVector_int16@@A 0210b190     sms.obj
 0003:000233a0       ?c_caseTableLevel3@Class_System_Globalization_CompareInfo@@2PAUClassVector_uint8@@A 0210b3a0     sms.obj
 0003:00023970       ?c_diacriticTableLevel3@Class_System_Globalization_CompareInfo@@2PAUClassVector_uint8@@A 0210b970     sms.obj
 0003:00024170       ?c_unicodeTableLevel2@Class_System_Globalization_CompareInfo@@2PAUClassVector_int16@@A 0210c170     sms.obj
 0003:00024520       ?c_caseTableLevel1@Class_System_Globalization_CompareInfo@@2PAUClassVector_int16@@A 0210c520     sms.obj
 0003:00024730       ?c_diacriticTableLevel2@Class_System_Globalization_CompareInfo@@2PAUClassVector_int16@@A 0210c730     sms.obj
 0003:00024ae0       ?c_DF@Struct_Microsoft_Singularity_Isal_IX_EFlags@@2IA 0210cae0     sms.obj
 0003:00024ae0       ?c_RF@Struct_Microsoft_Singularity_Isal_IX_EFlags@@2IA 0210cae0     sms.obj
 0003:00024ae0       ?c_VF@Struct_Microsoft_Singularity_Isal_IX_EFlags@@2IA 0210cae0     sms.obj
 0003:00024ae0       ?c_NT@Struct_Microsoft_Singularity_Isal_IX_EFlags@@2IA 0210cae0     sms.obj
 0003:00024ae0       ?c_IF@Struct_Microsoft_Singularity_Isal_IX_EFlags@@2IA 0210cae0     sms.obj
 0003:00024ae0       ?c_staticPtrs@Class_System_GCs_MemoryAccounting@@2PAUNull@@A 0210cae0     sms.obj
 0003:00024ae0       ?c_PF@Struct_Microsoft_Singularity_Isal_IX_EFlags@@2IA 0210cae0     sms.obj
 0003:00024ae0       ?c_SF@Struct_Microsoft_Singularity_Isal_IX_EFlags@@2IA 0210cae0     sms.obj
 0003:00024ae0       ?c_AF@Struct_Microsoft_Singularity_Isal_IX_EFlags@@2IA 0210cae0     sms.obj
 0003:00024ae0       ?c_ID@Struct_Microsoft_Singularity_Isal_IX_EFlags@@2IA 0210cae0     sms.obj
 0003:00024ae0       ?c_ZF@Struct_Microsoft_Singularity_Isal_IX_EFlags@@2IA 0210cae0     sms.obj
 0003:00024ae0       ?c_TF@Struct_Microsoft_Singularity_Isal_IX_EFlags@@2IA 0210cae0     sms.obj
 0003:00024ae0       ?c_VM@Struct_Microsoft_Singularity_Isal_IX_EFlags@@2IA 0210cae0     sms.obj
 0003:00024ae0       ?c_IOPL@Struct_Microsoft_Singularity_Isal_IX_EFlags@@2IA 0210cae0     sms.obj
 0003:00024ae0       ?c_CF@Struct_Microsoft_Singularity_Isal_IX_EFlags@@2IA 0210cae0     sms.obj
 0003:00024ae0       ?c_AC@Struct_Microsoft_Singularity_Isal_IX_EFlags@@2IA 0210cae0     sms.obj
 0003:00024ae0       ?c_OF@Struct_Microsoft_Singularity_Isal_IX_EFlags@@2IA 0210cae0     sms.obj
 0003:00024ae0       ?c_VIP@Struct_Microsoft_Singularity_Isal_IX_EFlags@@2IA 0210cae0     sms.obj
 0003:00024ae0       ?c_VIF@Struct_Microsoft_Singularity_Isal_IX_EFlags@@2IA 0210cae0     sms.obj
 0003:00024ae4       ?c_runtimeTypeMapper@Class_System_GCs_MemoryAccounting@@2PAUNull@@A 0210cae4     sms.obj
 0003:00024ae8       ?c_forGCRuntimeTypeReckoner@Class_System_GCs_MemoryAccounting@@2PAUNull@@A 0210cae8     sms.obj
 0003:00024aec       ?c_totalSize@Class_System_GCs_MemoryAccounting@@2IA 0210caec     sms.obj
 0003:00024af0       ?c_initialized@Class_System_GCs_MemoryAccounting@@2_NA 0210caf0     sms.obj
 0003:00024af4       ?c_forGCInstanceReckoner@Class_System_GCs_MemoryAccounting@@2PAUNull@@A 0210caf4     sms.obj
 0003:00024af8       ?c_instanceReckoner@Class_System_GCs_MemoryAccounting@@2PAUNull@@A 0210caf8     sms.obj
 0003:00024afc       ?c_traceablePinnedPtrs@Class_System_GCs_MemoryAccounting@@2PAUNull@@A 0210cafc     sms.obj
 0003:00024b00       ?c_table@Class_System_GCs_MemoryAccounting@@2PAUNull@@A 0210cb00     sms.obj
 0003:00024b04       ?c_runtimeTypeReckoner@Class_System_GCs_MemoryAccounting@@2PAUNull@@A 0210cb04     sms.obj
 0003:00024b08       ?c_forGCAssertRTypeHeaders@Class_System_GCs_MemoryAccounting@@2PAUNull@@A 0210cb08     sms.obj
 0003:00024b0c       ?c_traceablePtrs@Class_System_GCs_MemoryAccounting@@2PAUNull@@A 0210cb0c     sms.obj
 0003:00024b10       ?c_forGCRuntimeTypeMapper@Class_System_GCs_MemoryAccounting@@2PAUNull@@A 0210cb10     sms.obj
 0003:00024b14       ?c_Default@Class_System_Collections_Comparer@@2PAU1@A 0210cb14     sms.obj
 0003:00024b18       ?c_ENLISTMENT$_LOG$_CHUNK$_SIZE@Class_System_TryAllManager@@2HA 0210cb18     sms.obj
 0003:00024b1c       ?c_REMOVE$_READ$_DUPLICATES$_AT$_GC@Class_System_TryAllManager@@2_NA 0210cb1c     sms.obj
 0003:00024b20       ?c_staticDummyLogged@Class_System_TryAllManager@@2IA 0210cb20     sms.obj
 0003:00024b24       ?c_fixup@Class_System_TryAllManager@@2HA 0210cb24     sms.obj
 0003:00024b28       ?c_objForStaticEnlists@Class_System_TryAllManager@@2PAUClass_System_Object@@A 0210cb28     sms.obj
 0003:00024b2c       ?c_HASHING@Class_System_TryAllManager@@2_NA 0210cb2c     sms.obj
 0003:00024b2d       ?c_ENABLE$_PROFILING@Class_System_TryAllManager@@2_NA 0210cb2d     sms.obj
 0003:00024b30       ?c_HASH$_MASK@Class_System_TryAllManager@@2HA 0210cb30     sms.obj
 0003:00024b34       ?c_UPDATE$_LOG$_CHUNK$_SIZE@Class_System_TryAllManager@@2HA 0210cb34     sms.obj
 0003:00024b38       ?c_TRACK$_TRANSACTION$_LOCALS@Class_System_TryAllManager@@2_NA 0210cb38     sms.obj
 0003:00024b39       ?c_REMOVE$_READ$_AFTER$_UPDATE$_AT$_GC@Class_System_TryAllManager@@2_NA 0210cb39     sms.obj
 0003:00024b3c       ?c_postGCHookDelegate@Class_System_TryAllManager@@2PAUClass_System_TryAllManager_GCHookMethod@@A 0210cb3c     sms.obj
 0003:00024b40       ?c_DISABLE$_BEFORE$_WRITING$_LOG@Class_System_TryAllManager@@2_NA 0210cb40     sms.obj
 0003:00024b41       ?c_DISABLE$_BEFORE$_FILTERING@Class_System_TryAllManager@@2_NA 0210cb41     sms.obj
 0003:00024b42       ?c_DISABLE$_ON$_METHOD$_ENTRY@Class_System_TryAllManager@@2_NA 0210cb42     sms.obj
 0003:00024b43       ?c_DISABLE$_HOUSEKEEPING@Class_System_TryAllManager@@2_NA 0210cb43     sms.obj
 0003:00024b44       ?c_EXTERNAL$_BITMAP@Class_System_TryAllManager@@2_NA 0210cb44     sms.obj
 0003:00024b48       ?c_preGCHookDelegate@Class_System_TryAllManager@@2PAUClass_System_TryAllManager_GCHookMethod@@A 0210cb48     sms.obj
 0003:00024b4c       ?c_visitStrongRefsDelegate@Class_System_TryAllManager@@2PAUClass_System_TryAllManager_VisitMethod@@A 0210cb4c     sms.obj
 0003:00024b50       ?c_visitWeakRefsDelegate@Class_System_TryAllManager@@2PAUClass_System_TryAllManager_VisitMethod@@A 0210cb50     sms.obj
 0003:00024b54       ?c_REMOVE$_READ$_AFTER$_UPDATE$_AT$_ENLISTMENT@Class_System_TryAllManager@@2_NA 0210cb54     sms.obj
 0003:00024b58       ?c_batchesAvailable@Class_System_TryAllManager@@2HA 0210cb58     sms.obj
 0003:00024b5c       ?c_DISABLE$_AFTER$_FILTERING@Class_System_TryAllManager@@2_NA 0210cb5c     sms.obj
 0003:00024b5d       ?c_HASHING$_FOR$_READS@Class_System_TryAllManager@@2_NA 0210cb5d     sms.obj
 0003:00024b60       ?c_daplock@Class_System_TryAllManager@@2HA 0210cb60     sms.obj
 0003:00024b64       ?c_BITMAP@Class_System_TryAllManager@@2_NA 0210cb64     sms.obj
 0003:00024b68       ?c_TypeStorageHandle@Class_Microsoft_Singularity_GCProfilerLogger@@2IA 0210cb68     sms.obj
 0003:00024b6c       ?c_CurrentProfiler@Class_Microsoft_Singularity_GCProfilerLogger@@2PAU1@A 0210cb6c     sms.obj
 0003:00024b70       ?c_StorageHandle@Class_Microsoft_Singularity_GCProfilerLogger@@2IA 0210cb70     sms.obj
 0003:00024b74       ?c_hexValues@Class_System_Reflection_Assembly@@2PAUClassVector_bartok_char@@A 0210cb74     sms.obj
 0003:00024ba4       ?c_CandidateTable@Struct_System_Finalizer@@2PAUClassVector_ClassVector_uintPtr@@A 0210cba4     sms.obj
 0003:00024ba8       ?c_lastCandidateIndex@Struct_System_Finalizer@@2HA 0210cba8     sms.obj
 0003:00024bac       ?c_WaitForPendingShouldReturn@Struct_System_Finalizer@@2PAUClass_System_Threading_ManualResetEvent@@A 0210cbac     sms.obj
 0003:00024bb0       ?c_spinLock@Struct_System_Finalizer@@2?AUStruct_System_Threading_SpinLock@@A 0210cbb0     sms.obj
 0003:00024bb8       ?c_finalizerThread@Struct_System_Finalizer@@2PAUClass_System_Threading_Thread@@A 0210cbb8     sms.obj
 0003:00024bbc       ?c_WaitingToRun@Struct_System_Finalizer@@2HA 0210cbbc     sms.obj
 0003:00024bc0       ?c_CandidateTableShadow@Struct_System_Finalizer@@2PAUClassVector_ClassVector_uintPtr@@A 0210cbc0     sms.obj
 0003:00024bc4       ?c_freeCandidateLink@Struct_System_Finalizer@@2HA 0210cbc4     sms.obj
 0003:00024bc8       ?c_LastTableRun@Struct_System_Finalizer@@2HA 0210cbc8     sms.obj
 0003:00024bcc       ?c_WorkExistsForFinalizerThread@Struct_System_Finalizer@@2PAUClass_System_Threading_AutoResetEvent@@A 0210cbcc     sms.obj
 0003:00024bd0       ?c_LastEntryRun@Struct_System_Finalizer@@2HA 0210cbd0     sms.obj
 0003:00024bd4       ?c_RunFinalizerTable@Struct_System_Finalizer@@2PAUClassVector_ClassVector_uintPtr@@A 0210cbd4     sms.obj
 0003:00024bd8       ?c_RunFinalizerTableShadow@Struct_System_Finalizer@@2PAUClassVector_ClassVector_uintPtr@@A 0210cbd8     sms.obj
 0003:00024bdc       ?c_madeRunnable@Struct_System_Finalizer@@2_NA 0210cbdc     sms.obj
 0003:00024bdd       ?c_running@Struct_System_Finalizer@@2_NA 0210cbdd     sms.obj
 0003:00024be0       ?c_internedStringConstants@Class_System_String@@2PAUClassVector_Class_System_String@@A 0210cbe0     sms.obj
 0003:0004ecf6       c_dataSectionEnd@Class_System_GCs_StaticData 02136cf6     sms.obj
 0003:0004ed00       __fltused                  02136d00     native.Full:Number.obj
 0003:0004f3b0       ?SourceController@@3U_SOURCE_CONTROLLER@@A 021373b0     native.Full:EventController.obj
 0003:0004f3cc       ?TracingStorageHandle@@3PAUuintPtr@@A 021373cc     native.Full:Tracing.obj
 0003:0004f3d0       ?TracingSource@@3PAU_SOURCE_DESCRIPTOR@@A 021373d0     native.Full:Tracing.obj
 0003:0004f3d4       ?TracingTypeHandle@@3PAUuintPtr@@A 021373d4     native.Full:Tracing.obj
 0003:0004f3d8       ?KdDebuggerNotPresent@@3HA 021373d8     native.Full:ProcessEntry.obj
 0003:0004f3dc       ?Handle_GC_TYPE@@3PAUuintPtr@@A 021373dc     native.Full:EventDescriptor.obj
 0003:0004f3e0       ?Handle_MEMORY_HEADER@@3PAUuintPtr@@A 021373e0     native.Full:EventDescriptor.obj
 0003:0004f3e4       ?Handle_GC_FUNCTION@@3PAUuintPtr@@A 021373e4     native.Full:EventDescriptor.obj
 0003:0004f3e8       ?Handle_GC_STACK@@3PAUuintPtr@@A 021373e8     native.Full:EventDescriptor.obj
 0003:0004f3ec       ?Handle_GC_OBJECT@@3PAUuintPtr@@A 021373ec     native.Full:EventDescriptor.obj
 0003:0004f3f0       ?Handle_LOG_EXCEPTION@@3PAUuintPtr@@A 021373f0     native.Full:EventDescriptor.obj
 0003:0004f3f4       ?Handle_GC_ALLOCATION@@3PAUuintPtr@@A 021373f4     native.Full:EventDescriptor.obj
 0003:0004f3f8       ?Handle_GC_GENERATIONS@@3PAUuintPtr@@A 021373f8     native.Full:EventDescriptor.obj
 0003:0004f3fc       ?Handle_LOG_SEVERITY@@3PAUuintPtr@@A 021373fc     native.Full:EventDescriptor.obj
 0003:0004f400       ?Handle_MONITORING_ENTRY@@3PAUuintPtr@@A 02137400     native.Full:EventDescriptor.obj
 0003:0004f404       ?Handle_GC_ROOTS@@3PAUuintPtr@@A 02137404     native.Full:EventDescriptor.obj
 0003:0004f408       ?Handle_LEGACY_LOG_ENTRY@@3PAUuintPtr@@A 02137408     native.Full:EventDescriptor.obj
 0003:0004f40c       ?Handle_GC_INTERVAL@@3PAUuintPtr@@A 0213740c     native.Full:EventDescriptor.obj
 0003:0004f414       ?MonitoringStorageHandle@@3PAUuintPtr@@A 02137414     native.Full:Monitoring.obj
 0003:0004f418       ?MonitoringSource@@3PAU_SOURCE_DESCRIPTOR@@A 02137418     native.Full:Monitoring.obj
 0003:0004f41c       ?MonitoringTypeHandle@@3PAUuintPtr@@A 0213741c     native.Full:Monitoring.obj
 0004:00000000       ___xc_a                    02138000     native.Full:CInit.obj
 0004:00000004       ___xc_z                    02138004     native.Full:CInit.obj
 0004:00000008       ___xi_a                    02138008     native.Full:CInit.obj
 0004:0000000c       ___xi_z                    0213800c     native.Full:CInit.obj
 0004:00000010       ___xp_a                    02138010     native.Full:CInit.obj
 0004:00000014       ___xp_z                    02138014     native.Full:CInit.obj
 0004:00000018       ___xt_a                    02138018     native.Full:CInit.obj
 0004:0000001c       ___xt_z                    0213801c     native.Full:CInit.obj

 entry point at        0000:00000000

 Static symbols

 0001:000bea30       ?dtold12@@YIXPAU_LDBL12@@PBN@Z 020bfa30 f   native.Full:Number.obj
 0001:000beb00       ?ld12mul@@YIXPAU_LDBL12@@0@Z 020bfb00 f   native.Full:Number.obj
 0001:000bedc0       ?multtenpow12@@YIXPAU_LDBL12@@H@Z 020bfdc0 f   native.Full:Number.obj
 0001:000c0480       ?LookupTable@@YIIIPAPAUExceptionTableEntry@@0@Z 020c1480 f   native.Full:halexn.obj
