 tty

 Timestamp is 62167188 (Wed Feb 23 18:40:24 2022)

 Preferred load address is 02000000

 Start         Length     Name                   Class
 0001:00000000 0009441eH .text                   CODE
 0002:00000000 0000013cH .idata$5                DATA
 0002:00000140 00016179H .rdata                  DATA
 0002:000162bc 00000014H .idata$2                DATA
 0002:000162d0 00000014H .idata$3                DATA
 0002:000162e4 0000013cH .idata$4                DATA
 0002:00016420 00001f94H .idata$6                DATA
 0002:000183b4 00000000H .edata                  DATA
 0002:000183b4 00000078H .rdata$debug            DATA
 0003:00000000 000346a0H .data                   DATA
 0003:000346a0 00000070H .bss                    DATA
 0004:00000000 00000004H .CRT$XCA                DATA
 0004:00000004 00000004H .CRT$XCZ                DATA
 0004:00000008 00000004H .CRT$XIA                DATA
 0004:0000000c 00000004H .CRT$XIZ                DATA
 0004:00000010 00000004H .CRT$XPA                DATA
 0004:00000014 00000004H .CRT$XPZ                DATA
 0004:00000018 00000004H .CRT$XTA                DATA
 0004:0000001c 00000004H .CRT$XTZ                DATA

  Address         Publics by Value              Rva+Base       Lib:Object

 0000:00000000       ___safe_se_handler_table   00000000     <absolute>
 0000:00000000       ___safe_se_handler_count   00000000     <absolute>
 0001:00000000       C:\Users\cc\source\repos\Singularity-OS\base.obj\AppNativeObj\Debug.x86.MarkSweep\tty_CodeBase 02001000     tty.obj
 0001:00000000       ?m_StructCopy@Struct_System_UpdateEnlistmentLog_Location@@SIXPAU1@0@Z 02001000 f   tty.obj
 0001:00000034       ?m_StructCopy@Struct_System_UpdateEnlistmentLog_Location@@SIXPAU1@PAU1@@Z 02001034 f   tty.obj
 0001:000000d0       ?m_Equals@Struct_System_UpdateEnlistmentLog_Location@@SI_NPAU1@PAUClass_System_Object@@@Z 020010d0 f   tty.obj
 0001:00000130       ?m_Equals@Struct_System_UpdateEnlistmentLog_Location@@SI_NPAUClass_System_UpdateEnlistmentLog_Location@@PAUClass_System_Object@@@Z 02001130 f   tty.obj
 0001:0000015c       ?m__ctor@Struct_System_UpdateEnlistmentLog_Location@@SIXPAU1@PAUClass_System_UpdateEnlistmentLog_LogChunk@@H@Z 0200115c f   tty.obj
 0001:0000018c       ?m_Unlink@Class_Microsoft_Singularity_Channels_ESet$_2$LMicrosoft_Singularity_Io_UnicodePipeContract_Exp_Microsoft_Singularity_Io_UnicodePipeContract_ACK$G_Node@@SIPAUStruct_Microsoft_Singularity_Io_UnicodePipeContract_Exp@@PAU1@PAUClass_Microsoft_Singularity_Channels_ESet$_2$LMicrosoft_Singularity_Io_UnicodePipeContract_Exp_Microsoft_Singularity_Io_UnicodePipeContract_ACK$G@@@Z 0200118c f   tty.obj
 0001:000002a0       ?m_LinkAsNext@Class_Microsoft_Singularity_Channels_ESet$_2$LMicrosoft_Singularity_Io_UnicodePipeContract_Exp_Microsoft_Singularity_Io_UnicodePipeContract_ACK$G_Node@@SIXPAU1@PAUStruct_Microsoft_Singularity_Io_UnicodePipeContract_Exp@@PAUClass_Microsoft_Singularity_Channels_ESet$_2$LMicrosoft_Singularity_Io_UnicodePipeContract_Exp_Microsoft_Singularity_Io_UnicodePipeContract_ACK$G@@@Z 020012a0 f   tty.obj
 0001:0000031c       ?m_Init@Class_Microsoft_Singularity_Channels_ESet$_2$LMicrosoft_Singularity_Io_UnicodePipeContract_Exp_Microsoft_Singularity_Io_UnicodePipeContract_ACK$G_Node@@SIXPAU1@PAUStruct_Microsoft_Singularity_Io_UnicodePipeContract_Exp@@PAUClass_Microsoft_Singularity_Channels_ESet$_2$LMicrosoft_Singularity_Io_UnicodePipeContract_Exp_Microsoft_Singularity_Io_UnicodePipeContract_ACK$G@@@Z 0200131c f   tty.obj
 0001:0000034c       ?m__ctor@Class_Microsoft_Singularity_Channels_ESet$_2$LMicrosoft_Singularity_Io_UnicodePipeContract_Exp_Microsoft_Singularity_Io_UnicodePipeContract_ACK$G_Node@@SIXPAU1@PAUStruct_Microsoft_Singularity_Io_UnicodePipeContract_Exp@@PAUClass_Microsoft_Singularity_Channels_ESet$_2$LMicrosoft_Singularity_Io_UnicodePipeContract_Exp_Microsoft_Singularity_Io_UnicodePipeContract_ACK$G@@@Z 0200134c f   tty.obj
 0001:00000390       ?m__ctor@Class_Microsoft_Singularity_Channels_ESet$_2$LMicrosoft_Singularity_Io_UnicodePipeContract_Exp_Microsoft_Singularity_Io_UnicodePipeContract_ACK$G_Node@@SIXPAU1@PAUClass_Microsoft_Singularity_Channels_ESet$_2$LMicrosoft_Singularity_Io_UnicodePipeContract_Exp_Microsoft_Singularity_Io_UnicodePipeContract_ACK$G@@@Z 02001390 f   tty.obj
 0001:000003c4       ?m_StructCopy@Struct_Microsoft_Singularity_Io_ConsoleDeviceContract_DisplayDimensions@@SIXPAU1@0@Z 020013c4 f   tty.obj
 0001:000003f8       ?m_StructCopy@Struct_Microsoft_Singularity_Io_ConsoleDeviceContract_DisplayDimensions@@SIXPAU1@PAU1@@Z 020013f8 f   tty.obj
 0001:00000494       ?m_Equals@Struct_Microsoft_Singularity_Io_ConsoleDeviceContract_DisplayDimensions@@SI_NPAU1@PAUClass_System_Object@@@Z 02001494 f   tty.obj
 0001:000004f0       ?m_Equals@Struct_Microsoft_Singularity_Io_ConsoleDeviceContract_DisplayDimensions@@SI_NPAUClass_Microsoft_Singularity_Io_ConsoleDeviceContract_DisplayDimensions@@PAUClass_System_Object@@@Z 020014f0 f   tty.obj
 0001:0000051c       ?m_StructCopy@Struct_Microsoft_Singularity_Isal_SpillContext@@SIXPAU1@0@Z 0200151c f   tty.obj
 0001:000005f8       ?m_StructCopy@Struct_Microsoft_Singularity_Isal_SpillContext@@SIXPAU1@PAU1@@Z 020015f8 f   tty.obj
 0001:0000088c       ?m_Equals@Struct_Microsoft_Singularity_Isal_SpillContext@@SI_NPAU1@PAUClass_System_Object@@@Z 0200188c f   tty.obj
 0001:00000a3c       ?m_Equals@Struct_Microsoft_Singularity_Isal_SpillContext@@SI_NPAUClass_Microsoft_Singularity_Isal_SpillContext@@PAUClass_System_Object@@@Z 02001a3c f   tty.obj
 0001:00000a68       ?m_StructCopy@Struct_Microsoft_Singularity_V1_Threads_MutexHandle@@SIXPAU1@0@Z 02001a68 f   tty.obj
 0001:00000a90       ?m_StructCopy@Struct_Microsoft_Singularity_V1_Threads_MutexHandle@@SIXPAU1@PAU1@@Z 02001a90 f   tty.obj
 0001:00000b08       ?m_Equals@Struct_Microsoft_Singularity_V1_Threads_MutexHandle@@SI_NPAU1@PAUClass_System_Object@@@Z 02001b08 f   tty.obj
 0001:00000b50       ?m_Equals@Struct_Microsoft_Singularity_V1_Threads_MutexHandle@@SI_NPAUClass_Microsoft_Singularity_V1_Threads_MutexHandle@@PAUClass_System_Object@@@Z 02001b50 f   tty.obj
 0001:00000b7c       ?g_Create@Struct_Microsoft_Singularity_V1_Threads_MutexHandle@@SI_N_NPAU1@@Z 02001b7c f   tty.obj
 0001:00000bc8       ?m_StructCopy@Struct_System_GCs_OverflowFrameDescriptor@@SIXPAU1@0@Z 02001bc8 f   tty.obj
 0001:00000bfc       ?m_StructCopy@Struct_System_GCs_OverflowFrameDescriptor@@SIXPAU1@PAU1@@Z 02001bfc f   tty.obj
 0001:00000c98       ?m_Equals@Struct_System_GCs_OverflowFrameDescriptor@@SI_NPAU1@PAUClass_System_Object@@@Z 02001c98 f   tty.obj
 0001:00000cf4       ?m_Equals@Struct_System_GCs_OverflowFrameDescriptor@@SI_NPAUClass_System_GCs_OverflowFrameDescriptor@@PAUClass_System_Object@@@Z 02001cf4 f   tty.obj
 0001:00000d20       ?m__ctor@Class_System_Reflection_Module@@SIXPAU1@@Z 02001d20 f   tty.obj
 0001:00000d3c       ?m_StructCopy@Struct_Microsoft_Singularity_Io_ConsoleDeviceContract_CursorPosition@@SIXPAU1@0@Z 02001d3c f   tty.obj
 0001:00000d70       ?m_StructCopy@Struct_Microsoft_Singularity_Io_ConsoleDeviceContract_CursorPosition@@SIXPAU1@PAU1@@Z 02001d70 f   tty.obj
 0001:00000e0c       ?m_Equals@Struct_Microsoft_Singularity_Io_ConsoleDeviceContract_CursorPosition@@SI_NPAU1@PAUClass_System_Object@@@Z 02001e0c f   tty.obj
 0001:00000e68       ?m_Equals@Struct_Microsoft_Singularity_Io_ConsoleDeviceContract_CursorPosition@@SI_NPAUClass_Microsoft_Singularity_Io_ConsoleDeviceContract_CursorPosition@@PAUClass_System_Object@@@Z 02001e68 f   tty.obj
 0001:00000e94       ?g_WaitForPending@Struct_System_Finalizer@@SIXXZ 02001e94 f   tty.obj
 0001:00000ec4       ?g_VisitBootstrapData@Struct_System_Finalizer@@SIXPAUClass_System_GCs_DirectReferenceVisitor@@@Z 02001ec4 f   tty.obj
 0001:00000f2c       ?g_VisitAllRunFinalizer@Struct_System_Finalizer@@SIXPAUClass_System_GCs_DirectReferenceVisitor@@_N1@Z 02001f2c f   tty.obj
 0001:000010a4       ?g_ThreadLoop@Struct_System_Finalizer@@SIXXZ 020020a4 f   tty.obj
 0001:00001140       ?g_SuppressCandidate@Struct_System_Finalizer@@SIXPAUClass_System_Object@@@Z 02002140 f   tty.obj
 0001:0000131c       ?m_StructCopy@Struct_System_Finalizer@@SIXPAU1@0@Z 0200231c f   tty.obj
 0001:00001338       ?m_StructCopy@Struct_System_Finalizer@@SIXPAU1@PAU1@@Z 02002338 f   tty.obj
 0001:0000138c       ?g_StartFinalizerThread@Struct_System_Finalizer@@SIXXZ 0200238c f   tty.obj
 0001:0000146c       ?g_Shutdown@Struct_System_Finalizer@@SIXXZ 0200246c f   tty.obj
 0001:000015e0       ?g_ResurrectCandidates@Struct_System_Finalizer@@SIXPAUClass_System_GCs_DirectReferenceVisitor@@0_N@Z 020025e0 f   tty.obj
 0001:00001b80       ?g_ReleaseCollectFinalizers@Struct_System_Finalizer@@SIXXZ 02002b80 f   tty.obj
 0001:00001bc8       ?g_RegisterCandidate@Struct_System_Finalizer@@SIXPAUClass_System_Object@@@Z 02002bc8 f   tty.obj
 0001:00001f8c       ?g_PrepareCollectFinalizers@Struct_System_Finalizer@@SIXXZ 02002f8c f   tty.obj
 0001:00002078       ?g_LinkToIndex@Struct_System_Finalizer@@SIHH@Z 02003078 f   tty.obj
 0001:000020a8       ?g_IsLink@Struct_System_Finalizer@@SI_NH@Z 020030a8 f   tty.obj
 0001:000020d0       ?g_IndexToLink@Struct_System_Finalizer@@SIHH@Z 020030d0 f   tty.obj
 0001:000020f4       ?g_GetObjectFromRun@Struct_System_Finalizer@@SIPAUClass_System_Object@@XZ 020030f4 f   tty.obj
 0001:00002290       ?m_Equals@Struct_System_Finalizer@@SI_NPAU1@PAUClass_System_Object@@@Z 02003290 f   tty.obj
 0001:000022c8       ?m_Equals@Struct_System_Finalizer@@SI_NPAUClass_System_Finalizer@@PAUClass_System_Object@@@Z 020032c8 f   tty.obj
 0001:000022f4       ?g_CompactTables@Struct_System_Finalizer@@SIXXZ 020032f4 f   tty.obj
 0001:00002308       ?g__cctor@Struct_System_Finalizer@@SIXXZ 02003308 f   tty.obj
 0001:0000249c       ?m_StructCopy@Struct_Microsoft_Singularity_Io_KeyboardDeviceContract_Exp@@SIXPAU1@0@Z 0200349c f   tty.obj
 0001:00002588       ?m_StructCopy@Struct_Microsoft_Singularity_Io_KeyboardDeviceContract_Exp@@SIXPAU1@PAU1@@Z 02003588 f   tty.obj
 0001:0000284c       ?m_Peek@Struct_Microsoft_Singularity_Io_KeyboardDeviceContract_Exp@@SIHPAU1@@Z 0200384c f   tty.obj
 0001:00002a6c       ?m_MarshallDeliverGetKey0@Struct_Microsoft_Singularity_Io_KeyboardDeviceContract_Exp@@SIXPAU1@PAUStruct_Microsoft_Singularity_Channels_Endpoint@@@Z 02003a6c f   tty.obj
 0001:00002ac0       ?m_HeadMatches@Struct_Microsoft_Singularity_Io_KeyboardDeviceContract_Exp@@SI_NPAU1@HPA_NPAPAUClass_System_Object@@@Z 02003ac0 f   tty.obj
 0001:00002b80       ?m_HeadMatches@Struct_Microsoft_Singularity_Io_KeyboardDeviceContract_Exp@@SI_NPAUClass_Microsoft_Singularity_Io_KeyboardDeviceContract_Exp@@HPA_NPAPAUClass_System_Object@@@Z 02003b80 f   tty.obj
 0001:00002bb8       ?m_Equals@Struct_Microsoft_Singularity_Io_KeyboardDeviceContract_Exp@@SI_NPAU1@PAUClass_System_Object@@@Z 02003bb8 f   tty.obj
 0001:00002ee4       ?m_Equals@Struct_Microsoft_Singularity_Io_KeyboardDeviceContract_Exp@@SI_NPAUClass_Microsoft_Singularity_Io_KeyboardDeviceContract_Exp@@PAUClass_System_Object@@@Z 02003ee4 f   tty.obj
 0001:00002f10       ?m_Dispose@Struct_Microsoft_Singularity_Io_KeyboardDeviceContract_Exp@@SIXPAU1@@Z 02003f10 f   tty.obj
 0001:00002f34       ?m_Dispose@Struct_Microsoft_Singularity_Io_KeyboardDeviceContract_Exp@@SIXPAUClass_Microsoft_Singularity_Io_KeyboardDeviceContract_Exp@@@Z 02003f34 f   tty.obj
 0001:00002f5c       ?m_DeliverGetKey0@Struct_Microsoft_Singularity_Io_KeyboardDeviceContract_Exp@@SIXPAU1@@Z 02003f5c f   tty.obj
 0001:00002f90       ?m__ctor@Struct_Microsoft_Singularity_Io_KeyboardDeviceContract_Exp@@SIXPAU1@H@Z 02003f90 f   tty.obj
 0001:00002fbc       ?g_StructSize@Class_System_Runtime_InteropServices_Marshal@@SIHPAUClass_System_Type@@@Z 02003fbc f   tty.obj
 0001:0000307c       ?m__ctor@Class_System_Runtime_InteropServices_Marshal@@SIXPAU1@@Z 0200407c f   tty.obj
 0001:00003094       ?m_StructCopy@Struct_System_TryAll@@SIXPAU1@0@Z 02004094 f   tty.obj
 0001:00003110       ?m_StructCopy@Struct_System_TryAll@@SIXPAU1@PAU1@@Z 02004110 f   tty.obj
 0001:00003284       ?m_Equals@Struct_System_TryAll@@SI_NPAU1@PAUClass_System_Object@@@Z 02004284 f   tty.obj
 0001:00003578       ?m_Equals@Struct_System_TryAll@@SI_NPAUClass_System_TryAll@@PAUClass_System_Object@@@Z 02004578 f   tty.obj
 0001:000035a4       ?m__ctor@Class_System_Threading_ThreadQueue@@SIXPAU1@@Z 020045a4 f   tty.obj
 0001:000035bc       ?m__ctor@Class_System_Collections_ArrayList@@SIXPAU1@@Z 020045bc f   tty.obj
 0001:000035ec       ?m_Visit@Class_System_GCs_GCProfiler_ObjectVisitor@@SIPAUuintPtr@@PAU1@PAUClass_System_Object@@@Z 020045ec f   tty.obj
 0001:000036a4       ?m__ctor@Class_System_GCs_GCProfiler_ObjectVisitor@@SIXPAU1@PAUClass_System_GCs_GCProfiler@@@Z 020046a4 f   tty.obj
 0001:00003700       ?m_StructCopy@Struct_Microsoft_Singularity_ProcessorContext@@SIXPAU1@0@Z 02004700 f   tty.obj
 0001:00003798       ?m_StructCopy@Struct_Microsoft_Singularity_ProcessorContext@@SIXPAU1@PAU1@@Z 02004798 f   tty.obj
 0001:00003960       ?m_Equals@Struct_Microsoft_Singularity_ProcessorContext@@SI_NPAU1@PAUClass_System_Object@@@Z 02004960 f   tty.obj
 0001:00003aa4       ?m_Equals@Struct_Microsoft_Singularity_ProcessorContext@@SI_NPAUClass_Microsoft_Singularity_ProcessorContext@@PAUClass_System_Object@@@Z 02004aa4 f   tty.obj
 0001:00003ad0       ?m_StructCopy@Struct_Microsoft_Singularity_V1_Services_SharedHeapService_Allocation@@SIXPAU1@0@Z 02004ad0 f   tty.obj
 0001:00003b34       ?m_StructCopy@Struct_Microsoft_Singularity_V1_Services_SharedHeapService_Allocation@@SIXPAU1@PAU1@@Z 02004b34 f   tty.obj
 0001:00003c60       ?m_Equals@Struct_Microsoft_Singularity_V1_Services_SharedHeapService_Allocation@@SI_NPAU1@PAUClass_System_Object@@@Z 02004c60 f   tty.obj
 0001:00003cf0       ?m_Equals@Struct_Microsoft_Singularity_V1_Services_SharedHeapService_Allocation@@SI_NPAUClass_Microsoft_Singularity_V1_Services_SharedHeapService_Allocation@@PAUClass_System_Object@@@Z 02004cf0 f   tty.obj
 0001:00003d1c       ?m__ctor@Class_System_IndexOutOfRangeException@@SIXPAU1@@Z 02004d1c f   tty.obj
 0001:00003d44       ?m__ctor@Class_System_IndexOutOfRangeException@@SIXPAU1@PAUClass_System_String@@@Z 02004d44 f   tty.obj
 0001:00003d6c       ?m__ctor@Class_System_IndexOutOfRangeException@@SIXPAU1@PAUClass_System_String@@PAUClass_System_Exception@@@Z 02004d6c f   tty.obj
 0001:00003d9c       ?m_Visit@Class_System_GCs_MemoryAccounting_StaticPtrAccounting@@SIXPAU1@PAPAUuintPtr@@@Z 02004d9c f   tty.obj
 0001:00003db8       ?m_Initialize@Class_System_GCs_MemoryAccounting_StaticPtrAccounting@@SIXPAU1@@Z 02004db8 f   tty.obj
 0001:00003dd0       ?m__ctor@Class_System_GCs_MemoryAccounting_StaticPtrAccounting@@SIXPAU1@@Z 02004dd0 f   tty.obj
 0001:00003de8       ?g_IsInst@Class_Microsoft_Singularity_Channels_ExHeap@@SI_NPAUvoid@@PAUClass_System_Type@@@Z 02004de8 f   tty.obj
 0001:00003e70       ?g_IndirectToData@Class_Microsoft_Singularity_Channels_ExHeap@@SIPAUvoid@@PAU2@@Z 02004e70 f   tty.obj
 0001:00003f2c       ?g_GetSize@Class_Microsoft_Singularity_Channels_ExHeap@@SIPAUuintPtr@@PAUvoid@@@Z 02004f2c f   tty.obj
 0001:00003fa0       ?g_Free@Class_Microsoft_Singularity_Channels_ExHeap@@SIXPAUvoid@@@Z 02004fa0 f   tty.obj
 0001:0000405c       ?g_AllocateVector@Class_Microsoft_Singularity_Channels_ExHeap@@SIPAUvoid@@PAUClass_System_Type@@H@Z 0200505c f   tty.obj
 0001:0000419c       ?m__ctor@Class_Microsoft_Singularity_Channels_ExHeap@@SIXPAU1@@Z 0200519c f   tty.obj
 0001:000041b4       ?m__ctor@Class_System_RankException@@SIXPAU1@@Z 020051b4 f   tty.obj
 0001:000041dc       ?m__ctor@Class_System_RankException@@SIXPAU1@PAUClass_System_String@@@Z 020051dc f   tty.obj
 0001:00004204       ?m_Update@Class_Microsoft_Singularity_Crypto_MD5@@SIXPAU1@PAUClassVector_uint8@@@Z 02005204 f   tty.obj
 0001:00004734       ?m_RotL@Class_Microsoft_Singularity_Crypto_MD5@@SIIPAU1@IE@Z 02005734 f   tty.obj
 0001:000047a4       ?m_Reset@Class_Microsoft_Singularity_Crypto_MD5@@SIXPAU1@@Z 020057a4 f   tty.obj
 0001:00004878       ?m_ProcessBlock@Class_Microsoft_Singularity_Crypto_MD5@@SIXPAU1@@Z 02005878 f   tty.obj
 0001:000052ec       ?m_Hash@Class_Microsoft_Singularity_Crypto_MD5@@SIPAUClassVector_uint8@@PAU1@PAU2@@Z 020062ec f   tty.obj
 0001:00005324       ?m_Finish@Class_Microsoft_Singularity_Crypto_MD5@@SIPAUClassVector_uint8@@PAU1@@Z 02006324 f   tty.obj
 0001:00005568       ?m__ctor@Class_Microsoft_Singularity_Crypto_MD5@@SIXPAU1@@Z 02006568 f   tty.obj
 0001:000055c0       ?g__cctor@Class_Microsoft_Singularity_Crypto_MD5@@SIXXZ 020065c0 f   tty.obj
 0001:000055d4       ?m_InvokeStaticStub@Class_System_TryAllManager_GCHookMethod@@SIXPAU1@@Z 020065d4 f   tty.obj
 0001:000055fc       ?m_Invoke@Class_System_TryAllManager_GCHookMethod@@SIXPAU1@@Z 020065fc f   tty.obj
 0001:00005650       ?m_EndInvoke@Class_System_TryAllManager_GCHookMethod@@SIXPAU1@PAUClass_System_IAsyncResult@@@Z 02006650 f   tty.obj
 0001:0000566c       ?m_BeginInvoke@Class_System_TryAllManager_GCHookMethod@@SIPAUClass_System_IAsyncResult@@PAU1@PAUClass_System_AsyncCallback@@PAUClass_System_Object@@@Z 0200666c f   tty.obj
 0001:0000568c       ?m__ctor@Class_System_TryAllManager_GCHookMethod@@SIXPAU1@PAUClass_System_Object@@PAUintPtr@@@Z 0200668c f   tty.obj
 0001:000056cc       ?m_StructCopy@Struct_Microsoft_Singularity_Directory_NotifyContract_AckChangeNotification@@SIXPAU1@0@Z 020066cc f   tty.obj
 0001:000056e8       ?m_StructCopy@Struct_Microsoft_Singularity_Directory_NotifyContract_AckChangeNotification@@SIXPAU1@PAU1@@Z 020066e8 f   tty.obj
 0001:0000573c       ?m_Equals@Struct_Microsoft_Singularity_Directory_NotifyContract_AckChangeNotification@@SI_NPAU1@PAUClass_System_Object@@@Z 0200673c f   tty.obj
 0001:00005774       ?m_Equals@Struct_Microsoft_Singularity_Directory_NotifyContract_AckChangeNotification@@SI_NPAUClass_Microsoft_Singularity_Directory_NotifyContract_AckChangeNotification@@PAUClass_System_Object@@@Z 02006774 f   tty.obj
 0001:000057a0       ?m_StructCopy@Struct_Microsoft_Singularity_Io_ConsoleDeviceContract_NakClear@@SIXPAU1@0@Z 020067a0 f   tty.obj
 0001:000057bc       ?m_StructCopy@Struct_Microsoft_Singularity_Io_ConsoleDeviceContract_NakClear@@SIXPAU1@PAU1@@Z 020067bc f   tty.obj
 0001:00005810       ?m_Equals@Struct_Microsoft_Singularity_Io_ConsoleDeviceContract_NakClear@@SI_NPAU1@PAUClass_System_Object@@@Z 02006810 f   tty.obj
 0001:00005848       ?m_Equals@Struct_Microsoft_Singularity_Io_ConsoleDeviceContract_NakClear@@SI_NPAUClass_Microsoft_Singularity_Io_ConsoleDeviceContract_NakClear@@PAUClass_System_Object@@@Z 02006848 f   tty.obj
 0001:00005874       ?g_ScanStaticPointerData@Class_System_GCs_StaticData@@SIIPAUClass_System_GCs_NonNullReferenceVisitor@@@Z 02006874 f   tty.obj
 0001:00005a5c       ?g_ScanStaticData@Class_System_GCs_StaticData@@SIXPAUClass_System_GCs_DirectReferenceVisitor@@@Z 02006a5c f   tty.obj
 0001:00005c04       ?g_Initialize@Class_System_GCs_StaticData@@SIXXZ 02006c04 f   tty.obj
 0001:00005e78       ?m__ctor@Class_System_GCs_StaticData@@SIXPAU1@@Z 02006e78 f   tty.obj
 0001:00005e90       ?g_WalkStackFrame@Class_System_GCs_CallStack@@SI_NPAPAPAUuintPtr@@0PAUStruct_System_GCs_CalleeSaveLocations@@PAPAU2@PAUClass_System_GCs_NonNullReferenceVisitor@@3UStruct_System_GCs_CompressedFrameDescriptor@@PAUStruct_System_GCs_CallStack_TransitionRecord@@PAUClass_System_Threading_Thread@@@Z 02006e90 f   tty.obj
 0001:00006838       ?g_VisitIfNotContext@Class_System_GCs_CallStack@@SIXPAUClass_System_Threading_Thread@@PAUClass_System_GCs_NonNullReferenceVisitor@@PAPAUuintPtr@@@Z 02007838 f   tty.obj
 0001:00006894       ?g_SkipUnlinkStackFrame@Class_System_GCs_CallStack@@SIPAUuintPtr@@PAPAPAU2@0@Z 02007894 f   tty.obj
 0001:000068c8       ?g_SkipLinkStackStubFrame@Class_System_GCs_CallStack@@SIPAUuintPtr@@PAPAPAU2@0@Z 020078c8 f   tty.obj
 0001:00006908       ?g_SkipLinkStackFrame@Class_System_GCs_CallStack@@SIPAUuintPtr@@PAPAPAU2@0@Z 02007908 f   tty.obj
 0001:00006948       ?g_ScanStackSegment@Class_System_GCs_CallStack@@SIIPAUStruct_System_GCs_CalleeSaveLocations@@PAUuintPtr@@PAPAU3@2PAUStruct_System_GCs_CallStack_TransitionRecord@@PAUClass_System_GCs_NonNullReferenceVisitor@@4PAUClass_System_Threading_Thread@@@Z 02007948 f   tty.obj
 0001:00006bb0       ?g_ScanStacks@Class_System_GCs_CallStack@@SIHPAUClass_System_GCs_NonNullReferenceVisitor@@0@Z 02007bb0 f   tty.obj
 0001:00006c64       ?g_ScanStack@Class_System_GCs_CallStack@@SIIPAUClass_System_Threading_Thread@@PAUClass_System_GCs_NonNullReferenceVisitor@@1@Z 02007c64 f   tty.obj
 0001:00006e68       ?g_Initialize@Class_System_GCs_CallStack@@SIXXZ 02007e68 f   tty.obj
 0001:00006fd8       ?g_FrameContainsTransitionRecord@Class_System_GCs_CallStack@@SI_NPAPAUuintPtr@@0PAUStruct_System_GCs_CallStack_TransitionRecord@@@Z 02007fd8 f   tty.obj
 0001:00007030       ?g_CountBits@Class_System_GCs_CallStack@@SIHPAUuintPtr@@@Z 02008030 f   tty.obj
 0001:00007098       ?g_CallSiteTableNumber@Class_System_GCs_CallStack@@SIHPAUuintPtr@@@Z 02008098 f   tty.obj
 0001:000071a0       ?g_CallSiteSetNumber@Class_System_GCs_CallStack@@SIHPAUuintPtr@@H@Z 020081a0 f   tty.obj
 0001:000072ac       ?m__ctor@Class_System_GCs_CallStack@@SIXPAU1@@Z 020082ac f   tty.obj
 0001:000072c8       ?m_ToString@Struct_System_DateTime@@SIPAUClass_System_String@@PAU1@@Z 020082c8 f   tty.obj
 0001:000072f0       ?m_ToString@Struct_System_DateTime@@SIPAUClass_System_String@@PAU1@PAU2@@Z 020082f0 f   tty.obj
 0001:00007624       ?m_ToString@Struct_System_DateTime@@SIPAUClass_System_String@@PAUClass_System_DateTime@@@Z 02008624 f   tty.obj
 0001:0000766c       ?m_ToString@Struct_System_DateTime@@SIPAUClass_System_String@@PAUClass_System_DateTime@@PAU2@@Z 0200866c f   tty.obj
 0001:000076b8       ?m_StructCopy@Struct_System_DateTime@@SIXPAU1@0@Z 020086b8 f   tty.obj
 0001:000076ec       ?m_StructCopy@Struct_System_DateTime@@SIXPAU1@PAU1@@Z 020086ec f   tty.obj
 0001:00007788       ?m_GetShortWeekday@Struct_System_DateTime@@SIPAUClass_System_String@@PAU1@@Z 02008788 f   tty.obj
 0001:000077ec       ?m_GetShortMonth@Struct_System_DateTime@@SIPAUClass_System_String@@PAU1@@Z 020087ec f   tty.obj
 0001:00007878       ?m_GetHashCode@Struct_System_DateTime@@SIHPAU1@@Z 02008878 f   tty.obj
 0001:000078a4       ?m_GetHashCode@Struct_System_DateTime@@SIHPAUClass_System_DateTime@@@Z 020088a4 f   tty.obj
 0001:000078ec       ?m_GetDatePart@Struct_System_DateTime@@SIHPAU1@H@Z 020088ec f   tty.obj
 0001:00007b44       ?m_get$_Year@Struct_System_DateTime@@SIHPAU1@@Z 02008b44 f   tty.obj
 0001:00007b6c       ?m_get$_Second@Struct_System_DateTime@@SIHPAU1@@Z 02008b6c f   tty.obj
 0001:00007bac       ?m_get$_Month@Struct_System_DateTime@@SIHPAU1@@Z 02008bac f   tty.obj
 0001:00007bd4       ?m_get$_Minute@Struct_System_DateTime@@SIHPAU1@@Z 02008bd4 f   tty.obj
 0001:00007c14       ?m_get$_Hour@Struct_System_DateTime@@SIHPAU1@@Z 02008c14 f   tty.obj
 0001:00007c54       ?m_get$_DayOfWeek@Struct_System_DateTime@@SI?AUStruct_System_DayOfWeek@@PAU1@@Z 02008c54 f   tty.obj
 0001:00007ca0       ?m_get$_Day@Struct_System_DateTime@@SIHPAU1@@Z 02008ca0 f   tty.obj
 0001:00007cc8       ?m_Equals@Struct_System_DateTime@@SI_NPAU1@PAUClass_System_Object@@@Z 02008cc8 f   tty.obj
 0001:00007d40       ?m_Equals@Struct_System_DateTime@@SI_NPAUClass_System_DateTime@@PAUClass_System_Object@@@Z 02008d40 f   tty.obj
 0001:00007d8c       ?m_CompareTo@Struct_System_DateTime@@SIHPAU1@PAUClass_System_Object@@@Z 02008d8c f   tty.obj
 0001:00007e78       ?m_CompareTo@Struct_System_DateTime@@SIHPAUClass_System_DateTime@@PAUClass_System_Object@@@Z 02008e78 f   tty.obj
 0001:00007ec4       ?m__ctor@Struct_System_DateTime@@SIXPAU1@_J@Z 02008ec4 f   tty.obj
 0001:00007f60       ?g__cctor@Struct_System_DateTime@@SIXXZ 02008f60 f   tty.obj
 0001:00007fdc       ?m__ctor@Class_Microsoft_Contracts_AssertException@@SIXPAU1@@Z 02008fdc f   tty.obj
 0001:00008000       ?m__ctor@Class_System_Runtime_CompilerServices_AssertDevirtualizeAttribute@@SIXPAU1@@Z 02009000 f   tty.obj
 0001:00008024       ?m_ToString@Class_System_Text_StringBuilder@@SIPAUClass_System_String@@PAU1@@Z 02009024 f   tty.obj
 0001:000080d0       ?m_ReplaceString@Class_System_Text_StringBuilder@@SIXPAU1@HPAUClass_System_String@@@Z 020090d0 f   tty.obj
 0001:00008114       ?m_NeedsAllocation@Class_System_Text_StringBuilder@@SI_NPAU1@PAUClass_System_String@@H@Z 02009114 f   tty.obj
 0001:00008148       ?g_InternalGetCurrentThread@Class_System_Text_StringBuilder@@SIHXZ 02009148 f   tty.obj
 0001:0000816c       ?m_GetThreadSafeString@Class_System_Text_StringBuilder@@SIPAUClass_System_String@@PAU1@PAH@Z 0200916c f   tty.obj
 0001:000081d0       ?m_GetNewString@Class_System_Text_StringBuilder@@SIPAUClass_System_String@@PAU1@PAU2@H@Z 020091d0 f   tty.obj
 0001:000082c4       ?g_FormatError@Class_System_Text_StringBuilder@@SIXXZ 020092c4 f   tty.obj
 0001:00008300       ?m_AppendFormat@Class_System_Text_StringBuilder@@SIPAU1@PAU1@PAUClass_System_String@@PAUClassVector_Class_System_Object@@@Z 02009300 f   tty.obj
 0001:00008b98       ?m_Append@Class_System_Text_StringBuilder@@SIPAU1@PAU1@PAUClassVector_bartok_char@@HH@Z 02009b98 f   tty.obj
 0001:00008dc0       ?m_Append@Class_System_Text_StringBuilder@@SIPAU1@PAU1@H@Z 02009dc0 f   tty.obj
 0001:00008df0       ?m_Append@Class_System_Text_StringBuilder@@SIPAU1@PAU1@PAUClass_System_String@@@Z 02009df0 f   tty.obj
 0001:00008f20       ?m_Append@Class_System_Text_StringBuilder@@SIPAU1@PAU1@_W@Z 02009f20 f   tty.obj
 0001:00009024       ?m_Append@Class_System_Text_StringBuilder@@SIPAU1@PAU1@_WH@Z 0200a024 f   tty.obj
 0001:00009188       ?m__ctor@Class_System_Text_StringBuilder@@SIXPAU1@@Z 0200a188 f   tty.obj
 0001:000091b0       ?m__ctor@Class_System_Text_StringBuilder@@SIXPAU1@H@Z 0200a1b0 f   tty.obj
 0001:00009250       ?m_Unlink@Class_Microsoft_Singularity_Channels_ESet$_2$LMicrosoft_Singularity_Io_UnicodePipeContract_Exp_Microsoft_Singularity_Io_UnicodePipeContract_READY$G_Node@@SIPAUStruct_Microsoft_Singularity_Io_UnicodePipeContract_Exp@@PAU1@PAUClass_Microsoft_Singularity_Channels_ESet$_2$LMicrosoft_Singularity_Io_UnicodePipeContract_Exp_Microsoft_Singularity_Io_UnicodePipeContract_READY$G@@@Z 0200a250 f   tty.obj
 0001:00009364       ?m_LinkAsNext@Class_Microsoft_Singularity_Channels_ESet$_2$LMicrosoft_Singularity_Io_UnicodePipeContract_Exp_Microsoft_Singularity_Io_UnicodePipeContract_READY$G_Node@@SIXPAU1@PAUStruct_Microsoft_Singularity_Io_UnicodePipeContract_Exp@@PAUClass_Microsoft_Singularity_Channels_ESet$_2$LMicrosoft_Singularity_Io_UnicodePipeContract_Exp_Microsoft_Singularity_Io_UnicodePipeContract_READY$G@@@Z 0200a364 f   tty.obj
 0001:000093e0       ?m_Init@Class_Microsoft_Singularity_Channels_ESet$_2$LMicrosoft_Singularity_Io_UnicodePipeContract_Exp_Microsoft_Singularity_Io_UnicodePipeContract_READY$G_Node@@SIXPAU1@PAUStruct_Microsoft_Singularity_Io_UnicodePipeContract_Exp@@PAUClass_Microsoft_Singularity_Channels_ESet$_2$LMicrosoft_Singularity_Io_UnicodePipeContract_Exp_Microsoft_Singularity_Io_UnicodePipeContract_READY$G@@@Z 0200a3e0 f   tty.obj
 0001:00009410       ?m__ctor@Class_Microsoft_Singularity_Channels_ESet$_2$LMicrosoft_Singularity_Io_UnicodePipeContract_Exp_Microsoft_Singularity_Io_UnicodePipeContract_READY$G_Node@@SIXPAU1@PAUStruct_Microsoft_Singularity_Io_UnicodePipeContract_Exp@@PAUClass_Microsoft_Singularity_Channels_ESet$_2$LMicrosoft_Singularity_Io_UnicodePipeContract_Exp_Microsoft_Singularity_Io_UnicodePipeContract_READY$G@@@Z 0200a410 f   tty.obj
 0001:00009454       ?m__ctor@Class_Microsoft_Singularity_Channels_ESet$_2$LMicrosoft_Singularity_Io_UnicodePipeContract_Exp_Microsoft_Singularity_Io_UnicodePipeContract_READY$G_Node@@SIXPAU1@PAUClass_Microsoft_Singularity_Channels_ESet$_2$LMicrosoft_Singularity_Io_UnicodePipeContract_Exp_Microsoft_Singularity_Io_UnicodePipeContract_READY$G@@@Z 0200a454 f   tty.obj
 0001:00009488       ?m_ToString@int8@@SIPAUClass_System_String@@PAC@Z 0200a488 f   tty.obj
 0001:000094b0       ?m_ToString@int8@@SIPAUClass_System_String@@PACPAU2@@Z 0200a4b0 f   tty.obj
 0001:000095a8       ?m_ToString@int8@@SIPAUClass_System_String@@PAUClass_System_SByte@@@Z 0200a5a8 f   tty.obj
 0001:000095d0       ?m_ToString@int8@@SIPAUClass_System_String@@PAUClass_System_SByte@@PAU2@@Z 0200a5d0 f   tty.obj
 0001:000095fc       ?m_GetHashCode@int8@@SIHPAC@Z 0200a5fc f   tty.obj
 0001:0000962c       ?m_GetHashCode@int8@@SIHPAUClass_System_SByte@@@Z 0200a62c f   tty.obj
 0001:00009654       ?m_Equals@int8@@SI_NPACPAUClass_System_Object@@@Z 0200a654 f   tty.obj
 0001:000096b4       ?m_Equals@int8@@SI_NPAUClass_System_SByte@@PAUClass_System_Object@@@Z 0200a6b4 f   tty.obj
 0001:000096e0       ?m_CompareTo@int8@@SIHPACPAUClass_System_Object@@@Z 0200a6e0 f   tty.obj
 0001:0000976c       ?m_CompareTo@int8@@SIHPAUClass_System_SByte@@PAUClass_System_Object@@@Z 0200a76c f   tty.obj
 0001:00009798       ?m_StructCopy@Struct_System_ReadEnlistmentLogWriter@@SIXPAU1@0@Z 0200a798 f   tty.obj
 0001:000097cc       ?m_StructCopy@Struct_System_ReadEnlistmentLogWriter@@SIXPAU1@PAU1@@Z 0200a7cc f   tty.obj
 0001:00009868       ?m_Equals@Struct_System_ReadEnlistmentLogWriter@@SI_NPAU1@PAUClass_System_Object@@@Z 0200a868 f   tty.obj
 0001:000098c4       ?m_Equals@Struct_System_ReadEnlistmentLogWriter@@SI_NPAUClass_System_ReadEnlistmentLogWriter@@PAUClass_System_Object@@@Z 0200a8c4 f   tty.obj
 0001:000098f0       ?m_StructCopy@Struct_System_Collections_Hashtable_bucket@@SIXPAU1@0@Z 0200a8f0 f   tty.obj
 0001:00009930       ?m_StructCopy@Struct_System_Collections_Hashtable_bucket@@SIXPAU1@PAU1@@Z 0200a930 f   tty.obj
 0001:000099f0       ?m_Equals@Struct_System_Collections_Hashtable_bucket@@SI_NPAU1@PAUClass_System_Object@@@Z 0200a9f0 f   tty.obj
 0001:00009a64       ?m_Equals@Struct_System_Collections_Hashtable_bucket@@SI_NPAUClass_System_Collections_Hashtable_bucket@@PAUClass_System_Object@@@Z 0200aa64 f   tty.obj
 0001:00009a90       ?g_Summary@Class_System_GCs_CollectorStatistics@@SIXXZ 0200aa90 f   tty.obj
 0001:00009aa4       ?g_Initialize@Class_System_GCs_CollectorStatistics@@SIXXZ 0200aaa4 f   tty.obj
 0001:00009ab8       ?g_Event@Class_System_GCs_CollectorStatistics@@SIXUStruct_System_GCs_GCEvent@@@Z 0200aab8 f   tty.obj
 0001:00009ad4       ?g_Event@Class_System_GCs_CollectorStatistics@@SIXUStruct_System_GCs_GCEvent@@_J@Z 0200aad4 f   tty.obj
 0001:00009af0       ?m__ctor@Class_System_GCs_CollectorStatistics@@SIXPAU1@@Z 0200aaf0 f   tty.obj
 0001:00009b08       ?m_StructCopy@Struct_System_RuntimeTypeHandle@@SIXPAU1@0@Z 0200ab08 f   tty.obj
 0001:00009b30       ?m_StructCopy@Struct_System_RuntimeTypeHandle@@SIXPAU1@PAU1@@Z 0200ab30 f   tty.obj
 0001:00009ba8       ?m_get$_Value@Struct_System_RuntimeTypeHandle@@SIPAUintPtr@@PAU1@@Z 0200aba8 f   tty.obj
 0001:00009bc8       ?m_Equals@Struct_System_RuntimeTypeHandle@@SI_NPAU1@PAUClass_System_Object@@@Z 0200abc8 f   tty.obj
 0001:00009c10       ?m_Equals@Struct_System_RuntimeTypeHandle@@SI_NPAUClass_System_RuntimeTypeHandle@@PAUClass_System_Object@@@Z 0200ac10 f   tty.obj
 0001:00009c3c       ?m__ctor@Struct_System_RuntimeTypeHandle@@SIXPAU1@PAUClass_System_RuntimeType@@@Z 0200ac3c f   tty.obj
 0001:00009c64       ?m_StructCopy@Struct_Microsoft_Singularity_Directory_DirectoryServiceContract_NakDeleteFileReparse@@SIXPAU1@0@Z 0200ac64 f   tty.obj
 0001:00009ca4       ?m_StructCopy@Struct_Microsoft_Singularity_Directory_DirectoryServiceContract_NakDeleteFileReparse@@SIXPAU1@PAU1@@Z 0200aca4 f   tty.obj
 0001:00009d64       ?m_Equals@Struct_Microsoft_Singularity_Directory_DirectoryServiceContract_NakDeleteFileReparse@@SI_NPAU1@PAUClass_System_Object@@@Z 0200ad64 f   tty.obj
 0001:00009dcc       ?m_Equals@Struct_Microsoft_Singularity_Directory_DirectoryServiceContract_NakDeleteFileReparse@@SI_NPAUClass_Microsoft_Singularity_Directory_DirectoryServiceContract_NakDeleteFileReparse@@PAUClass_System_Object@@@Z 0200adcc f   tty.obj
 0001:00009df8       ?g_RunShellProcess@Class_Microsoft_Singularity_Applications_Tty@@SIHPAUClassVector_Class_System_String@@@Z 0200adf8 f   tty.obj
 0001:0000a26c       ?g_ProcessKey@Class_Microsoft_Singularity_Applications_Tty@@SIPA_WIPA_WPAH@Z 0200b26c f   tty.obj
 0001:0000a890       ?g_OutputWorkerThread@Class_Microsoft_Singularity_Applications_Tty@@SIXXZ 0200b890 f   tty.obj
 0001:0000b24c       ?g_OpenKeyboard@Class_Microsoft_Singularity_Applications_Tty@@SIPAUStruct_Microsoft_Singularity_Io_KeyboardDeviceContract_Imp@@PAUClass_System_String@@PAUStruct_Microsoft_Singularity_Directory_DirectoryServiceContract_Imp@@@Z 0200c24c f   tty.obj
 0001:0000b510       ?g_OpenConsole@Class_Microsoft_Singularity_Applications_Tty@@SIPAUStruct_Microsoft_Singularity_Io_ConsoleDeviceContract_Imp@@PAUClass_System_String@@PAUStruct_Microsoft_Singularity_Directory_DirectoryServiceContract_Imp@@@Z 0200c510 f   tty.obj
 0001:0000b7a4       ?g_Main@Class_Microsoft_Singularity_Applications_Tty@@SIHPAUClassVector_Class_System_String@@@Z 0200c7a4 f   tty.obj
 0001:0000bab0       ?g_InputWorkerThread@Class_Microsoft_Singularity_Applications_Tty@@SIXXZ 0200cab0 f   tty.obj
 0001:0000bf80       ?g_InitModTable@Class_Microsoft_Singularity_Applications_Tty@@SIXXZ 0200cf80 f   tty.obj
 0001:0000bfd4       ?g_HandleEscape@Class_Microsoft_Singularity_Applications_Tty@@SIHPAUStruct_Microsoft_Singularity_Io_ConsoleDeviceContract_Imp@@PA_WHH@Z 0200cfd4 f   tty.obj
 0001:0000c460       ?m__ctor@Class_Microsoft_Singularity_Applications_Tty@@SIXPAU1@@Z 0200d460 f   tty.obj
 0001:0000c478       ?g__cctor@Class_Microsoft_Singularity_Applications_Tty@@SIXXZ 0200d478 f   tty.obj
 0001:0000c858       ?g_RestoreInterrupts@Class_Microsoft_Singularity_PrivilegedGate@@SIX_N@Z 0200d858 f   tty.obj
 0001:0000c87c       ?g_InterruptsDisabled@Class_Microsoft_Singularity_PrivilegedGate@@SI_NXZ 0200d87c f   tty.obj
 0001:0000c894       ?g_DisableInterrupts@Class_Microsoft_Singularity_PrivilegedGate@@SI_NXZ 0200d894 f   tty.obj
 0001:0000c8ac       ?m__ctor@Class_Microsoft_Singularity_PrivilegedGate@@SIXPAU1@@Z 0200d8ac f   tty.obj
 0001:0000c8c8       ?g_Create@Class_Microsoft_Singularity_GCProfilerLogger_GCEventSource@@SIPAU1@PAUClass_System_String@@I_K@Z 0200d8c8 f   tty.obj
 0001:0000c99c       ?m__ctor@Class_Microsoft_Singularity_GCProfilerLogger_GCEventSource@@SIXPAU1@PAUClass_System_String@@PAUClass_Microsoft_Singularity_Eventing_EventingStorage@@I@Z 0200d99c f   tty.obj
 0001:0000c9d0       ?m_StructCopy@Struct_Microsoft_Singularity_Directory_ServiceProviderContract_AckConnect@@SIXPAU1@0@Z 0200d9d0 f   tty.obj
 0001:0000c9ec       ?m_StructCopy@Struct_Microsoft_Singularity_Directory_ServiceProviderContract_AckConnect@@SIXPAU1@PAU1@@Z 0200d9ec f   tty.obj
 0001:0000ca40       ?m_Equals@Struct_Microsoft_Singularity_Directory_ServiceProviderContract_AckConnect@@SI_NPAU1@PAUClass_System_Object@@@Z 0200da40 f   tty.obj
 0001:0000ca78       ?m_Equals@Struct_Microsoft_Singularity_Directory_ServiceProviderContract_AckConnect@@SI_NPAUClass_Microsoft_Singularity_Directory_ServiceProviderContract_AckConnect@@PAUClass_System_Object@@@Z 0200da78 f   tty.obj
 0001:0000caa4       ?m_StructCopy@Struct_System_UpdateEnlistmentLog_Entry@@SIXPAU1@0@Z 0200daa4 f   tty.obj
 0001:0000cb28       ?m_StructCopy@Struct_System_UpdateEnlistmentLog_Entry@@SIXPAU1@PAU1@@Z 0200db28 f   tty.obj
 0001:0000ccb4       ?m_Equals@Struct_System_UpdateEnlistmentLog_Entry@@SI_NPAU1@PAUClass_System_Object@@@Z 0200dcb4 f   tty.obj
 0001:0000ce2c       ?m_Equals@Struct_System_UpdateEnlistmentLog_Entry@@SI_NPAUClass_System_UpdateEnlistmentLog_Entry@@PAUClass_System_Object@@@Z 0200de2c f   tty.obj
 0001:0000ce58       ?m_WaitOne@Class_System_Threading_ManualResetEvent@@SI_NPAU1@@Z 0200de58 f   tty.obj
 0001:0000cecc       ?m_WaitOne@Class_System_Threading_ManualResetEvent@@SI_NPAU1@UStruct_System_SchedulerTime@@@Z 0200decc f   tty.obj
 0001:0000cf54       ?m_Set@Class_System_Threading_ManualResetEvent@@SI_NPAU1@@Z 0200df54 f   tty.obj
 0001:0000cfa0       ?m_Reset@Class_System_Threading_ManualResetEvent@@SIXPAU1@@Z 0200dfa0 f   tty.obj
 0001:0000cfd8       ?m_Finalize@Class_System_Threading_ManualResetEvent@@SIXPAU1@@Z 0200dfd8 f   tty.obj
 0001:0000d03c       ?m_Dispose@Class_System_Threading_ManualResetEvent@@SIXPAU1@_N@Z 0200e03c f   tty.obj
 0001:0000d088       ?m__ctor@Class_System_Threading_ManualResetEvent@@SIXPAU1@_N@Z 0200e088 f   tty.obj
 0001:0000d0f4       ?g_AssertNotNullImplicit@Class_Microsoft_Contracts_NonNullType@@SIXPAUuintPtr@@@Z 0200e0f4 f   tty.obj
 0001:0000d14c       ?g_AssertNotNullImplicit@Class_Microsoft_Contracts_NonNullType@@SIXPAUClass_System_Object@@@Z 0200e14c f   tty.obj
 0001:0000d19c       ?g_AssertNotNull@Class_Microsoft_Contracts_NonNullType@@SIXPAUuintPtr@@@Z 0200e19c f   tty.obj
 0001:0000d1f4       ?g_AssertNotNull@Class_Microsoft_Contracts_NonNullType@@SIXPAUClass_System_Object@@@Z 0200e1f4 f   tty.obj
 0001:0000d244       ?m__ctor@Class_Microsoft_Contracts_NonNullType@@SIXPAU1@@Z 0200e244 f   tty.obj
 0001:0000d25c       ?m_StructCopy@Struct_Microsoft_Singularity_Directory_DirectoryServiceContract_AckNotify@@SIXPAU1@0@Z 0200e25c f   tty.obj
 0001:0000d278       ?m_StructCopy@Struct_Microsoft_Singularity_Directory_DirectoryServiceContract_AckNotify@@SIXPAU1@PAU1@@Z 0200e278 f   tty.obj
 0001:0000d2cc       ?m_Equals@Struct_Microsoft_Singularity_Directory_DirectoryServiceContract_AckNotify@@SI_NPAU1@PAUClass_System_Object@@@Z 0200e2cc f   tty.obj
 0001:0000d304       ?m_Equals@Struct_Microsoft_Singularity_Directory_DirectoryServiceContract_AckNotify@@SI_NPAUClass_Microsoft_Singularity_Directory_DirectoryServiceContract_AckNotify@@PAUClass_System_Object@@@Z 0200e304 f   tty.obj
 0001:0000d330       ?m__ctor@Class_System_NullReferenceException@@SIXPAU1@@Z 0200e330 f   tty.obj
 0001:0000d358       ?m__ctor@Class_System_NullReferenceException@@SIXPAU1@PAUClass_System_String@@@Z 0200e358 f   tty.obj
 0001:0000d380       ?m__ctor@Class_System_NullReferenceException@@SIXPAU1@PAUClass_System_String@@PAUClass_System_Exception@@@Z 0200e380 f   tty.obj
 0001:0000d3b0       ?m_StructCopy@Struct_Microsoft_Singularity_V1_Threads_ManualResetEventHandle@@SIXPAU1@0@Z 0200e3b0 f   tty.obj
 0001:0000d3d8       ?m_StructCopy@Struct_Microsoft_Singularity_V1_Threads_ManualResetEventHandle@@SIXPAU1@PAU1@@Z 0200e3d8 f   tty.obj
 0001:0000d450       ?m_Equals@Struct_Microsoft_Singularity_V1_Threads_ManualResetEventHandle@@SI_NPAU1@PAUClass_System_Object@@@Z 0200e450 f   tty.obj
 0001:0000d498       ?m_Equals@Struct_Microsoft_Singularity_V1_Threads_ManualResetEventHandle@@SI_NPAUClass_Microsoft_Singularity_V1_Threads_ManualResetEventHandle@@PAUClass_System_Object@@@Z 0200e498 f   tty.obj
 0001:0000d4c4       ?g_Create@Struct_Microsoft_Singularity_V1_Threads_ManualResetEventHandle@@SI_N_NPAU1@@Z 0200e4c4 f   tty.obj
 0001:0000d510       ?m__ctor@Class_Microsoft_Singularity_Tracing@@SIXPAU1@@Z 0200e510 f   tty.obj
 0001:0000d52c       ?m_StructCopy@Struct_System_GCs_CallStack_TransitionRecord@@SIXPAU1@0@Z 0200e52c f   tty.obj
 0001:0000d57c       ?m_StructCopy@Struct_System_GCs_CallStack_TransitionRecord@@SIXPAU1@PAU1@@Z 0200e57c f   tty.obj
 0001:0000d66c       ?m_Equals@Struct_System_GCs_CallStack_TransitionRecord@@SI_NPAU1@PAUClass_System_Object@@@Z 0200e66c f   tty.obj
 0001:0000d788       ?m_Equals@Struct_System_GCs_CallStack_TransitionRecord@@SI_NPAUClass_System_GCs_CallStack_TransitionRecord@@PAUClass_System_Object@@@Z 0200e788 f   tty.obj
 0001:0000d7b4       ?m__ctor@Class_System_OutOfMemoryException@@SIXPAU1@@Z 0200e7b4 f   tty.obj
 0001:0000d7dc       ?m__ctor@Class_System_OutOfMemoryException@@SIXPAU1@PAUClass_System_String@@@Z 0200e7dc f   tty.obj
 0001:0000d804       ?m__ctor@Class_System_OutOfMemoryException@@SIXPAU1@PAUClass_System_String@@PAUClass_System_Exception@@@Z 0200e804 f   tty.obj
 0001:0000d834       ?m_StructCopy@Struct_Microsoft_Singularity_Directory_DirectoryServiceContract_QueryACL@@SIXPAU1@0@Z 0200e834 f   tty.obj
 0001:0000d868       ?m_StructCopy@Struct_Microsoft_Singularity_Directory_DirectoryServiceContract_QueryACL@@SIXPAU1@PAU1@@Z 0200e868 f   tty.obj
 0001:0000d904       ?m_Equals@Struct_Microsoft_Singularity_Directory_DirectoryServiceContract_QueryACL@@SI_NPAU1@PAUClass_System_Object@@@Z 0200e904 f   tty.obj
 0001:0000d960       ?m_Equals@Struct_Microsoft_Singularity_Directory_DirectoryServiceContract_QueryACL@@SI_NPAUClass_Microsoft_Singularity_Directory_DirectoryServiceContract_QueryACL@@PAUClass_System_Object@@@Z 0200e960 f   tty.obj
 0001:0000d98c       ?m_ZeroIfMustBeQuiescent@Struct_System_MultiUseWord_STMSnapshot@@SIIPAU1@@Z 0200e98c f   tty.obj
 0001:0000d9b4       ?m_Visit@Struct_System_MultiUseWord_STMSnapshot@@SIXPAU1@PAUClass_System_GCs_DirectReferenceVisitor@@@Z 0200e9b4 f   tty.obj
 0001:0000db70       ?m_StructCopy@Struct_System_MultiUseWord_STMSnapshot@@SIXPAU1@0@Z 0200eb70 f   tty.obj
 0001:0000db98       ?m_StructCopy@Struct_System_MultiUseWord_STMSnapshot@@SIXPAU1@PAU1@@Z 0200eb98 f   tty.obj
 0001:0000dc10       ?m_GetSTMWord@Struct_System_MultiUseWord_STMSnapshot@@SI?AUStruct_System_STMWord@@PAU1@@Z 0200ec10 f   tty.obj
 0001:0000dcbc       ?m_Equals@Struct_System_MultiUseWord_STMSnapshot@@SI_NPAU1@PAUClass_System_Object@@@Z 0200ecbc f   tty.obj
 0001:0000dd04       ?m_Equals@Struct_System_MultiUseWord_STMSnapshot@@SI_NPAUClass_System_MultiUseWord_STMSnapshot@@PAUClass_System_Object@@@Z 0200ed04 f   tty.obj
 0001:0000dd30       ?m_Eq@Struct_System_MultiUseWord_STMSnapshot@@SI_NPAU1@U1@@Z 0200ed30 f   tty.obj
 0001:0000dd5c       ?m__ctor@Struct_System_MultiUseWord_STMSnapshot@@SIXPAU1@UStruct_System_MultiUseWord@@@Z 0200ed5c f   tty.obj
 0001:0000dd84       ?m_Microsoft_SingSharp_ITracked_Release@Class_SurrogateMicrosoft_Singularity_Directory_DirectoryServiceContract_Imp@@SIXPAU1@@Z 0200ed84 f   tty.obj
 0001:0000dda8       ?m_Microsoft_SingSharp_ITracked_Acquire@Class_SurrogateMicrosoft_Singularity_Directory_DirectoryServiceContract_Imp@@SIXPAU1@@Z 0200eda8 f   tty.obj
 0001:0000ddcc       ?m_HeadMatches@Class_SurrogateMicrosoft_Singularity_Directory_DirectoryServiceContract_Imp@@SI_NPAU1@HPA_NPAPAUClass_System_Object@@@Z 0200edcc f   tty.obj
 0001:0000de00       ?m_GetWaitHandle@Class_SurrogateMicrosoft_Singularity_Directory_DirectoryServiceContract_Imp@@SI?AUStruct_Microsoft_Singularity_V1_Threads_SyncHandle@@PAU1@@Z 0200ee00 f   tty.obj
 0001:0000de24       ?m_Dispose@Class_SurrogateMicrosoft_Singularity_Directory_DirectoryServiceContract_Imp@@SIXPAU1@@Z 0200ee24 f   tty.obj
 0001:0000de48       ?g__ctor@Class_SurrogateMicrosoft_Singularity_Directory_DirectoryServiceContract_Imp@@SIXPAU1@PAUStruct_Microsoft_Singularity_Directory_DirectoryServiceContract_Imp@@@Z 0200ee48 f   tty.obj
 0001:0000de70       ?m_StructCopy@Struct_Microsoft_Singularity_Directory_DirectoryServiceContract_NakCreateLink@@SIXPAU1@0@Z 0200ee70 f   tty.obj
 0001:0000de98       ?m_StructCopy@Struct_Microsoft_Singularity_Directory_DirectoryServiceContract_NakCreateLink@@SIXPAU1@PAU1@@Z 0200ee98 f   tty.obj
 0001:0000df10       ?m_Equals@Struct_Microsoft_Singularity_Directory_DirectoryServiceContract_NakCreateLink@@SI_NPAU1@PAUClass_System_Object@@@Z 0200ef10 f   tty.obj
 0001:0000dfb0       ?m_Equals@Struct_Microsoft_Singularity_Directory_DirectoryServiceContract_NakCreateLink@@SI_NPAUClass_Microsoft_Singularity_Directory_DirectoryServiceContract_NakCreateLink@@PAUClass_System_Object@@@Z 0200efb0 f   tty.obj
 0001:0000dfdc       ?m_StructCopy@Struct_Microsoft_Singularity_Isal_IX_EVectors@@SIXPAU1@0@Z 0200efdc f   tty.obj
 0001:0000dff8       ?m_StructCopy@Struct_Microsoft_Singularity_Isal_IX_EVectors@@SIXPAU1@PAU1@@Z 0200eff8 f   tty.obj
 0001:0000e04c       ?m_Equals@Struct_Microsoft_Singularity_Isal_IX_EVectors@@SI_NPAU1@PAUClass_System_Object@@@Z 0200f04c f   tty.obj
 0001:0000e084       ?m_Equals@Struct_Microsoft_Singularity_Isal_IX_EVectors@@SI_NPAUClass_Microsoft_Singularity_Isal_IX_EVectors@@PAUClass_System_Object@@@Z 0200f084 f   tty.obj
 0001:0000e0b0       ?g_UncheckedCopyUInt8Up@Class_System_ArrayHelper@@SIXPAUClassVector_uint8@@H0HH@Z 0200f0b0 f   tty.obj
 0001:0000e15c       ?g_UncheckedCopyUInt8Down@Class_System_ArrayHelper@@SIXPAUClassVector_uint8@@H0HH@Z 0200f15c f   tty.obj
 0001:0000e220       ?g_UncheckedCopyUInt64Up@Class_System_ArrayHelper@@SIXPAUClassVector_uint64@@H0HH@Z 0200f220 f   tty.obj
 0001:0000e2e8       ?g_UncheckedCopyUInt64Down@Class_System_ArrayHelper@@SIXPAUClassVector_uint64@@H0HH@Z 0200f2e8 f   tty.obj
 0001:0000e3c8       ?g_UncheckedCopyUInt32Down@Class_System_ArrayHelper@@SIXPAUClassVector_uint32@@H0HH@Z 0200f3c8 f   tty.obj
 0001:0000e48c       ?g_UncheckedCopyUInt16Up@Class_System_ArrayHelper@@SIXPAUClassVector_uint16@@H0HH@Z 0200f48c f   tty.obj
 0001:0000e53c       ?g_UncheckedCopyUInt16Down@Class_System_ArrayHelper@@SIXPAUClassVector_uint16@@H0HH@Z 0200f53c f   tty.obj
 0001:0000e604       ?g_UncheckedCopyInt8Up@Class_System_ArrayHelper@@SIXPAUClassVector_int8@@H0HH@Z 0200f604 f   tty.obj
 0001:0000e6b0       ?g_UncheckedCopyInt8Down@Class_System_ArrayHelper@@SIXPAUClassVector_int8@@H0HH@Z 0200f6b0 f   tty.obj
 0001:0000e774       ?g_UncheckedCopyInt64Up@Class_System_ArrayHelper@@SIXPAUClassVector_int64@@H0HH@Z 0200f774 f   tty.obj
 0001:0000e83c       ?g_UncheckedCopyInt64Down@Class_System_ArrayHelper@@SIXPAUClassVector_int64@@H0HH@Z 0200f83c f   tty.obj
 0001:0000e91c       ?g_UncheckedCopyInt32Down@Class_System_ArrayHelper@@SIXPAUClassVector_int32@@H0HH@Z 0200f91c f   tty.obj
 0001:0000e9e0       ?g_UncheckedCopyInt16Up@Class_System_ArrayHelper@@SIXPAUClassVector_int16@@H0HH@Z 0200f9e0 f   tty.obj
 0001:0000ea90       ?g_UncheckedCopyInt16Down@Class_System_ArrayHelper@@SIXPAUClassVector_int16@@H0HH@Z 0200fa90 f   tty.obj
 0001:0000eb58       ?g_UncheckedCopyFloat64Up@Class_System_ArrayHelper@@SIXPAUClassVector_float64@@H0HH@Z 0200fb58 f   tty.obj
 0001:0000ec04       ?g_UncheckedCopyFloat64Down@Class_System_ArrayHelper@@SIXPAUClassVector_float64@@H0HH@Z 0200fc04 f   tty.obj
 0001:0000ecc8       ?g_UncheckedCopyFloat32Up@Class_System_ArrayHelper@@SIXPAUClassVector_float32@@H0HH@Z 0200fcc8 f   tty.obj
 0001:0000ed74       ?g_UncheckedCopyFloat32Down@Class_System_ArrayHelper@@SIXPAUClassVector_float32@@H0HH@Z 0200fd74 f   tty.obj
 0001:0000ee38       ?g_UncheckedCopyCharUp@Class_System_ArrayHelper@@SIXPAUClassVector_bartok_char@@H0HH@Z 0200fe38 f   tty.obj
 0001:0000eee8       ?g_UncheckedCopyCharDown@Class_System_ArrayHelper@@SIXPAUClassVector_bartok_char@@H0HH@Z 0200fee8 f   tty.obj
 0001:0000efb0       ?g_UncheckedCopyBoolUp@Class_System_ArrayHelper@@SIXPAUClassVector_bool@@H0HH@Z 0200ffb0 f   tty.obj
 0001:0000f05c       ?g_UncheckedCopyBoolDown@Class_System_ArrayHelper@@SIXPAUClassVector_bool@@H0HH@Z 0201005c f   tty.obj
 0001:0000f120       ?g_CopyUInt8Up@Class_System_ArrayHelper@@SIXPAUClassVector_uint8@@H0HH@Z 02010120 f   tty.obj
 0001:0000f1cc       ?g_CopyUInt8Down@Class_System_ArrayHelper@@SIXPAUClassVector_uint8@@H0HH@Z 020101cc f   tty.obj
 0001:0000f290       ?g_CopyUInt64Up@Class_System_ArrayHelper@@SIXPAUClassVector_uint64@@H0HH@Z 02010290 f   tty.obj
 0001:0000f358       ?g_CopyUInt64Down@Class_System_ArrayHelper@@SIXPAUClassVector_uint64@@H0HH@Z 02010358 f   tty.obj
 0001:0000f438       ?g_CopyUInt32Up@Class_System_ArrayHelper@@SIXPAUClassVector_uint32@@H0HH@Z 02010438 f   tty.obj
 0001:0000f4e4       ?g_CopyUInt32Down@Class_System_ArrayHelper@@SIXPAUClassVector_uint32@@H0HH@Z 020104e4 f   tty.obj
 0001:0000f5a8       ?g_CopyUInt16Up@Class_System_ArrayHelper@@SIXPAUClassVector_uint16@@H0HH@Z 020105a8 f   tty.obj
 0001:0000f658       ?g_CopyUInt16Down@Class_System_ArrayHelper@@SIXPAUClassVector_uint16@@H0HH@Z 02010658 f   tty.obj
 0001:0000f720       ?g_CopyInt8Up@Class_System_ArrayHelper@@SIXPAUClassVector_int8@@H0HH@Z 02010720 f   tty.obj
 0001:0000f7cc       ?g_CopyInt8Down@Class_System_ArrayHelper@@SIXPAUClassVector_int8@@H0HH@Z 020107cc f   tty.obj
 0001:0000f890       ?g_CopyInt64Up@Class_System_ArrayHelper@@SIXPAUClassVector_int64@@H0HH@Z 02010890 f   tty.obj
 0001:0000f958       ?g_CopyInt64Down@Class_System_ArrayHelper@@SIXPAUClassVector_int64@@H0HH@Z 02010958 f   tty.obj
 0001:0000fa38       ?g_CopyInt32Up@Class_System_ArrayHelper@@SIXPAUClassVector_int32@@H0HH@Z 02010a38 f   tty.obj
 0001:0000fae4       ?g_CopyInt32Down@Class_System_ArrayHelper@@SIXPAUClassVector_int32@@H0HH@Z 02010ae4 f   tty.obj
 0001:0000fba8       ?g_CopyInt16Up@Class_System_ArrayHelper@@SIXPAUClassVector_int16@@H0HH@Z 02010ba8 f   tty.obj
 0001:0000fc58       ?g_CopyInt16Down@Class_System_ArrayHelper@@SIXPAUClassVector_int16@@H0HH@Z 02010c58 f   tty.obj
 0001:0000fd20       ?g_CopyFloat64Up@Class_System_ArrayHelper@@SIXPAUClassVector_float64@@H0HH@Z 02010d20 f   tty.obj
 0001:0000fdcc       ?g_CopyFloat64Down@Class_System_ArrayHelper@@SIXPAUClassVector_float64@@H0HH@Z 02010dcc f   tty.obj
 0001:0000fe90       ?g_CopyFloat32Up@Class_System_ArrayHelper@@SIXPAUClassVector_float32@@H0HH@Z 02010e90 f   tty.obj
 0001:0000ff3c       ?g_CopyFloat32Down@Class_System_ArrayHelper@@SIXPAUClassVector_float32@@H0HH@Z 02010f3c f   tty.obj
 0001:00010000       ?g_CopyCharUp@Class_System_ArrayHelper@@SIXPAUClassVector_bartok_char@@H0HH@Z 02011000 f   tty.obj
 0001:000100b0       ?g_CopyCharDown@Class_System_ArrayHelper@@SIXPAUClassVector_bartok_char@@H0HH@Z 020110b0 f   tty.obj
 0001:00010178       ?g_CopyBoolUp@Class_System_ArrayHelper@@SIXPAUClassVector_bool@@H0HH@Z 02011178 f   tty.obj
 0001:00010224       ?g_CopyBoolDown@Class_System_ArrayHelper@@SIXPAUClassVector_bool@@H0HH@Z 02011224 f   tty.obj
 0001:000102e8       ?m__ctor@Class_System_ArrayHelper@@SIXPAU1@@Z 020112e8 f   tty.obj
 0001:00010304       ?m_StructCopy@Struct_Microsoft_Singularity_Io_ConsoleDeviceContract_CursorShow@@SIXPAU1@0@Z 02011304 f   tty.obj
 0001:00010320       ?m_StructCopy@Struct_Microsoft_Singularity_Io_ConsoleDeviceContract_CursorShow@@SIXPAU1@PAU1@@Z 02011320 f   tty.obj
 0001:00010374       ?m_Equals@Struct_Microsoft_Singularity_Io_ConsoleDeviceContract_CursorShow@@SI_NPAU1@PAUClass_System_Object@@@Z 02011374 f   tty.obj
 0001:000103ac       ?m_Equals@Struct_Microsoft_Singularity_Io_ConsoleDeviceContract_CursorShow@@SI_NPAUClass_Microsoft_Singularity_Io_ConsoleDeviceContract_CursorShow@@PAUClass_System_Object@@@Z 020113ac f   tty.obj
 0001:000103d8       ?m_StructCopy@Struct_Microsoft_Bartok_Runtime_PreHeader@@SIXPAU1@0@Z 020113d8 f   tty.obj
 0001:00010404       ?m_StructCopy@Struct_Microsoft_Bartok_Runtime_PreHeader@@SIXPAU1@PAU1@@Z 02011404 f   tty.obj
 0001:00010488       ?m_Equals@Struct_Microsoft_Bartok_Runtime_PreHeader@@SI_NPAU1@PAUClass_System_Object@@@Z 02011488 f   tty.obj
 0001:00010534       ?m_Equals@Struct_Microsoft_Bartok_Runtime_PreHeader@@SI_NPAUClass_Microsoft_Bartok_Runtime_PreHeader@@PAUClass_System_Object@@@Z 02011534 f   tty.obj
 0001:00010560       ?m_StructCopy@Struct_Microsoft_Singularity_Directory_DirectoryServiceContract_Bind@@SIXPAU1@0@Z 02011560 f   tty.obj
 0001:00010594       ?m_StructCopy@Struct_Microsoft_Singularity_Directory_DirectoryServiceContract_Bind@@SIXPAU1@PAU1@@Z 02011594 f   tty.obj
 0001:00010630       ?m_MarshallContent@Struct_Microsoft_Singularity_Directory_DirectoryServiceContract_Bind@@SIXPAU1@PAEPAUStruct_Microsoft_Singularity_Channels_Endpoint@@1PAH@Z 02011630 f   tty.obj
 0001:00010758       ?m_MarshallAll@Struct_Microsoft_Singularity_Directory_DirectoryServiceContract_Bind@@SIXPAU1@PAEPAUStruct_Microsoft_Singularity_Channels_Endpoint@@PAH@Z 02011758 f   tty.obj
 0001:000107b0       ?m_Equals@Struct_Microsoft_Singularity_Directory_DirectoryServiceContract_Bind@@SI_NPAU1@PAUClass_System_Object@@@Z 020117b0 f   tty.obj
 0001:0001080c       ?m_Equals@Struct_Microsoft_Singularity_Directory_DirectoryServiceContract_Bind@@SI_NPAUClass_Microsoft_Singularity_Directory_DirectoryServiceContract_Bind@@PAUClass_System_Object@@@Z 0201180c f   tty.obj
 0001:00010838       ?m_StructCopy@Struct_Microsoft_Singularity_Io_ConsoleDeviceContract_CursorHide@@SIXPAU1@0@Z 02011838 f   tty.obj
 0001:00010854       ?m_StructCopy@Struct_Microsoft_Singularity_Io_ConsoleDeviceContract_CursorHide@@SIXPAU1@PAU1@@Z 02011854 f   tty.obj
 0001:000108a8       ?m_Equals@Struct_Microsoft_Singularity_Io_ConsoleDeviceContract_CursorHide@@SI_NPAU1@PAUClass_System_Object@@@Z 020118a8 f   tty.obj
 0001:000108e0       ?m_Equals@Struct_Microsoft_Singularity_Io_ConsoleDeviceContract_CursorHide@@SI_NPAUClass_Microsoft_Singularity_Io_ConsoleDeviceContract_CursorHide@@PAUClass_System_Object@@@Z 020118e0 f   tty.obj
 0001:0001090c       ?m__ctor@Class_Microsoft_Singularity_Memory_Stacks@@SIXPAU1@@Z 0201190c f   tty.obj
 0001:00010928       ?m_StructCopy@Struct_Microsoft_Singularity_Directory_DirectoryServiceContract_Notify@@SIXPAU1@0@Z 02011928 f   tty.obj
 0001:00010974       ?m_StructCopy@Struct_Microsoft_Singularity_Directory_DirectoryServiceContract_Notify@@SIXPAU1@PAU1@@Z 02011974 f   tty.obj
 0001:00010a58       ?m_Equals@Struct_Microsoft_Singularity_Directory_DirectoryServiceContract_Notify@@SI_NPAU1@PAUClass_System_Object@@@Z 02011a58 f   tty.obj
 0001:00010ad0       ?m_Equals@Struct_Microsoft_Singularity_Directory_DirectoryServiceContract_Notify@@SI_NPAUClass_Microsoft_Singularity_Directory_DirectoryServiceContract_Notify@@PAUClass_System_Object@@@Z 02011ad0 f   tty.obj
 0001:00010afc       ?m_Visit@Class_System_GCs_Verifier_GenericThreadReferenceVisitor@@SIXPAU1@PAPAUuintPtr@@@Z 02011afc f   tty.obj
 0001:00010e00       ?m__ctor@Class_System_GCs_Verifier_GenericThreadReferenceVisitor@@SIXPAU1@@Z 02011e00 f   tty.obj
 0001:00010e24       ?m_StructCopy@Struct_Microsoft_Singularity_Io_ConsoleDeviceContract_ClearCursorToEndOfLine@@SIXPAU1@0@Z 02011e24 f   tty.obj
 0001:00010e40       ?m_StructCopy@Struct_Microsoft_Singularity_Io_ConsoleDeviceContract_ClearCursorToEndOfLine@@SIXPAU1@PAU1@@Z 02011e40 f   tty.obj
 0001:00010e94       ?m_MarshallContent@Struct_Microsoft_Singularity_Io_ConsoleDeviceContract_ClearCursorToEndOfLine@@SIXPAU1@PAEPAUStruct_Microsoft_Singularity_Channels_Endpoint@@1PAH@Z 02011e94 f   tty.obj
 0001:00010eb4       ?m_MarshallAll@Struct_Microsoft_Singularity_Io_ConsoleDeviceContract_ClearCursorToEndOfLine@@SIXPAU1@PAEPAUStruct_Microsoft_Singularity_Channels_Endpoint@@PAH@Z 02011eb4 f   tty.obj
 0001:00010f0c       ?m_Equals@Struct_Microsoft_Singularity_Io_ConsoleDeviceContract_ClearCursorToEndOfLine@@SI_NPAU1@PAUClass_System_Object@@@Z 02011f0c f   tty.obj
 0001:00010f44       ?m_Equals@Struct_Microsoft_Singularity_Io_ConsoleDeviceContract_ClearCursorToEndOfLine@@SI_NPAUClass_Microsoft_Singularity_Io_ConsoleDeviceContract_ClearCursorToEndOfLine@@PAUClass_System_Object@@@Z 02011f44 f   tty.obj
 0001:00010f70       ?m_StructCopy@Struct_Microsoft_Singularity_V1_Services_SharedHeapService@@SIXPAU1@0@Z 02011f70 f   tty.obj
 0001:00010f8c       ?m_StructCopy@Struct_Microsoft_Singularity_V1_Services_SharedHeapService@@SIXPAU1@PAU1@@Z 02011f8c f   tty.obj
 0001:00010fe0       ?g_GetType@Struct_Microsoft_Singularity_V1_Services_SharedHeapService@@SIPAUuintPtr@@PAUStruct_Microsoft_Singularity_V1_Services_SharedHeapService_Allocation@@@Z 02011fe0 f   tty.obj
 0001:00011000       ?g_GetSize@Struct_Microsoft_Singularity_V1_Services_SharedHeapService@@SIPAUuintPtr@@PAUStruct_Microsoft_Singularity_V1_Services_SharedHeapService_Allocation@@@Z 02012000 f   tty.obj
 0001:00011020       ?g_GetData@Struct_Microsoft_Singularity_V1_Services_SharedHeapService@@SIPAUuintPtr@@PAUStruct_Microsoft_Singularity_V1_Services_SharedHeapService_Allocation@@@Z 02012020 f   tty.obj
 0001:00011040       ?m_Equals@Struct_Microsoft_Singularity_V1_Services_SharedHeapService@@SI_NPAU1@PAUClass_System_Object@@@Z 02012040 f   tty.obj
 0001:00011078       ?m_Equals@Struct_Microsoft_Singularity_V1_Services_SharedHeapService@@SI_NPAUClass_Microsoft_Singularity_V1_Services_SharedHeapService@@PAUClass_System_Object@@@Z 02012078 f   tty.obj
 0001:000110a4       ?m_Microsoft_SingSharp_ITracked_Release@Class_SurrogateMicrosoft_Singularity_Io_PipeMultiplexControl_Imp@@SIXPAU1@@Z 020120a4 f   tty.obj
 0001:000110c8       ?m_Microsoft_SingSharp_ITracked_Acquire@Class_SurrogateMicrosoft_Singularity_Io_PipeMultiplexControl_Imp@@SIXPAU1@@Z 020120c8 f   tty.obj
 0001:000110ec       ?m_HeadMatches@Class_SurrogateMicrosoft_Singularity_Io_PipeMultiplexControl_Imp@@SI_NPAU1@HPA_NPAPAUClass_System_Object@@@Z 020120ec f   tty.obj
 0001:00011120       ?m_GetWaitHandle@Class_SurrogateMicrosoft_Singularity_Io_PipeMultiplexControl_Imp@@SI?AUStruct_Microsoft_Singularity_V1_Threads_SyncHandle@@PAU1@@Z 02012120 f   tty.obj
 0001:00011144       ?m_Dispose@Class_SurrogateMicrosoft_Singularity_Io_PipeMultiplexControl_Imp@@SIXPAU1@@Z 02012144 f   tty.obj
 0001:00011168       ?g__ctor@Class_SurrogateMicrosoft_Singularity_Io_PipeMultiplexControl_Imp@@SIXPAU1@PAUStruct_Microsoft_Singularity_Io_PipeMultiplexControl_Imp@@@Z 02012168 f   tty.obj
 0001:00011190       ?m__ctor@Class_System_ReadEnlistmentLog_LogChunk@@SIXPAU1@PAUClassVector_Struct_System_ReadEnlistmentLog_Entry@@0@Z 02012190 f   tty.obj
 0001:000111c4       ?m_ToString@bool@@SIPAUClass_System_String@@PA_N@Z 020121c4 f   tty.obj
 0001:000111f4       ?m_ToString@bool@@SIPAUClass_System_String@@PAUClass_System_Boolean@@@Z 020121f4 f   tty.obj
 0001:0001123c       ?m_GetHashCode@bool@@SIHPA_N@Z 0201223c f   tty.obj
 0001:00011270       ?m_GetHashCode@bool@@SIHPAUClass_System_Boolean@@@Z 02012270 f   tty.obj
 0001:000112b8       ?m_Equals@bool@@SI_NPA_NPAUClass_System_Object@@@Z 020122b8 f   tty.obj
 0001:00011318       ?m_Equals@bool@@SI_NPAUClass_System_Boolean@@PAUClass_System_Object@@@Z 02012318 f   tty.obj
 0001:00011364       ?m_CompareTo@bool@@SIHPA_NPAUClass_System_Object@@@Z 02012364 f   tty.obj
 0001:0001140c       ?m_CompareTo@bool@@SIHPAUClass_System_Boolean@@PAUClass_System_Object@@@Z 0201240c f   tty.obj
 0001:00011458       ?g__cctor@bool@@SIXXZ      02012458 f   tty.obj
 0001:0001146c       ?g_TopLevelException@Class_Microsoft_Singularity_AppRuntime@@SIXPAUClass_System_Exception@@@Z 0201246c f   tty.obj
 0001:00011594       ?g_InitializeConsole@Class_Microsoft_Singularity_AppRuntime@@SIXXZ 02012594 f   tty.obj
 0001:000115e0       ?g_get$_AppName@Class_Microsoft_Singularity_AppRuntime@@SIPAUClass_System_String@@XZ 020125e0 f   tty.obj
 0001:000115f8       ?g_FinalizeConsole@Class_Microsoft_Singularity_AppRuntime@@SIXXZ 020125f8 f   tty.obj
 0001:00011644       ?g_AppStart@Class_Microsoft_Singularity_AppRuntime@@SIHPAUClass_System_Type@@@Z 02012644 f   tty.obj
 0001:00011adc       ?m__ctor@Class_Microsoft_Singularity_AppRuntime@@SIXPAU1@@Z 02012adc f   tty.obj
 0001:00011af8       ?g_WriteLine@Class_Microsoft_Singularity_DebugStub@@SIXPAUClass_System_String@@@Z 02012af8 f   tty.obj
 0001:00011b5c       ?g_WriteLine@Class_Microsoft_Singularity_DebugStub@@SIXPAUClass_System_String@@UStruct_System_VarargList@@@Z 02012b5c f   tty.obj
 0001:00011bc4       ?g_WriteLine@Class_Microsoft_Singularity_DebugStub@@SIXPAUClass_System_String@@UStruct_System_ArgIterator@@@Z 02012bc4 f   tty.obj
 0001:00011dbc       ?g_Print@Class_Microsoft_Singularity_DebugStub@@SIXPAUClass_System_String@@@Z 02012dbc f   tty.obj
 0001:00011e20       ?g_Print@Class_Microsoft_Singularity_DebugStub@@SIXPAUClass_System_String@@UStruct_System_VarargList@@@Z 02012e20 f   tty.obj
 0001:00011e88       ?g_Print@Class_Microsoft_Singularity_DebugStub@@SIXPAUClass_System_String@@UStruct_System_ArgIterator@@@Z 02012e88 f   tty.obj
 0001:00011ec0       ?g_InsertFormat@Class_Microsoft_Singularity_DebugStub@@SIXPA_WPAHHPAUClass_System_String@@UStruct_System_VarargList@@@Z 02012ec0 f   tty.obj
 0001:00011f60       ?g_failAssert@Class_Microsoft_Singularity_DebugStub@@SIXPAUClass_System_String@@@Z 02012f60 f   tty.obj
 0001:00011f88       ?g_Assert@Class_Microsoft_Singularity_DebugStub@@SIX_N@Z 02012f88 f   tty.obj
 0001:00011fb8       ?g_AddToPerfCounter@Class_Microsoft_Singularity_DebugStub@@SI_NI_K@Z 02012fb8 f   tty.obj
 0001:00011ff0       ?g_AddLineHeader@Class_Microsoft_Singularity_DebugStub@@SIXPA_WPAHH@Z 02012ff0 f   tty.obj
 0001:000121f0       ?m__ctor@Class_Microsoft_Singularity_DebugStub@@SIXPAU1@@Z 020131f0 f   tty.obj
 0001:0001220c       ?m_StructCopy@Struct_Microsoft_Singularity_Isal_IX_TSS@@SIXPAU1@0@Z 0201320c f   tty.obj
 0001:00012420       ?m_StructCopy@Struct_Microsoft_Singularity_Isal_IX_TSS@@SIXPAU1@PAU1@@Z 02013420 f   tty.obj
 0001:00012a5c       ?m_Equals@Struct_Microsoft_Singularity_Isal_IX_TSS@@SI_NPAU1@PAUClass_System_Object@@@Z 02013a5c f   tty.obj
 0001:00012d4c       ?m_Equals@Struct_Microsoft_Singularity_Isal_IX_TSS@@SI_NPAUClass_Microsoft_Singularity_Isal_IX_TSS@@PAUClass_System_Object@@@Z 02013d4c f   tty.obj
 0001:00012d78       ?m_StructCopy@Struct_Microsoft_Singularity_V1_Services_ProcessService@@SIXPAU1@0@Z 02013d78 f   tty.obj
 0001:00012d94       ?m_StructCopy@Struct_Microsoft_Singularity_V1_Services_ProcessService@@SIXPAU1@PAU1@@Z 02013d94 f   tty.obj
 0001:00012de8       ?g_GetSharedSourceHandles@Struct_Microsoft_Singularity_V1_Services_ProcessService@@SI_NIPAPAUuintPtr@@00@Z 02013de8 f   tty.obj
 0001:00012e6c       ?m_Equals@Struct_Microsoft_Singularity_V1_Services_ProcessService@@SI_NPAU1@PAUClass_System_Object@@@Z 02013e6c f   tty.obj
 0001:00012ea4       ?m_Equals@Struct_Microsoft_Singularity_V1_Services_ProcessService@@SI_NPAUClass_Microsoft_Singularity_V1_Services_ProcessService@@PAUClass_System_Object@@@Z 02013ea4 f   tty.obj
 0001:00012ed0       ?m_Visit@Struct_System_MultiUseWord_STMHandle@@SI_NPAU1@PAUClass_System_GCs_DirectReferenceVisitor@@@Z 02013ed0 f   tty.obj
 0001:00012f24       ?m_StructCopy@Struct_System_MultiUseWord_STMHandle@@SIXPAU1@0@Z 02013f24 f   tty.obj
 0001:00012f4c       ?m_StructCopy@Struct_System_MultiUseWord_STMHandle@@SIXPAU1@PAU1@@Z 02013f4c f   tty.obj
 0001:00012fc4       ?m_SetSTMWordAtGC@Struct_System_MultiUseWord_STMHandle@@SIXPAU1@PAUClass_System_GCs_DirectReferenceVisitor@@UStruct_System_STMWord@@@Z 02013fc4 f   tty.obj
 0001:000130bc       ?m_SetMark@Struct_System_MultiUseWord_STMHandle@@SIXPAU1@_N@Z 020140bc f   tty.obj
 0001:00013150       ?m_IsMarked@Struct_System_MultiUseWord_STMHandle@@SI_NPAU1@@Z 02014150 f   tty.obj
 0001:00013194       ?m_GetSTMSnapshot@Struct_System_MultiUseWord_STMHandle@@SI?AUStruct_System_MultiUseWord_STMSnapshot@@PAU1@@Z 02014194 f   tty.obj
 0001:000131e0       ?m_Equals@Struct_System_MultiUseWord_STMHandle@@SI_NPAU1@PAUClass_System_Object@@@Z 020141e0 f   tty.obj
 0001:00013228       ?m_Equals@Struct_System_MultiUseWord_STMHandle@@SI_NPAUClass_System_MultiUseWord_STMHandle@@PAUClass_System_Object@@@Z 02014228 f   tty.obj
 0001:00013254       ?m_Visit@Class_System_GCs_MemoryAccounting_ManagedPtrAccounting@@SIXPAU1@PAPAUuintPtr@@@Z 02014254 f   tty.obj
 0001:00013270       ?m_Initialize@Class_System_GCs_MemoryAccounting_ManagedPtrAccounting@@SIXPAU1@@Z 02014270 f   tty.obj
 0001:00013288       ?m__ctor@Class_System_GCs_MemoryAccounting_ManagedPtrAccounting@@SIXPAU1@@Z 02014288 f   tty.obj
 0001:000132a0       ?m__ctor@Class_Microsoft_Singularity_Monitoring@@SIXPAU1@@Z 020142a0 f   tty.obj
 0001:000132bc       ?m_StructCopy@Struct_Microsoft_Singularity_Directory_DirectoryServiceContract_AckCreateLink@@SIXPAU1@0@Z 020142bc f   tty.obj
 0001:000132d8       ?m_StructCopy@Struct_Microsoft_Singularity_Directory_DirectoryServiceContract_AckCreateLink@@SIXPAU1@PAU1@@Z 020142d8 f   tty.obj
 0001:0001332c       ?m_Equals@Struct_Microsoft_Singularity_Directory_DirectoryServiceContract_AckCreateLink@@SI_NPAU1@PAUClass_System_Object@@@Z 0201432c f   tty.obj
 0001:00013364       ?m_Equals@Struct_Microsoft_Singularity_Directory_DirectoryServiceContract_AckCreateLink@@SI_NPAUClass_Microsoft_Singularity_Directory_DirectoryServiceContract_AckCreateLink@@PAUClass_System_Object@@@Z 02014364 f   tty.obj
 0001:00013390       ?m_StructCopy@Struct_Microsoft_Singularity_Directory_DirectoryServiceContract_NakStoreACL@@SIXPAU1@0@Z 02014390 f   tty.obj
 0001:000133b8       ?m_StructCopy@Struct_Microsoft_Singularity_Directory_DirectoryServiceContract_NakStoreACL@@SIXPAU1@PAU1@@Z 020143b8 f   tty.obj
 0001:00013430       ?m_Equals@Struct_Microsoft_Singularity_Directory_DirectoryServiceContract_NakStoreACL@@SI_NPAU1@PAUClass_System_Object@@@Z 02014430 f   tty.obj
 0001:000134d0       ?m_Equals@Struct_Microsoft_Singularity_Directory_DirectoryServiceContract_NakStoreACL@@SI_NPAUClass_Microsoft_Singularity_Directory_DirectoryServiceContract_NakStoreACL@@PAUClass_System_Object@@@Z 020144d0 f   tty.obj
 0001:000134fc       ?m_StructCopy@Struct_Microsoft_Singularity_Directory_DirectoryServiceContract_AckGetLinkValue@@SIXPAU1@0@Z 020144fc f   tty.obj
 0001:00013524       ?m_StructCopy@Struct_Microsoft_Singularity_Directory_DirectoryServiceContract_AckGetLinkValue@@SIXPAU1@PAU1@@Z 02014524 f   tty.obj
 0001:0001359c       ?m_Equals@Struct_Microsoft_Singularity_Directory_DirectoryServiceContract_AckGetLinkValue@@SI_NPAU1@PAUClass_System_Object@@@Z 0201459c f   tty.obj
 0001:000135e4       ?m_Equals@Struct_Microsoft_Singularity_Directory_DirectoryServiceContract_AckGetLinkValue@@SI_NPAUClass_Microsoft_Singularity_Directory_DirectoryServiceContract_AckGetLinkValue@@PAUClass_System_Object@@@Z 020145e4 f   tty.obj
 0001:00013610       ?m_ToString@float64@@SIPAUClass_System_String@@PAN@Z 02014610 f   tty.obj
 0001:00013638       ?m_ToString@float64@@SIPAUClass_System_String@@PANPAU2@@Z 02014638 f   tty.obj
 0001:00013684       ?m_ToString@float64@@SIPAUClass_System_String@@PAUClass_System_Double@@@Z 02014684 f   tty.obj
 0001:000136ac       ?m_ToString@float64@@SIPAUClass_System_String@@PAUClass_System_Double@@PAU2@@Z 020146ac f   tty.obj
 0001:000136d8       ?g_IsNaN@float64@@SI_NN@Z  020146d8 f   tty.obj
 0001:00013788       ?m_GetHashCode@float64@@SIHPAN@Z 02014788 f   tty.obj
 0001:000137f4       ?m_GetHashCode@float64@@SIHPAUClass_System_Double@@@Z 020147f4 f   tty.obj
 0001:0001381c       ?m_Equals@float64@@SI_NPANPAUClass_System_Object@@@Z 0201481c f   tty.obj
 0001:000138c4       ?m_Equals@float64@@SI_NPAUClass_System_Double@@PAUClass_System_Object@@@Z 020148c4 f   tty.obj
 0001:000138f0       ?m_CompareTo@float64@@SIHPANPAUClass_System_Object@@@Z 020148f0 f   tty.obj
 0001:00013a34       ?m_CompareTo@float64@@SIHPAUClass_System_Double@@PAUClass_System_Object@@@Z 02014a34 f   tty.obj
 0001:00013a60       ?m_ToString@Class_System_Version@@SIPAUClass_System_String@@PAU1@@Z 02014a60 f   tty.obj
 0001:00013abc       ?m_ToString@Class_System_Version@@SIPAUClass_System_String@@PAU1@H@Z 02014abc f   tty.obj
 0001:00013e3c       ?m_GetHashCode@Class_System_Version@@SIHPAU1@@Z 02014e3c f   tty.obj
 0001:00013ec0       ?m_get$_Major@Class_System_Version@@SIHPAU1@@Z 02014ec0 f   tty.obj
 0001:00013ee0       ?m_Equals@Class_System_Version@@SI_NPAU1@PAUClass_System_Object@@@Z 02014ee0 f   tty.obj
 0001:00013fa0       ?m_CompareTo@Class_System_Version@@SIHPAU1@PAUClass_System_Object@@@Z 02014fa0 f   tty.obj
 0001:000140b4       ?m__ctor@Class_System_Version@@SIXPAU1@@Z 020150b4 f   tty.obj
 0001:000140f8       ?m_RecvHead@Class_Microsoft_Singularity_Channels_ESet$_2$LMicrosoft_Singularity_Io_UnicodePipeContract_Imp_Microsoft_Singularity_Io_UnicodePipeContract_READY$G@@SIXPAU1@PAPAUStruct_Microsoft_Singularity_Io_UnicodePipeContract_Imp@@@Z 020150f8 f   tty.obj
 0001:00014194       ?m_Microsoft_SingSharp_ITracked_Release@Class_Microsoft_Singularity_Channels_ESet$_2$LMicrosoft_Singularity_Io_UnicodePipeContract_Imp_Microsoft_Singularity_Io_UnicodePipeContract_READY$G@@SIXPAU1@@Z 02015194 f   tty.obj
 0001:00014228       ?m_Microsoft_SingSharp_ITracked_Acquire@Class_Microsoft_Singularity_Channels_ESet$_2$LMicrosoft_Singularity_Io_UnicodePipeContract_Imp_Microsoft_Singularity_Io_UnicodePipeContract_READY$G@@SIXPAU1@@Z 02015228 f   tty.obj
 0001:000142bc       ?m_HeadMatches@Class_Microsoft_Singularity_Channels_ESet$_2$LMicrosoft_Singularity_Io_UnicodePipeContract_Imp_Microsoft_Singularity_Io_UnicodePipeContract_READY$G@@SI_NPAU1@HPA_NPAPAUClass_System_Object@@@Z 020152bc f   tty.obj
 0001:00014434       ?m_GetWaitHandle@Class_Microsoft_Singularity_Channels_ESet$_2$LMicrosoft_Singularity_Io_UnicodePipeContract_Imp_Microsoft_Singularity_Io_UnicodePipeContract_READY$G@@SI?AUStruct_Microsoft_Singularity_V1_Threads_SyncHandle@@PAU1@@Z 02015434 f   tty.obj
 0001:000144a0       ?m_GetFreshNode@Class_Microsoft_Singularity_Channels_ESet$_2$LMicrosoft_Singularity_Io_UnicodePipeContract_Imp_Microsoft_Singularity_Io_UnicodePipeContract_READY$G@@SIPAUClass_Microsoft_Singularity_Channels_ESet$_2$LMicrosoft_Singularity_Io_UnicodePipeContract_Imp_Microsoft_Singularity_Io_UnicodePipeContract_READY$G_Node@@PAU1@PAUStruct_Microsoft_Singularity_Io_UnicodePipeContract_Imp@@0@Z 020154a0 f   tty.obj
 0001:00014544       ?m_get$_NextScanStart@Class_Microsoft_Singularity_Channels_ESet$_2$LMicrosoft_Singularity_Io_UnicodePipeContract_Imp_Microsoft_Singularity_Io_UnicodePipeContract_READY$G@@SIPAUClass_Microsoft_Singularity_Channels_ESet$_2$LMicrosoft_Singularity_Io_UnicodePipeContract_Imp_Microsoft_Singularity_Io_UnicodePipeContract_READY$G_Node@@PAU1@@Z 02015544 f   tty.obj
 0001:000145ac       ?m_Dispose@Class_Microsoft_Singularity_Channels_ESet$_2$LMicrosoft_Singularity_Io_UnicodePipeContract_Imp_Microsoft_Singularity_Io_UnicodePipeContract_READY$G@@SIXPAU1@@Z 020155ac f   tty.obj
 0001:00014698       ?m_Add@Class_Microsoft_Singularity_Channels_ESet$_2$LMicrosoft_Singularity_Io_UnicodePipeContract_Imp_Microsoft_Singularity_Io_UnicodePipeContract_READY$G@@SIXPAU1@PAUStruct_Microsoft_Singularity_Io_UnicodePipeContract_Imp@@@Z 02015698 f   tty.obj
 0001:000146c8       ?m__ctor@Class_Microsoft_Singularity_Channels_ESet$_2$LMicrosoft_Singularity_Io_UnicodePipeContract_Imp_Microsoft_Singularity_Io_UnicodePipeContract_READY$G@@SIXPAU1@@Z 020156c8 f   tty.obj
 0001:00014754       ?m_StructCopy@Struct_Microsoft_Singularity_Directory_FileContract_Exp@@SIXPAU1@0@Z 02015754 f   tty.obj
 0001:00014854       ?m_StructCopy@Struct_Microsoft_Singularity_Directory_FileContract_Exp@@SIXPAU1@PAU1@@Z 02015854 f   tty.obj
 0001:00014b54       ?m_Peek@Struct_Microsoft_Singularity_Directory_FileContract_Exp@@SIHPAU1@@Z 02015b54 f   tty.obj
 0001:00014de8       ?m_HeadMatches@Struct_Microsoft_Singularity_Directory_FileContract_Exp@@SI_NPAU1@HPA_NPAPAUClass_System_Object@@@Z 02015de8 f   tty.obj
 0001:00014ea8       ?m_HeadMatches@Struct_Microsoft_Singularity_Directory_FileContract_Exp@@SI_NPAUClass_Microsoft_Singularity_Directory_FileContract_Exp@@HPA_NPAPAUClass_System_Object@@@Z 02015ea8 f   tty.obj
 0001:00014ee0       ?m_Equals@Struct_Microsoft_Singularity_Directory_FileContract_Exp@@SI_NPAU1@PAUClass_System_Object@@@Z 02015ee0 f   tty.obj
 0001:000152c0       ?m_Equals@Struct_Microsoft_Singularity_Directory_FileContract_Exp@@SI_NPAUClass_Microsoft_Singularity_Directory_FileContract_Exp@@PAUClass_System_Object@@@Z 020162c0 f   tty.obj
 0001:000152ec       ?m_Dispose@Struct_Microsoft_Singularity_Directory_FileContract_Exp@@SIXPAU1@@Z 020162ec f   tty.obj
 0001:00015310       ?m_Dispose@Struct_Microsoft_Singularity_Directory_FileContract_Exp@@SIXPAUClass_Microsoft_Singularity_Directory_FileContract_Exp@@@Z 02016310 f   tty.obj
 0001:00015338       ?m_StructCopy@Struct_Microsoft_Singularity_Directory_EnumerationRecords@@SIXPAU1@0@Z 02016338 f   tty.obj
 0001:0001536c       ?m_StructCopy@Struct_Microsoft_Singularity_Directory_EnumerationRecords@@SIXPAU1@PAU1@@Z 0201636c f   tty.obj
 0001:00015408       ?m_Release@Struct_Microsoft_Singularity_Directory_EnumerationRecords@@SIXPAU1@@Z 02016408 f   tty.obj
 0001:00015424       ?m_Release@Struct_Microsoft_Singularity_Directory_EnumerationRecords@@SIXPAUClass_Microsoft_Singularity_Directory_EnumerationRecords@@@Z 02016424 f   tty.obj
 0001:0001544c       ?m_Equals@Struct_Microsoft_Singularity_Directory_EnumerationRecords@@SI_NPAU1@PAUClass_System_Object@@@Z 0201644c f   tty.obj
 0001:00015500       ?m_Equals@Struct_Microsoft_Singularity_Directory_EnumerationRecords@@SI_NPAUClass_Microsoft_Singularity_Directory_EnumerationRecords@@PAUClass_System_Object@@@Z 02016500 f   tty.obj
 0001:0001552c       ?m_Dispose@Struct_Microsoft_Singularity_Directory_EnumerationRecords@@SIXPAU1@@Z 0201652c f   tty.obj
 0001:00015570       ?m_Dispose@Struct_Microsoft_Singularity_Directory_EnumerationRecords@@SIXPAUClass_Microsoft_Singularity_Directory_EnumerationRecords@@@Z 02016570 f   tty.obj
 0001:00015598       ?m_Acquire@Struct_Microsoft_Singularity_Directory_EnumerationRecords@@SIXPAU1@@Z 02016598 f   tty.obj
 0001:000155b4       ?m_Acquire@Struct_Microsoft_Singularity_Directory_EnumerationRecords@@SIXPAUClass_Microsoft_Singularity_Directory_EnumerationRecords@@@Z 020165b4 f   tty.obj
 0001:000155dc       ?m_StructCopy@Struct_Microsoft_Singularity_Directory_DirectoryServiceContract_NakDeregister@@SIXPAU1@0@Z 020165dc f   tty.obj
 0001:00015604       ?m_StructCopy@Struct_Microsoft_Singularity_Directory_DirectoryServiceContract_NakDeregister@@SIXPAU1@PAU1@@Z 02016604 f   tty.obj
 0001:0001567c       ?m_Equals@Struct_Microsoft_Singularity_Directory_DirectoryServiceContract_NakDeregister@@SI_NPAU1@PAUClass_System_Object@@@Z 0201667c f   tty.obj
 0001:0001571c       ?m_Equals@Struct_Microsoft_Singularity_Directory_DirectoryServiceContract_NakDeregister@@SI_NPAUClass_Microsoft_Singularity_Directory_DirectoryServiceContract_NakDeregister@@PAUClass_System_Object@@@Z 0201671c f   tty.obj
 0001:00015748       ?m_StructCopy@Struct_Microsoft_Singularity_Io_ConsoleDeviceContract_AckClearCursorToEndOfLine@@SIXPAU1@0@Z 02016748 f   tty.obj
 0001:00015764       ?m_StructCopy@Struct_Microsoft_Singularity_Io_ConsoleDeviceContract_AckClearCursorToEndOfLine@@SIXPAU1@PAU1@@Z 02016764 f   tty.obj
 0001:000157b8       ?m_Equals@Struct_Microsoft_Singularity_Io_ConsoleDeviceContract_AckClearCursorToEndOfLine@@SI_NPAU1@PAUClass_System_Object@@@Z 020167b8 f   tty.obj
 0001:000157f0       ?m_Equals@Struct_Microsoft_Singularity_Io_ConsoleDeviceContract_AckClearCursorToEndOfLine@@SI_NPAUClass_Microsoft_Singularity_Io_ConsoleDeviceContract_AckClearCursorToEndOfLine@@PAUClass_System_Object@@@Z 020167f0 f   tty.obj
 0001:0001581c       ?m__ctor@Class_System_Runtime_CompilerServices_CalledRarelyAttribute@@SIXPAU1@@Z 0201681c f   tty.obj
 0001:00015840       ?m_StructCopy@Struct_Microsoft_Singularity_Directory_DirectoryServiceContract_NakGetLinkValueReparse@@SIXPAU1@0@Z 02016840 f   tty.obj
 0001:00015880       ?m_StructCopy@Struct_Microsoft_Singularity_Directory_DirectoryServiceContract_NakGetLinkValueReparse@@SIXPAU1@PAU1@@Z 02016880 f   tty.obj
 0001:00015940       ?m_Equals@Struct_Microsoft_Singularity_Directory_DirectoryServiceContract_NakGetLinkValueReparse@@SI_NPAU1@PAUClass_System_Object@@@Z 02016940 f   tty.obj
 0001:000159a8       ?m_Equals@Struct_Microsoft_Singularity_Directory_DirectoryServiceContract_NakGetLinkValueReparse@@SI_NPAUClass_Microsoft_Singularity_Directory_DirectoryServiceContract_NakGetLinkValueReparse@@PAUClass_System_Object@@@Z 020169a8 f   tty.obj
 0001:000159d4       ?m_StructCopy@Struct_Microsoft_Singularity_Directory_DirectoryServiceContract_AckDeleteLink@@SIXPAU1@0@Z 020169d4 f   tty.obj
 0001:000159f0       ?m_StructCopy@Struct_Microsoft_Singularity_Directory_DirectoryServiceContract_AckDeleteLink@@SIXPAU1@PAU1@@Z 020169f0 f   tty.obj
 0001:00015a44       ?m_Equals@Struct_Microsoft_Singularity_Directory_DirectoryServiceContract_AckDeleteLink@@SI_NPAU1@PAUClass_System_Object@@@Z 02016a44 f   tty.obj
 0001:00015a7c       ?m_Equals@Struct_Microsoft_Singularity_Directory_DirectoryServiceContract_AckDeleteLink@@SI_NPAUClass_Microsoft_Singularity_Directory_DirectoryServiceContract_AckDeleteLink@@PAUClass_System_Object@@@Z 02016a7c f   tty.obj
 0001:00015aa8       ?g_StableState@Class_Microsoft_Singularity_Io_ConsoleDeviceContract@@SIHPAUStruct_Microsoft_Singularity_Channels_StateStack@@@Z 02016aa8 f   tty.obj
 0001:00015c48       ?g_NewChannel@Class_Microsoft_Singularity_Io_ConsoleDeviceContract@@SIXPAPAUStruct_Microsoft_Singularity_Io_ConsoleDeviceContract_Imp@@PAPAUStruct_Microsoft_Singularity_Io_ConsoleDeviceContract_Exp@@@Z 02016c48 f   tty.obj
 0001:00015ce4       ?m__ctor@Class_Microsoft_Singularity_Io_ConsoleDeviceContract@@SIXPAU1@@Z 02016ce4 f   tty.obj
 0001:00015cfc       ?m_StructCopy@Struct_System_UpdateLogWriter@@SIXPAU1@0@Z 02016cfc f   tty.obj
 0001:00015d30       ?m_StructCopy@Struct_System_UpdateLogWriter@@SIXPAU1@PAU1@@Z 02016d30 f   tty.obj
 0001:00015dcc       ?m_Equals@Struct_System_UpdateLogWriter@@SI_NPAU1@PAUClass_System_Object@@@Z 02016dcc f   tty.obj
 0001:00015e28       ?m_Equals@Struct_System_UpdateLogWriter@@SI_NPAUClass_System_UpdateLogWriter@@PAUClass_System_Object@@@Z 02016e28 f   tty.obj
 0001:00015e54       ?m_ToString@uint8@@SIPAUClass_System_String@@PAE@Z 02016e54 f   tty.obj
 0001:00015ea0       ?m_ToString@uint8@@SIPAUClass_System_String@@PAEPAU2@@Z 02016ea0 f   tty.obj
 0001:00015eec       ?m_ToString@uint8@@SIPAUClass_System_String@@PAUClass_System_Byte@@@Z 02016eec f   tty.obj
 0001:00015f14       ?m_ToString@uint8@@SIPAUClass_System_String@@PAUClass_System_Byte@@PAU2@@Z 02016f14 f   tty.obj
 0001:00015f40       ?m_GetHashCode@uint8@@SIHPAE@Z 02016f40 f   tty.obj
 0001:00015f64       ?m_GetHashCode@uint8@@SIHPAUClass_System_Byte@@@Z 02016f64 f   tty.obj
 0001:00015f8c       ?m_Equals@uint8@@SI_NPAEPAUClass_System_Object@@@Z 02016f8c f   tty.obj
 0001:00015fec       ?m_Equals@uint8@@SI_NPAUClass_System_Byte@@PAUClass_System_Object@@@Z 02016fec f   tty.obj
 0001:00016018       ?m_CompareTo@uint8@@SIHPAEPAUClass_System_Object@@@Z 02017018 f   tty.obj
 0001:000160a4       ?m_CompareTo@uint8@@SIHPAUClass_System_Byte@@PAUClass_System_Object@@@Z 020170a4 f   tty.obj
 0001:000160d0       ?m_StructCopy@Struct_Microsoft_Singularity_Directory_DirectoryServiceContract_GetAttributes@@SIXPAU1@0@Z 020170d0 f   tty.obj
 0001:000160f8       ?m_StructCopy@Struct_Microsoft_Singularity_Directory_DirectoryServiceContract_GetAttributes@@SIXPAU1@PAU1@@Z 020170f8 f   tty.obj
 0001:00016170       ?m_Equals@Struct_Microsoft_Singularity_Directory_DirectoryServiceContract_GetAttributes@@SI_NPAU1@PAUClass_System_Object@@@Z 02017170 f   tty.obj
 0001:000161b8       ?m_Equals@Struct_Microsoft_Singularity_Directory_DirectoryServiceContract_GetAttributes@@SI_NPAUClass_Microsoft_Singularity_Directory_DirectoryServiceContract_GetAttributes@@PAUClass_System_Object@@@Z 020171b8 f   tty.obj
 0001:000161e4       ?m_StructCopy@Struct_Microsoft_Bartok_Runtime_PostHeader@@SIXPAU1@0@Z 020171e4 f   tty.obj
 0001:0001620c       ?m_StructCopy@Struct_Microsoft_Bartok_Runtime_PostHeader@@SIXPAU1@PAU1@@Z 0201720c f   tty.obj
 0001:00016284       ?m_Equals@Struct_Microsoft_Bartok_Runtime_PostHeader@@SI_NPAU1@PAUClass_System_Object@@@Z 02017284 f   tty.obj
 0001:000162d0       ?m_Equals@Struct_Microsoft_Bartok_Runtime_PostHeader@@SI_NPAUClass_Microsoft_Bartok_Runtime_PostHeader@@PAUClass_System_Object@@@Z 020172d0 f   tty.obj
 0001:000162fc       ?m_StructCopy@Struct_Microsoft_Singularity_Directory_DirectoryServiceContract_AckDeregister@@SIXPAU1@0@Z 020172fc f   tty.obj
 0001:00016324       ?m_StructCopy@Struct_Microsoft_Singularity_Directory_DirectoryServiceContract_AckDeregister@@SIXPAU1@PAU1@@Z 02017324 f   tty.obj
 0001:0001639c       ?m_Equals@Struct_Microsoft_Singularity_Directory_DirectoryServiceContract_AckDeregister@@SI_NPAU1@PAUClass_System_Object@@@Z 0201739c f   tty.obj
 0001:000163e4       ?m_Equals@Struct_Microsoft_Singularity_Directory_DirectoryServiceContract_AckDeregister@@SI_NPAUClass_Microsoft_Singularity_Directory_DirectoryServiceContract_AckDeregister@@PAUClass_System_Object@@@Z 020173e4 f   tty.obj
 0001:00016410       ?m_StructCopy@Struct_System_ArgIterator@@SIXPAU1@0@Z 02017410 f   tty.obj
 0001:00016444       ?m_StructCopy@Struct_System_ArgIterator@@SIXPAU1@PAU1@@Z 02017444 f   tty.obj
 0001:000164e0       ?m_GetArg@Struct_System_ArgIterator@@SIPAUClass_System_RuntimeType@@PAU1@HPAPAUintPtr@@@Z 020174e0 f   tty.obj
 0001:00016564       ?m_get$_Length@Struct_System_ArgIterator@@SIHPAU1@@Z 02017564 f   tty.obj
[...]
 0003:0001e6a0       ?c_$_$_szChar@Class_Microsoft_Singularity_Eventing_DataType@@2GA 020cd6a0     tty.obj
 0003:0001e6a0       ?c_$_$_IntPtr@Class_Microsoft_Singularity_Eventing_DataType@@2GA 020cd6a0     tty.obj
 0003:0001e6a0       ?c_$_$_int16@Class_Microsoft_Singularity_Eventing_DataType@@2GA 020cd6a0     tty.obj
 0003:0001e6a0       ?c_$_$_int64@Class_Microsoft_Singularity_Eventing_DataType@@2GA 020cd6a0     tty.obj
 0003:0001e6a0       ?c_MaxValue@uint32@@2IA    020cd6a0     tty.obj
 0003:0001e6a0       ?c_$_$_uint@Class_Microsoft_Singularity_Eventing_DataType@@2GA 020cd6a0     tty.obj
 0003:0001e6a0       ?c_$_$_uint32@Class_Microsoft_Singularity_Eventing_DataType@@2GA 020cd6a0     tty.obj
 0003:0001e6a0       ?c_$_$_uint64@Class_Microsoft_Singularity_Eventing_DataType@@2GA 020cd6a0     tty.obj
 0003:0001e6a0       ?c_$_$_string@Class_Microsoft_Singularity_Eventing_DataType@@2GA 020cd6a0     tty.obj
 0003:0001e6a0       ?c_$_$_UIntPtr@Class_Microsoft_Singularity_Eventing_DataType@@2GA 020cd6a0     tty.obj
 0003:0001e6a0       ?c_$_$_int32@Class_Microsoft_Singularity_Eventing_DataType@@2GA 020cd6a0     tty.obj
 0003:0001e6a0       ?c_$_$_uint8@Class_Microsoft_Singularity_Eventing_DataType@@2GA 020cd6a0     tty.obj
 0003:0001e6a0       ?c_cacheShutdown@Class_Microsoft_Singularity_Directory_SdsUtils@@2_NA 020cd6a0     tty.obj
 0003:0001e6a4       ?c_SR$$1@Class_Microsoft_Singularity_Directory_SdsUtils@@2PAUClassVector_ClassVector_int32@@A 020cd6a4     tty.obj
 0003:0001e6a8       ?c_dspCache@Class_Microsoft_Singularity_Directory_SdsUtils@@2PAUClass_System_Collections_SortedList@@A 020cd6a8     tty.obj
 0003:0001e6ac       ?c_cacheUsers@Class_Microsoft_Singularity_Directory_SdsUtils@@2HA 020cd6ac     tty.obj
 0003:0001e6b0       ?c_cacheEmpty@Class_Microsoft_Singularity_Directory_SdsUtils@@2PAUClass_System_Threading_Mutex@@A 020cd6b0     tty.obj
 0003:0001e6b4       ?c_SR$$3@Class_Microsoft_Singularity_Directory_SdsUtils@@2PAUClassVector_ClassVector_int32@@A 020cd6b4     tty.obj
 0003:0001e6b8       ?c_flushCacheWaiting@Class_Microsoft_Singularity_Directory_SdsUtils@@2_NA 020cd6b8     tty.obj
 0003:0001e6bc       ?c_SR$$0@Class_Microsoft_Singularity_Directory_SdsUtils@@2PAUClassVector_ClassVector_int32@@A 020cd6bc     tty.obj
 0003:0001e6c0       ?c_SR$$6@Class_Microsoft_Singularity_Directory_SdsUtils@@2PAUClassVector_ClassVector_int32@@A 020cd6c0     tty.obj
 0003:0001e6c4       ?c_SR$$7@Class_Microsoft_Singularity_Directory_SdsUtils@@2PAUClassVector_ClassVector_int32@@A 020cd6c4     tty.obj
 0003:0001e6c8       ?c_SR$$11@Class_Microsoft_Singularity_Directory_SdsUtils@@2PAUClassVector_ClassVector_int32@@A 020cd6c8     tty.obj
 0003:0001e6cc       ?c_SR$$10@Class_Microsoft_Singularity_Directory_SdsUtils@@2PAUClassVector_ClassVector_int32@@A 020cd6cc     tty.obj
 0003:0001e6d0       ?c_SR$$13@Class_Microsoft_Singularity_Directory_SdsUtils@@2PAUClassVector_ClassVector_int32@@A 020cd6d0     tty.obj
 0003:0001e6d4       ?c_SR$$12@Class_Microsoft_Singularity_Directory_SdsUtils@@2PAUClassVector_ClassVector_int32@@A 020cd6d4     tty.obj
 0003:0001e6d8       ?c_SR$$2@Class_Microsoft_Singularity_Directory_SdsUtils@@2PAUClassVector_ClassVector_int32@@A 020cd6d8     tty.obj
 0003:0001e6dc       ?c_SR$$9@Class_Microsoft_Singularity_Directory_SdsUtils@@2PAUClassVector_ClassVector_int32@@A 020cd6dc     tty.obj
 0003:0001e6e0       ?c_SR$$8@Class_Microsoft_Singularity_Directory_SdsUtils@@2PAUClassVector_ClassVector_int32@@A 020cd6e0     tty.obj
 0003:0001e6e4       ?c_SR$$5@Class_Microsoft_Singularity_Directory_SdsUtils@@2PAUClassVector_ClassVector_int32@@A 020cd6e4     tty.obj
 0003:0001e6e8       ?c_SR$$4@Class_Microsoft_Singularity_Directory_SdsUtils@@2PAUClassVector_ClassVector_int32@@A 020cd6e8     tty.obj
 0003:0001e6ec       ?c_TryAllCountersList@Class_System_TryAllCounters@@2PAU1@A 020cd6ec     tty.obj
 0003:0001e6f0       ?c_TryAllCountersLock@Class_System_TryAllCounters@@2PAUClass_System_Object@@A 020cd6f0     tty.obj
 0003:0001e6f8       ?c_VALID@Struct_Microsoft_Singularity_Isal_IX_PE@@2_KA 020cd6f8     tty.obj
 0003:0001e6f8       ?c_USER@Struct_Microsoft_Singularity_Isal_IX_PE@@2_KA 020cd6f8     tty.obj
 0003:0001e6f8       ?c_ACCESSED@Struct_Microsoft_Singularity_Isal_IX_PE@@2_KA 020cd6f8     tty.obj
 0003:0001e6f8       ?c_NX@Struct_Microsoft_Singularity_Isal_IX_PE@@2_KA 020cd6f8     tty.obj
 0003:0001e6f8       ?c_MinValue@int64@@2_JA    020cd6f8     tty.obj
 0003:0001e6f8       ?c_MutatorState@Class_System_GCs_Transitions@@2HA 020cd6f8     tty.obj
 0003:0001e6f8       ?c_PAT@Struct_Microsoft_Singularity_Isal_IX_PE@@2_KA 020cd6f8     tty.obj
 0003:0001e6f8       ?c_WRITEABLE@Struct_Microsoft_Singularity_Isal_IX_PE@@2_KA 020cd6f8     tty.obj
 0003:0001e6f8       ?c_OtherMutatorState@Class_System_GCs_Transitions@@2HA 020cd6f8     tty.obj
 0003:0001e6f8       ?c_MaxValue@int64@@2_JA    020cd6f8     tty.obj
 0003:0001e6f8       ?c_DIRTY@Struct_Microsoft_Singularity_Isal_IX_PE@@2_KA 020cd6f8     tty.obj
 0003:0001e6f8       ?c_GLOBAL@Struct_Microsoft_Singularity_Isal_IX_PE@@2_KA 020cd6f8     tty.obj
 0003:0001e6f8       ?c_fInitializedRuntime@Class_System_GCs_Transitions@@2_NA 020cd6f8     tty.obj
 0003:0001e6f8       ?c_DormantState@Class_System_GCs_Transitions@@2HA 020cd6f8     tty.obj
 0003:0001e6f8       ?c_WRITETHROUGH@Struct_Microsoft_Singularity_Isal_IX_PE@@2_KA 020cd6f8     tty.obj
 0003:0001e6f8       ?c_IS2MB@Struct_Microsoft_Singularity_Isal_IX_PE@@2_KA 020cd6f8     tty.obj
 0003:0001e6f8       ?c_CACHEDISABLE@Struct_Microsoft_Singularity_Isal_IX_PE@@2_KA 020cd6f8     tty.obj
 0003:0001e6fc       ?c_doneWarning@Class_System_RuntimeType@@2_NA 020cd6fc     tty.obj
 0003:0001e6fc       ?c_OtherDormantState@Class_System_GCs_Transitions@@2HA 020cd6fc     tty.obj
 0003:0001e6fd       ?c_MaxValue@uint8@@2EA     020cd6fd     tty.obj
 0003:0001e6fd       ?c_MinValue@uint8@@2EA     020cd6fd     tty.obj
 0003:0001e700       ?c_NaN@float64@@2NA        020cd700     tty.obj
 0003:0001e700       ?c_MinValue@float64@@2NA   020cd700     tty.obj
 0003:0001e700       ?c_NegativeInfinity@float64@@2NA 020cd700     tty.obj
 0003:0001e700       ?c_PositiveInfinityAsUInt64@float64@@2_KA 020cd700     tty.obj
 0003:0001e700       ?c_MaxValue@float64@@2NA   020cd700     tty.obj
 0003:0001e700       ?c_buffer@Class_Microsoft_Singularity_Monitoring@@2PAEA 020cd700     tty.obj
 0003:0001e700       ?c_NegativeInfinityAsUInt64@float64@@2_KA 020cd700     tty.obj
 0003:0001e700       ?c_PositiveInfinity@float64@@2NA 020cd700     tty.obj
 0003:0001e700       ?c_MantissaAsUInt64@float64@@2_KA 020cd700     tty.obj
 0003:0001e700       ?c_Epsilon@float64@@2NA    020cd700     tty.obj
 0003:0001e700       ?c_ExponentAsUInt64@float64@@2_KA 020cd700     tty.obj
 0003:0001e704       ?c_appName@Class_Microsoft_Singularity_AppRuntime@@2PAUClass_System_String@@A 020cd704     tty.obj
 0003:0001e708       ?c_TrueString@bool@@2PAUClass_System_String@@A 020cd708     tty.obj
 0003:0001e70c       ?c_FalseString@bool@@2PAUClass_System_String@@A 020cd70c     tty.obj
 0003:0001e710       ?c_IllegalInstruction@Struct_Microsoft_Singularity_Isal_IX_EVectors@@2IA 020cd710     tty.obj
 0003:0001e710       ?c_GeneralProtectionFault@Struct_Microsoft_Singularity_Isal_IX_EVectors@@2IA 020cd710     tty.obj
 0003:0001e710       ?c_PageFault@Struct_Microsoft_Singularity_Isal_IX_EVectors@@2IA 020cd710     tty.obj
 0003:0001e710       ?c_SR$$8@Class_Microsoft_Singularity_Applications_Tty@@2PAUClassVector_ClassVector_int32@@A 020cd710     tty.obj
 0003:0001e710       ?c_IoLastVector@Struct_Microsoft_Singularity_Isal_IX_EVectors@@2IA 020cd710     tty.obj
 0003:0001e710       ?c_BoundRangeException@Struct_Microsoft_Singularity_Isal_IX_EVectors@@2IA 020cd710     tty.obj
 0003:0001e710       ?c_IoBaseVector@Struct_Microsoft_Singularity_Isal_IX_EVectors@@2IA 020cd710     tty.obj
 0003:0001e710       ?c_CoprocessorSegmentOverrun@Struct_Microsoft_Singularity_Isal_IX_EVectors@@2IA 020cd710     tty.obj
 0003:0001e710       ?c_CoprocessorNotAvailable@Struct_Microsoft_Singularity_Isal_IX_EVectors@@2IA 020cd710     tty.obj
 0003:0001e710       ?c_Nmi@Struct_Microsoft_Singularity_Isal_IX_EVectors@@2IA 020cd710     tty.obj
 0003:0001e710       ?c_False@bool@@2HA         020cd710     tty.obj
 0003:0001e710       ?c_InvalidTss@Struct_Microsoft_Singularity_Isal_IX_EVectors@@2IA 020cd710     tty.obj
 0003:0001e710       ?c_FirstChanceException@Struct_Microsoft_Singularity_Isal_IX_EVectors@@2IA 020cd710     tty.obj
 0003:0001e710       ?c_SingleStep@Struct_Microsoft_Singularity_Isal_IX_EVectors@@2IA 020cd710     tty.obj
 0003:0001e710       ?c_GCSynchronization@Struct_Microsoft_Singularity_Isal_IX_EVectors@@2IA 020cd710     tty.obj
 0003:0001e710       ?c_SpuriousInterrupt@Struct_Microsoft_Singularity_Isal_IX_EVectors@@2IA 020cd710     tty.obj
 0003:0001e710       ?c_IntelReserved@Struct_Microsoft_Singularity_Isal_IX_EVectors@@2IA 020cd710     tty.obj
 0003:0001e710       ?c_SecondChanceException@Struct_Microsoft_Singularity_Isal_IX_EVectors@@2IA 020cd710     tty.obj
 0003:0001e710       ?c_StackSegmentFault@Struct_Microsoft_Singularity_Isal_IX_EVectors@@2IA 020cd710     tty.obj
 0003:0001e710       ?c_DivideError@Struct_Microsoft_Singularity_Isal_IX_EVectors@@2IA 020cd710     tty.obj
 0003:0001e710       ?c_DoubleFault@Struct_Microsoft_Singularity_Isal_IX_EVectors@@2IA 020cd710     tty.obj
 0003:0001e710       ?c_HaltApProcessors@Struct_Microsoft_Singularity_Isal_IX_EVectors@@2IA 020cd710     tty.obj
 0003:0001e710       ?c_SegmentNotPresent@Struct_Microsoft_Singularity_Isal_IX_EVectors@@2IA 020cd710     tty.obj
 0003:0001e710       ?c_True@bool@@2HA          020cd710     tty.obj
 0003:0001e710       ?c_MachineCheck@Struct_Microsoft_Singularity_Isal_IX_EVectors@@2IA 020cd710     tty.obj
 0003:0001e710       ?c_OverflowException@Struct_Microsoft_Singularity_Isal_IX_EVectors@@2IA 020cd710     tty.obj
 0003:0001e710       ?c_AlignmentCheck@Struct_Microsoft_Singularity_Isal_IX_EVectors@@2IA 020cd710     tty.obj
 0003:0001e710       ?c_SseMathFault@Struct_Microsoft_Singularity_Isal_IX_EVectors@@2IA 020cd710     tty.obj
 0003:0001e710       ?c_Breakpoint@Struct_Microsoft_Singularity_Isal_IX_EVectors@@2IA 020cd710     tty.obj
 0003:0001e710       ?c_DebuggerBreakRequest@Struct_Microsoft_Singularity_Isal_IX_EVectors@@2IA 020cd710     tty.obj
 0003:0001e710       ?c_FpuMathFault@Struct_Microsoft_Singularity_Isal_IX_EVectors@@2IA 020cd710     tty.obj
 0003:0001e710       ?c_BaseUserException@Struct_Microsoft_Singularity_Isal_IX_EVectors@@2IA 020cd710     tty.obj
 0003:0001e714       ?c_SR$$2@Class_Microsoft_Singularity_Applications_Tty@@2PAUClassVector_ClassVector_int32@@A 020cd714     tty.obj
 0003:0001e718       ?c_SR$$5@Class_Microsoft_Singularity_Applications_Tty@@2PAUClassVector_ClassVector_int32@@A 020cd718     tty.obj
 0003:0001e71c       ?c_process@Class_Microsoft_Singularity_Applications_Tty@@2PAUClass_System_Process@@A 020cd71c     tty.obj
 0003:0001e720       ?c_SR$$3@Class_Microsoft_Singularity_Applications_Tty@@2PAUClassVector_ClassVector_int32@@A 020cd720     tty.obj
 0003:0001e724       ?c_SR$$4@Class_Microsoft_Singularity_Applications_Tty@@2PAUClassVector_ClassVector_int32@@A 020cd724     tty.obj
 0003:0001e728       ?c_terminal@Class_Microsoft_Singularity_Applications_Tty@@2PAUClass_Microsoft_Singularity_Applications_Terminal@@A 020cd728     tty.obj
 0003:0001e72c       ?c_inputEp@Class_Microsoft_Singularity_Applications_Tty@@2PAUClass__Corlibsg_Microsoft_Singularity_Channels_TRef$_2$LMicrosoft_Singularity_Io_UnicodePipeContract_Imp_Microsoft_Singularity_Io_UnicodePipeContract_READY$G@@A 020cd72c     tty.obj
 0003:0001e730       ?c_keyboardRef@Class_Microsoft_Singularity_Applications_Tty@@2PAUClass__tty_Microsoft_Singularity_Channels_TRef$_2$LMicrosoft_Singularity_Io_KeyboardDeviceContract_Imp_Microsoft_Singularity_Io_KeyboardDeviceContract_Ready$G@@A 020cd730     tty.obj
 0003:0001e734       ?c_SR$$6@Class_Microsoft_Singularity_Applications_Tty@@2PAUClassVector_ClassVector_int32@@A 020cd734     tty.obj
 0003:0001e738       ?c_SR$$7@Class_Microsoft_Singularity_Applications_Tty@@2PAUClassVector_ClassVector_int32@@A 020cd738     tty.obj
 0003:0001e73c       ?c_$_console$_rows@Class_Microsoft_Singularity_Applications_Tty@@2HA 020cd73c     tty.obj
 0003:0001e740       ?c_modTable@Class_Microsoft_Singularity_Applications_Tty@@2PAUClassVector_bartok_char@@A 020cd740     tty.obj
 0003:0001e744       ?c_consoleRef@Class_Microsoft_Singularity_Applications_Tty@@2PAUClass__tty_Microsoft_Singularity_Channels_TRef$_2$LMicrosoft_Singularity_Io_ConsoleDeviceContract_Imp_Microsoft_Singularity_Io_ConsoleDeviceContract_Ready$G@@A 020cd744     tty.obj
 0003:0001e748       ?c_SR$$0@Class_Microsoft_Singularity_Applications_Tty@@2PAUClassVector_ClassVector_int32@@A 020cd748     tty.obj
 0003:0001e74c       ?c_outputEp@Class_Microsoft_Singularity_Applications_Tty@@2PAUClass__Corlibsg_Microsoft_Singularity_Channels_TRef$_2$LMicrosoft_Singularity_Io_UnicodePipeContract_Exp_Microsoft_Singularity_Io_UnicodePipeContract_READY$G@@A 020cd74c     tty.obj
 0003:0001e750       ?c_$_console$_columns@Class_Microsoft_Singularity_Applications_Tty@@2HA 020cd750     tty.obj
 0003:0001e754       ?c_SR$$1@Class_Microsoft_Singularity_Applications_Tty@@2PAUClassVector_ClassVector_int32@@A 020cd754     tty.obj
 0003:0001e758       ?c_MaxValue@Struct_System_DateTime@@2?AU1@A 020cd758     tty.obj
 0003:0001e760       ?c_MinValue@Struct_System_DateTime@@2?AU1@A 020cd760     tty.obj
 0003:0001e768       ?c_DaysToMonth366@Struct_System_DateTime@@2PAUClassVector_int32@@A 020cd768     tty.obj
 0003:0001e7ac       ?c_DaysToMonth365@Struct_System_DateTime@@2PAUClassVector_int32@@A 020cd7ac     tty.obj
 0003:0001e7f0       ?c_UnlinkStackBegin@Class_System_GCs_CallStack@@2IA 020cd7f0     tty.obj
 0003:0001e7f4       ?c_LinkStackBegin@Class_System_GCs_CallStack@@2IA 020cd7f4     tty.obj
 0003:0001e7f8       ?c_threadBeingProcessed@Class_System_GCs_CallStack@@2PAUClass_System_Threading_Thread@@A 020cd7f8     tty.obj
 0003:0001e7fc       ?c_LinkStackStubsLimit@Class_System_GCs_CallStack@@2IA 020cd7fc     tty.obj
 0003:0001e800       ?c_LinkStackLimit@Class_System_GCs_CallStack@@2IA 020cd800     tty.obj
 0003:0001e804       ?c_LinkStackFunctionsBegin@Class_System_GCs_CallStack@@2IA 020cd804     tty.obj
 0003:0001e808       ?c_LinkStackFunctionsLimit@Class_System_GCs_CallStack@@2IA 020cd808     tty.obj
 0003:0001e80c       ?c_LinkStackStubsBegin@Class_System_GCs_CallStack@@2IA 020cd80c     tty.obj
 0003:0001e810       ?c_UnlinkStackLimit@Class_System_GCs_CallStack@@2IA 020cd810     tty.obj
 0003:0001e814       ?c_MD5$_Const@Class_Microsoft_Singularity_Crypto_MD5@@2PAUClassVector_uint32@@A 020cd814     tty.obj
 0003:0001e924       ?c_CandidateTable@Struct_System_Finalizer@@2PAUClassVector_ClassVector_uintPtr@@A 020cd924     tty.obj
 0003:0001e928       ?c_lastCandidateIndex@Struct_System_Finalizer@@2HA 020cd928     tty.obj
 0003:0001e92c       ?c_WaitForPendingShouldReturn@Struct_System_Finalizer@@2PAUClass_System_Threading_ManualResetEvent@@A 020cd92c     tty.obj
 0003:0001e930       ?c_spinLock@Struct_System_Finalizer@@2?AUStruct_System_Threading_SpinLock@@A 020cd930     tty.obj
 0003:0001e938       ?c_finalizerThread@Struct_System_Finalizer@@2PAUClass_System_Threading_Thread@@A 020cd938     tty.obj
 0003:0001e93c       ?c_WaitingToRun@Struct_System_Finalizer@@2HA 020cd93c     tty.obj
 0003:0001e940       ?c_CandidateTableShadow@Struct_System_Finalizer@@2PAUClassVector_ClassVector_uintPtr@@A 020cd940     tty.obj
 0003:0001e944       ?c_freeCandidateLink@Struct_System_Finalizer@@2HA 020cd944     tty.obj
 0003:0001e948       ?c_LastTableRun@Struct_System_Finalizer@@2HA 020cd948     tty.obj
 0003:0001e94c       ?c_WorkExistsForFinalizerThread@Struct_System_Finalizer@@2PAUClass_System_Threading_AutoResetEvent@@A 020cd94c     tty.obj
 0003:0001e950       ?c_LastEntryRun@Struct_System_Finalizer@@2HA 020cd950     tty.obj
 0003:0001e954       ?c_RunFinalizerTable@Struct_System_Finalizer@@2PAUClassVector_ClassVector_uintPtr@@A 020cd954     tty.obj
 0003:0001e958       ?c_RunFinalizerTableShadow@Struct_System_Finalizer@@2PAUClassVector_ClassVector_uintPtr@@A 020cd958     tty.obj
 0003:0001e95c       ?c_madeRunnable@Struct_System_Finalizer@@2_NA 020cd95c     tty.obj
 0003:0001e95d       ?c_running@Struct_System_Finalizer@@2_NA 020cd95d     tty.obj
 0003:0001e960       ?c_internedStringConstants@Class_System_String@@2PAUClassVector_Class_System_String@@A 020cd960     tty.obj
 0003:00033ff0       c_dataSectionEnd@Class_System_GCs_StaticData 020e2ff0     tty.obj
 0003:00033ff0       __fltused                  020e2ff0     native.Full:Number.obj
 0003:000346a0       ?SourceController@@3U_SOURCE_CONTROLLER@@A 020e36a0     native.Full:EventController.obj
 0003:000346bc       ?KdDebuggerNotPresent@@3HA 020e36bc     native.Full:ProcessEntry.obj
 0003:000346c0       ?TracingStorageHandle@@3PAUuintPtr@@A 020e36c0     native.Full:Tracing.obj
 0003:000346c4       ?TracingSource@@3PAU_SOURCE_DESCRIPTOR@@A 020e36c4     native.Full:Tracing.obj
 0003:000346c8       ?TracingTypeHandle@@3PAUuintPtr@@A 020e36c8     native.Full:Tracing.obj
 0003:000346cc       ?Handle_GC_TYPE@@3PAUuintPtr@@A 020e36cc     native.Full:EventDescriptor.obj
 0003:000346d0       ?Handle_MEMORY_HEADER@@3PAUuintPtr@@A 020e36d0     native.Full:EventDescriptor.obj
 0003:000346d4       ?Handle_GC_FUNCTION@@3PAUuintPtr@@A 020e36d4     native.Full:EventDescriptor.obj
 0003:000346d8       ?Handle_GC_STACK@@3PAUuintPtr@@A 020e36d8     native.Full:EventDescriptor.obj
 0003:000346dc       ?Handle_GC_OBJECT@@3PAUuintPtr@@A 020e36dc     native.Full:EventDescriptor.obj
 0003:000346e0       ?Handle_LOG_EXCEPTION@@3PAUuintPtr@@A 020e36e0     native.Full:EventDescriptor.obj
 0003:000346e4       ?Handle_GC_ALLOCATION@@3PAUuintPtr@@A 020e36e4     native.Full:EventDescriptor.obj
 0003:000346e8       ?Handle_GC_GENERATIONS@@3PAUuintPtr@@A 020e36e8     native.Full:EventDescriptor.obj
 0003:000346ec       ?Handle_LOG_SEVERITY@@3PAUuintPtr@@A 020e36ec     native.Full:EventDescriptor.obj
 0003:000346f0       ?Handle_MONITORING_ENTRY@@3PAUuintPtr@@A 020e36f0     native.Full:EventDescriptor.obj
 0003:000346f4       ?Handle_GC_ROOTS@@3PAUuintPtr@@A 020e36f4     native.Full:EventDescriptor.obj
 0003:000346f8       ?Handle_LEGACY_LOG_ENTRY@@3PAUuintPtr@@A 020e36f8     native.Full:EventDescriptor.obj
 0003:000346fc       ?Handle_GC_INTERVAL@@3PAUuintPtr@@A 020e36fc     native.Full:EventDescriptor.obj
 0003:00034704       ?MonitoringStorageHandle@@3PAUuintPtr@@A 020e3704     native.Full:Monitoring.obj
 0003:00034708       ?MonitoringSource@@3PAU_SOURCE_DESCRIPTOR@@A 020e3708     native.Full:Monitoring.obj
 0003:0003470c       ?MonitoringTypeHandle@@3PAUuintPtr@@A 020e370c     native.Full:Monitoring.obj
 0004:00000000       ___xc_a                    020e4000     native.Full:CInit.obj
 0004:00000004       ___xc_z                    020e4004     native.Full:CInit.obj
 0004:00000008       ___xi_a                    020e4008     native.Full:CInit.obj
 0004:0000000c       ___xi_z                    020e400c     native.Full:CInit.obj
 0004:00000010       ___xp_a                    020e4010     native.Full:CInit.obj
 0004:00000014       ___xp_z                    020e4014     native.Full:CInit.obj
 0004:00000018       ___xt_a                    020e4018     native.Full:CInit.obj
 0004:0000001c       ___xt_z                    020e401c     native.Full:CInit.obj

 entry point at        0000:00000000

 Static symbols

 0001:00090e30       ?dtold12@@YIXPAU_LDBL12@@PBN@Z 02091e30 f   native.Full:Number.obj
 0001:00090f00       ?ld12mul@@YIXPAU_LDBL12@@0@Z 02091f00 f   native.Full:Number.obj
 0001:000911c0       ?multtenpow12@@YIXPAU_LDBL12@@H@Z 020921c0 f   native.Full:Number.obj
 0001:00092b20       ?LookupTable@@YIIIPAPAUExceptionTableEntry@@0@Z 02093b20 f   native.Full:halexn.obj
