 VolMgr

 Timestamp is 62167188 (Wed Feb 23 18:40:24 2022)

 Preferred load address is 02000000

 Start         Length     Name                   Class
 0001:00000000 0008978eH .text                   CODE
 0002:00000000 00000114H .idata$5                DATA
 0002:00000120 00014329H .rdata                  DATA
 0002:0001444c 00000014H .idata$2                DATA
 0002:00014460 00000014H .idata$3                DATA
 0002:00014474 00000114H .idata$4                DATA
 0002:00014588 00001af6H .idata$6                DATA
 0002:0001607e 00000000H .edata                  DATA
 0002:00016080 0000007bH .rdata$debug            DATA
 0003:00000000 00030250H .data                   DATA
 0003:00030250 00000070H .bss                    DATA
 0004:00000000 00000004H .CRT$XCA                DATA
 0004:00000004 00000004H .CRT$XCZ                DATA
 0004:00000008 00000004H .CRT$XIA                DATA
 0004:0000000c 00000004H .CRT$XIZ                DATA
 0004:00000010 00000004H .CRT$XPA                DATA
 0004:00000014 00000004H .CRT$XPZ                DATA
 0004:00000018 00000004H .CRT$XTA                DATA
 0004:0000001c 00000004H .CRT$XTZ                DATA

  Address         Publics by Value              Rva+Base       Lib:Object

 0000:00000000       ___safe_se_handler_count   00000000     <absolute>
 0000:00000000       ___safe_se_handler_table   00000000     <absolute>
 0001:00000000       C:\Users\cc\source\repos\Singularity-OS\base.obj\AppNativeObj\Debug.x86.MarkSweep\VolMgr_CodeBase 02001000     VolMgr.obj
 0001:00000000       ?m_StructCopy@Struct_Microsoft_Singularity_Isal_SpillContext@@SIXPAU1@0@Z 02001000 f   VolMgr.obj
 0001:000000dc       ?m_StructCopy@Struct_Microsoft_Singularity_Isal_SpillContext@@SIXPAU1@PAU1@@Z 020010dc f   VolMgr.obj
 0001:00000370       ?m_Equals@Struct_Microsoft_Singularity_Isal_SpillContext@@SI_NPAU1@PAUClass_System_Object@@@Z 02001370 f   VolMgr.obj
 0001:00000520       ?m_Equals@Struct_Microsoft_Singularity_Isal_SpillContext@@SI_NPAUClass_Microsoft_Singularity_Isal_SpillContext@@PAUClass_System_Object@@@Z 02001520 f   VolMgr.obj
 0001:0000054c       ?m_StructCopy@Struct_Microsoft_Singularity_V1_Threads_MutexHandle@@SIXPAU1@0@Z 0200154c f   VolMgr.obj
 0001:00000574       ?m_StructCopy@Struct_Microsoft_Singularity_V1_Threads_MutexHandle@@SIXPAU1@PAU1@@Z 02001574 f   VolMgr.obj
 0001:000005ec       ?m_Equals@Struct_Microsoft_Singularity_V1_Threads_MutexHandle@@SI_NPAU1@PAUClass_System_Object@@@Z 020015ec f   VolMgr.obj
 0001:00000634       ?m_Equals@Struct_Microsoft_Singularity_V1_Threads_MutexHandle@@SI_NPAUClass_Microsoft_Singularity_V1_Threads_MutexHandle@@PAUClass_System_Object@@@Z 02001634 f   VolMgr.obj
 0001:00000660       ?g_Create@Struct_Microsoft_Singularity_V1_Threads_MutexHandle@@SI_N_NPAU1@@Z 02001660 f   VolMgr.obj
 0001:000006ac       ?m_StructCopy@Struct_System_GCs_OverflowFrameDescriptor@@SIXPAU1@0@Z 020016ac f   VolMgr.obj
 0001:000006e0       ?m_StructCopy@Struct_System_GCs_OverflowFrameDescriptor@@SIXPAU1@PAU1@@Z 020016e0 f   VolMgr.obj
 0001:0000077c       ?m_Equals@Struct_System_GCs_OverflowFrameDescriptor@@SI_NPAU1@PAUClass_System_Object@@@Z 0200177c f   VolMgr.obj
 0001:000007d8       ?m_Equals@Struct_System_GCs_OverflowFrameDescriptor@@SI_NPAUClass_System_GCs_OverflowFrameDescriptor@@PAUClass_System_Object@@@Z 020017d8 f   VolMgr.obj
 0001:00000804       ?m__ctor@Class_System_Reflection_Module@@SIXPAU1@@Z 02001804 f   VolMgr.obj
 0001:00000820       ?m_StructCopy@Struct_Microsoft_Singularity_Directory_DirectoryServiceContract_Bind@@SIXPAU1@0@Z 02001820 f   VolMgr.obj
 0001:00000854       ?m_StructCopy@Struct_Microsoft_Singularity_Directory_DirectoryServiceContract_Bind@@SIXPAU1@PAU1@@Z 02001854 f   VolMgr.obj
 0001:000008f0       ?m_MarshallContent@Struct_Microsoft_Singularity_Directory_DirectoryServiceContract_Bind@@SIXPAU1@PAEPAUStruct_Microsoft_Singularity_Channels_Endpoint@@1PAH@Z 020018f0 f   VolMgr.obj
 0001:00000a18       ?m_MarshallAll@Struct_Microsoft_Singularity_Directory_DirectoryServiceContract_Bind@@SIXPAU1@PAEPAUStruct_Microsoft_Singularity_Channels_Endpoint@@PAH@Z 02001a18 f   VolMgr.obj
 0001:00000a70       ?m_Equals@Struct_Microsoft_Singularity_Directory_DirectoryServiceContract_Bind@@SI_NPAU1@PAUClass_System_Object@@@Z 02001a70 f   VolMgr.obj
 0001:00000acc       ?m_Equals@Struct_Microsoft_Singularity_Directory_DirectoryServiceContract_Bind@@SI_NPAUClass_Microsoft_Singularity_Directory_DirectoryServiceContract_Bind@@PAUClass_System_Object@@@Z 02001acc f   VolMgr.obj
 0001:00000af8       ?g_StructSize@Class_System_Runtime_InteropServices_Marshal@@SIHPAUClass_System_Type@@@Z 02001af8 f   VolMgr.obj
 0001:00000bb8       ?m__ctor@Class_System_Runtime_InteropServices_Marshal@@SIXPAU1@@Z 02001bb8 f   VolMgr.obj
 0001:00000bd0       ?m_StructCopy@Struct_System_TryAll@@SIXPAU1@0@Z 02001bd0 f   VolMgr.obj
 0001:00000c4c       ?m_StructCopy@Struct_System_TryAll@@SIXPAU1@PAU1@@Z 02001c4c f   VolMgr.obj
 0001:00000dc0       ?m_Equals@Struct_System_TryAll@@SI_NPAU1@PAUClass_System_Object@@@Z 02001dc0 f   VolMgr.obj
 0001:000010b4       ?m_Equals@Struct_System_TryAll@@SI_NPAUClass_System_TryAll@@PAUClass_System_Object@@@Z 020020b4 f   VolMgr.obj
 0001:000010e0       ?m__ctor@Class_System_Threading_ThreadQueue@@SIXPAU1@@Z 020020e0 f   VolMgr.obj
 0001:000010f8       ?m_StructCopy@Struct_Microsoft_Singularity_Directory_DirectoryServiceContract_NakBindReparse@@SIXPAU1@0@Z 020020f8 f   VolMgr.obj
 0001:00001144       ?m_StructCopy@Struct_Microsoft_Singularity_Directory_DirectoryServiceContract_NakBindReparse@@SIXPAU1@PAU1@@Z 02002144 f   VolMgr.obj
 0001:00001228       ?m_Equals@Struct_Microsoft_Singularity_Directory_DirectoryServiceContract_NakBindReparse@@SI_NPAU1@PAUClass_System_Object@@@Z 02002228 f   VolMgr.obj
 0001:000012a0       ?m_Equals@Struct_Microsoft_Singularity_Directory_DirectoryServiceContract_NakBindReparse@@SI_NPAUClass_Microsoft_Singularity_Directory_DirectoryServiceContract_NakBindReparse@@PAUClass_System_Object@@@Z 020022a0 f   VolMgr.obj
 0001:000012cc       ?m_StructCopy@Struct_Microsoft_Singularity_Directory_DirectoryServiceContract_DeleteDirectory@@SIXPAU1@0@Z 020022cc f   VolMgr.obj
 0001:000012f4       ?m_StructCopy@Struct_Microsoft_Singularity_Directory_DirectoryServiceContract_DeleteDirectory@@SIXPAU1@PAU1@@Z 020022f4 f   VolMgr.obj
 0001:0000136c       ?m_Equals@Struct_Microsoft_Singularity_Directory_DirectoryServiceContract_DeleteDirectory@@SI_NPAU1@PAUClass_System_Object@@@Z 0200236c f   VolMgr.obj
 0001:000013b4       ?m_Equals@Struct_Microsoft_Singularity_Directory_DirectoryServiceContract_DeleteDirectory@@SI_NPAUClass_Microsoft_Singularity_Directory_DirectoryServiceContract_DeleteDirectory@@PAUClass_System_Object@@@Z 020023b4 f   VolMgr.obj
 0001:000013e0       ?m_set$_Capacity@Class_System_Collections_ArrayList@@SIXPAU1@H@Z 020023e0 f   VolMgr.obj
 0001:000014a8       ?m_GetEnumerator@Class_System_Collections_ArrayList@@SIPAUClass_System_Collections_IEnumerator@@PAU1@@Z 020024a8 f   VolMgr.obj
 0001:000014ec       ?m_get$_Item@Class_System_Collections_ArrayList@@SIPAUClass_System_Object@@PAU1@H@Z 020024ec f   VolMgr.obj
 0001:00001574       ?m_get$_Count@Class_System_Collections_ArrayList@@SIHPAU1@@Z 02002574 f   VolMgr.obj
 0001:00001594       ?m_EnsureCapacity@Class_System_Collections_ArrayList@@SIXPAU1@H@Z 02002594 f   VolMgr.obj
 0001:00001600       ?m_Add@Class_System_Collections_ArrayList@@SIHPAU1@PAUClass_System_Object@@@Z 02002600 f   VolMgr.obj
 0001:00001690       ?m__ctor@Class_System_Collections_ArrayList@@SIXPAU1@@Z 02002690 f   VolMgr.obj
 0001:000016c0       ?m__ctor@Class_System_Collections_ArrayList@@SIXPAU1@H@Z 020026c0 f   VolMgr.obj
 0001:00001724       ?m_Visit@Class_System_GCs_GCProfiler_ObjectVisitor@@SIPAUuintPtr@@PAU1@PAUClass_System_Object@@@Z 02002724 f   VolMgr.obj
 0001:000017dc       ?m__ctor@Class_System_GCs_GCProfiler_ObjectVisitor@@SIXPAU1@PAUClass_System_GCs_GCProfiler@@@Z 020027dc f   VolMgr.obj
 0001:00001838       ?m_UnRegisterStorage@Class_Microsoft_Singularity_Eventing_LocalController@@SIXPAU1@PAUClass_Microsoft_Singularity_Eventing_EventingStorage@@@Z 02002838 f   VolMgr.obj
 0001:00001898       ?m_UnRegisterSource@Class_Microsoft_Singularity_Eventing_LocalController@@SIXPAU1@PAUClass_Microsoft_Singularity_Eventing_EventSource@@@Z 02002898 f   VolMgr.obj
 0001:00001930       ?m_RegisterStorage@Class_Microsoft_Singularity_Eventing_LocalController@@SI_NPAU1@PAUClass_Microsoft_Singularity_Eventing_EventingStorage@@@Z 02002930 f   VolMgr.obj
 0001:0000199c       ?m_RegisterSource@Class_Microsoft_Singularity_Eventing_LocalController@@SI_NPAU1@PAUClass_Microsoft_Singularity_Eventing_EventSource@@@Z 0200299c f   VolMgr.obj
 0001:00001c04       ?m_Initialize@Class_Microsoft_Singularity_Eventing_LocalController@@SIXPAU1@@Z 02002c04 f   VolMgr.obj
 0001:0000203c       ?m_GetNativeSourceName@Class_Microsoft_Singularity_Eventing_LocalController@@SI_NPAU1@PAUuintPtr@@PAPAU2@PAPAUClass_System_String@@@Z 0200303c f   VolMgr.obj
 0001:00002184       ?m__ctor@Class_Microsoft_Singularity_Eventing_LocalController@@SIXPAU1@@Z 02003184 f   VolMgr.obj
 0001:000021a8       ?g__cctor@Class_Microsoft_Singularity_Eventing_LocalController@@SIXXZ 020031a8 f   VolMgr.obj
 0001:000021d0       ?m_StructCopy@Struct_Microsoft_Singularity_V1_Services_SharedHeapService_Allocation@@SIXPAU1@0@Z 020031d0 f   VolMgr.obj
 0001:00002234       ?m_StructCopy@Struct_Microsoft_Singularity_V1_Services_SharedHeapService_Allocation@@SIXPAU1@PAU1@@Z 02003234 f   VolMgr.obj
 0001:00002360       ?m_Equals@Struct_Microsoft_Singularity_V1_Services_SharedHeapService_Allocation@@SI_NPAU1@PAUClass_System_Object@@@Z 02003360 f   VolMgr.obj
 0001:000023f0       ?m_Equals@Struct_Microsoft_Singularity_V1_Services_SharedHeapService_Allocation@@SI_NPAUClass_Microsoft_Singularity_V1_Services_SharedHeapService_Allocation@@PAUClass_System_Object@@@Z 020033f0 f   VolMgr.obj
 0001:0000241c       ?m__ctor@Class_System_IndexOutOfRangeException@@SIXPAU1@@Z 0200341c f   VolMgr.obj
 0001:00002444       ?m__ctor@Class_System_IndexOutOfRangeException@@SIXPAU1@PAUClass_System_String@@@Z 02003444 f   VolMgr.obj
 0001:0000246c       ?m__ctor@Class_System_IndexOutOfRangeException@@SIXPAU1@PAUClass_System_String@@PAUClass_System_Exception@@@Z 0200346c f   VolMgr.obj
 0001:0000249c       ?m_Visit@Class_System_GCs_MemoryAccounting_StaticPtrAccounting@@SIXPAU1@PAPAUuintPtr@@@Z 0200349c f   VolMgr.obj
 0001:000024b8       ?m_Initialize@Class_System_GCs_MemoryAccounting_StaticPtrAccounting@@SIXPAU1@@Z 020034b8 f   VolMgr.obj
 0001:000024d0       ?m__ctor@Class_System_GCs_MemoryAccounting_StaticPtrAccounting@@SIXPAU1@@Z 020034d0 f   VolMgr.obj
 0001:000024e8       ?m_MoveNext@Class_System_Collections_Stack_StackEnumerator@@SI_NPAU1@@Z 020034e8 f   VolMgr.obj
 0001:000025d4       ?m_get$_Current@Class_System_Collections_Stack_StackEnumerator@@SIPAUClass_System_Object@@PAU1@@Z 020035d4 f   VolMgr.obj
 0001:0000264c       ?m__ctor@Class_System_Collections_Stack_StackEnumerator@@SIXPAU1@PAUClass_System_Collections_Stack@@@Z 0200364c f   VolMgr.obj
 0001:00002694       ?m__ctor@Class_System_RankException@@SIXPAU1@@Z 02003694 f   VolMgr.obj
 0001:000026bc       ?m__ctor@Class_System_RankException@@SIXPAU1@PAUClass_System_String@@@Z 020036bc f   VolMgr.obj
 0001:000026e4       ?m_Update@Class_Microsoft_Singularity_Crypto_MD5@@SIXPAU1@PAUClassVector_uint8@@@Z 020036e4 f   VolMgr.obj
 0001:00002c14       ?m_RotL@Class_Microsoft_Singularity_Crypto_MD5@@SIIPAU1@IE@Z 02003c14 f   VolMgr.obj
 0001:00002c84       ?m_Reset@Class_Microsoft_Singularity_Crypto_MD5@@SIXPAU1@@Z 02003c84 f   VolMgr.obj
 0001:00002d58       ?m_ProcessBlock@Class_Microsoft_Singularity_Crypto_MD5@@SIXPAU1@@Z 02003d58 f   VolMgr.obj
 0001:000037cc       ?m_Hash@Class_Microsoft_Singularity_Crypto_MD5@@SIPAUClassVector_uint8@@PAU1@PAU2@@Z 020047cc f   VolMgr.obj
 0001:00003804       ?m_Finish@Class_Microsoft_Singularity_Crypto_MD5@@SIPAUClassVector_uint8@@PAU1@@Z 02004804 f   VolMgr.obj
 0001:00003a48       ?m__ctor@Class_Microsoft_Singularity_Crypto_MD5@@SIXPAU1@@Z 02004a48 f   VolMgr.obj
 0001:00003aa0       ?g__cctor@Class_Microsoft_Singularity_Crypto_MD5@@SIXXZ 02004aa0 f   VolMgr.obj
 0001:00003ab4       ?m_InvokeStaticStub@Class_System_TryAllManager_GCHookMethod@@SIXPAU1@@Z 02004ab4 f   VolMgr.obj
 0001:00003adc       ?m_Invoke@Class_System_TryAllManager_GCHookMethod@@SIXPAU1@@Z 02004adc f   VolMgr.obj
 0001:00003b30       ?m_EndInvoke@Class_System_TryAllManager_GCHookMethod@@SIXPAU1@PAUClass_System_IAsyncResult@@@Z 02004b30 f   VolMgr.obj
 0001:00003b4c       ?m_BeginInvoke@Class_System_TryAllManager_GCHookMethod@@SIPAUClass_System_IAsyncResult@@PAU1@PAUClass_System_AsyncCallback@@PAUClass_System_Object@@@Z 02004b4c f   VolMgr.obj
 0001:00003b6c       ?m__ctor@Class_System_TryAllManager_GCHookMethod@@SIXPAU1@PAUClass_System_Object@@PAUintPtr@@@Z 02004b6c f   VolMgr.obj
 0001:00003bac       ?m_StructCopy@Struct_Microsoft_Singularity_Io_VolumeManagerContract_AckConnect@@SIXPAU1@0@Z 02004bac f   VolMgr.obj
 0001:00003bc8       ?m_StructCopy@Struct_Microsoft_Singularity_Io_VolumeManagerContract_AckConnect@@SIXPAU1@PAU1@@Z 02004bc8 f   VolMgr.obj
 0001:00003c1c       ?m_Equals@Struct_Microsoft_Singularity_Io_VolumeManagerContract_AckConnect@@SI_NPAU1@PAUClass_System_Object@@@Z 02004c1c f   VolMgr.obj
 0001:00003c54       ?m_Equals@Struct_Microsoft_Singularity_Io_VolumeManagerContract_AckConnect@@SI_NPAUClass_Microsoft_Singularity_Io_VolumeManagerContract_AckConnect@@PAUClass_System_Object@@@Z 02004c54 f   VolMgr.obj
 0001:00003c80       ?m__ctor@Class_Microsoft_Singularity_Eventing_DataType@@SIXPAU1@@Z 02004c80 f   VolMgr.obj
 0001:00003c9c       ?m_StructCopy@Struct_Microsoft_Singularity_Directory_NotifyContract_AckChangeNotification@@SIXPAU1@0@Z 02004c9c f   VolMgr.obj
 0001:00003cb8       ?m_StructCopy@Struct_Microsoft_Singularity_Directory_NotifyContract_AckChangeNotification@@SIXPAU1@PAU1@@Z 02004cb8 f   VolMgr.obj
 0001:00003d0c       ?m_MarshallContent@Struct_Microsoft_Singularity_Directory_NotifyContract_AckChangeNotification@@SIXPAU1@PAEPAUStruct_Microsoft_Singularity_Channels_Endpoint@@1PAH@Z 02004d0c f   VolMgr.obj
 0001:00003d2c       ?m_MarshallAll@Struct_Microsoft_Singularity_Directory_NotifyContract_AckChangeNotification@@SIXPAU1@PAEPAUStruct_Microsoft_Singularity_Channels_Endpoint@@PAH@Z 02004d2c f   VolMgr.obj
 0001:00003d84       ?m_Equals@Struct_Microsoft_Singularity_Directory_NotifyContract_AckChangeNotification@@SI_NPAU1@PAUClass_System_Object@@@Z 02004d84 f   VolMgr.obj
 0001:00003dbc       ?m_Equals@Struct_Microsoft_Singularity_Directory_NotifyContract_AckChangeNotification@@SI_NPAUClass_Microsoft_Singularity_Directory_NotifyContract_AckChangeNotification@@PAUClass_System_Object@@@Z 02004dbc f   VolMgr.obj
 0001:00003de8       ?m_StructCopy@Struct_Microsoft_Singularity_Io_DiskDeviceContract_NakWrite@@SIXPAU1@0@Z 02004de8 f   VolMgr.obj
 0001:00003e04       ?m_StructCopy@Struct_Microsoft_Singularity_Io_DiskDeviceContract_NakWrite@@SIXPAU1@PAU1@@Z 02004e04 f   VolMgr.obj
 0001:00003e58       ?m_Equals@Struct_Microsoft_Singularity_Io_DiskDeviceContract_NakWrite@@SI_NPAU1@PAUClass_System_Object@@@Z 02004e58 f   VolMgr.obj
 0001:00003e90       ?m_Equals@Struct_Microsoft_Singularity_Io_DiskDeviceContract_NakWrite@@SI_NPAUClass_Microsoft_Singularity_Io_DiskDeviceContract_NakWrite@@PAUClass_System_Object@@@Z 02004e90 f   VolMgr.obj
 0001:00003ebc       ?g_ScanStaticPointerData@Class_System_GCs_StaticData@@SIIPAUClass_System_GCs_NonNullReferenceVisitor@@@Z 02004ebc f   VolMgr.obj
 0001:000040a4       ?g_ScanStaticData@Class_System_GCs_StaticData@@SIXPAUClass_System_GCs_DirectReferenceVisitor@@@Z 020050a4 f   VolMgr.obj
 0001:0000424c       ?g_Initialize@Class_System_GCs_StaticData@@SIXXZ 0200524c f   VolMgr.obj
 0001:000044c0       ?m__ctor@Class_System_GCs_StaticData@@SIXPAU1@@Z 020054c0 f   VolMgr.obj
 0001:000044d8       ?m_ToString@Struct_System_DateTime@@SIPAUClass_System_String@@PAU1@@Z 020054d8 f   VolMgr.obj
 0001:00004500       ?m_ToString@Struct_System_DateTime@@SIPAUClass_System_String@@PAU1@PAU2@@Z 02005500 f   VolMgr.obj
 0001:00004834       ?m_ToString@Struct_System_DateTime@@SIPAUClass_System_String@@PAUClass_System_DateTime@@@Z 02005834 f   VolMgr.obj
 0001:0000487c       ?m_ToString@Struct_System_DateTime@@SIPAUClass_System_String@@PAUClass_System_DateTime@@PAU2@@Z 0200587c f   VolMgr.obj
 0001:000048c8       ?m_StructCopy@Struct_System_DateTime@@SIXPAU1@0@Z 020058c8 f   VolMgr.obj
 0001:000048fc       ?m_StructCopy@Struct_System_DateTime@@SIXPAU1@PAU1@@Z 020058fc f   VolMgr.obj
 0001:00004998       ?m_GetShortWeekday@Struct_System_DateTime@@SIPAUClass_System_String@@PAU1@@Z 02005998 f   VolMgr.obj
 0001:000049fc       ?m_GetShortMonth@Struct_System_DateTime@@SIPAUClass_System_String@@PAU1@@Z 020059fc f   VolMgr.obj
 0001:00004a88       ?m_GetHashCode@Struct_System_DateTime@@SIHPAU1@@Z 02005a88 f   VolMgr.obj
 0001:00004ab4       ?m_GetHashCode@Struct_System_DateTime@@SIHPAUClass_System_DateTime@@@Z 02005ab4 f   VolMgr.obj
 0001:00004afc       ?m_GetDatePart@Struct_System_DateTime@@SIHPAU1@H@Z 02005afc f   VolMgr.obj
 0001:00004d54       ?m_get$_Year@Struct_System_DateTime@@SIHPAU1@@Z 02005d54 f   VolMgr.obj
 0001:00004d7c       ?m_get$_Second@Struct_System_DateTime@@SIHPAU1@@Z 02005d7c f   VolMgr.obj
 0001:00004dbc       ?m_get$_Month@Struct_System_DateTime@@SIHPAU1@@Z 02005dbc f   VolMgr.obj
 0001:00004de4       ?m_get$_Minute@Struct_System_DateTime@@SIHPAU1@@Z 02005de4 f   VolMgr.obj
 0001:00004e24       ?m_get$_Hour@Struct_System_DateTime@@SIHPAU1@@Z 02005e24 f   VolMgr.obj
 0001:00004e64       ?m_get$_DayOfWeek@Struct_System_DateTime@@SI?AUStruct_System_DayOfWeek@@PAU1@@Z 02005e64 f   VolMgr.obj
 0001:00004eb0       ?m_get$_Day@Struct_System_DateTime@@SIHPAU1@@Z 02005eb0 f   VolMgr.obj
 0001:00004ed8       ?m_Equals@Struct_System_DateTime@@SI_NPAU1@PAUClass_System_Object@@@Z 02005ed8 f   VolMgr.obj
 0001:00004f50       ?m_Equals@Struct_System_DateTime@@SI_NPAUClass_System_DateTime@@PAUClass_System_Object@@@Z 02005f50 f   VolMgr.obj
 0001:00004f9c       ?m_CompareTo@Struct_System_DateTime@@SIHPAU1@PAUClass_System_Object@@@Z 02005f9c f   VolMgr.obj
 0001:00005088       ?m_CompareTo@Struct_System_DateTime@@SIHPAUClass_System_DateTime@@PAUClass_System_Object@@@Z 02006088 f   VolMgr.obj
 0001:000050d4       ?m__ctor@Struct_System_DateTime@@SIXPAU1@_J@Z 020060d4 f   VolMgr.obj
 0001:00005170       ?g__cctor@Struct_System_DateTime@@SIXXZ 02006170 f   VolMgr.obj
 0001:000051ec       ?m__ctor@Class_Microsoft_Contracts_AssertException@@SIXPAU1@@Z 020061ec f   VolMgr.obj
 0001:00005210       ?m__ctor@Class_System_Runtime_CompilerServices_AssertDevirtualizeAttribute@@SIXPAU1@@Z 02006210 f   VolMgr.obj
 0001:00005234       ?m_StructCopy@Struct_Microsoft_Singularity_Io_DiskDeviceContract_AckGetDeviceName@@SIXPAU1@0@Z 02006234 f   VolMgr.obj
 0001:0000525c       ?m_StructCopy@Struct_Microsoft_Singularity_Io_DiskDeviceContract_AckGetDeviceName@@SIXPAU1@PAU1@@Z 0200625c f   VolMgr.obj
 0001:000052d4       ?m_Equals@Struct_Microsoft_Singularity_Io_DiskDeviceContract_AckGetDeviceName@@SI_NPAU1@PAUClass_System_Object@@@Z 020062d4 f   VolMgr.obj
 0001:0000531c       ?m_Equals@Struct_Microsoft_Singularity_Io_DiskDeviceContract_AckGetDeviceName@@SI_NPAUClass_Microsoft_Singularity_Io_DiskDeviceContract_AckGetDeviceName@@PAUClass_System_Object@@@Z 0200631c f   VolMgr.obj
 0001:00005348       ?m_ToString@int8@@SIPAUClass_System_String@@PAC@Z 02006348 f   VolMgr.obj
 0001:00005370       ?m_ToString@int8@@SIPAUClass_System_String@@PACPAU2@@Z 02006370 f   VolMgr.obj
 0001:00005468       ?m_ToString@int8@@SIPAUClass_System_String@@PAUClass_System_SByte@@@Z 02006468 f   VolMgr.obj
 0001:00005490       ?m_ToString@int8@@SIPAUClass_System_String@@PAUClass_System_SByte@@PAU2@@Z 02006490 f   VolMgr.obj
 0001:000054bc       ?m_GetHashCode@int8@@SIHPAC@Z 020064bc f   VolMgr.obj
 0001:000054ec       ?m_GetHashCode@int8@@SIHPAUClass_System_SByte@@@Z 020064ec f   VolMgr.obj
 0001:00005514       ?m_Equals@int8@@SI_NPACPAUClass_System_Object@@@Z 02006514 f   VolMgr.obj
 0001:00005574       ?m_Equals@int8@@SI_NPAUClass_System_SByte@@PAUClass_System_Object@@@Z 02006574 f   VolMgr.obj
 0001:000055a0       ?m_CompareTo@int8@@SIHPACPAUClass_System_Object@@@Z 020065a0 f   VolMgr.obj
 0001:0000562c       ?m_CompareTo@int8@@SIHPAUClass_System_SByte@@PAUClass_System_Object@@@Z 0200662c f   VolMgr.obj
 0001:00005658       ?m_StructCopy@Struct_Microsoft_Singularity_Directory_NotifyContract_ChangeNotification@@SIXPAU1@0@Z 02006658 f   VolMgr.obj
 0001:0000568c       ?m_StructCopy@Struct_Microsoft_Singularity_Directory_NotifyContract_ChangeNotification@@SIXPAU1@PAU1@@Z 0200668c f   VolMgr.obj
 0001:00005728       ?m_Equals@Struct_Microsoft_Singularity_Directory_NotifyContract_ChangeNotification@@SI_NPAU1@PAUClass_System_Object@@@Z 02006728 f   VolMgr.obj
 0001:000057d8       ?m_Equals@Struct_Microsoft_Singularity_Directory_NotifyContract_ChangeNotification@@SI_NPAUClass_Microsoft_Singularity_Directory_NotifyContract_ChangeNotification@@PAUClass_System_Object@@@Z 020067d8 f   VolMgr.obj
 0001:00005804       ?m_StructCopy@Struct_System_ReadEnlistmentLogWriter@@SIXPAU1@0@Z 02006804 f   VolMgr.obj
 0001:00005838       ?m_StructCopy@Struct_System_ReadEnlistmentLogWriter@@SIXPAU1@PAU1@@Z 02006838 f   VolMgr.obj
 0001:000058d4       ?m_Equals@Struct_System_ReadEnlistmentLogWriter@@SI_NPAU1@PAUClass_System_Object@@@Z 020068d4 f   VolMgr.obj
 0001:00005930       ?m_Equals@Struct_System_ReadEnlistmentLogWriter@@SI_NPAUClass_System_ReadEnlistmentLogWriter@@PAUClass_System_Object@@@Z 02006930 f   VolMgr.obj
 0001:0000595c       ?m_StructCopy@Struct_Microsoft_Singularity_Io_DiskDeviceContract_GetSystemId@@SIXPAU1@0@Z 0200695c f   VolMgr.obj
 0001:00005978       ?m_StructCopy@Struct_Microsoft_Singularity_Io_DiskDeviceContract_GetSystemId@@SIXPAU1@PAU1@@Z 02006978 f   VolMgr.obj
 0001:000059cc       ?m_Equals@Struct_Microsoft_Singularity_Io_DiskDeviceContract_GetSystemId@@SI_NPAU1@PAUClass_System_Object@@@Z 020069cc f   VolMgr.obj
 0001:00005a04       ?m_Equals@Struct_Microsoft_Singularity_Io_DiskDeviceContract_GetSystemId@@SI_NPAUClass_Microsoft_Singularity_Io_DiskDeviceContract_GetSystemId@@PAUClass_System_Object@@@Z 02006a04 f   VolMgr.obj
 0001:00005a30       ?m_StructCopy@Struct_System_Collections_Hashtable_bucket@@SIXPAU1@0@Z 02006a30 f   VolMgr.obj
 0001:00005a70       ?m_StructCopy@Struct_System_Collections_Hashtable_bucket@@SIXPAU1@PAU1@@Z 02006a70 f   VolMgr.obj
 0001:00005b30       ?m_Equals@Struct_System_Collections_Hashtable_bucket@@SI_NPAU1@PAUClass_System_Object@@@Z 02006b30 f   VolMgr.obj
 0001:00005ba4       ?m_Equals@Struct_System_Collections_Hashtable_bucket@@SI_NPAUClass_System_Collections_Hashtable_bucket@@PAUClass_System_Object@@@Z 02006ba4 f   VolMgr.obj
 0001:00005bd0       ?m_HeadMatches@Class_SurrogateMicrosoft_Singularity_Io_DiskDeviceContract_Imp@@SI_NPAU1@HPA_NPAPAUClass_System_Object@@@Z 02006bd0 f   VolMgr.obj
 0001:00005c04       ?m_GetWaitHandle@Class_SurrogateMicrosoft_Singularity_Io_DiskDeviceContract_Imp@@SI?AUStruct_Microsoft_Singularity_V1_Threads_SyncHandle@@PAU1@@Z 02006c04 f   VolMgr.obj
 0001:00005c28       ?g__ctor@Class_SurrogateMicrosoft_Singularity_Io_DiskDeviceContract_Imp@@SIXPAU1@PAUStruct_Microsoft_Singularity_Io_DiskDeviceContract_Imp@@@Z 02006c28 f   VolMgr.obj
 0001:00005c50       ?g_Summary@Class_System_GCs_CollectorStatistics@@SIXXZ 02006c50 f   VolMgr.obj
 0001:00005c64       ?g_Initialize@Class_System_GCs_CollectorStatistics@@SIXXZ 02006c64 f   VolMgr.obj
 0001:00005c78       ?g_Event@Class_System_GCs_CollectorStatistics@@SIXUStruct_System_GCs_GCEvent@@@Z 02006c78 f   VolMgr.obj
 0001:00005c94       ?g_Event@Class_System_GCs_CollectorStatistics@@SIXUStruct_System_GCs_GCEvent@@_J@Z 02006c94 f   VolMgr.obj
 0001:00005cb0       ?m__ctor@Class_System_GCs_CollectorStatistics@@SIXPAU1@@Z 02006cb0 f   VolMgr.obj
 0001:00005cc8       ?m_StructCopy@Struct_System_RuntimeTypeHandle@@SIXPAU1@0@Z 02006cc8 f   VolMgr.obj
 0001:00005cf0       ?m_StructCopy@Struct_System_RuntimeTypeHandle@@SIXPAU1@PAU1@@Z 02006cf0 f   VolMgr.obj
 0001:00005d68       ?m_get$_Value@Struct_System_RuntimeTypeHandle@@SIPAUintPtr@@PAU1@@Z 02006d68 f   VolMgr.obj
 0001:00005d88       ?m_Equals@Struct_System_RuntimeTypeHandle@@SI_NPAU1@PAUClass_System_Object@@@Z 02006d88 f   VolMgr.obj
 0001:00005dd0       ?m_Equals@Struct_System_RuntimeTypeHandle@@SI_NPAUClass_System_RuntimeTypeHandle@@PAUClass_System_Object@@@Z 02006dd0 f   VolMgr.obj
 0001:00005dfc       ?m__ctor@Struct_System_RuntimeTypeHandle@@SIXPAU1@PAUClass_System_RuntimeType@@@Z 02006dfc f   VolMgr.obj
 0001:00005e24       ?m_StructCopy@Struct_Microsoft_Singularity_Directory_DirectoryServiceContract_NakDeleteFileReparse@@SIXPAU1@0@Z 02006e24 f   VolMgr.obj
 0001:00005e64       ?m_StructCopy@Struct_Microsoft_Singularity_Directory_DirectoryServiceContract_NakDeleteFileReparse@@SIXPAU1@PAU1@@Z 02006e64 f   VolMgr.obj
 0001:00005f24       ?m_Equals@Struct_Microsoft_Singularity_Directory_DirectoryServiceContract_NakDeleteFileReparse@@SI_NPAU1@PAUClass_System_Object@@@Z 02006f24 f   VolMgr.obj
 0001:00005f8c       ?m_Equals@Struct_Microsoft_Singularity_Directory_DirectoryServiceContract_NakDeleteFileReparse@@SI_NPAUClass_Microsoft_Singularity_Directory_DirectoryServiceContract_NakDeleteFileReparse@@PAUClass_System_Object@@@Z 02006f8c f   VolMgr.obj
 0001:00005fb8       ?m_StructCopy@Struct_Microsoft_Singularity_Directory_DirectoryServiceContract_NakDeregister@@SIXPAU1@0@Z 02006fb8 f   VolMgr.obj
 0001:00005fe0       ?m_StructCopy@Struct_Microsoft_Singularity_Directory_DirectoryServiceContract_NakDeregister@@SIXPAU1@PAU1@@Z 02006fe0 f   VolMgr.obj
 0001:00006058       ?m_Equals@Struct_Microsoft_Singularity_Directory_DirectoryServiceContract_NakDeregister@@SI_NPAU1@PAUClass_System_Object@@@Z 02007058 f   VolMgr.obj
 0001:000060f8       ?m_Equals@Struct_Microsoft_Singularity_Directory_DirectoryServiceContract_NakDeregister@@SI_NPAUClass_Microsoft_Singularity_Directory_DirectoryServiceContract_NakDeregister@@PAUClass_System_Object@@@Z 020070f8 f   VolMgr.obj
 0001:00006124       ?g_Create@Class_Microsoft_Singularity_GCProfilerLogger_GCEventSource@@SIPAU1@PAUClass_System_String@@I_K@Z 02007124 f   VolMgr.obj
 0001:000061f8       ?m__ctor@Class_Microsoft_Singularity_GCProfilerLogger_GCEventSource@@SIXPAU1@PAUClass_System_String@@PAUClass_Microsoft_Singularity_Eventing_EventingStorage@@I@Z 020071f8 f   VolMgr.obj
 0001:0000622c       ?m_StructCopy@Struct_Microsoft_Singularity_Directory_ServiceProviderContract_AckConnect@@SIXPAU1@0@Z 0200722c f   VolMgr.obj
 0001:00006248       ?m_StructCopy@Struct_Microsoft_Singularity_Directory_ServiceProviderContract_AckConnect@@SIXPAU1@PAU1@@Z 02007248 f   VolMgr.obj
 0001:0000629c       ?m_MarshallContent@Struct_Microsoft_Singularity_Directory_ServiceProviderContract_AckConnect@@SIXPAU1@PAEPAUStruct_Microsoft_Singularity_Channels_Endpoint@@1PAH@Z 0200729c f   VolMgr.obj
 0001:000062bc       ?m_MarshallAll@Struct_Microsoft_Singularity_Directory_ServiceProviderContract_AckConnect@@SIXPAU1@PAEPAUStruct_Microsoft_Singularity_Channels_Endpoint@@PAH@Z 020072bc f   VolMgr.obj
 0001:00006314       ?m_Equals@Struct_Microsoft_Singularity_Directory_ServiceProviderContract_AckConnect@@SI_NPAU1@PAUClass_System_Object@@@Z 02007314 f   VolMgr.obj
 0001:0000634c       ?m_Equals@Struct_Microsoft_Singularity_Directory_ServiceProviderContract_AckConnect@@SI_NPAUClass_Microsoft_Singularity_Directory_ServiceProviderContract_AckConnect@@PAUClass_System_Object@@@Z 0200734c f   VolMgr.obj
 0001:00006378       ?m_StructCopy@Struct_System_UpdateEnlistmentLog_Entry@@SIXPAU1@0@Z 02007378 f   VolMgr.obj
 0001:000063fc       ?m_StructCopy@Struct_System_UpdateEnlistmentLog_Entry@@SIXPAU1@PAU1@@Z 020073fc f   VolMgr.obj
 0001:00006588       ?m_Equals@Struct_System_UpdateEnlistmentLog_Entry@@SI_NPAU1@PAUClass_System_Object@@@Z 02007588 f   VolMgr.obj
 0001:00006700       ?m_Equals@Struct_System_UpdateEnlistmentLog_Entry@@SI_NPAUClass_System_UpdateEnlistmentLog_Entry@@PAUClass_System_Object@@@Z 02007700 f   VolMgr.obj
 0001:0000672c       ?m_WaitOne@Class_System_Threading_ManualResetEvent@@SI_NPAU1@@Z 0200772c f   VolMgr.obj
 0001:000067a0       ?m_WaitOne@Class_System_Threading_ManualResetEvent@@SI_NPAU1@UStruct_System_SchedulerTime@@@Z 020077a0 f   VolMgr.obj
 0001:00006828       ?m_Set@Class_System_Threading_ManualResetEvent@@SI_NPAU1@@Z 02007828 f   VolMgr.obj
 0001:00006874       ?m_Reset@Class_System_Threading_ManualResetEvent@@SIXPAU1@@Z 02007874 f   VolMgr.obj
 0001:000068ac       ?m_Finalize@Class_System_Threading_ManualResetEvent@@SIXPAU1@@Z 020078ac f   VolMgr.obj
 0001:00006910       ?m_Dispose@Class_System_Threading_ManualResetEvent@@SIXPAU1@_N@Z 02007910 f   VolMgr.obj
 0001:0000695c       ?m__ctor@Class_System_Threading_ManualResetEvent@@SIXPAU1@_N@Z 0200795c f   VolMgr.obj
 0001:000069c8       ?g_AssertNotNullImplicit@Class_Microsoft_Contracts_NonNullType@@SIXPAUuintPtr@@@Z 020079c8 f   VolMgr.obj
 0001:00006a20       ?g_AssertNotNull@Class_Microsoft_Contracts_NonNullType@@SIXPAUuintPtr@@@Z 02007a20 f   VolMgr.obj
 0001:00006a78       ?g_AssertNotNull@Class_Microsoft_Contracts_NonNullType@@SIXPAUClass_System_Object@@@Z 02007a78 f   VolMgr.obj
 0001:00006ac8       ?m__ctor@Class_Microsoft_Contracts_NonNullType@@SIXPAU1@@Z 02007ac8 f   VolMgr.obj
 0001:00006ae0       ?m_StructCopy@Struct_Microsoft_Singularity_Directory_DirectoryServiceContract_AckNotify@@SIXPAU1@0@Z 02007ae0 f   VolMgr.obj
 0001:00006afc       ?m_StructCopy@Struct_Microsoft_Singularity_Directory_DirectoryServiceContract_AckNotify@@SIXPAU1@PAU1@@Z 02007afc f   VolMgr.obj
 0001:00006b50       ?m_Equals@Struct_Microsoft_Singularity_Directory_DirectoryServiceContract_AckNotify@@SI_NPAU1@PAUClass_System_Object@@@Z 02007b50 f   VolMgr.obj
 0001:00006b88       ?m_Equals@Struct_Microsoft_Singularity_Directory_DirectoryServiceContract_AckNotify@@SI_NPAUClass_Microsoft_Singularity_Directory_DirectoryServiceContract_AckNotify@@PAUClass_System_Object@@@Z 02007b88 f   VolMgr.obj
 0001:00006bb4       ?m__ctor@Class_System_NullReferenceException@@SIXPAU1@@Z 02007bb4 f   VolMgr.obj
 0001:00006bdc       ?m__ctor@Class_System_NullReferenceException@@SIXPAU1@PAUClass_System_String@@@Z 02007bdc f   VolMgr.obj
 0001:00006c04       ?m__ctor@Class_System_NullReferenceException@@SIXPAU1@PAUClass_System_String@@PAUClass_System_Exception@@@Z 02007c04 f   VolMgr.obj
 0001:00006c34       ?m_StructCopy@Struct_Microsoft_Singularity_V1_Threads_ManualResetEventHandle@@SIXPAU1@0@Z 02007c34 f   VolMgr.obj
 0001:00006c5c       ?m_StructCopy@Struct_Microsoft_Singularity_V1_Threads_ManualResetEventHandle@@SIXPAU1@PAU1@@Z 02007c5c f   VolMgr.obj
 0001:00006cd4       ?m_Equals@Struct_Microsoft_Singularity_V1_Threads_ManualResetEventHandle@@SI_NPAU1@PAUClass_System_Object@@@Z 02007cd4 f   VolMgr.obj
 0001:00006d1c       ?m_Equals@Struct_Microsoft_Singularity_V1_Threads_ManualResetEventHandle@@SI_NPAUClass_Microsoft_Singularity_V1_Threads_ManualResetEventHandle@@PAUClass_System_Object@@@Z 02007d1c f   VolMgr.obj
 0001:00006d48       ?g_Create@Struct_Microsoft_Singularity_V1_Threads_ManualResetEventHandle@@SI_N_NPAU1@@Z 02007d48 f   VolMgr.obj
 0001:00006d94       ?m__ctor@Class_Microsoft_Singularity_Tracing@@SIXPAU1@@Z 02007d94 f   VolMgr.obj
 0001:00006db0       ?m__ctor@Class_System_OutOfMemoryException@@SIXPAU1@@Z 02007db0 f   VolMgr.obj
 0001:00006dd8       ?m__ctor@Class_System_OutOfMemoryException@@SIXPAU1@PAUClass_System_String@@@Z 02007dd8 f   VolMgr.obj
 0001:00006e00       ?m__ctor@Class_System_OutOfMemoryException@@SIXPAU1@PAUClass_System_String@@PAUClass_System_Exception@@@Z 02007e00 f   VolMgr.obj
 0001:00006e30       ?m_ZeroIfMustBeQuiescent@Struct_System_MultiUseWord_STMSnapshot@@SIIPAU1@@Z 02007e30 f   VolMgr.obj
 0001:00006e58       ?m_Visit@Struct_System_MultiUseWord_STMSnapshot@@SIXPAU1@PAUClass_System_GCs_DirectReferenceVisitor@@@Z 02007e58 f   VolMgr.obj
 0001:00007014       ?m_StructCopy@Struct_System_MultiUseWord_STMSnapshot@@SIXPAU1@0@Z 02008014 f   VolMgr.obj
 0001:0000703c       ?m_StructCopy@Struct_System_MultiUseWord_STMSnapshot@@SIXPAU1@PAU1@@Z 0200803c f   VolMgr.obj
 0001:000070b4       ?m_GetSTMWord@Struct_System_MultiUseWord_STMSnapshot@@SI?AUStruct_System_STMWord@@PAU1@@Z 020080b4 f   VolMgr.obj
 0001:00007160       ?m_Equals@Struct_System_MultiUseWord_STMSnapshot@@SI_NPAU1@PAUClass_System_Object@@@Z 02008160 f   VolMgr.obj
 0001:000071a8       ?m_Equals@Struct_System_MultiUseWord_STMSnapshot@@SI_NPAUClass_System_MultiUseWord_STMSnapshot@@PAUClass_System_Object@@@Z 020081a8 f   VolMgr.obj
 0001:000071d4       ?m_Eq@Struct_System_MultiUseWord_STMSnapshot@@SI_NPAU1@U1@@Z 020081d4 f   VolMgr.obj
 0001:00007200       ?m__ctor@Struct_System_MultiUseWord_STMSnapshot@@SIXPAU1@UStruct_System_MultiUseWord@@@Z 02008200 f   VolMgr.obj
 0001:00007228       ?m_HeadMatches@Class_SurrogateMicrosoft_Singularity_Directory_DirectoryServiceContract_Imp@@SI_NPAU1@HPA_NPAPAUClass_System_Object@@@Z 02008228 f   VolMgr.obj
 0001:0000725c       ?m_GetWaitHandle@Class_SurrogateMicrosoft_Singularity_Directory_DirectoryServiceContract_Imp@@SI?AUStruct_Microsoft_Singularity_V1_Threads_SyncHandle@@PAU1@@Z 0200825c f   VolMgr.obj
 0001:00007280       ?g__ctor@Class_SurrogateMicrosoft_Singularity_Directory_DirectoryServiceContract_Imp@@SIXPAU1@PAUStruct_Microsoft_Singularity_Directory_DirectoryServiceContract_Imp@@@Z 02008280 f   VolMgr.obj
 0001:000072a8       ?m_StructCopy@Struct_Microsoft_Singularity_Directory_DirectoryServiceContract_NakCreateLink@@SIXPAU1@0@Z 020082a8 f   VolMgr.obj
 0001:000072d0       ?m_StructCopy@Struct_Microsoft_Singularity_Directory_DirectoryServiceContract_NakCreateLink@@SIXPAU1@PAU1@@Z 020082d0 f   VolMgr.obj
 0001:00007348       ?m_Equals@Struct_Microsoft_Singularity_Directory_DirectoryServiceContract_NakCreateLink@@SI_NPAU1@PAUClass_System_Object@@@Z 02008348 f   VolMgr.obj
 0001:000073e8       ?m_Equals@Struct_Microsoft_Singularity_Directory_DirectoryServiceContract_NakCreateLink@@SI_NPAUClass_Microsoft_Singularity_Directory_DirectoryServiceContract_NakCreateLink@@PAUClass_System_Object@@@Z 020083e8 f   VolMgr.obj
 0001:00007414       ?m_StructCopy@Struct_Microsoft_Singularity_Io_DiskDeviceContract_NakRead@@SIXPAU1@0@Z 02008414 f   VolMgr.obj
 0001:00007430       ?m_StructCopy@Struct_Microsoft_Singularity_Io_DiskDeviceContract_NakRead@@SIXPAU1@PAU1@@Z 02008430 f   VolMgr.obj
 0001:00007484       ?m_Equals@Struct_Microsoft_Singularity_Io_DiskDeviceContract_NakRead@@SI_NPAU1@PAUClass_System_Object@@@Z 02008484 f   VolMgr.obj
 0001:000074bc       ?m_Equals@Struct_Microsoft_Singularity_Io_DiskDeviceContract_NakRead@@SI_NPAUClass_Microsoft_Singularity_Io_DiskDeviceContract_NakRead@@PAUClass_System_Object@@@Z 020084bc f   VolMgr.obj
 0001:000074e8       ?m_StructCopy@Struct_Microsoft_Singularity_Isal_IX_EVectors@@SIXPAU1@0@Z 020084e8 f   VolMgr.obj
 0001:00007504       ?m_StructCopy@Struct_Microsoft_Singularity_Isal_IX_EVectors@@SIXPAU1@PAU1@@Z 02008504 f   VolMgr.obj
 0001:00007558       ?m_Equals@Struct_Microsoft_Singularity_Isal_IX_EVectors@@SI_NPAU1@PAUClass_System_Object@@@Z 02008558 f   VolMgr.obj
 0001:00007590       ?m_Equals@Struct_Microsoft_Singularity_Isal_IX_EVectors@@SI_NPAUClass_Microsoft_Singularity_Isal_IX_EVectors@@PAUClass_System_Object@@@Z 02008590 f   VolMgr.obj
 0001:000075bc       ?m_StructCopy@Struct_Microsoft_Singularity_Io_VolumeManagerContract_NakRegisterDisk@@SIXPAU1@0@Z 020085bc f   VolMgr.obj
 0001:000075d8       ?m_StructCopy@Struct_Microsoft_Singularity_Io_VolumeManagerContract_NakRegisterDisk@@SIXPAU1@PAU1@@Z 020085d8 f   VolMgr.obj
 0001:0000762c       ?m_MarshallContent@Struct_Microsoft_Singularity_Io_VolumeManagerContract_NakRegisterDisk@@SIXPAU1@PAEPAUStruct_Microsoft_Singularity_Channels_Endpoint@@1PAH@Z 0200862c f   VolMgr.obj
 0001:0000764c       ?m_MarshallAll@Struct_Microsoft_Singularity_Io_VolumeManagerContract_NakRegisterDisk@@SIXPAU1@PAEPAUStruct_Microsoft_Singularity_Channels_Endpoint@@PAH@Z 0200864c f   VolMgr.obj
 0001:000076a4       ?m_Equals@Struct_Microsoft_Singularity_Io_VolumeManagerContract_NakRegisterDisk@@SI_NPAU1@PAUClass_System_Object@@@Z 020086a4 f   VolMgr.obj
 0001:000076dc       ?m_Equals@Struct_Microsoft_Singularity_Io_VolumeManagerContract_NakRegisterDisk@@SI_NPAUClass_Microsoft_Singularity_Io_VolumeManagerContract_NakRegisterDisk@@PAUClass_System_Object@@@Z 020086dc f   VolMgr.obj
 0001:00007708       ?m_StructCopy@Struct_Microsoft_Bartok_Runtime_PreHeader@@SIXPAU1@0@Z 02008708 f   VolMgr.obj
 0001:00007734       ?m_StructCopy@Struct_Microsoft_Bartok_Runtime_PreHeader@@SIXPAU1@PAU1@@Z 02008734 f   VolMgr.obj
 0001:000077b8       ?m_Equals@Struct_Microsoft_Bartok_Runtime_PreHeader@@SI_NPAU1@PAUClass_System_Object@@@Z 020087b8 f   VolMgr.obj
 0001:00007864       ?m_Equals@Struct_Microsoft_Bartok_Runtime_PreHeader@@SI_NPAUClass_Microsoft_Bartok_Runtime_PreHeader@@PAUClass_System_Object@@@Z 02008864 f   VolMgr.obj
 0001:00007890       ?g_wcslen@Class_System_Number@@SIHPAUClassVector_bartok_char@@H@Z 02008890 f   VolMgr.obj
 0001:00007904       ?g_UInt64ToDecString@Class_System_Number@@SIPAUClass_System_String@@_KH@Z 02008904 f   VolMgr.obj
 0001:00007a04       ?g_UInt32ToDecString@Class_System_Number@@SIPAUClass_System_String@@IH@Z 02008a04 f   VolMgr.obj
 0001:00007a98       ?m_ToStringFormat@Class_System_Number@@SIPAUClass_System_String@@PAU1@PAU2@@Z 02008a98 f   VolMgr.obj
 0001:0000917c       ?m_ToString@Class_System_Number@@SIPAUClass_System_String@@PAU1@_WH@Z 0200a17c f   VolMgr.obj
 0001:00009abc       ?m_RoundNumber@Class_System_Number@@SIXPAU1@H@Z 0200aabc f   VolMgr.obj
 0001:00009cc8       ?g_ParseFormatSpecifier@Class_System_Number@@SI_WPAUClass_System_String@@PAH@Z 0200acc8 f   VolMgr.obj
 0001:00009e6c       ?g_NumberToDouble@Class_System_Number@@SIXPAU1@PAN@Z 0200ae6c f   VolMgr.obj
 0001:0000a120       ?g_LO32@Class_System_Number@@SII_K@Z 0200b120 f   VolMgr.obj
 0001:0000a138       ?g_Int64ToHexString@Class_System_Number@@SIPAUClass_System_String@@_K_WH@Z 0200b138 f   VolMgr.obj
 0001:0000a1c8       ?g_Int64ToHexChars@Class_System_Number@@SIHPAUClassVector_bartok_char@@H_K_WH@Z 0200b1c8 f   VolMgr.obj
 0001:0000a28c       ?g_Int64ToDecString@Class_System_Number@@SIPAUClass_System_String@@_JHPAU2@@Z 0200b28c f   VolMgr.obj
 0001:0000a47c       ?g_Int64ToDecChars@Class_System_Number@@SIXPAUClassVector_bartok_char@@PAH_KH@Z 0200b47c f   VolMgr.obj
 0001:0000a52c       ?g_Int64DivMod1E9@Class_System_Number@@SI_K_KPAI@Z 0200b52c f   VolMgr.obj
 0001:0000a588       ?g_Int32ToHexString@Class_System_Number@@SIPAUClass_System_String@@I_WH@Z 0200b588 f   VolMgr.obj
 0001:0000a614       ?g_Int32ToHexChars@Class_System_Number@@SIHPAUClassVector_bartok_char@@HI_WH@Z 0200b614 f   VolMgr.obj
 0001:0000a6b4       ?g_Int32ToDecString@Class_System_Number@@SIPAUClass_System_String@@HHPAU2@@Z 0200b6b4 f   VolMgr.obj
 0001:0000a810       ?g_Int32ToDecChars@Class_System_Number@@SIXPAUClassVector_bartok_char@@PAHIH@Z 0200b810 f   VolMgr.obj
 0001:0000a8a4       ?g_HI32@Class_System_Number@@SII_K@Z 0200b8a4 f   VolMgr.obj
 0001:0000a8c8       ?g_Get@Class_System_Number@@SI_WPAUClass_System_String@@H@Z 0200b8c8 f   VolMgr.obj
 0001:0000a910       ?g_FPNumberToString@Class_System_Number@@SIPAUClass_System_String@@PAU1@PAU2@@Z 0200b910 f   VolMgr.obj
 0001:0000aa00       ?g_FormatUInt64@Class_System_Number@@SIPAUClass_System_String@@_KPAU2@@Z 0200ba00 f   VolMgr.obj
 0001:0000ab14       ?g_FormatUInt32@Class_System_Number@@SIPAUClass_System_String@@IPAU2@@Z 0200bb14 f   VolMgr.obj
 0001:0000ac18       ?g_FormatSingle@Class_System_Number@@SIPAUClass_System_String@@MPAU2@@Z 0200bc18 f   VolMgr.obj
 0001:0000aea4       ?m_FormatScientific@Class_System_Number@@SIHPAU1@PAUClassVector_bartok_char@@HH_W@Z 0200bea4 f   VolMgr.obj
 0001:0000b06c       ?m_FormatPercent@Class_System_Number@@SIHPAU1@PAUClassVector_bartok_char@@HH@Z 0200c06c f   VolMgr.obj
 0001:0000b238       ?m_FormatNumber@Class_System_Number@@SIHPAU1@PAUClassVector_bartok_char@@HH@Z 0200c238 f   VolMgr.obj
 0001:0000b3cc       ?g_FormatInt64@Class_System_Number@@SIPAUClass_System_String@@_JPAU2@@Z 0200c3cc f   VolMgr.obj
 0001:0000b504       ?g_FormatInt32@Class_System_Number@@SIPAUClass_System_String@@HPAU2@@Z 0200c504 f   VolMgr.obj
 0001:0000b62c       ?m_FormatGeneral@Class_System_Number@@SIHPAU1@PAUClassVector_bartok_char@@HH_W@Z 0200c62c f   VolMgr.obj
 0001:0000b8d4       ?m_FormatFixed@Class_System_Number@@SIHPAU1@PAUClassVector_bartok_char@@HHPAUClassVector_int32@@PAUClass_System_String@@3@Z 0200c8d4 f   VolMgr.obj
 0001:0000be54       ?m_FormatExponent@Class_System_Number@@SIHPAU1@PAUClassVector_bartok_char@@HH_WPAUClass_System_String@@3H@Z 0200ce54 f   VolMgr.obj
 0001:0000bfac       ?g_FormatDouble@Class_System_Number@@SIPAUClass_System_String@@NPAU2@@Z 0200cfac f   VolMgr.obj
 0001:0000c1e8       ?g_FormatDecimal@Class_System_Number@@SIPAUClass_System_String@@UStruct_System_Decimal@@PAU2@@Z 0200d1e8 f   VolMgr.obj
 0001:0000c280       ?g_FindSection@Class_System_Number@@SIHPAUClass_System_String@@H@Z 0200d280 f   VolMgr.obj
 0001:0000c3d4       ?m_DecDivMod1E9@Class_System_Number@@SIIPAU1@PAUStruct_System_Decimal@@@Z 0200d3d4 f   VolMgr.obj
 0001:0000c4ac       ?m_D32DivMod1E9@Class_System_Number@@SIIPAU1@IIPAI@Z 0200d4ac f   VolMgr.obj
 0001:0000c528       ?g_AddStringRef@Class_System_Number@@SIHPAUClassVector_bartok_char@@HPAUClass_System_String@@@Z 0200d528 f   VolMgr.obj
 0001:0000c5c0       ?m__ctor@Class_System_Number@@SIXPAU1@@Z 0200d5c0 f   VolMgr.obj
 0001:0000c5f0       ?m__ctor@Class_System_Number@@SIXPAU1@_K@Z 0200d5f0 f   VolMgr.obj
 0001:0000c700       ?m__ctor@Class_System_Number@@SIXPAU1@I@Z 0200d700 f   VolMgr.obj
 0001:0000c80c       ?m__ctor@Class_System_Number@@SIXPAU1@PAUStruct_System_Decimal@@@Z 0200d80c f   VolMgr.obj
 0001:0000c99c       ?m__ctor@Class_System_Number@@SIXPAU1@_J@Z 0200d99c f   VolMgr.obj
 0001:0000cafc       ?m__ctor@Class_System_Number@@SIXPAU1@H@Z 0200dafc f   VolMgr.obj
 0001:0000cc28       ?m__ctor@Class_System_Number@@SIXPAU1@NH@Z 0200dc28 f   VolMgr.obj
 0001:0000cc8c       ?g__cctor@Class_System_Number@@SIXXZ 0200dc8c f   VolMgr.obj
 0001:0000cdc8       ?m_StructCopy@Struct_Microsoft_Singularity_Directory_DirectoryServiceContract_Notify@@SIXPAU1@0@Z 0200ddc8 f   VolMgr.obj
 0001:0000ce14       ?m_StructCopy@Struct_Microsoft_Singularity_Directory_DirectoryServiceContract_Notify@@SIXPAU1@PAU1@@Z 0200de14 f   VolMgr.obj
 0001:0000cef8       ?m_MarshallContent@Struct_Microsoft_Singularity_Directory_DirectoryServiceContract_Notify@@SIXPAU1@PAEPAUStruct_Microsoft_Singularity_Channels_Endpoint@@1PAH@Z 0200def8 f   VolMgr.obj
 0001:0000d0c8       ?m_MarshallAll@Struct_Microsoft_Singularity_Directory_DirectoryServiceContract_Notify@@SIXPAU1@PAEPAUStruct_Microsoft_Singularity_Channels_Endpoint@@PAH@Z 0200e0c8 f   VolMgr.obj
 0001:0000d120       ?m_Equals@Struct_Microsoft_Singularity_Directory_DirectoryServiceContract_Notify@@SI_NPAU1@PAUClass_System_Object@@@Z 0200e120 f   VolMgr.obj
 0001:0000d198       ?m_Equals@Struct_Microsoft_Singularity_Directory_DirectoryServiceContract_Notify@@SI_NPAUClass_Microsoft_Singularity_Directory_DirectoryServiceContract_Notify@@PAUClass_System_Object@@@Z 0200e198 f   VolMgr.obj
 0001:0000d1c4       ?m_StructCopy@Struct_Microsoft_Singularity_Io_DiskDeviceContract_NoOp@@SIXPAU1@0@Z 0200e1c4 f   VolMgr.obj
 0001:0000d1e0       ?m_StructCopy@Struct_Microsoft_Singularity_Io_DiskDeviceContract_NoOp@@SIXPAU1@PAU1@@Z 0200e1e0 f   VolMgr.obj
 0001:0000d234       ?m_Equals@Struct_Microsoft_Singularity_Io_DiskDeviceContract_NoOp@@SI_NPAU1@PAUClass_System_Object@@@Z 0200e234 f   VolMgr.obj
 0001:0000d26c       ?m_Equals@Struct_Microsoft_Singularity_Io_DiskDeviceContract_NoOp@@SI_NPAUClass_Microsoft_Singularity_Io_DiskDeviceContract_NoOp@@PAUClass_System_Object@@@Z 0200e26c f   VolMgr.obj
 0001:0000d298       ?m_StructCopy@Struct_Microsoft_Singularity_Directory_ServiceProviderContract_Connect@@SIXPAU1@0@Z 0200e298 f   VolMgr.obj
 0001:0000d2c0       ?m_StructCopy@Struct_Microsoft_Singularity_Directory_ServiceProviderContract_Connect@@SIXPAU1@PAU1@@Z 0200e2c0 f   VolMgr.obj
 0001:0000d338       ?m_Equals@Struct_Microsoft_Singularity_Directory_ServiceProviderContract_Connect@@SI_NPAU1@PAUClass_System_Object@@@Z 0200e338 f   VolMgr.obj
 0001:0000d380       ?m_Equals@Struct_Microsoft_Singularity_Directory_ServiceProviderContract_Connect@@SI_NPAUClass_Microsoft_Singularity_Directory_ServiceProviderContract_Connect@@PAUClass_System_Object@@@Z 0200e380 f   VolMgr.obj
 0001:0000d3ac       ?m_ToString@Class_Microsoft_Singularity_Io_IoPort@@SIPAUClass_System_String@@PAU1@@Z 0200e3ac f   VolMgr.obj
 0001:0000d430       ?m_TryEnter@Class_System_Threading_Monitor@@SI_NPAU1@@Z 0200e430 f   VolMgr.obj
 0001:0000d4a0       ?m_TryEnter@Class_System_Threading_Monitor@@SI_NPAU1@UStruct_System_SchedulerTime@@@Z 0200e4a0 f   VolMgr.obj
 0001:0000d51c       ?g_TryEnter@Class_System_Threading_Monitor@@SI_NPAUClass_System_Object@@@Z 0200e51c f   VolMgr.obj
 0001:0000d558       ?m_IsInUse@Class_System_Threading_Monitor@@SI_NPAU1@@Z 0200e558 f   VolMgr.obj
 0001:0000d574       ?g_GetMonitorFromObject@Class_System_Threading_Monitor@@SIPAU1@PAUClass_System_Object@@@Z 0200e574 f   VolMgr.obj
 0001:0000d5f0       ?g_FromAddress@Class_System_Threading_Monitor@@SIPAU1@PAUuintPtr@@@Z 0200e5f0 f   VolMgr.obj
 0001:0000d60c       ?g_ExitImpl@Class_System_Threading_Monitor@@SIXPAUClass_System_Object@@@Z 0200e60c f   VolMgr.obj
 0001:0000d648       ?m_Exit@Class_System_Threading_Monitor@@SIXPAU1@@Z 0200e648 f   VolMgr.obj
 0001:0000d6c0       ?g_EnterImpl@Class_System_Threading_Monitor@@SIXPAUClass_System_Object@@@Z 0200e6c0 f   VolMgr.obj
 0001:0000d6fc       ?m_Enter@Class_System_Threading_Monitor@@SIXPAU1@@Z 0200e6fc f   VolMgr.obj
 0001:0000d75c       ?m__ctor@Class_System_Threading_Monitor@@SIXPAU1@@Z 0200e75c f   VolMgr.obj
 0001:0000d7b0       ?m__ctor@Class_System_ReadEnlistmentLog_LogChunk@@SIXPAU1@PAUClassVector_Struct_System_ReadEnlistmentLog_Entry@@0@Z 0200e7b0 f   VolMgr.obj
 0001:0000d7e4       ?m_StructCopy@Struct_Microsoft_Singularity_Io_DiskDeviceContract_GetStartSector@@SIXPAU1@0@Z 0200e7e4 f   VolMgr.obj
 0001:0000d800       ?m_StructCopy@Struct_Microsoft_Singularity_Io_DiskDeviceContract_GetStartSector@@SIXPAU1@PAU1@@Z 0200e800 f   VolMgr.obj
 0001:0000d854       ?m_Equals@Struct_Microsoft_Singularity_Io_DiskDeviceContract_GetStartSector@@SI_NPAU1@PAUClass_System_Object@@@Z 0200e854 f   VolMgr.obj
 0001:0000d88c       ?m_Equals@Struct_Microsoft_Singularity_Io_DiskDeviceContract_GetStartSector@@SI_NPAUClass_Microsoft_Singularity_Io_DiskDeviceContract_GetStartSector@@PAUClass_System_Object@@@Z 0200e88c f   VolMgr.obj
 0001:0000d8b8       ?m_ToString@bool@@SIPAUClass_System_String@@PA_N@Z 0200e8b8 f   VolMgr.obj
 0001:0000d8e8       ?m_ToString@bool@@SIPAUClass_System_String@@PAUClass_System_Boolean@@@Z 0200e8e8 f   VolMgr.obj
 0001:0000d930       ?m_GetHashCode@bool@@SIHPA_N@Z 0200e930 f   VolMgr.obj
 0001:0000d964       ?m_GetHashCode@bool@@SIHPAUClass_System_Boolean@@@Z 0200e964 f   VolMgr.obj
 0001:0000d9ac       ?m_Equals@bool@@SI_NPA_NPAUClass_System_Object@@@Z 0200e9ac f   VolMgr.obj
 0001:0000da0c       ?m_Equals@bool@@SI_NPAUClass_System_Boolean@@PAUClass_System_Object@@@Z 0200ea0c f   VolMgr.obj
 0001:0000da58       ?m_CompareTo@bool@@SIHPA_NPAUClass_System_Object@@@Z 0200ea58 f   VolMgr.obj
 0001:0000db00       ?m_CompareTo@bool@@SIHPAUClass_System_Boolean@@PAUClass_System_Object@@@Z 0200eb00 f   VolMgr.obj
 0001:0000db4c       ?g__cctor@bool@@SIXXZ      0200eb4c f   VolMgr.obj
 0001:0000db60       ?m_StructCopy@Struct_Microsoft_Singularity_V1_Services_ProcessService@@SIXPAU1@0@Z 0200eb60 f   VolMgr.obj
 0001:0000db7c       ?m_StructCopy@Struct_Microsoft_Singularity_V1_Services_ProcessService@@SIXPAU1@PAU1@@Z 0200eb7c f   VolMgr.obj
 0001:0000dbd0       ?g_GetSharedSourceHandles@Struct_Microsoft_Singularity_V1_Services_ProcessService@@SI_NIPAPAUuintPtr@@00@Z 0200ebd0 f   VolMgr.obj
 0001:0000dc54       ?m_Equals@Struct_Microsoft_Singularity_V1_Services_ProcessService@@SI_NPAU1@PAUClass_System_Object@@@Z 0200ec54 f   VolMgr.obj
 0001:0000dc8c       ?m_Equals@Struct_Microsoft_Singularity_V1_Services_ProcessService@@SI_NPAUClass_Microsoft_Singularity_V1_Services_ProcessService@@PAUClass_System_Object@@@Z 0200ec8c f   VolMgr.obj
 0001:0000dcb8       ?m_Visit@Struct_System_MultiUseWord_STMHandle@@SI_NPAU1@PAUClass_System_GCs_DirectReferenceVisitor@@@Z 0200ecb8 f   VolMgr.obj
 0001:0000dd0c       ?m_StructCopy@Struct_System_MultiUseWord_STMHandle@@SIXPAU1@0@Z 0200ed0c f   VolMgr.obj
 0001:0000dd34       ?m_StructCopy@Struct_System_MultiUseWord_STMHandle@@SIXPAU1@PAU1@@Z 0200ed34 f   VolMgr.obj
 0001:0000ddac       ?m_SetSTMWordAtGC@Struct_System_MultiUseWord_STMHandle@@SIXPAU1@PAUClass_System_GCs_DirectReferenceVisitor@@UStruct_System_STMWord@@@Z 0200edac f   VolMgr.obj
 0001:0000dea4       ?m_SetMark@Struct_System_MultiUseWord_STMHandle@@SIXPAU1@_N@Z 0200eea4 f   VolMgr.obj
 0001:0000df38       ?m_IsMarked@Struct_System_MultiUseWord_STMHandle@@SI_NPAU1@@Z 0200ef38 f   VolMgr.obj
 0001:0000df7c       ?m_GetSTMSnapshot@Struct_System_MultiUseWord_STMHandle@@SI?AUStruct_System_MultiUseWord_STMSnapshot@@PAU1@@Z 0200ef7c f   VolMgr.obj
 0001:0000dfc8       ?m_Equals@Struct_System_MultiUseWord_STMHandle@@SI_NPAU1@PAUClass_System_Object@@@Z 0200efc8 f   VolMgr.obj
 0001:0000e010       ?m_Equals@Struct_System_MultiUseWord_STMHandle@@SI_NPAUClass_System_MultiUseWord_STMHandle@@PAUClass_System_Object@@@Z 0200f010 f   VolMgr.obj
 0001:0000e03c       ?m_Visit@Class_System_GCs_MemoryAccounting_ManagedPtrAccounting@@SIXPAU1@PAPAUuintPtr@@@Z 0200f03c f   VolMgr.obj
 0001:0000e058       ?m_Initialize@Class_System_GCs_MemoryAccounting_ManagedPtrAccounting@@SIXPAU1@@Z 0200f058 f   VolMgr.obj
 0001:0000e070       ?m__ctor@Class_System_GCs_MemoryAccounting_ManagedPtrAccounting@@SIXPAU1@@Z 0200f070 f   VolMgr.obj
 0001:0000e088       ?m_StructCopy@Struct_Microsoft_Singularity_Directory_DirectoryServiceContract_NakStoreACL@@SIXPAU1@0@Z 0200f088 f   VolMgr.obj
 0001:0000e0b0       ?m_StructCopy@Struct_Microsoft_Singularity_Directory_DirectoryServiceContract_NakStoreACL@@SIXPAU1@PAU1@@Z 0200f0b0 f   VolMgr.obj
 0001:0000e128       ?m_Equals@Struct_Microsoft_Singularity_Directory_DirectoryServiceContract_NakStoreACL@@SI_NPAU1@PAUClass_System_Object@@@Z 0200f128 f   VolMgr.obj
 0001:0000e1c8       ?m_Equals@Struct_Microsoft_Singularity_Directory_DirectoryServiceContract_NakStoreACL@@SI_NPAUClass_Microsoft_Singularity_Directory_DirectoryServiceContract_NakStoreACL@@PAUClass_System_Object@@@Z 0200f1c8 f   VolMgr.obj
 0001:0000e1f4       ?m_StructCopy@Struct_Microsoft_Singularity_Directory_DirectoryServiceContract_AckGetLinkValue@@SIXPAU1@0@Z 0200f1f4 f   VolMgr.obj
 0001:0000e21c       ?m_StructCopy@Struct_Microsoft_Singularity_Directory_DirectoryServiceContract_AckGetLinkValue@@SIXPAU1@PAU1@@Z 0200f21c f   VolMgr.obj
 0001:0000e294       ?m_Equals@Struct_Microsoft_Singularity_Directory_DirectoryServiceContract_AckGetLinkValue@@SI_NPAU1@PAUClass_System_Object@@@Z 0200f294 f   VolMgr.obj
 0001:0000e2dc       ?m_Equals@Struct_Microsoft_Singularity_Directory_DirectoryServiceContract_AckGetLinkValue@@SI_NPAUClass_Microsoft_Singularity_Directory_DirectoryServiceContract_AckGetLinkValue@@PAUClass_System_Object@@@Z 0200f2dc f   VolMgr.obj
 0001:0000e308       ?m_ToString@Class_System_Version@@SIPAUClass_System_String@@PAU1@@Z 0200f308 f   VolMgr.obj
 0001:0000e364       ?m_ToString@Class_System_Version@@SIPAUClass_System_String@@PAU1@H@Z 0200f364 f   VolMgr.obj
 0001:0000e6e4       ?m_GetHashCode@Class_System_Version@@SIHPAU1@@Z 0200f6e4 f   VolMgr.obj
 0001:0000e768       ?m_get$_Major@Class_System_Version@@SIHPAU1@@Z 0200f768 f   VolMgr.obj
 0001:0000e788       ?m_Equals@Class_System_Version@@SI_NPAU1@PAUClass_System_Object@@@Z 0200f788 f   VolMgr.obj
 0001:0000e848       ?m_CompareTo@Class_System_Version@@SIHPAU1@PAUClass_System_Object@@@Z 0200f848 f   VolMgr.obj
 0001:0000e95c       ?m__ctor@Class_System_Version@@SIXPAU1@@Z 0200f95c f   VolMgr.obj
 0001:0000e9a0       ?m_StructCopy@Struct_Microsoft_Singularity_Directory_DirectoryServiceContract_NakQueryACLReparse@@SIXPAU1@0@Z 0200f9a0 f   VolMgr.obj
 0001:0000e9e0       ?m_StructCopy@Struct_Microsoft_Singularity_Directory_DirectoryServiceContract_NakQueryACLReparse@@SIXPAU1@PAU1@@Z 0200f9e0 f   VolMgr.obj
 0001:0000eaa0       ?m_Equals@Struct_Microsoft_Singularity_Directory_DirectoryServiceContract_NakQueryACLReparse@@SI_NPAU1@PAUClass_System_Object@@@Z 0200faa0 f   VolMgr.obj
 0001:0000eb08       ?m_Equals@Struct_Microsoft_Singularity_Directory_DirectoryServiceContract_NakQueryACLReparse@@SI_NPAUClass_Microsoft_Singularity_Directory_DirectoryServiceContract_NakQueryACLReparse@@PAUClass_System_Object@@@Z 0200fb08 f   VolMgr.obj
 0001:0000eb34       ?m_StructCopy@Struct_Microsoft_Singularity_Directory_FileContract_Exp@@SIXPAU1@0@Z 0200fb34 f   VolMgr.obj
 0001:0000ec34       ?m_StructCopy@Struct_Microsoft_Singularity_Directory_FileContract_Exp@@SIXPAU1@PAU1@@Z 0200fc34 f   VolMgr.obj
 0001:0000ef34       ?m_Peek@Struct_Microsoft_Singularity_Directory_FileContract_Exp@@SIHPAU1@@Z 0200ff34 f   VolMgr.obj
 0001:0000f1c8       ?m_HeadMatches@Struct_Microsoft_Singularity_Directory_FileContract_Exp@@SI_NPAU1@HPA_NPAPAUClass_System_Object@@@Z 020101c8 f   VolMgr.obj
 0001:0000f288       ?m_HeadMatches@Struct_Microsoft_Singularity_Directory_FileContract_Exp@@SI_NPAUClass_Microsoft_Singularity_Directory_FileContract_Exp@@HPA_NPAPAUClass_System_Object@@@Z 02010288 f   VolMgr.obj
 0001:0000f2c0       ?m_Equals@Struct_Microsoft_Singularity_Directory_FileContract_Exp@@SI_NPAU1@PAUClass_System_Object@@@Z 020102c0 f   VolMgr.obj
 0001:0000f6a0       ?m_Equals@Struct_Microsoft_Singularity_Directory_FileContract_Exp@@SI_NPAUClass_Microsoft_Singularity_Directory_FileContract_Exp@@PAUClass_System_Object@@@Z 020106a0 f   VolMgr.obj
 0001:0000f6cc       ?m__ctor@Class_System_Runtime_CompilerServices_InlineAttribute@@SIXPAU1@@Z 020106cc f   VolMgr.obj
 0001:0000f6f0       ?g_InitializeQuerySystem@Class_Microsoft_Singularity_Eventing_QuerySession@@SI_NXZ 020106f0 f   VolMgr.obj
 0001:0000f790       ?m__ctor@Class_Microsoft_Singularity_Eventing_QuerySession@@SIXPAU1@@Z 02010790 f   VolMgr.obj
 0001:0000f7c0       ?g__cctor@Class_Microsoft_Singularity_Eventing_QuerySession@@SIXXZ 020107c0 f   VolMgr.obj
 0001:0000f7d4       ?m__ctor@Class_System_Runtime_CompilerServices_CalledRarelyAttribute@@SIXPAU1@@Z 020107d4 f   VolMgr.obj
 0001:0000f7f8       ?m_StructCopy@Struct_Microsoft_Singularity_Io_DiskDeviceContract_ReadPerf@@SIXPAU1@0@Z 020107f8 f   VolMgr.obj
 0001:0000f82c       ?m_StructCopy@Struct_Microsoft_Singularity_Io_DiskDeviceContract_ReadPerf@@SIXPAU1@PAU1@@Z 0201082c f   VolMgr.obj
 0001:0000f8c8       ?m_Equals@Struct_Microsoft_Singularity_Io_DiskDeviceContract_ReadPerf@@SI_NPAU1@PAUClass_System_Object@@@Z 020108c8 f   VolMgr.obj
 0001:0000f924       ?m_Equals@Struct_Microsoft_Singularity_Io_DiskDeviceContract_ReadPerf@@SI_NPAUClass_Microsoft_Singularity_Io_DiskDeviceContract_ReadPerf@@PAUClass_System_Object@@@Z 02010924 f   VolMgr.obj
 0001:0000f950       ?g_VerifyPages@Class_System_GCs_Verifier@@SIXPAUClass_System_GCs_ObjectLayout_ObjectVisitor@@@Z 02010950 f   VolMgr.obj
 0001:0000fd74       ?m_VerifyHeap@Class_System_GCs_Verifier@@SIXPAU1@@Z 02010d74 f   VolMgr.obj
 0001:0001001c       ?g_VerifyAllThreadsGCControlled@Class_System_GCs_Verifier@@SIXPAUClass_System_Threading_Thread@@@Z 0201101c f   VolMgr.obj
 0001:000100a4       ?m__ctor@Class_System_GCs_Verifier@@SIXPAU1@PAUClass_System_GCs_NonNullReferenceVisitor@@1PAUClass_System_GCs_ObjectLayout_ObjectVisitor@@PAUClass_System_GCs_Verifier_StackVerifier@@@Z 020110a4 f   VolMgr.obj
 0001:000100e8       ?g__cctor@Class_System_GCs_Verifier@@SIXXZ 020110e8 f   VolMgr.obj
 0001:0001020c       ?m_StructCopy@Struct_Microsoft_Singularity_Directory_DirectoryServiceContract_AckDeleteLink@@SIXPAU1@0@Z 0201120c f   VolMgr.obj
 0001:00010228       ?m_StructCopy@Struct_Microsoft_Singularity_Directory_DirectoryServiceContract_AckDeleteLink@@SIXPAU1@PAU1@@Z 02011228 f   VolMgr.obj
 0001:0001027c       ?m_Equals@Struct_Microsoft_Singularity_Directory_DirectoryServiceContract_AckDeleteLink@@SI_NPAU1@PAUClass_System_Object@@@Z 0201127c f   VolMgr.obj
 0001:000102b4       ?m_Equals@Struct_Microsoft_Singularity_Directory_DirectoryServiceContract_AckDeleteLink@@SI_NPAUClass_Microsoft_Singularity_Directory_DirectoryServiceContract_AckDeleteLink@@PAUClass_System_Object@@@Z 020112b4 f   VolMgr.obj
 0001:000102e0       ?m_StructCopy@Struct_System_UpdateLogWriter@@SIXPAU1@0@Z 020112e0 f   VolMgr.obj
 0001:00010314       ?m_StructCopy@Struct_System_UpdateLogWriter@@SIXPAU1@PAU1@@Z 02011314 f   VolMgr.obj
 0001:000103b0       ?m_Equals@Struct_System_UpdateLogWriter@@SI_NPAU1@PAUClass_System_Object@@@Z 020113b0 f   VolMgr.obj
 0001:0001040c       ?m_Equals@Struct_System_UpdateLogWriter@@SI_NPAUClass_System_UpdateLogWriter@@PAUClass_System_Object@@@Z 0201140c f   VolMgr.obj
 0001:00010438       ?m_ToString@uint8@@SIPAUClass_System_String@@PAE@Z 02011438 f   VolMgr.obj
 0001:00010484       ?m_ToString@uint8@@SIPAUClass_System_String@@PAEPAU2@@Z 02011484 f   VolMgr.obj
 0001:000104d0       ?m_ToString@uint8@@SIPAUClass_System_String@@PAUClass_System_Byte@@@Z 020114d0 f   VolMgr.obj
 0001:000104f8       ?m_ToString@uint8@@SIPAUClass_System_String@@PAUClass_System_Byte@@PAU2@@Z 020114f8 f   VolMgr.obj
 0001:00010524       ?m_GetHashCode@uint8@@SIHPAE@Z 02011524 f   VolMgr.obj
 0001:00010548       ?m_GetHashCode@uint8@@SIHPAUClass_System_Byte@@@Z 02011548 f   VolMgr.obj
 0001:00010570       ?m_Equals@uint8@@SI_NPAEPAUClass_System_Object@@@Z 02011570 f   VolMgr.obj
 0001:000105d0       ?m_Equals@uint8@@SI_NPAUClass_System_Byte@@PAUClass_System_Object@@@Z 020115d0 f   VolMgr.obj
 0001:000105fc       ?m_CompareTo@uint8@@SIHPAEPAUClass_System_Object@@@Z 020115fc f   VolMgr.obj
 0001:00010688       ?m_CompareTo@uint8@@SIHPAUClass_System_Byte@@PAUClass_System_Object@@@Z 02011688 f   VolMgr.obj
 0001:000106b4       ?m_StructCopy@Struct_Microsoft_Singularity_Directory_DirectoryServiceContract_GetAttributes@@SIXPAU1@0@Z 020116b4 f   VolMgr.obj
 0001:000106dc       ?m_StructCopy@Struct_Microsoft_Singularity_Directory_DirectoryServiceContract_GetAttributes@@SIXPAU1@PAU1@@Z 020116dc f   VolMgr.obj
 0001:00010754       ?m_Equals@Struct_Microsoft_Singularity_Directory_DirectoryServiceContract_GetAttributes@@SI_NPAU1@PAUClass_System_Object@@@Z 02011754 f   VolMgr.obj
 0001:0001079c       ?m_Equals@Struct_Microsoft_Singularity_Directory_DirectoryServiceContract_GetAttributes@@SI_NPAUClass_Microsoft_Singularity_Directory_DirectoryServiceContract_GetAttributes@@PAUClass_System_Object@@@Z 0201179c f   VolMgr.obj
 0001:000107c8       ?m_StructCopy@Struct_Microsoft_Singularity_Directory_DirectoryServiceContract_DeleteFile@@SIXPAU1@0@Z 020117c8 f   VolMgr.obj
 0001:000107f0       ?m_StructCopy@Struct_Microsoft_Singularity_Directory_DirectoryServiceContract_DeleteFile@@SIXPAU1@PAU1@@Z 020117f0 f   VolMgr.obj
 0001:00010868       ?m_Equals@Struct_Microsoft_Singularity_Directory_DirectoryServiceContract_DeleteFile@@SI_NPAU1@PAUClass_System_Object@@@Z 02011868 f   VolMgr.obj
 0001:000108b0       ?m_Equals@Struct_Microsoft_Singularity_Directory_DirectoryServiceContract_DeleteFile@@SI_NPAUClass_Microsoft_Singularity_Directory_DirectoryServiceContract_DeleteFile@@PAUClass_System_Object@@@Z 020118b0 f   VolMgr.obj
 0001:000108dc       ?g_WaitForPending@Struct_System_Finalizer@@SIXXZ 020118dc f   VolMgr.obj
 0001:0001090c       ?g_VisitBootstrapData@Struct_System_Finalizer@@SIXPAUClass_System_GCs_DirectReferenceVisitor@@@Z 0201190c f   VolMgr.obj
 0001:00010974       ?g_VisitAllRunFinalizer@Struct_System_Finalizer@@SIXPAUClass_System_GCs_DirectReferenceVisitor@@_N1@Z 02011974 f   VolMgr.obj
 0001:00010aec       ?g_ThreadLoop@Struct_System_Finalizer@@SIXXZ 02011aec f   VolMgr.obj
 0001:00010b88       ?g_SuppressCandidate@Struct_System_Finalizer@@SIXPAUClass_System_Object@@@Z 02011b88 f   VolMgr.obj
 0001:00010d64       ?m_StructCopy@Struct_System_Finalizer@@SIXPAU1@0@Z 02011d64 f   VolMgr.obj
 0001:00010d80       ?m_StructCopy@Struct_System_Finalizer@@SIXPAU1@PAU1@@Z 02011d80 f   VolMgr.obj
 0001:00010dd4       ?g_StartFinalizerThread@Struct_System_Finalizer@@SIXXZ 02011dd4 f   VolMgr.obj
 0001:00010eb4       ?g_Shutdown@Struct_System_Finalizer@@SIXXZ 02011eb4 f   VolMgr.obj
 0001:00011028       ?g_ResurrectCandidates@Struct_System_Finalizer@@SIXPAUClass_System_GCs_DirectReferenceVisitor@@0_N@Z 02012028 f   VolMgr.obj
 0001:000115c8       ?g_ReleaseCollectFinalizers@Struct_System_Finalizer@@SIXXZ 020125c8 f   VolMgr.obj
 0001:00011610       ?g_RegisterCandidate@Struct_System_Finalizer@@SIXPAUClass_System_Object@@@Z 02012610 f   VolMgr.obj
 0001:000119d4       ?g_PrepareCollectFinalizers@Struct_System_Finalizer@@SIXXZ 020129d4 f   VolMgr.obj
 0001:00011ac0       ?g_LinkToIndex@Struct_System_Finalizer@@SIHH@Z 02012ac0 f   VolMgr.obj
 0001:00011af0       ?g_IsLink@Struct_System_Finalizer@@SI_NH@Z 02012af0 f   VolMgr.obj
 0001:00011b18       ?g_IndexToLink@Struct_System_Finalizer@@SIHH@Z 02012b18 f   VolMgr.obj
 0001:00011b3c       ?g_GetObjectFromRun@Struct_System_Finalizer@@SIPAUClass_System_Object@@XZ 02012b3c f   VolMgr.obj
 0001:00011cd8       ?m_Equals@Struct_System_Finalizer@@SI_NPAU1@PAUClass_System_Object@@@Z 02012cd8 f   VolMgr.obj
 0001:00011d10       ?m_Equals@Struct_System_Finalizer@@SI_NPAUClass_System_Finalizer@@PAUClass_System_Object@@@Z 02012d10 f   VolMgr.obj
 0001:00011d3c       ?g_CompactTables@Struct_System_Finalizer@@SIXXZ 02012d3c f   VolMgr.obj
 0001:00011d50       ?g__cctor@Struct_System_Finalizer@@SIXXZ 02012d50 f   VolMgr.obj
 0001:00011ee4       ?g_StableState@Class_Microsoft_Singularity_Directory_NotifyContract@@SIHPAUStruct_Microsoft_Singularity_Channels_StateStack@@@Z 02012ee4 f   VolMgr.obj
 0001:00011f40       ?g_NewChannel@Class_Microsoft_Singularity_Directory_NotifyContract@@SIXPAPAUStruct_Microsoft_Singularity_Directory_NotifyContract_Imp@@PAPAUStruct_Microsoft_Singularity_Directory_NotifyContract_Exp@@@Z 02012f40 f   VolMgr.obj
 0001:00011fdc       ?g_CanonicalState@Class_Microsoft_Singularity_Directory_NotifyContract@@SIHH@Z 02012fdc f   VolMgr.obj
 0001:00012024       ?m__ctor@Class_Microsoft_Singularity_Directory_NotifyContract@@SIXPAU1@@Z 02013024 f   VolMgr.obj
 0001:0001203c       ?m_StructCopy@Struct_Microsoft_Singularity_Directory_DirectoryServiceContract_AckDeregister@@SIXPAU1@0@Z 0201303c f   VolMgr.obj
 0001:00012064       ?m_StructCopy@Struct_Microsoft_Singularity_Directory_DirectoryServiceContract_AckDeregister@@SIXPAU1@PAU1@@Z 02013064 f   VolMgr.obj
 0001:000120dc       ?m_Equals@Struct_Microsoft_Singularity_Directory_DirectoryServiceContract_AckDeregister@@SI_NPAU1@PAUClass_System_Object@@@Z 020130dc f   VolMgr.obj
 0001:00012124       ?m_Equals@Struct_Microsoft_Singularity_Directory_DirectoryServiceContract_AckDeregister@@SI_NPAUClass_Microsoft_Singularity_Directory_DirectoryServiceContract_AckDeregister@@PAUClass_System_Object@@@Z 02013124 f   VolMgr.obj
 0001:00012150       ?m_StructCopy@Struct_System_ArgIterator@@SIXPAU1@0@Z 02013150 f   VolMgr.obj
 0001:00012184       ?m_StructCopy@Struct_System_ArgIterator@@SIXPAU1@PAU1@@Z 02013184 f   VolMgr.obj
 0001:00012220       ?m_GetArg@Struct_System_ArgIterator@@SIPAUClass_System_RuntimeType@@PAU1@HPAPAUintPtr@@@Z 02013220 f   VolMgr.obj
 0001:000122a4       ?m_get$_Length@Struct_System_ArgIterator@@SIHPAU1@@Z 020132a4 f   VolMgr.obj
 0001:000122c4       ?m_Equals@Struct_System_ArgIterator@@SI_NPAU1@PAUClass_System_Object@@@Z 020132c4 f   VolMgr.obj
 0001:00012320       ?m_Equals@Struct_System_ArgIterator@@SI_NPAUClass_System_ArgIterator@@PAUClass_System_Object@@@Z 02013320 f   VolMgr.obj
 0001:0001234c       ?m__ctor@Struct_System_ArgIterator@@SIXPAU1@UStruct_System_RuntimeArgumentHandle@@@Z 0201334c f   VolMgr.obj
 0001:00012394       ?g_UnderGCControl@Class_System_GCs_Transitions@@SI_NH@Z 02013394 f   VolMgr.obj
 0001:00012448       ?g_TransferMutatorControl@Class_System_GCs_Transitions@@SIXPAUStruct_Microsoft_Singularity_ThreadContext@@@Z 02013448 f   VolMgr.obj
 0001:00012588       ?g_TransferMutatorControl@Class_System_GCs_Transitions@@SIXPAHH@Z 02013588 f   VolMgr.obj
 0001:0001269c       ?g_ThreadStart@Class_System_GCs_Transitions@@SIXXZ 0201369c f   VolMgr.obj
 0001:00012884       ?g_ThreadEnd@Class_System_GCs_Transitions@@SIXH@Z 02013884 f   VolMgr.obj
 0001:00012ab0       ?g_TakeMutatorControlSlowNoGC@Class_System_GCs_Transitions@@SIXPAHH@Z 02013ab0 f   VolMgr.obj
 0001:00012adc       ?g_TakeMutatorControlSlow@Class_System_GCs_Transitions@@SIXPAHH@Z 02013adc f   VolMgr.obj
 0001:00012b08       ?g_TakeMutatorControlSlow@Class_System_GCs_Transitions@@SIXPAHH_N1@Z 02013b08 f   VolMgr.obj
 0001:00012cd4       ?g_TakeMutatorControlNoGC@Class_System_GCs_Transitions@@SIXPAUStruct_Microsoft_Singularity_ThreadContext@@@Z 02013cd4 f   VolMgr.obj
 0001:00012e38       ?g_TakeMutatorControlNoGC@Class_System_GCs_Transitions@@SIXPAHH@Z 02013e38 f   VolMgr.obj
 0001:00012f74       ?g_TakeMutatorControlNoGC@Class_System_GCs_Transitions@@SIXH@Z 02013f74 f   VolMgr.obj
 0001:00013164       ?g_TakeMutatorControl@Class_System_GCs_Transitions@@SIXPAUStruct_Microsoft_Singularity_ThreadContext@@@Z 02014164 f   VolMgr.obj
 0001:000132c8       ?g_TakeMutatorControl@Class_System_GCs_Transitions@@SIXPAHH@Z 020142c8 f   VolMgr.obj
 0001:00013404       ?g_TakeMutatorControl@Class_System_GCs_Transitions@@SIXH@Z 02014404 f   VolMgr.obj
 0001:000135f4       ?g_TakeGCControl@Class_System_GCs_Transitions@@SI_NPAH@Z 020145f4 f   VolMgr.obj
 0001:000136b8       ?g_TakeGCControl@Class_System_GCs_Transitions@@SI_NH@Z 020146b8 f   VolMgr.obj
 0001:00013834       ?g_TakeDormantControlNoGC@Class_System_GCs_Transitions@@SIXPAH@Z 02014834 f   VolMgr.obj
 0001:000138e0       ?g_TakeDormantControlNoGC@Class_System_GCs_Transitions@@SIXH@Z 020148e0 f   VolMgr.obj
 0001:00013a34       ?g_TakeDormantControl@Class_System_GCs_Transitions@@SIXPAUStruct_Microsoft_Singularity_ThreadContext@@@Z 02014a34 f   VolMgr.obj
 0001:00013b40       ?g_TakeDormantControl@Class_System_GCs_Transitions@@SIXPAHH@Z 02014b40 f   VolMgr.obj
 0001:00013c14       ?g_TakeDormantControl@Class_System_GCs_Transitions@@SIXH@Z 02014c14 f   VolMgr.obj
 0001:00013d7c       ?g_SwitchToMutatorStateWithGCRequest@Class_System_GCs_Transitions@@SI_NPAH@Z 02014d7c f   VolMgr.obj
 0001:00013de8       ?g_SwitchToMutatorState@Class_System_GCs_Transitions@@SI_NPAH@Z 02014de8 f   VolMgr.obj
 0001:00013e98       ?g_RuntimeInitialized@Class_System_GCs_Transitions@@SIXXZ 02014e98 f   VolMgr.obj
 0001:00013eb4       ?g_ReturnToManagedSpace@Class_System_GCs_Transitions@@SIXPAUStruct_Microsoft_Singularity_ThreadContext@@@Z 02014eb4 f   VolMgr.obj
 0001:00014094       ?g_ReturnFromManagedSpaceNoCallerTransition@Class_System_GCs_Transitions@@SIXXZ 02015094 f   VolMgr.obj
 0001:000141a8       ?g_ReturnFromManagedSpace@Class_System_GCs_Transitions@@SIXXZ 020151a8 f   VolMgr.obj
 0001:000142f0       ?g_RestoreMutatorControlIfNeeded@Class_System_GCs_Transitions@@SIXXZ 020152f0 f   VolMgr.obj
 0001:00014428       ?g_ReleaseGCControl@Class_System_GCs_Transitions@@SIXPAHH@Z 02015428 f   VolMgr.obj
 0001:000144ec       ?g_ReleaseGCControl@Class_System_GCs_Transitions@@SIXH@Z 020154ec f   VolMgr.obj
 0001:0001464c       ?g_NewThreadNotification@Class_System_GCs_Transitions@@SIXH_N@Z 0201564c f   VolMgr.obj
 0001:000147ec       ?g_MakeGCRequests@Class_System_GCs_Transitions@@SIXH@Z 020157ec f   VolMgr.obj
 0001:00014914       ?g_MakeGCRequest@Class_System_GCs_Transitions@@SIXPAHH@Z 02015914 f   VolMgr.obj
 0001:00014978       ?g_MakeGCRequest@Class_System_GCs_Transitions@@SIXH@Z 02015978 f   VolMgr.obj
 0001:00014a1c       ?g_LeaveManagedSpace@Class_System_GCs_Transitions@@SIXPAUStruct_Microsoft_Singularity_ThreadContext@@@Z 02015a1c f   VolMgr.obj
 0001:00014b5c       ?g_LeaveLoadFunctionStub@Class_System_GCs_Transitions@@SIXXZ 02015b5c f   VolMgr.obj
 0001:00014cc8       ?g_InMutatorState@Class_System_GCs_Transitions@@SI_NPAUStruct_Microsoft_Singularity_ThreadContext@@@Z 02015cc8 f   VolMgr.obj
 0001:00014d18       ?g_InMutatorState@Class_System_GCs_Transitions@@SI_NH@Z 02015d18 f   VolMgr.obj
 0001:00014dd4       ?g_Initialize@Class_System_GCs_Transitions@@SIXXZ 02015dd4 f   VolMgr.obj
 0001:00014de8       ?g_InDormantState@Class_System_GCs_Transitions@@SI_NH@Z 02015de8 f   VolMgr.obj
 0001:00014e98       ?g_HasGCRequest@Class_System_GCs_Transitions@@SI_NH@Z 02015e98 f   VolMgr.obj
 0001:00014f48       ?g_GetThreadContext@Class_System_GCs_Transitions@@SIPAUStruct_Microsoft_Singularity_ThreadContext@@H@Z 02015f48 f   VolMgr.obj
 0001:00014f98       ?g_GetCurrentThreadContext@Class_System_GCs_Transitions@@SIPAUStruct_Microsoft_Singularity_ThreadContext@@H@Z 02015f98 f   VolMgr.obj
 0001:00015020       ?g_fUnderGCControl@Class_System_GCs_Transitions@@SI_NH@Z 02016020 f   VolMgr.obj
 0001:00015048       ?g_fInMutatorState@Class_System_GCs_Transitions@@SI_NH@Z 02016048 f   VolMgr.obj
 0001:00015070       ?g_fInDormantState@Class_System_GCs_Transitions@@SI_NH@Z 02016070 f   VolMgr.obj
 0001:00015098       ?g_fHasGCRequest@Class_System_GCs_Transitions@@SI_NH@Z 02016098 f   VolMgr.obj
 0001:000150c0       ?g_EntryIntoManagedSpace@Class_System_GCs_Transitions@@SIXXZ 020160c0 f   VolMgr.obj
 0001:000152a8       ?g_EnterLoadFunctionStub@Class_System_GCs_Transitions@@SIXXZ 020162a8 f   VolMgr.obj
 0001:000154a0       ?g_EnsureMutatorControlNoGC@Class_System_GCs_Transitions@@SIXPAUStruct_Microsoft_Singularity_ThreadContext@@@Z 020164a0 f   VolMgr.obj
 0001:00015680       ?g_EnsureMutatorControlNoGC@Class_System_GCs_Transitions@@SIXPAHH@Z 02016680 f   VolMgr.obj
 0001:00015838       ?g_EnsureMutatorControl@Class_System_GCs_Transitions@@SIXPAUStruct_Microsoft_Singularity_ThreadContext@@@Z 02016838 f   VolMgr.obj
 0001:00015a18       ?g_EnsureMutatorControl@Class_System_GCs_Transitions@@SIXPAHH@Z 02016a18 f   VolMgr.obj
 0001:00015bd0       ?g_DeadThreadNotification@Class_System_GCs_Transitions@@SIXH@Z 02016bd0 f   VolMgr.obj
 0001:00015d80       ?g_CompareAndSwap@Class_System_GCs_Transitions@@SI_NPAHHH@Z 02016d80 f   VolMgr.obj
 0001:00015db4       ?g_ClearGCRequest@Class_System_GCs_Transitions@@SIXPAHH@Z 02016db4 f   VolMgr.obj
 0001:00015e60       ?g_ClearGCRequest@Class_System_GCs_Transitions@@SIXH@Z 02016e60 f   VolMgr.obj
 0001:00015f04       ?m__ctor@Class_System_GCs_Transitions@@SIXPAU1@@Z 02016f04 f   VolMgr.obj
 0001:00015f20       ?m_StructCopy@Struct_Microsoft_Singularity_Directory_DirectoryServiceContract_AckCreateDirectory@@SIXPAU1@0@Z 02016f20 f   VolMgr.obj
 0001:00015f3c       ?m_StructCopy@Struct_Microsoft_Singularity_Directory_DirectoryServiceContract_AckCreateDirectory@@SIXPAU1@PAU1@@Z 02016f3c f   VolMgr.obj
 0001:00015f90       ?m_Equals@Struct_Microsoft_Singularity_Directory_DirectoryServiceContract_AckCreateDirectory@@SI_NPAU1@PAUClass_System_Object@@@Z 02016f90 f   VolMgr.obj
 0001:00015fc8       ?m_Equals@Struct_Microsoft_Singularity_Directory_DirectoryServiceContract_AckCreateDirectory@@SI_NPAUClass_Microsoft_Singularity_Directory_DirectoryServiceContract_AckCreateDirectory@@PAUClass_System_Object@@@Z 02016fc8 f   VolMgr.obj
 0001:00015ff4       ?m_Visit@Class_System_GCs_Verifier_GenericObjectVisitor@@SIPAUuintPtr@@PAU1@PAUClass_System_Object@@@Z 02016ff4 f   VolMgr.obj
 0001:00016020       ?m__ctor@Class_System_GCs_Verifier_GenericObjectVisitor@@SIXPAU1@PAUClass_System_GCs_NonNullReferenceVisitor@@@Z 02017020 f   VolMgr.obj
 0001:00016050       ?m_ToString@int64@@SIPAUClass_System_String@@PA_J@Z 02017050 f   VolMgr.obj
 0001:00016078       ?m_ToString@int64@@SIPAUClass_System_String@@PA_JPAU2@@Z 02017078 f   VolMgr.obj
 0001:000160cc       ?m_ToString@int64@@SIPAUClass_System_String@@PAUClass_System_Int64@@@Z 020170cc f   VolMgr.obj
 0001:000160f4       ?m_ToString@int64@@SIPAUClass_System_String@@PAUClass_System_Int64@@PAU2@@Z 020170f4 f   VolMgr.obj
 0001:00016120       ?m_GetHashCode@int64@@SIHPA_J@Z 02017120 f   VolMgr.obj
 0001:00016154       ?m_GetHashCode@int64@@SIHPAUClass_System_Int64@@@Z 02017154 f   VolMgr.obj
 0001:0001617c       ?m_Equals@int64@@SI_NPA_JPAUClass_System_Object@@@Z 0201717c f   VolMgr.obj
 0001:000161ec       ?m_Equals@int64@@SI_NPAUClass_System_Int64@@PAUClass_System_Object@@@Z 020171ec f   VolMgr.obj
 0001:00016218       ?m_CompareTo@int64@@SIHPA_JPAUClass_System_Object@@@Z 02017218 f   VolMgr.obj
 0001:0001630c       ?m_CompareTo@int64@@SIHPAUClass_System_Int64@@PAUClass_System_Object@@@Z 0201730c f   VolMgr.obj
 0001:00016338       ?m_StructCopy@Struct_Microsoft_Singularity_Isal_IX_PE@@SIXPAU1@0@Z 02017338 f   VolMgr.obj
 0001:00016354       ?m_StructCopy@Struct_Microsoft_Singularity_Isal_IX_PE@@SIXPAU1@PAU1@@Z 02017354 f   VolMgr.obj
 0001:000163a8       ?m_Equals@Struct_Microsoft_Singularity_Isal_IX_PE@@SI_NPAU1@PAUClass_System_Object@@@Z 020173a8 f   VolMgr.obj
 0001:000163e0       ?m_Equals@Struct_Microsoft_Singularity_Isal_IX_PE@@SI_NPAUClass_Microsoft_Singularity_Isal_IX_PE@@PAUClass_System_Object@@@Z 020173e0 f   VolMgr.obj
 0001:0001640c       ?g_NewRegisteredCounters@Class_System_TryAllCounters@@SIPAU1@XZ 0201740c f   VolMgr.obj
 0001:00016498       ?m_MergeCounters@Class_System_TryAllCounters@@SIXPAU1@0@Z 02017498 f   VolMgr.obj
 0001:00016c58       ?m_IncrementWeakRefsClearedInUpdateLog@Class_System_TryAllCounters@@SIXPAU1@@Z 02017c58 f   VolMgr.obj
 0001:00016c88       ?m_IncrementWeakRefsClearedInUpdateEnlistmentLog@Class_System_TryAllCounters@@SIXPAU1@@Z 02017c88 f   VolMgr.obj
 0001:00016cb8       ?m_IncrementWeakRefsClearedInReadEnlistmentLog@Class_System_TryAllCounters@@SIXPAU1@@Z 02017cb8 f   VolMgr.obj
 0001:00016ce8       ?m_IncrementUpdatesInReadEnlistmentsAtGC@Class_System_TryAllCounters@@SIXPAU1@@Z 02017ce8 f   VolMgr.obj
 0001:00016d18       ?m_IncrementReadDuplicatesRemoved@Class_System_TryAllCounters@@SIXPAU1@@Z 02017d18 f   VolMgr.obj
 0001:00016d48       ?m_IncrementInvalidOutsideGC@Class_System_TryAllCounters@@SIXPAU1@@Z 02017d48 f   VolMgr.obj
 0001:00016d78       ?m_IncrementInvalidDuringGC@Class_System_TryAllCounters@@SIXPAU1@@Z 02017d78 f   VolMgr.obj
 0001:00016da0       ?m_IncrementInvalidConflict@Class_System_TryAllCounters@@SIXPAU1@@Z 02017da0 f   VolMgr.obj
 0001:00016dc8       ?m_IncrementInflationSeen@Class_System_TryAllCounters@@SIXPAU1@@Z 02017dc8 f   VolMgr.obj
 0001:00016df0       ?m_IncrementEnlistmentOverflow@Class_System_TryAllCounters@@SIXPAU1@@Z 02017df0 f   VolMgr.obj
 0001:00016e18       ?m_IncrementCachesCreated@Class_System_TryAllCounters@@SIXPAU1@@Z 02017e18 f   VolMgr.obj
 0001:00016e40       ?m_DumpStats@Class_System_TryAllCounters@@SIXPAU1@@Z 02017e40 f   VolMgr.obj
 0001:00019370       ?g_DumpRegisteredCounters@Class_System_TryAllCounters@@SIXXZ 0201a370 f   VolMgr.obj
 0001:00019400       ?m__ctor@Class_System_TryAllCounters@@SIXPAU1@@Z 0201a400 f   VolMgr.obj
 0001:0001941c       ?g__cctor@Class_System_TryAllCounters@@SIXXZ 0201a41c f   VolMgr.obj
 0001:0001944c       ?m_StructCopy@Struct_Microsoft_Singularity_Io_DiskDeviceContract_GetSectorCount@@SIXPAU1@0@Z 0201a44c f   VolMgr.obj
 0001:00019468       ?m_StructCopy@Struct_Microsoft_Singularity_Io_DiskDeviceContract_GetSectorCount@@SIXPAU1@PAU1@@Z 0201a468 f   VolMgr.obj
 0001:000194bc       ?m_Equals@Struct_Microsoft_Singularity_Io_DiskDeviceContract_GetSectorCount@@SI_NPAU1@PAUClass_System_Object@@@Z 0201a4bc f   VolMgr.obj
 0001:000194f4       ?m_Equals@Struct_Microsoft_Singularity_Io_DiskDeviceContract_GetSectorCount@@SI_NPAUClass_Microsoft_Singularity_Io_DiskDeviceContract_GetSectorCount@@PAUClass_System_Object@@@Z 0201a4f4 f   VolMgr.obj
 0001:00019520       ?m_StructCopy@Struct_Microsoft_Singularity_Directory_DirectoryServiceContract_Success@@SIXPAU1@0@Z 0201a520 f   VolMgr.obj
 0001:0001953c       ?m_StructCopy@Struct_Microsoft_Singularity_Directory_DirectoryServiceContract_Success@@SIXPAU1@PAU1@@Z 0201a53c f   VolMgr.obj
 0001:00019590       ?m_Equals@Struct_Microsoft_Singularity_Directory_DirectoryServiceContract_Success@@SI_NPAU1@PAUClass_System_Object@@@Z 0201a590 f   VolMgr.obj
 0001:000195c8       ?m_Equals@Struct_Microsoft_Singularity_Directory_DirectoryServiceContract_Success@@SI_NPAUClass_Microsoft_Singularity_Directory_DirectoryServiceContract_Success@@PAUClass_System_Object@@@Z 0201a5c8 f   VolMgr.obj
 0001:000195f4       ?m_StructCopy@Struct_Microsoft_Singularity_Io_DiskDeviceContract_Success@@SIXPAU1@0@Z 0201a5f4 f   VolMgr.obj
 0001:00019610       ?m_StructCopy@Struct_Microsoft_Singularity_Io_DiskDeviceContract_Success@@SIXPAU1@PAU1@@Z 0201a610 f   VolMgr.obj
 0001:00019664       ?m_Equals@Struct_Microsoft_Singularity_Io_DiskDeviceContract_Success@@SI_NPAU1@PAUClass_System_Object@@@Z 0201a664 f   VolMgr.obj
 0001:0001969c       ?m_Equals@Struct_Microsoft_Singularity_Io_DiskDeviceContract_Success@@SI_NPAUClass_Microsoft_Singularity_Io_DiskDeviceContract_Success@@PAUClass_System_Object@@@Z 0201a69c f   VolMgr.obj
 0001:000196c8       ?m_StructCopy@Struct_Microsoft_Singularity_Io_VolumeManagerContract_Success@@SIXPAU1@0@Z 0201a6c8 f   VolMgr.obj
 0001:000196e4       ?m_StructCopy@Struct_Microsoft_Singularity_Io_VolumeManagerContract_Success@@SIXPAU1@PAU1@@Z 0201a6e4 f   VolMgr.obj
 0001:00019738       ?m_MarshallContent@Struct_Microsoft_Singularity_Io_VolumeManagerContract_Success@@SIXPAU1@PAEPAUStruct_Microsoft_Singularity_Channels_Endpoint@@1PAH@Z 0201a738 f   VolMgr.obj
 0001:00019758       ?m_MarshallAll@Struct_Microsoft_Singularity_Io_VolumeManagerContract_Success@@SIXPAU1@PAEPAUStruct_Microsoft_Singularity_Channels_Endpoint@@PAH@Z 0201a758 f   VolMgr.obj
 0001:000197b0       ?m_Equals@Struct_Microsoft_Singularity_Io_VolumeManagerContract_Success@@SI_NPAU1@PAUClass_System_Object@@@Z 0201a7b0 f   VolMgr.obj
 0001:000197e8       ?m_Equals@Struct_Microsoft_Singularity_Io_VolumeManagerContract_Success@@SI_NPAUClass_Microsoft_Singularity_Io_VolumeManagerContract_Success@@PAUClass_System_Object@@@Z 0201a7e8 f   VolMgr.obj
 0001:00019814       ?m_StructCopy@Struct_Microsoft_Singularity_V1_Services_PageTableService@@SIXPAU1@0@Z 0201a814 f   VolMgr.obj
 0001:00019830       ?m_StructCopy@Struct_Microsoft_Singularity_V1_Services_PageTableService@@SIXPAU1@PAU1@@Z 0201a830 f   VolMgr.obj
 0001:00019884       ?g_Query@Struct_Microsoft_Singularity_V1_Services_PageTableService@@SI_NPAUuintPtr@@PAPAU2@1@Z 0201a884 f   VolMgr.obj
 0001:000198ec       ?m_Equals@Struct_Microsoft_Singularity_V1_Services_PageTableService@@SI_NPAU1@PAUClass_System_Object@@@Z 0201a8ec f   VolMgr.obj
 0001:00019924       ?m_Equals@Struct_Microsoft_Singularity_V1_Services_PageTableService@@SI_NPAUClass_Microsoft_Singularity_V1_Services_PageTableService@@PAUClass_System_Object@@@Z 0201a924 f   VolMgr.obj
 0001:00019950       ?m_StructCopy@Struct_Microsoft_Singularity_ThreadContext@@SIXPAU1@0@Z 0201a950 f   VolMgr.obj
 0001:00019b00       ?m_StructCopy@Struct_Microsoft_Singularity_ThreadContext@@SIXPAU1@PAU1@@Z 0201ab00 f   VolMgr.obj
 0001:0001a010       ?m_SetProcessMode@Struct_Microsoft_Singularity_ThreadContext@@SIXPAU1@@Z 0201b010 f   VolMgr.obj
 0001:0001a04c       ?m_SetKernelMode@Struct_Microsoft_Singularity_ThreadContext@@SIXPAU1@@Z 0201b04c f   VolMgr.obj
 0001:0001a08c       ?g_ParentModeMarker@Struct_Microsoft_Singularity_ThreadContext@@SIPAUStruct_System_GCs_CallStack_TransitionRecord@@PAU2@@Z 0201b08c f   VolMgr.obj
 0001:0001a0e0       ?m_IsInKernelMode@Struct_Microsoft_Singularity_ThreadContext@@SI_NPAU1@@Z 0201b0e0 f   VolMgr.obj
[...]
 0003:000195f4       ?c_unicodeTableLevel1@Class_System_Globalization_CompareInfo@@2PAUClassVector_int16@@A 020bb5f4     VolMgr.obj
 0003:00019804       ?c_caseTableLevel3@Class_System_Globalization_CompareInfo@@2PAUClassVector_uint8@@A 020bb804     VolMgr.obj
 0003:00019dd4       ?c_diacriticTableLevel3@Class_System_Globalization_CompareInfo@@2PAUClassVector_uint8@@A 020bbdd4     VolMgr.obj
 0003:0001a5d4       ?c_unicodeTableLevel2@Class_System_Globalization_CompareInfo@@2PAUClassVector_int16@@A 020bc5d4     VolMgr.obj
 0003:0001a984       ?c_caseTableLevel1@Class_System_Globalization_CompareInfo@@2PAUClassVector_int16@@A 020bc984     VolMgr.obj
 0003:0001ab94       ?c_diacriticTableLevel2@Class_System_Globalization_CompareInfo@@2PAUClassVector_int16@@A 020bcb94     VolMgr.obj
 0003:0001af44       ?c_TypeStorageHandle@Class_Microsoft_Singularity_GCProfilerLogger@@2IA 020bcf44     VolMgr.obj
 0003:0001af48       ?c_CurrentProfiler@Class_Microsoft_Singularity_GCProfilerLogger@@2PAU1@A 020bcf48     VolMgr.obj
 0003:0001af4c       ?c_StorageHandle@Class_Microsoft_Singularity_GCProfilerLogger@@2IA 020bcf4c     VolMgr.obj
 0003:0001af50       ?c_instance@Class_System_GCs_EmptyWriteBarrier@@2PAU1@A 020bcf50     VolMgr.obj
 0003:0001af58       ?c_Infinite@Struct_System_TimeSpan@@2?AU1@A 020bcf58     VolMgr.obj
 0003:0001af60       ?c_TicksPerMinute@Struct_System_TimeSpan@@2_JA 020bcf60     VolMgr.obj
 0003:0001af60       ?c_MillisPerSecond@Struct_System_TimeSpan@@2HA 020bcf60     VolMgr.obj
 0003:0001af60       ?c_TicksPerHour@Struct_System_TimeSpan@@2_JA 020bcf60     VolMgr.obj
 0003:0001af60       ?c_TicksPerDay@Struct_System_TimeSpan@@2_JA 020bcf60     VolMgr.obj
 0003:0001af60       ?c_MinValue@Struct_System_TimeSpan@@2?AU1@A 020bcf60     VolMgr.obj
 0003:0001af60       ?c_MinSeconds@Struct_System_TimeSpan@@2_JA 020bcf60     VolMgr.obj
 0003:0001af60       ?c_MillisPerMinute@Struct_System_TimeSpan@@2HA 020bcf60     VolMgr.obj
 0003:0001af60       ?c_MaxSeconds@Struct_System_TimeSpan@@2_JA 020bcf60     VolMgr.obj
 0003:0001af68       ?c_MaxValue@Struct_System_TimeSpan@@2?AU1@A 020bcf68     VolMgr.obj
 0003:0001af68       ?c_MillisPerHour@Struct_System_TimeSpan@@2HA 020bcf68     VolMgr.obj
 0003:0001af68       ?c_TicksPerSecond@Struct_System_TimeSpan@@2_JA 020bcf68     VolMgr.obj
 0003:0001af70       ?c_Zero@Struct_System_TimeSpan@@2?AU1@A 020bcf70     VolMgr.obj
 0003:0001af78       ?c_MaxMilliSeconds@Struct_System_TimeSpan@@2_JA 020bcf78     VolMgr.obj
 0003:0001af78       ?c_MinValue@Struct_System_Decimal@@2?AU1@A 020bcf78     VolMgr.obj
 0003:0001af78       ?c_TicksPerMillisecond@Struct_System_TimeSpan@@2_JA 020bcf78     VolMgr.obj
 0003:0001af78       ?c_MinMilliSeconds@Struct_System_TimeSpan@@2_JA 020bcf78     VolMgr.obj
 0003:0001af78       ?c_ScaleShift@Struct_System_Decimal@@2HA 020bcf78     VolMgr.obj
 0003:0001af78       ?c_MillisPerDay@Struct_System_TimeSpan@@2HA 020bcf78     VolMgr.obj
 0003:0001af88       ?c_Zero@Struct_System_Decimal@@2?AU1@A 020bcf88     VolMgr.obj
 0003:0001af98       ?c_MaxValue@Struct_System_Decimal@@2?AU1@A 020bcf98     VolMgr.obj
 0003:0001af98       ?c_SignMask@Struct_System_Decimal@@2HA 020bcf98     VolMgr.obj
 0003:0001afa8       ?c_ScaleMask@Struct_System_Decimal@@2HA 020bcfa8     VolMgr.obj
 0003:0001afa8       ?c_One@Struct_System_Decimal@@2?AU1@A 020bcfa8     VolMgr.obj
 0003:0001afb8       ?c_MinusOne@Struct_System_Decimal@@2?AU1@A 020bcfb8     VolMgr.obj
 0003:0001afc8       ?c_$_rangeMessage@Class_System_ArgumentOutOfRangeException@@2PAUClass_System_String@@A 020bcfc8     VolMgr.obj
 0003:0001afcc       ?c_Zero@uintPtr@@2IA       020bcfcc     VolMgr.obj
 0003:0001afd0       ?c_MaxValue@uintPtr@@2IA   020bcfd0     VolMgr.obj
 0003:0001afd4       ?c_Size@uintPtr@@2HA       020bcfd4     VolMgr.obj
 0003:0001afd8       ?c_MinValue@uint32@@2IA    020bcfd8     VolMgr.obj
 0003:0001afd8       ?c_MaxValue@uint32@@2IA    020bcfd8     VolMgr.obj
 0003:0001afd8       ?c_dummyGlobal@Class_System_GC@@2PAUClass_System_Object@@A 020bcfd8     VolMgr.obj
 0003:0001afdc       ?c_MaxHeapPages@Class_System_GC@@2HA 020bcfdc     VolMgr.obj
 0003:0001afe0       ?c_allocationGCInhibitCount@Class_System_GC@@2HA 020bcfe0     VolMgr.obj
 0003:0001afe4       ?c_isProfiling@Class_System_GC@@2_NA 020bcfe4     VolMgr.obj
 0003:0001afe8       ?c_installedGC@Class_System_GC@@2PAUClass_System_GCs_Collector@@A 020bcfe8     VolMgr.obj
 0003:0001afec       ?c_perfCounter@Class_System_GC@@2IA 020bcfec     VolMgr.obj
 0003:0001aff0       ?c_limitPtr@Class_System_GCs_BootstrapMemory@@2IA 020bcff0     VolMgr.obj
 0003:0001aff4       ?c_allocPtr@Class_System_GCs_BootstrapMemory@@2IA 020bcff4     VolMgr.obj
 0003:0001aff8       ?c_TryAllCountersList@Class_System_TryAllCounters@@2PAU1@A 020bcff8     VolMgr.obj
 0003:0001affc       ?c_TryAllCountersLock@Class_System_TryAllCounters@@2PAUClass_System_Object@@A 020bcffc     VolMgr.obj
 0003:0001b000       ?c_MinValue@int64@@2_JA    020bd000     VolMgr.obj
 0003:0001b000       ?c_ACCESSED@Struct_Microsoft_Singularity_Isal_IX_PE@@2_KA 020bd000     VolMgr.obj
 0003:0001b000       ?c_USER@Struct_Microsoft_Singularity_Isal_IX_PE@@2_KA 020bd000     VolMgr.obj
 0003:0001b000       ?c_fInitializedRuntime@Class_System_GCs_Transitions@@2_NA 020bd000     VolMgr.obj
 0003:0001b000       ?c_GLOBAL@Struct_Microsoft_Singularity_Isal_IX_PE@@2_KA 020bd000     VolMgr.obj
 0003:0001b000       ?c_MaxValue@int64@@2_JA    020bd000     VolMgr.obj
 0003:0001b000       ?c_CACHEDISABLE@Struct_Microsoft_Singularity_Isal_IX_PE@@2_KA 020bd000     VolMgr.obj
 0003:0001b000       ?c_DormantState@Class_System_GCs_Transitions@@2HA 020bd000     VolMgr.obj
 0003:0001b000       ?c_WRITEABLE@Struct_Microsoft_Singularity_Isal_IX_PE@@2_KA 020bd000     VolMgr.obj
 0003:0001b000       ?c_WRITETHROUGH@Struct_Microsoft_Singularity_Isal_IX_PE@@2_KA 020bd000     VolMgr.obj
 0003:0001b000       ?c_MutatorState@Class_System_GCs_Transitions@@2HA 020bd000     VolMgr.obj
 0003:0001b000       ?c_VALID@Struct_Microsoft_Singularity_Isal_IX_PE@@2_KA 020bd000     VolMgr.obj
 0003:0001b000       ?c_OtherMutatorState@Class_System_GCs_Transitions@@2HA 020bd000     VolMgr.obj
 0003:0001b000       ?c_IS2MB@Struct_Microsoft_Singularity_Isal_IX_PE@@2_KA 020bd000     VolMgr.obj
 0003:0001b000       ?c_NX@Struct_Microsoft_Singularity_Isal_IX_PE@@2_KA 020bd000     VolMgr.obj
 0003:0001b000       ?c_PAT@Struct_Microsoft_Singularity_Isal_IX_PE@@2_KA 020bd000     VolMgr.obj
 0003:0001b000       ?c_DIRTY@Struct_Microsoft_Singularity_Isal_IX_PE@@2_KA 020bd000     VolMgr.obj
 0003:0001b004       ?c_OtherDormantState@Class_System_GCs_Transitions@@2HA 020bd004     VolMgr.obj
 0003:0001b004       ?c_CandidateTable@Struct_System_Finalizer@@2PAUClassVector_ClassVector_uintPtr@@A 020bd004     VolMgr.obj
 0003:0001b008       ?c_lastCandidateIndex@Struct_System_Finalizer@@2HA 020bd008     VolMgr.obj
 0003:0001b00c       ?c_WaitForPendingShouldReturn@Struct_System_Finalizer@@2PAUClass_System_Threading_ManualResetEvent@@A 020bd00c     VolMgr.obj
 0003:0001b010       ?c_spinLock@Struct_System_Finalizer@@2?AUStruct_System_Threading_SpinLock@@A 020bd010     VolMgr.obj
 0003:0001b018       ?c_finalizerThread@Struct_System_Finalizer@@2PAUClass_System_Threading_Thread@@A 020bd018     VolMgr.obj
 0003:0001b01c       ?c_WaitingToRun@Struct_System_Finalizer@@2HA 020bd01c     VolMgr.obj
 0003:0001b020       ?c_CandidateTableShadow@Struct_System_Finalizer@@2PAUClassVector_ClassVector_uintPtr@@A 020bd020     VolMgr.obj
 0003:0001b024       ?c_freeCandidateLink@Struct_System_Finalizer@@2HA 020bd024     VolMgr.obj
 0003:0001b028       ?c_LastTableRun@Struct_System_Finalizer@@2HA 020bd028     VolMgr.obj
 0003:0001b02c       ?c_WorkExistsForFinalizerThread@Struct_System_Finalizer@@2PAUClass_System_Threading_AutoResetEvent@@A 020bd02c     VolMgr.obj
 0003:0001b030       ?c_LastEntryRun@Struct_System_Finalizer@@2HA 020bd030     VolMgr.obj
 0003:0001b034       ?c_RunFinalizerTable@Struct_System_Finalizer@@2PAUClassVector_ClassVector_uintPtr@@A 020bd034     VolMgr.obj
 0003:0001b038       ?c_RunFinalizerTableShadow@Struct_System_Finalizer@@2PAUClassVector_ClassVector_uintPtr@@A 020bd038     VolMgr.obj
 0003:0001b03c       ?c_madeRunnable@Struct_System_Finalizer@@2_NA 020bd03c     VolMgr.obj
 0003:0001b03d       ?c_running@Struct_System_Finalizer@@2_NA 020bd03d     VolMgr.obj
 0003:0001b03e       ?c_doneWarning@Class_System_RuntimeType@@2_NA 020bd03e     VolMgr.obj
 0003:0001b03f       ?c_MaxValue@uint8@@2EA     020bd03f     VolMgr.obj
 0003:0001b03f       ?c_MinValue@uint8@@2EA     020bd03f     VolMgr.obj
 0003:0001b040       ?c_genericReferenceVisitor@Class_System_GCs_Verifier@@2PAUClass_System_GCs_Verifier_GenericReferenceVisitor@@A 020bd040     VolMgr.obj
 0003:0001b044       ?c_genericStackVerifier@Class_System_GCs_Verifier@@2PAUClass_System_GCs_Verifier_GenericStackVerifier@@A 020bd044     VolMgr.obj
 0003:0001b048       ?c_segregatedFreeListVerifier@Class_System_GCs_Verifier@@2PAU1@A 020bd048     VolMgr.obj
 0003:0001b04c       ?c_genericThreadReferenceVisitor@Class_System_GCs_Verifier@@2PAUClass_System_GCs_Verifier_GenericThreadReferenceVisitor@@A 020bd04c     VolMgr.obj
 0003:0001b050       ?c_genericObjectVisitor@Class_System_GCs_Verifier@@2PAUClass_System_GCs_Verifier_GenericObjectVisitor@@A 020bd050     VolMgr.obj
 0003:0001b054       ?c_bumpAllocatorVerifier@Class_System_GCs_Verifier@@2PAU1@A 020bd054     VolMgr.obj
 0003:0001b058       ?c_EventMetadata@Class_Microsoft_Singularity_Eventing_QuerySession@@2PAUClass_Microsoft_Singularity_Eventing_EventDescriptor@@A 020bd058     VolMgr.obj
 0003:0001b05c       ?c_DescriptorTable@Class_Microsoft_Singularity_Eventing_QuerySession@@2PAUClass_System_Collections_Hashtable@@A 020bd05c     VolMgr.obj
 0003:0001b060       ?c_Lock@Class_Microsoft_Singularity_Eventing_QuerySession@@2PAUClass_System_Threading_Mutex@@A 020bd060     VolMgr.obj
 0003:0001b064       ?c_TrueString@bool@@2PAUClass_System_String@@A 020bd064     VolMgr.obj
 0003:0001b068       ?c_FalseString@bool@@2PAUClass_System_String@@A 020bd068     VolMgr.obj
 0003:0001b06c       ?c_negPercentFormats@Class_System_Number@@2PAUClassVector_Class_System_String@@A 020bd06c     VolMgr.obj
 0003:0001b06c       ?c_False@bool@@2HA         020bd06c     VolMgr.obj
 0003:0001b06c       ?c_True@bool@@2HA          020bd06c     VolMgr.obj
 0003:0001b070       ?c_posNumberFormat@Class_System_Number@@2PAUClass_System_String@@A 020bd070     VolMgr.obj
 0003:0001b074       ?c_negNumberFormats@Class_System_Number@@2PAUClassVector_Class_System_String@@A 020bd074     VolMgr.obj
 0003:0001b078       ?c_posPercentFormats@Class_System_Number@@2PAUClassVector_Class_System_String@@A 020bd078     VolMgr.obj
 0003:0001b07c       ?c_Breakpoint@Struct_Microsoft_Singularity_Isal_IX_EVectors@@2IA 020bd07c     VolMgr.obj
 0003:0001b07c       ?c_FirstChanceException@Struct_Microsoft_Singularity_Isal_IX_EVectors@@2IA 020bd07c     VolMgr.obj
 0003:0001b07c       ?c_OverflowException@Struct_Microsoft_Singularity_Isal_IX_EVectors@@2IA 020bd07c     VolMgr.obj
 0003:0001b07c       ?c_PageFault@Struct_Microsoft_Singularity_Isal_IX_EVectors@@2IA 020bd07c     VolMgr.obj
 0003:0001b07c       ?c_SseMathFault@Struct_Microsoft_Singularity_Isal_IX_EVectors@@2IA 020bd07c     VolMgr.obj
 0003:0001b07c       ?c_IoLastVector@Struct_Microsoft_Singularity_Isal_IX_EVectors@@2IA 020bd07c     VolMgr.obj
 0003:0001b07c       ?c_IoBaseVector@Struct_Microsoft_Singularity_Isal_IX_EVectors@@2IA 020bd07c     VolMgr.obj
 0003:0001b07c       ?c_GCSynchronization@Struct_Microsoft_Singularity_Isal_IX_EVectors@@2IA 020bd07c     VolMgr.obj
 0003:0001b07c       ?c_IntelReserved@Struct_Microsoft_Singularity_Isal_IX_EVectors@@2IA 020bd07c     VolMgr.obj
 0003:0001b07c       ?c_HaltApProcessors@Struct_Microsoft_Singularity_Isal_IX_EVectors@@2IA 020bd07c     VolMgr.obj
 0003:0001b07c       ?c_Nmi@Struct_Microsoft_Singularity_Isal_IX_EVectors@@2IA 020bd07c     VolMgr.obj
 0003:0001b07c       ?c_CoprocessorSegmentOverrun@Struct_Microsoft_Singularity_Isal_IX_EVectors@@2IA 020bd07c     VolMgr.obj
 0003:0001b07c       ?c_FpuMathFault@Struct_Microsoft_Singularity_Isal_IX_EVectors@@2IA 020bd07c     VolMgr.obj
 0003:0001b07c       ?c_CoprocessorNotAvailable@Struct_Microsoft_Singularity_Isal_IX_EVectors@@2IA 020bd07c     VolMgr.obj
 0003:0001b07c       ?c_SpuriousInterrupt@Struct_Microsoft_Singularity_Isal_IX_EVectors@@2IA 020bd07c     VolMgr.obj
 0003:0001b07c       ?c_DoubleFault@Struct_Microsoft_Singularity_Isal_IX_EVectors@@2IA 020bd07c     VolMgr.obj
 0003:0001b07c       ?c_SecondChanceException@Struct_Microsoft_Singularity_Isal_IX_EVectors@@2IA 020bd07c     VolMgr.obj
 0003:0001b07c       ?c_StackSegmentFault@Struct_Microsoft_Singularity_Isal_IX_EVectors@@2IA 020bd07c     VolMgr.obj
 0003:0001b07c       ?c_IllegalInstruction@Struct_Microsoft_Singularity_Isal_IX_EVectors@@2IA 020bd07c     VolMgr.obj
 0003:0001b07c       ?c_InvalidTss@Struct_Microsoft_Singularity_Isal_IX_EVectors@@2IA 020bd07c     VolMgr.obj
 0003:0001b07c       ?c_AlignmentCheck@Struct_Microsoft_Singularity_Isal_IX_EVectors@@2IA 020bd07c     VolMgr.obj
 0003:0001b07c       ?c_BoundRangeException@Struct_Microsoft_Singularity_Isal_IX_EVectors@@2IA 020bd07c     VolMgr.obj
 0003:0001b07c       ?c_MachineCheck@Struct_Microsoft_Singularity_Isal_IX_EVectors@@2IA 020bd07c     VolMgr.obj
 0003:0001b07c       ?c_SegmentNotPresent@Struct_Microsoft_Singularity_Isal_IX_EVectors@@2IA 020bd07c     VolMgr.obj
 0003:0001b07c       ?c_DebuggerBreakRequest@Struct_Microsoft_Singularity_Isal_IX_EVectors@@2IA 020bd07c     VolMgr.obj
 0003:0001b07c       ?c_GeneralProtectionFault@Struct_Microsoft_Singularity_Isal_IX_EVectors@@2IA 020bd07c     VolMgr.obj
 0003:0001b07c       ?c_SingleStep@Struct_Microsoft_Singularity_Isal_IX_EVectors@@2IA 020bd07c     VolMgr.obj
 0003:0001b07c       ?c_BaseUserException@Struct_Microsoft_Singularity_Isal_IX_EVectors@@2IA 020bd07c     VolMgr.obj
 0003:0001b07c       ?c_DivideError@Struct_Microsoft_Singularity_Isal_IX_EVectors@@2IA 020bd07c     VolMgr.obj
 0003:0001b080       ?c_MaxValue@Struct_System_DateTime@@2?AU1@A 020bd080     VolMgr.obj
 0003:0001b088       ?c_MinValue@Struct_System_DateTime@@2?AU1@A 020bd088     VolMgr.obj
 0003:0001b090       ?c_DaysToMonth366@Struct_System_DateTime@@2PAUClassVector_int32@@A 020bd090     VolMgr.obj
 0003:0001b0d4       ?c_DaysToMonth365@Struct_System_DateTime@@2PAUClassVector_int32@@A 020bd0d4     VolMgr.obj
 0003:0001b118       ?c_$_$_int64@Class_Microsoft_Singularity_Eventing_DataType@@2GA 020bd118     VolMgr.obj
 0003:0001b118       ?c_$_$_uint@Class_Microsoft_Singularity_Eventing_DataType@@2GA 020bd118     VolMgr.obj
 0003:0001b118       ?c_$_$_uint16@Class_Microsoft_Singularity_Eventing_DataType@@2GA 020bd118     VolMgr.obj
 0003:0001b118       ?c_$_$_uint64@Class_Microsoft_Singularity_Eventing_DataType@@2GA 020bd118     VolMgr.obj
 0003:0001b118       ?c_$_$_uint32@Class_Microsoft_Singularity_Eventing_DataType@@2GA 020bd118     VolMgr.obj
 0003:0001b118       ?c_$_$_int@Class_Microsoft_Singularity_Eventing_DataType@@2GA 020bd118     VolMgr.obj
 0003:0001b118       ?c_MD5$_Const@Class_Microsoft_Singularity_Crypto_MD5@@2PAUClassVector_uint32@@A 020bd118     VolMgr.obj
 0003:0001b118       ?c_$_$_byte@Class_Microsoft_Singularity_Eventing_DataType@@2GA 020bd118     VolMgr.obj
 0003:0001b118       ?c_$_$_IntPtr@Class_Microsoft_Singularity_Eventing_DataType@@2GA 020bd118     VolMgr.obj
 0003:0001b118       ?c_$_$_int8@Class_Microsoft_Singularity_Eventing_DataType@@2GA 020bd118     VolMgr.obj
 0003:0001b118       ?c_$_$_int16@Class_Microsoft_Singularity_Eventing_DataType@@2GA 020bd118     VolMgr.obj
 0003:0001b118       ?c_$_$_uint8@Class_Microsoft_Singularity_Eventing_DataType@@2GA 020bd118     VolMgr.obj
 0003:0001b118       ?c_$_$_int32@Class_Microsoft_Singularity_Eventing_DataType@@2GA 020bd118     VolMgr.obj
 0003:0001b118       ?c_$_$_string@Class_Microsoft_Singularity_Eventing_DataType@@2GA 020bd118     VolMgr.obj
 0003:0001b118       ?c_$_$_arrayType@Class_Microsoft_Singularity_Eventing_DataType@@2GA 020bd118     VolMgr.obj
 0003:0001b118       ?c_$_$_szChar@Class_Microsoft_Singularity_Eventing_DataType@@2GA 020bd118     VolMgr.obj
 0003:0001b118       ?c_$_$_UIntPtr@Class_Microsoft_Singularity_Eventing_DataType@@2GA 020bd118     VolMgr.obj
 0003:0001b228       ?c_internedStringConstants@Class_System_String@@2PAUClassVector_Class_System_String@@A 020bd228     VolMgr.obj
 0003:0002fb94       c_dataSectionEnd@Class_System_GCs_StaticData 020d1b94     VolMgr.obj
 0003:0002fce0       __fltused                  020d1ce0     native.Full:Number.obj
 0003:00030250       ?KdDebuggerNotPresent@@3HA 020d2250     native.Full:ProcessEntry.obj
 0003:00030254       ?TracingStorageHandle@@3PAUuintPtr@@A 020d2254     native.Full:Tracing.obj
 0003:00030258       ?TracingSource@@3PAU_SOURCE_DESCRIPTOR@@A 020d2258     native.Full:Tracing.obj
 0003:0003025c       ?TracingTypeHandle@@3PAUuintPtr@@A 020d225c     native.Full:Tracing.obj
 0003:00030260       ?SourceController@@3U_SOURCE_CONTROLLER@@A 020d2260     native.Full:EventController.obj
 0003:0003027c       ?Handle_GC_TYPE@@3PAUuintPtr@@A 020d227c     native.Full:EventDescriptor.obj
 0003:00030280       ?Handle_MEMORY_HEADER@@3PAUuintPtr@@A 020d2280     native.Full:EventDescriptor.obj
 0003:00030284       ?Handle_GC_FUNCTION@@3PAUuintPtr@@A 020d2284     native.Full:EventDescriptor.obj
 0003:00030288       ?Handle_GC_STACK@@3PAUuintPtr@@A 020d2288     native.Full:EventDescriptor.obj
 0003:0003028c       ?Handle_GC_OBJECT@@3PAUuintPtr@@A 020d228c     native.Full:EventDescriptor.obj
 0003:00030290       ?Handle_LOG_EXCEPTION@@3PAUuintPtr@@A 020d2290     native.Full:EventDescriptor.obj
 0003:00030294       ?Handle_GC_ALLOCATION@@3PAUuintPtr@@A 020d2294     native.Full:EventDescriptor.obj
 0003:00030298       ?Handle_GC_GENERATIONS@@3PAUuintPtr@@A 020d2298     native.Full:EventDescriptor.obj
 0003:0003029c       ?Handle_LOG_SEVERITY@@3PAUuintPtr@@A 020d229c     native.Full:EventDescriptor.obj
 0003:000302a0       ?Handle_MONITORING_ENTRY@@3PAUuintPtr@@A 020d22a0     native.Full:EventDescriptor.obj
 0003:000302a4       ?Handle_GC_ROOTS@@3PAUuintPtr@@A 020d22a4     native.Full:EventDescriptor.obj
 0003:000302a8       ?Handle_LEGACY_LOG_ENTRY@@3PAUuintPtr@@A 020d22a8     native.Full:EventDescriptor.obj
 0003:000302ac       ?Handle_GC_INTERVAL@@3PAUuintPtr@@A 020d22ac     native.Full:EventDescriptor.obj
 0003:000302b0       ?MonitoringStorageHandle@@3PAUuintPtr@@A 020d22b0     native.Full:Monitoring.obj
 0003:000302b4       ?MonitoringSource@@3PAU_SOURCE_DESCRIPTOR@@A 020d22b4     native.Full:Monitoring.obj
 0003:000302b8       ?MonitoringTypeHandle@@3PAUuintPtr@@A 020d22b8     native.Full:Monitoring.obj
 0004:00000000       ___xc_a                    020d3000     native.Full:CInit.obj
 0004:00000004       ___xc_z                    020d3004     native.Full:CInit.obj
 0004:00000008       ___xi_a                    020d3008     native.Full:CInit.obj
 0004:0000000c       ___xi_z                    020d300c     native.Full:CInit.obj
 0004:00000010       ___xp_a                    020d3010     native.Full:CInit.obj
 0004:00000014       ___xp_z                    020d3014     native.Full:CInit.obj
 0004:00000018       ___xt_a                    020d3018     native.Full:CInit.obj
 0004:0000001c       ___xt_z                    020d301c     native.Full:CInit.obj

 entry point at        0000:00000000

 Static symbols

 0001:000868a0       ?dtold12@@YIXPAU_LDBL12@@PBN@Z 020878a0 f   native.Full:Number.obj
 0001:00086970       ?ld12mul@@YIXPAU_LDBL12@@0@Z 02087970 f   native.Full:Number.obj
 0001:00086c30       ?multtenpow12@@YIXPAU_LDBL12@@H@Z 02087c30 f   native.Full:Number.obj
 0001:00087ed0       ?LookupTable@@YIIIPAPAUExceptionTableEntry@@0@Z 02088ed0 f   native.Full:halexn.obj
